c --- [ banner ] -------------------------------------------------------------
c 
c CaDiCaL Radically Simplified CDCL SAT Solver
c Copyright (c) 2016-2021 A. Biere, M. Fleury, N. Froleyks
c 
c Version sc2021
c clang++-Clang 21.1.0
c Sep  3 2026 23:15:31
c 
c --- [ limit ] --------------------------------------------------------------
c 
c setting time limit to 14400 seconds real time (due to '-t 14400')
c 
c --- [ proof tracing ] ------------------------------------------------------
c 
c opening file to write 'docs/frontier/z_piece/z_41120_certificate/z_4x11x20.drat'
c writing binary proof trace to 'docs/frontier/z_piece/z_41120_certificate/z_4x11x20.drat'
c 
c --- [ parsing input ] ------------------------------------------------------
c 
c reading DIMACS file from 'docs/frontier/z_piece/z_41120_certificate/z_4x11x20.cnf'
c opening file to read 'docs/frontier/z_piece/z_41120_certificate/z_4x11x20.cnf'
c found 'p cnf 5616 370300' header
c parsed 370300 clauses in 0.08 seconds process time
c closing file 'docs/frontier/z_piece/z_41120_certificate/z_4x11x20.cnf'
c after reading 5179696 bytes 4.9 MB
c 
c --- [ options ] ------------------------------------------------------------
c 
c all options are set to their default value
c 
c --- [ solving ] ------------------------------------------------------------
c 
c time measured in process time since initialization
c 
c  seconds  reductions  redundant  irredundant
c         MB    restarts       trail      variables
c          level   conflicts       glue        remaining
c 
c *  0.08 35  0 0   0    0    0  0% 0 370300 5616 100%
c {  0.08 35  0 0   0    0    0  0% 0 370300 5616 100%
c -  0.10 35 37 1  25  300  272 33% 8 370300 5616 100%
c }  0.12 35 29 1  62 1003  894 25% 8 370300 5616 100%
c [  0.12 35  0 1  62 1003  894  0% 0 370300 5616 100%
c O  0.12 35 11 1  62 1004  895 13% 3 370300 5616 100%
c -  0.16 44 38 2  62 1241 1013 53% 8 370300 5616 100%
c -  0.22 44 50 3  63 2654 1868 50% 12 370300 5616 100%
c ]  0.22 44 53 3  63 3003 2170 50% 12 370300 5616 100%
c {  0.22 44 29 3  63 3003 2170 25% 8 370300 5616 100%
c F  0.22 44 29 3  63 3005 2172 25% 8 370300 5616 100%
c -  0.27 44 24 4 116 4537 2499 19% 7 370300 5616 100%
c p  0.34 44 23 4 121 5005 3009 18% 7 370300 5615 100%
c #  0.37 44 21 4 158 6007 3830 17% 7 370300 5615 100%
c -  0.41 44 20 5 180 6889 3385 17% 7 370177 5615 100%
c }  0.41 44 20 5 190 7004 3482 16% 7 370177 5615 100%
c [  0.41 44 53 5 190 7004 3482 50% 12 370177 5615 100%
c -  0.52 44 42 6 192 9713 4505 40% 14 370177 5615 100%
c I  0.53 44 41 6 192 10008 4766 40% 14 370177 5615 100%
c s  0.59 44 53 6 194 12088 6457 33% 15 370177 5615 100%
c 
c  seconds  reductions   redundant   irredundant
c         MB    restarts        trail       variables
c          level    conflicts       glue         remaining
c 
c w  0.63 44 53 6 194 12088 6450 33% 15 370177 5615 100%
c s  0.69 46 53 6 194 12088 6423 33% 15 370177 5615 100%
c ^  0.70 46 53 6 194 12088 6423 33% 15 370177 5615 100%
c -  0.74 46 52 7 194 13008 5348 31% 15 370177 5615 100%
c ]  0.79 46 48 7 195 15007 6982 29% 14 370177 5615 100%
c {  0.79 46 20 7 195 15007 6982 16% 7 370177 5615 100%
c 2  0.83 46 20 7 195 15007 6995 16% 7 370177 5615 100%
c p  0.87 46 20 7 195 15007 7978 16% 7 370177 5611 100%
c B  0.88 46 20 7 195 15009 7980 16% 7 370177 5611 100%
c -  0.95 46 21 8 277 16779 6050 16% 7 369773 5611 100%
c W  1.07 46 20 8 569 21011 9556 16% 7 369773 5611 100%
c -  1.09 46 20 9 569 21012 7273 16% 7 369773 5611 100%
c i  1.13 46 19 9 692 23277 9102 15% 7 369773 5610 100%
c -  1.20 46 19 10 838 25715 8588 15% 7 369710 5610 100%
c i  1.24 46 19 10 945 27674 10137 15% 7 369710 5609 100%
c F  1.25 46 19 10 977 28014 10422 15% 7 369710 5609 100%
c i  1.25 46 19 10 983 28243 10599 15% 7 369710 5608 100%
c p  1.36 46 19 10 1066 30008 13045 15% 7 369710 5600 100%
c -  1.42 46 19 11 1129 30890 9842 15% 7 368768 5600 100%
c }  1.42 46 19 11 1135 31008 9944 15% 7 368768 5600 100%
c 
c  seconds  reductions     redundant   irredundant
c         MB     restarts         trail       variables
c          level      conflicts       glue         remaining
c 
c [  1.42 46 48 11 1135 31008 9944 29% 14 368768 5600 100%
c B  1.54 46 46 11 1138 36015 14195 30% 13 368768 5600 100%
c s  1.56 47 46 11 1138 36260 14189 31% 13 368768 5600 100%
c w  1.61 47 46 11 1138 36260 14174 31% 13 368768 5600 100%
c s  1.65 47 46 11 1138 36260 14101 31% 13 368768 5600 100%
c ^  1.66 47 46 11 1138 36260 14101 31% 13 368768 5600 100%
c -  1.70 48 46 12 1138 36533 11411 30% 13 368768 5600 100%
c -  1.86 48 39 13 1142 42643 11318 28% 13 368768 5600 100%
c W  1.97 48 38 13 1142 45016 13274 27% 13 368768 5600 100%
c -  2.10 48 36 14 1143 49223 12405 27% 12 368768 5600 100%
c 2  2.16 48 36 14 1143 50009 13142 27% 12 368768 5600 100%
c p  2.19 48 36 14 1143 50009 15389 27% 12 368768 5583 99%
c O  2.36 48 35 14 1144 55018 19662 26% 12 368768 5583 99%
c -  2.43 48 34 15 1145 56275 13918 26% 12 367064 5583 99%
c ]  2.64 48 45 15 1150 63011 19914 31% 14 367064 5583 99%
c {  2.64 48 19 15 1150 63011 19914 15% 7 367064 5583 99%
c -  2.69 48 19 16 1181 63785 14754 15% 7 367064 5583 99%
c B  2.73 48 18 16 1294 66022 16531 15% 7 367064 5583 99%
c -  2.88 45 18 17 1669 71765 14474 15% 7 367064 5583 99%
c s  2.92 48 18 17 1689 72509 14618 15% 7 367064 5583 99%
c 
c  seconds  reductions      redundant  irredundant
c         MB     restarts          trail      variables
c          level      conflicts        glue        remaining
c 
c w  2.96 48 18 17 1689 72509 14607 15% 7 367064 5583 99%
c s  3.03 48 18 17 1689 72509 14458 15% 7 367064 5583 99%
c ^  3.04 48 18 17 1689 72509 14458 15% 7 367064 5583 99%
c 2  3.13 48 18 17 1855 75009 16612 15% 7 367064 5582 99%
c p  3.17 48 18 17 1855 75009 19770 15% 7 367064 5574 99%
c W  3.33 55 18 17 2058 78023 21993 15% 7 366413 5574 99%
c -  3.41 65 18 18 2197 80219 18392 16% 7 366413 5574 99%
c -  3.67 65 17 19 2886 89134 19125 16% 7 366413 5574 99%
c #  3.73 65 17 19 3028 91024 20510 16% 7 366413 5574 99%
c i  3.89 65 17 19 3443 97203 25499 16% 7 366413 5573 99%
c -  3.95 65 18 20 3569 98519 20688 16% 7 366345 5573 99%
c p  4.20 65 18 20 4037 105009 26927 17% 7 366345 5572 99%
c B  4.22 65 18 20 4040 105025 26943 17% 7 366345 5572 99%
c -  4.35 46 18 21 4321 108371 22512 17% 7 366255 5572 99%
c -  4.68 46 18 22 5101 118691 24035 17% 7 366255 5572 99%
c W  4.82 46 18 22 5239 120029 25206 17% 7 366255 5572 99%
c s  4.88 49 18 22 5274 120823 25180 17% 7 366255 5572 99%
c w  4.93 49 18 22 5274 120823 25141 17% 7 366255 5572 99%
c t  4.94 49 18 22 5274 120823 25140 17% 7 366255 5572 99%
c s  4.99 49 18 22 5274 120823 24978 17% 7 366255 5572 99%
c 
c  seconds  reductions       redundant  irredundant
c         MB     restarts           trail      variables
c          level      conflicts         glue        remaining
c 
c ^  5.00 49 18 22 5274 120823 24978 17% 7 366255 5572 99%
c }  5.19 49 18 22 5606 127014 29813 17% 7 366255 5572 99%
c [  5.19 49 45 22 5606 127014 29813 31% 14 366255 5572 99%
c -  5.31 50 45 23 5606 129481 26082 31% 14 366255 5572 99%
c B  5.58 50 43 23 5610 136031 31745 32% 13 366255 5572 99%
c 2  5.78 50 41 23 5613 140010 35386 31% 13 366255 5572 99%
c p  5.85 50 41 23 5613 140010 38986 31% 13 366255 5567 99%
c -  5.94 52 42 24 5613 140742 27516 31% 13 365800 5567 99%
c -  6.58 53 42 25 5615 152469 28105 34% 13 365800 5567 99%
c W  6.73 53 42 25 5615 153032 28588 34% 13 365800 5567 99%
c -  7.34 53 47 26 5615 164663 28702 41% 13 365800 5567 99%
c I  7.66 53 53 26 5617 171034 34343 45% 13 365800 5567 99%
c -  7.93 51 59 27 5621 177325 29592 42% 15 365800 5567 99%
c p  8.15 51 62 27 5622 180010 36399 41% 15 365800 5562 99%
c s  8.27 59 62 27 5622 181217 36953 41% 15 365800 5562 99%
c w  8.32 59 62 27 5622 181217 36918 41% 15 365800 5562 99%
c e  8.37 59 62 27 5622 181217 34247 41% 15 365395 5554 99%
c s  8.43 59 62 27 5622 181217 34123 41% 15 365395 5554 99%
c B  8.88 59 66 27 5628 190039 41861 39% 16 365395 5554 99%
c -  8.94 65 67 28 5629 190456 30245 39% 16 365395 5554 99%
c 
c  seconds  reductions       redundant   irredundant
c         MB     restarts           trail       variables
c          level      conflicts         glue         remaining
c 
c i  9.40 65 68 28 5630 202415 40807 41% 17 365395 5553 99%
c -  9.51 65 69 29 5632 204055 30654 41% 16 365327 5553 99%
c W  9.86 65 67 29 5636 210041 35791 42% 16 365327 5553 99%
c - 10.10 65 65 30 5640 218119 30510 42% 16 365327 5553 99%
c 3 10.34 65 66 30 5644 225011 36676 40% 17 365327 5553 99%
c 2 10.37 65 66 30 5644 225011 36700 40% 17 365327 5553 99%
c p 10.43 65 66 30 5644 225011 40290 40% 17 365327 5549 99%
c O 10.68 65 66 30 5645 231042 45407 38% 17 365327 5549 99%
c - 10.78 65 65 31 5645 232655 31516 38% 17 364880 5549 99%
c - 11.47 65 63 32 5646 247651 32883 39% 16 364880 5549 99%
c B 11.70 65 62 32 5646 253044 37442 38% 16 364880 5549 99%
c s 11.79 68 61 32 5647 253695 37652 38% 16 364880 5549 99%
c v 11.82 68 61 32 5647 253695 37652 38% 16 364862 5549 99%
c w 11.85 68 61 32 5647 253695 37626 38% 16 364862 5549 99%
c t 11.86 68 61 32 5647 253695 37626 38% 16 364861 5549 99%
c e 11.88 68 61 32 5647 253695 36464 38% 16 364884 5544 99%
c s 11.93 68 61 32 5647 253695 36307 38% 16 364841 5544 99%
c ] 12.01 68 61 32 5647 255016 37272 37% 16 364841 5544 99%
c { 12.01 68 18 32 5647 255016 37272 17% 7 364841 5544 99%
c - 12.29 68 17 33 6189 263116 34598 17% 7 364841 5544 99%
c 
c  seconds  reductions       redundant  irredundant
c         MB     restarts           trail      variables
c          level      conflicts         glue        remaining
c 
c i 12.33 68 17 33 6218 263957 35315 17% 7 364841 5543 99%
c 2 12.78 68 17 33 6979 275014 44506 17% 8 364841 5543 99%
c p 12.84 68 17 33 6979 275014 49942 17% 8 364841 5533 99%
c F 12.90 68 17 33 7092 276047 50737 17% 8 364841 5533 99%
c - 13.06 68 17 34 7341 279049 36952 17% 8 363913 5533 99%
c - 13.76 73 17 35 8547 295440 39121 18% 8 363913 5533 99%
c B 13.95 73 18 35 8866 300049 42687 18% 8 363913 5533 99%
c - 14.52 73 18 36 9762 312301 41521 18% 8 363913 5533 99%
c W 15.33 73 18 36 10772 325050 51341 18% 8 363913 5533 99%
c - 15.57 73 18 37 11249 329628 43781 19% 8 363913 5533 99%
c p 15.68 73 18 37 11266 330018 47485 19% 8 363913 5530 98%
c s 16.13 73 18 37 11866 338258 53174 19% 8 363883 5530 98%
c v 16.16 73 18 37 11866 338258 53174 19% 8 363819 5530 98%
c w 16.20 73 18 37 11866 338258 53113 19% 8 363819 5530 98%
c t 16.21 73 18 37 11866 338258 53113 19% 8 363808 5530 98%
c e 16.23 73 18 37 11866 338258 50803 19% 8 363550 5524 98%
c s 16.30 73 18 37 11866 338258 50549 19% 8 363494 5524 98%
c - 16.79 74 18 38 12558 347423 45450 19% 8 363493 5524 98%
c i 16.91 74 18 38 12689 350041 47582 19% 8 363493 5523 98%
c # 16.96 74 18 38 12744 351052 48335 19% 8 363493 5523 98%
c 
c  seconds  reductions        redundant  irredundant
c         MB      restarts           trail      variables
c          level       conflicts         glue        remaining
c 
c - 17.74 74 18 39 14045 365682 47353 19% 8 363359 5523 98%
c i 17.85 74 18 39 14218 367930 49099 19% 8 363359 5522 98%
c B 18.33 74 18 39 15115 378053 57132 20% 8 363359 5522 98%
c - 18.69 74 18 40 15522 384406 49823 20% 8 363295 5522 98%
c 2 19.02 74 18 40 15866 390019 54338 20% 8 363295 5522 98%
c p 19.09 74 18 40 15866 390019 59607 20% 8 363295 5516 98%
c i 19.62 74 19 40 16486 400410 67872 20% 8 363295 5515 98%
c - 19.85 77 19 41 16682 403600 52872 20% 8 362713 5515 98%
c W 20.32 77 19 41 16801 406054 54909 20% 8 362713 5515 98%
c - 21.26 77 19 42 18166 423252 54812 20% 8 362713 5515 98%
c s 21.99 77 18 42 18982 434900 62572 20% 8 362694 5515 98%
c v 22.03 77 18 42 18982 434900 62572 20% 8 362588 5515 98%
c w 22.07 77 18 42 18982 434900 62505 20% 8 362588 5515 98%
c t 22.08 77 18 42 18982 434900 62505 20% 8 362528 5515 98%
c e 22.10 77 18 42 18982 434900 60193 20% 8 362529 5513 98%
c s 22.19 77 18 42 18982 434900 59902 20% 8 362512 5513 98%
c F 22.23 77 18 42 18993 435055 60033 20% 8 362512 5513 98%
c - 22.73 77 18 43 19746 443372 54702 21% 8 362512 5513 98%
c 2 23.43 77 18 43 20513 455019 64375 21% 8 362512 5513 98%
c p 23.49 77 18 43 20513 455019 68023 21% 8 362512 5512 98%
c 
c  seconds  reductions        redundant  irredundant
c         MB      restarts           trail      variables
c          level       conflicts         glue        remaining
c 
c - 24.07 51 18 44 21040 463958 57986 21% 8 362428 5512 98%
c B 24.13 51 18 44 21078 465058 58804 21% 8 362428 5512 98%
c - 25.31 54 19 45 22542 485015 60660 21% 8 362428 5512 98%
c W 26.44 54 19 45 23288 496059 69097 21% 8 362428 5512 98%
c - 27.19 54 19 46 24044 506537 62681 21% 8 362428 5512 98%
c } 27.42 54 19 46 24374 511016 66041 21% 8 362428 5512 98%
c [ 27.42 54 61 46 24374 511016 66041 37% 16 362428 5512 98%
c p 28.01 54 63 46 24374 525020 84025 41% 15 362428 5511 98%
c W 28.71 60 67 46 24374 528060 86657 42% 15 362327 5511 98%
c - 28.79 56 67 47 24374 528523 65951 42% 15 362327 5511 98%
c s 29.73 66 65 47 24375 543604 78173 46% 15 362319 5511 98%
c v 29.77 66 65 47 24375 543604 78173 46% 15 362287 5511 98%
c w 29.82 66 65 47 24375 543604 78109 46% 15 362287 5511 98%
c e 29.85 66 65 47 24375 543604 77733 46% 15 362295 5510 98%
c s 29.98 66 65 47 24375 543604 77502 46% 15 362282 5510 98%
c - 30.39 58 67 48 24380 550976 65848 46% 15 362282 5510 98%
c I 30.86 58 66 48 24386 561061 74634 45% 15 362282 5510 98%
c - 31.46 76 69 49 24389 573893 66906 44% 15 362282 5510 98%
c B 32.40 76 68 49 24401 595068 84850 41% 17 362282 5510 98%
c - 32.54 76 69 50 24402 597278 66629 41% 17 362282 5510 98%
c 
c  seconds  reductions        redundant   irredundant
c         MB      restarts           trail       variables
c          level       conflicts         glue         remaining
c 
c 3 32.66 76 68 50 24403 600024 69424 41% 17 362282 5510 98%
c 2 32.70 76 68 50 24403 600024 69491 41% 17 362282 5510 98%
c p 32.81 76 68 50 24403 600024 77485 41% 17 362282 5504 98%
c - 33.69 77 63 51 24405 621131 67280 40% 16 361789 5504 98%
c W 34.63 77 63 51 24408 630069 75070 40% 16 361789 5504 98%
c - 35.47 77 61 52 24417 645445 68453 37% 17 361789 5504 98%
c s 36.90 77 56 52 24423 664383 83989 36% 16 361777 5504 98%
c v 36.96 77 56 52 24423 664383 83989 36% 16 361751 5504 98%
c w 37.01 77 56 52 24423 664383 83930 36% 16 361751 5504 98%
c t 37.02 77 56 52 24423 664383 83930 36% 16 361746 5504 98%
c e 37.05 77 56 52 24423 664383 82434 36% 16 361751 5502 98%
c s 37.22 77 56 52 24423 664383 82226 36% 16 361748 5502 98%
c O 37.31 77 56 52 24425 666070 83680 36% 16 361748 5502 98%
c - 37.52 77 56 53 24427 670225 70426 35% 16 361748 5502 98%
c 3 37.96 77 55 53 24433 680024 79210 35% 16 361748 5502 98%
c 2 38.00 77 55 53 24433 680024 79295 35% 16 361748 5502 98%
c p 38.12 77 55 53 24433 680024 86087 35% 16 361748 5501 98%
c - 38.73 77 55 54 24436 695472 73153 37% 15 361681 5501 98%
c B 39.10 77 53 54 24436 703071 79463 36% 15 361681 5501 98%
c - 40.29 83 59 55 24437 721185 74121 40% 15 361681 5501 98%
c 
c  seconds  reductions        redundant   irredundant
c         MB      restarts           trail       variables
c          level       conflicts         glue         remaining
c 
c W 42.36 83 63 55 24437 741073 91922 44% 15 361681 5501 98%
c - 42.69 104 63 56 24438 747364 76697 45% 15 361681 5501 98%
c 3 43.38 104 62 56 24438 765024 91998 45% 16 361681 5501 98%
c p 43.54 104 62 56 24438 765024 100048 45% 16 361681 5501 98%
c - 43.94 83 62 57 24438 774011 78213 45% 16 361681 5501 98%
c I 44.18 83 63 57 24438 780074 83513 44% 16 361681 5501 98%
c s 45.58 83 98 57 24438 797239 98219 42% 19 361670 5501 98%
c v 45.62 83 98 57 24438 797239 98219 42% 19 361653 5501 98%
c w 45.68 83 98 57 24438 797239 98166 42% 19 361653 5501 98%
c e 45.71 83 98 57 24438 797239 97327 42% 19 361660 5499 98%
c s 45.92 83 98 57 24438 797239 97113 42% 19 361644 5499 98%
c - 46.38 98 100 58 24438 801127 77508 41% 19 361644 5499 98%
c B 47.47 98 103 58 24444 820075 94161 43% 20 361644 5499 98%
c - 47.90 119 101 59 24448 828709 79990 42% 20 361644 5499 98%
c 2 49.06 119 88 59 24460 855025 102699 38% 19 361644 5499 98%
c p 49.19 119 88 59 24460 855025 111259 38% 19 361644 5497 98%
c - 49.38 98 87 60 24460 856763 80939 38% 19 361494 5497 98%
c W 50.30 98 86 60 24463 861076 84761 39% 18 361494 5497 98%
c - 51.72 99 75 61 24469 885276 82867 37% 17 361494 5497 98%
c O 52.68 99 74 61 24475 903081 98666 39% 17 361494 5497 98%
c 
c  seconds   reductions        redundant   irredundant
c          MB      restarts           trail       variables
c           level       conflicts         glue         remaining
c 
c - 53.14 121 74 62 24481 914256 84811 38% 17 361494 5497 98%
c s 55.01 121 72 62 24491 942182 109160 38% 16 361470 5497 98%
c v 55.06 121 72 62 24491 942182 109160 38% 16 361421 5497 98%
c w 55.12 121 72 62 24491 942182 109090 38% 16 361421 5497 98%
c e 55.16 121 72 62 24491 942182 108519 38% 16 361428 5495 98%
c s 55.38 121 72 62 24491 942182 108320 38% 16 361418 5495 98%
c - 55.62 99 71 63 24493 943704 87396 38% 16 361418 5495 98%
c B 55.80 99 70 63 24494 946084 89334 37% 16 361418 5495 98%
c 2 56.01 99 71 63 24497 950025 93442 38% 16 361417 5495 98%
c p 56.12 99 71 63 24497 950025 102140 38% 16 361417 5495 98%
c - 57.26 101 68 64 24500 973619 89826 38% 16 361417 5495 98%
c W 59.11 101 64 64 24501 990085 104322 39% 16 361417 5495 98%
c - 60.15 101 62 65 24501 1004002 92520 38% 15 361417 5495 98%
c ] 61.16 101 63 65 24508 1023016 109188 42% 15 361417 5495 98%
c { 61.17 101 19 65 24508 1023016 109188 21% 8 361417 5495 98%
c - 61.69 102 19 66 25010 1034850 93608 21% 8 361417 5495 98%
c # 61.70 102 19 66 25018 1035087 93815 21% 8 361417 5495 98%
c 3 62.34 102 18 66 25668 1050025 105763 21% 8 361417 5495 98%
c p 62.51 102 18 66 25668 1050025 114185 21% 8 361417 5495 98%
c - 63.38 103 18 67 26691 1066170 94990 21% 8 361417 5495 98%
c 
c  seconds   reductions         redundant   irredundant
c          MB      restarts             trail      variables
c           level        conflicts          glue        remaining
c 
c B 64.12 103 18 67 27608 1081089 106748 21% 8 361417 5495 98%
c - 65.08 103 18 68 28671 1097953 99164 20% 8 361417 5495 98%
c s 65.35 103 18 68 28755 1099210 99037 20% 8 361405 5495 98%
c v 65.39 103 18 68 28755 1099210 99037 20% 8 361366 5495 98%
c w 65.45 103 18 68 28755 1099210 98940 20% 8 361366 5495 98%
c s 65.70 103 18 68 28755 1099210 98647 20% 8 361366 5495 98%
c W 68.43 103 18 68 30538 1128092 121254 21% 8 361366 5495 98%
c - 68.64 115 18 69 30716 1130204 103583 21% 8 361366 5495 98%
c 2 70.36 115 18 69 32346 1155025 123472 21% 8 361366 5495 98%
c p 70.52 115 18 69 32346 1155025 131804 21% 8 361366 5490 98%
c - 71.12 115 18 70 32881 1162920 109482 21% 8 360955 5490 98%
c F 71.98 115 18 70 33815 1176094 119757 21% 8 360955 5490 98%
c - 73.39 115 19 71 35324 1196101 110532 22% 9 360955 5490 98%
c B 75.43 115 19 71 37315 1225096 132986 22% 9 360955 5490 98%
c - 75.85 122 19 72 37611 1229741 110187 22% 9 360955 5490 98%
c i 77.56 122 19 72 39204 1250899 126125 22% 9 360955 5489 98%
c - 78.86 122 19 73 40116 1263853 112453 23% 9 360832 5489 98%
c 3 78.99 122 19 73 40175 1265025 113630 23% 9 360832 5489 98%
c p 79.18 122 19 73 40175 1265025 122093 23% 9 360832 5489 98%
c s 79.74 122 19 73 40352 1268311 122347 23% 9 360832 5489 98%
c 
c  seconds   reductions         redundant   irredundant
c          MB      restarts             trail      variables
c           level        conflicts          glue        remaining
c 
c v 79.79 122 19 73 40352 1268311 122347 23% 9 360829 5489 98%
c w 79.89 122 19 73 40352 1268311 122239 23% 9 360829 5489 98%
c e 79.93 122 19 73 40352 1268311 121502 23% 9 360854 5485 98%
c s 80.26 122 19 73 40352 1268311 121024 23% 9 360811 5485 98%
c W 82.21 122 19 73 40823 1275097 126185 23% 9 360811 5485 98%
c - 83.77 122 19 74 42339 1298426 118288 23% 9 360811 5485 98%
c # 86.04 122 19 74 44499 1326099 140252 23% 9 360811 5485 98%
c - 86.69 82 19 75 44987 1333465 120605 23% 9 360811 5485 98%
c - 88.45 81 19 76 46427 1368973 119268 23% 9 360811 5485 98%
c B 88.95 81 19 76 46926 1378100 126543 23% 9 360811 5485 98%
c 2 89.13 81 19 76 47068 1380027 128611 23% 9 360811 5485 98%
c p 89.30 81 19 76 47068 1380027 139319 23% 9 360811 5484 98%
c - 90.92 82 20 77 48320 1404946 123696 24% 9 360713 5484 98%
c W 94.02 82 19 77 49956 1431101 143949 23% 9 360713 5484 98%
c - 94.78 104 19 78 50535 1441384 126913 23% 9 360713 5484 98%
c s 95.59 104 19 78 50980 1449500 131569 23% 9 360692 5484 98%
c v 95.64 104 19 78 50980 1449500 131569 23% 9 360585 5484 98%
c w 95.74 104 19 78 50980 1449500 131474 23% 9 360585 5484 98%
c e 95.78 104 19 78 50980 1449500 130696 23% 9 360605 5481 98%
c s 96.12 104 19 78 50980 1449500 130261 23% 9 360581 5481 98%
c 
c  seconds   reductions         redundant   irredundant
c          MB      restarts             trail      variables
c           level        conflicts          glue        remaining
c 
c - 98.13 126 19 79 52603 1478288 128122 23% 9 360581 5481 98%
c F 98.56 126 19 79 53104 1485102 133530 23% 9 360581 5481 98%
c 2 99.70 126 19 79 54113 1500035 145890 23% 9 360581 5481 98%
c p 99.86 126 19 79 54113 1500035 155084 23% 9 360581 5481 98%
c - 101.24 126 19 80 54901 1515659 133226 23% 9 360581 5481 98%
c B 103.16 126 19 80 56380 1540109 151897 23% 9 360581 5481 98%
c - 104.31 126 19 81 57230 1553494 136069 23% 9 360581 5481 98%
c - 107.67 84 19 82 59798 1591796 139397 23% 9 360581 5481 98%
c W 109.54 84 19 82 60189 1596110 142839 23% 9 360581 5481 98%
c p 112.09 84 20 82 62316 1625035 175560 24% 9 360581 5479 98%
c - 112.73 85 20 83 62732 1630566 142173 24% 9 360351 5479 98%
c s 114.10 92 20 83 63600 1642773 150133 24% 9 360328 5479 98%
c v 114.16 92 20 83 63600 1642773 150133 24% 9 360245 5479 98%
c w 114.29 92 20 83 63600 1642773 150044 24% 9 360245 5479 98%
c t 114.32 92 20 83 63600 1642773 150044 24% 9 360215 5479 98%
c s 114.86 92 20 83 63600 1642773 149612 24% 9 360212 5479 98%
c # 115.80 92 20 83 64219 1653119 157801 24% 9 360212 5479 98%
c - 117.09 92 20 84 65285 1669797 144339 24% 9 360212 5479 98%
c - 120.28 92 20 85 67689 1709489 146588 24% 9 360212 5479 98%
c B 120.42 92 20 85 67855 1711120 147930 24% 9 360212 5479 98%
c 
c  seconds   reductions         redundant   irredundant
c          MB      restarts             trail      variables
c           level        conflicts          glue        remaining
c 
c - 123.64 93 21 86 70399 1749648 150506 25% 9 360212 5479 98%
c 2 124.13 93 21 86 70740 1755035 155310 25% 9 360212 5479 98%
c p 124.38 93 21 86 70740 1755035 166037 25% 9 360212 5476 98%
c W 127.47 98 21 86 71648 1770123 177731 25% 9 359923 5476 98%
c - 129.25 94 21 87 72890 1790274 157465 26% 9 359923 5476 98%
c F 132.56 94 21 87 75046 1830125 189430 26% 9 359923 5476 98%
c - 132.76 87 21 88 75088 1831358 156642 26% 9 359923 5476 98%
c s 134.86 106 21 88 76199 1848100 168351 26% 9 359923 5476 98%
c v 134.92 106 21 88 76199 1848100 168351 26% 9 359916 5476 98%
c w 135.05 106 21 88 76199 1848100 168266 26% 9 359916 5476 98%
c t 135.09 106 21 88 76199 1848100 168266 26% 9 359915 5476 98%
c s 135.66 106 21 88 76199 1848100 167855 26% 9 359915 5476 98%
c - 138.15 115 21 89 77708 1872911 157697 26% 9 359915 5476 98%
c 2 139.50 115 21 89 78672 1890037 171543 26% 9 359915 5476 98%
c p 139.71 115 21 89 78672 1890037 177857 26% 9 359915 5475 97%
c B 139.81 115 21 89 78719 1891126 178762 26% 9 359915 5475 97%
c - 141.85 143 22 90 80088 1914928 161115 26% 10 359828 5475 97%
c W 147.23 143 22 90 82533 1953127 191588 26% 10 359828 5475 97%
c - 147.71 143 21 91 82711 1957409 162700 26% 10 359828 5475 97%
c - 152.29 143 21 92 85500 2000357 164931 26% 10 359828 5475 97%
c 
c  seconds    reductions         redundant    irredundant
c           MB      restarts             trail       variables
c            level        conflicts          glue         remaining
c 
c # 153.64 143 22 92 86466 2016129 177674 26% 10 359828 5475 97%
c p 155.40 143 21 92 87162 2030041 202132 26% 10 359828 5470 97%
c - 156.95 147 22 93 88057 2043773 171779 26% 10 359380 5470 97%
c } 157.24 147 21 93 88287 2047017 174237 26% 10 359380 5470 97%
c [ 157.24 147 63 93 88287 2047017 174237 42% 15 359380 5470 97%
c s 159.00 147 69 93 88295 2065483 188638 42% 17 359380 5470 97%
c v 159.06 147 69 93 88295 2065483 188638 42% 17 359377 5470 97%
c w 159.21 147 69 93 88295 2065483 188549 42% 17 359377 5470 97%
c t 159.23 147 69 93 88295 2065483 188549 42% 17 359369 5470 97%
c s 159.92 147 69 93 88295 2065483 188039 42% 17 359369 5470 97%
c I 161.47 147 68 93 88302 2080131 200732 41% 17 359369 5470 97%
c - 162.17 147 68 94 88305 2087642 175986 41% 16 359369 5470 97%
c - 166.77 147 71 95 88318 2131979 174806 37% 17 359369 5470 97%
c B 167.84 147 70 95 88325 2145133 186436 39% 16 359369 5470 97%
c 2 170.18 147 72 95 88339 2175041 213101 41% 16 359369 5470 97%
c p 170.49 147 72 95 88339 2175041 223918 41% 16 359369 5469 97%
c - 170.87 94 72 96 88340 2176781 177342 41% 16 359272 5469 97%
c W 176.72 94 70 96 88343 2211136 206952 41% 16 359272 5469 97%
c - 178.08 101 66 97 88343 2222044 180214 40% 16 359272 5469 97%
c - 182.29 109 61 98 88344 2267781 184121 45% 15 359272 5469 97%
c 
c  seconds    reductions         redundant    irredundant
c           MB      restarts             trail       variables
c            level        conflicts          glue         remaining
c 
c O 183.15 109 61 98 88344 2278138 193386 48% 14 359272 5469 97%
c s 185.52 127 56 98 88344 2294924 206458 44% 14 359272 5469 97%
c v 185.57 127 56 98 88344 2294924 206458 44% 14 359272 5469 97%
c w 185.74 127 56 98 88344 2294924 206356 44% 14 359272 5469 97%
c s 186.57 127 56 98 88344 2294924 205863 44% 14 359272 5469 97%
c - 189.09 125 55 99 88345 2313980 188794 41% 15 359272 5469 97%
c p 190.49 125 55 99 88345 2325041 211130 42% 15 359272 5468 97%
c B 192.05 125 54 99 88345 2346141 229330 42% 16 359272 5468 97%
c - 194.33 123 79 100 88345 2360642 192053 42% 17 359174 5468 97%
c - 201.95 124 125 101 88345 2407767 192957 40% 18 359174 5468 97%
c W 205.78 124 130 101 88345 2415142 199367 39% 19 359174 5468 97%
c - 211.50 127 108 102 88355 2455361 199945 40% 17 359174 5468 97%
c 3 215.27 127 114 102 88365 2480042 220806 40% 19 359174 5468 97%
c p 215.69 127 114 102 88365 2480042 231260 40% 19 359174 5466 97%
c I 216.30 127 111 102 88367 2485143 235596 40% 19 359174 5466 97%
c - 217.78 125 108 103 88375 2503421 203796 40% 20 358980 5466 97%
c s 220.90 126 92 103 88383 2536431 230811 40% 21 358980 5466 97%
c v 220.96 126 92 103 88383 2536431 230811 40% 21 358980 5466 97%
c w 221.14 126 92 103 88383 2536431 230676 40% 21 358980 5466 97%
c t 221.17 126 92 103 88383 2536431 230676 40% 21 358963 5466 97%
c 
c  seconds     reductions         redundant    irredundant
c           MB       restarts             trail       variables
c            level         conflicts          glue         remaining
c 
c s 222.17 126 92 103 88383 2536431 230098 40% 21 358963 5466 97%
c - 223.85 122 85 104 88391 2551939 201547 39% 21 358963 5466 97%
c B 224.22 122 83 104 88391 2556144 205018 38% 21 358963 5466 97%
c - 227.62 125 87 105 88407 2600924 195921 40% 19 358963 5466 97%
c W 231.74 125 88 105 88408 2628147 219168 40% 20 358963 5466 97%
c 2 232.74 125 81 105 88408 2640043 229100 38% 20 358963 5466 97%
c p 233.01 125 81 105 88408 2640043 240851 38% 20 358963 5466 97%
c - 234.00 122 85 106 88415 2650374 198172 39% 21 358963 5466 97%
c - 238.19 128 80 107 88437 2700294 199250 41% 20 358963 5466 97%
c O 238.26 128 81 107 88438 2701148 199979 40% 20 358963 5466 97%
c - 242.74 129 79 108 88453 2750679 204015 44% 18 358963 5466 97%
c B 244.41 129 77 108 88464 2775149 224818 44% 18 358963 5466 97%
c - 246.85 127 79 109 88470 2801532 208013 44% 18 358963 5466 97%
c p 247.47 127 79 109 88470 2805045 222924 44% 18 358963 5466 97%
c W 254.99 127 81 109 88472 2850150 263363 46% 17 358963 5466 97%
c - 255.40 135 80 110 88472 2852850 217299 46% 17 358963 5466 97%
c - 260.73 135 77 111 88472 2904633 219123 53% 16 358963 5466 97%
c I 263.01 135 79 111 88482 2926152 238332 53% 16 358963 5466 97%
c - 266.13 135 77 112 88494 2956889 222679 52% 15 358963 5466 97%
c p 268.42 135 78 112 88502 2975047 248730 49% 15 358963 5466 97%
c 
c  seconds     reductions         redundant    irredundant
c           MB       restarts             trail       variables
c            level         conflicts          glue         remaining
c 
c B 271.16 135 75 112 88509 3003158 273829 51% 15 358963 5466 97%
c - 272.13 136 74 113 88512 3009605 229526 50% 15 358963 5466 97%
c - 278.11 135 82 114 88534 3062787 231360 50% 16 358963 5466 97%
c W 283.96 135 85 114 88535 3081159 247187 48% 16 358963 5466 97%
c - 287.91 132 76 115 88538 3116436 232872 49% 16 358963 5466 97%
c p 292.10 132 69 115 88553 3150048 271201 46% 16 358963 5466 97%
c O 293.13 132 66 115 88559 3160160 279996 45% 16 358963 5466 97%
c - 294.35 130 64 116 88564 3170554 235963 45% 16 358963 5466 97%
c - 300.44 131 61 117 88581 3225139 235395 46% 16 358963 5466 97%
c B 301.96 131 62 117 88588 3240161 247724 44% 17 358963 5466 97%
c - 305.72 131 83 118 88598 3280188 236482 43% 19 358963 5466 97%
c W 314.36 131 74 118 88599 3321163 272623 42% 18 358963 5466 97%
c 3 315.46 131 70 118 88599 3330052 280346 41% 18 358963 5466 97%
c p 316.05 131 70 118 88599 3330052 291543 41% 18 358963 5465 97%
c s 317.31 141 70 118 88599 3330052 289527 41% 18 358963 5465 97%
c v 317.39 141 70 118 88599 3330052 289527 41% 18 358962 5465 97%
c w 317.75 141 70 118 88599 3330052 289310 41% 18 358962 5465 97%
c t 317.82 141 70 118 88599 3330052 289310 41% 18 358910 5465 97%
c s 319.18 141 70 118 88599 3330052 288186 41% 18 358782 5465 97%
c - 319.98 147 69 119 88599 3335703 240560 41% 17 358782 5465 97%
c 
c  seconds     reductions         redundant    irredundant
c           MB       restarts             trail       variables
c            level         conflicts          glue         remaining
c 
c - 326.90 149 75 120 88600 3391676 242996 52% 16 358782 5465 97%
c I 328.82 149 84 120 88600 3403165 253131 54% 16 358782 5465 97%
c - 334.16 151 85 121 88600 3448116 248958 58% 15 358782 5465 97%
c B 339.17 151 89 121 88600 3486166 282837 62% 15 358782 5465 97%
c - 342.23 151 86 122 88600 3505022 250543 59% 16 358782 5465 97%
c 2 343.83 151 84 122 88600 3515053 259811 58% 16 358782 5465 97%
c p 344.26 151 84 122 88600 3515053 272903 58% 16 358782 5462 97%
c - 349.24 152 79 123 88601 3562395 258722 61% 15 358426 5462 97%
c W 353.68 152 78 123 88601 3570170 265716 62% 15 358426 5462 97%
c s 358.60 156 72 123 88601 3595670 286167 56% 15 358426 5462 97%
c v 358.67 156 72 123 88601 3595670 286167 56% 15 358424 5462 97%
c w 358.93 156 72 123 88601 3595670 285970 56% 15 358424 5462 97%
c t 358.96 156 72 123 88601 3595670 285970 56% 15 358416 5462 97%
c s 360.42 156 72 123 88601 3595670 285195 56% 15 358416 5462 97%
c - 363.69 156 75 124 88601 3620218 262787 57% 15 358416 5462 97%
c O 368.93 156 79 124 88601 3655171 294204 60% 14 358416 5462 97%
c - 372.49 157 69 125 88601 3678507 262091 54% 14 358416 5462 97%
c p 376.71 157 61 125 88601 3705053 297489 50% 14 358416 5462 97%
c - 381.05 161 71 126 88601 3737263 270548 55% 14 358416 5462 97%
c B 381.58 161 72 126 88601 3741172 274025 56% 14 358416 5462 97%
c 
c  seconds      reductions         redundant    irredundant
c           MB        restarts             trail       variables
c             level         conflicts          glue         remaining
c 
c - 390.19 154 140 127 88609 3796488 271548 52% 19 358416 5462 97%
c W 397.10 154 126 127 88623 3828174 299229 50% 20 358416 5462 97%
c - 401.34 156 121 128 88632 3856177 268609 48% 23 358416 5462 97%
c p 407.66 156 100 128 88647 3900057 318231 47% 21 358416 5462 97%
c I 410.41 156 96 128 88657 3916177 332328 46% 20 358416 5462 97%
c - 410.59 161 96 129 88657 3916333 272482 46% 20 358416 5462 97%
c - 418.77 161 86 130 88664 3976954 276665 51% 17 358416 5462 97%
c B 422.96 161 86 130 88677 4005178 301163 50% 17 358416 5462 97%
c - 427.64 155 85 131 88692 4038043 278356 47% 19 358416 5462 97%
c ] 436.35 155 92 131 88710 4095017 329154 47% 19 358416 5462 97%
c { 436.35 155 21 131 88710 4095017 329154 26% 10 358416 5462 97%
c B 436.38 155 22 131 88723 4095179 329300 26% 10 358416 5462 97%
c - 437.24 159 22 132 89229 4099601 280848 26% 10 358416 5462 97%
c p 437.85 159 22 132 89292 4100058 293262 26% 10 358416 5461 97%
c s 439.36 163 22 132 89292 4100058 291442 26% 10 358416 5461 97%
c v 439.42 163 22 132 89292 4100058 291442 26% 10 358415 5461 97%
c w 439.78 163 22 132 89292 4100058 291210 26% 10 358415 5461 97%
c t 439.79 163 22 132 89292 4100058 291019 26% 10 358366 5461 97%
c s 441.56 163 22 132 89292 4100058 289993 26% 10 358269 5461 97%
c - 451.43 158 22 133 94427 4161627 289447 26% 10 358269 5461 97%
c 
c  seconds     reductions         redundant    irredundant
c           MB       restarts             trail       variables
c            level         conflicts          glue         remaining
c 
c W 458.90 158 22 133 96134 4186182 308698 27% 10 358269 5461 97%
c - 465.31 159 23 134 98586 4224110 289200 28% 11 358269 5461 97%
c F 472.99 159 24 134 102010 4278183 332378 28% 11 358269 5461 97%
c - 474.32 159 24 135 102429 4287059 291877 28% 11 358269 5461 97%
c 2 477.15 159 24 135 103602 4305060 306409 28% 11 358269 5461 97%
c p 477.61 159 24 135 103602 4305060 316553 28% 11 358269 5455 97%
c - 484.90 159 23 136 106255 4350472 297844 28% 11 357640 5455 97%
c B 487.94 159 24 136 107398 4371185 314548 29% 11 357640 5455 97%
c s 492.53 159 24 136 108495 4389774 326574 29% 11 357640 5455 97%
c v 492.60 159 24 136 108495 4389774 326574 29% 11 357636 5455 97%
c w 492.94 159 24 136 108495 4389774 326347 29% 11 357636 5455 97%
c t 492.95 159 24 136 108495 4389774 326338 29% 11 357635 5455 97%
c e 492.99 159 24 136 108495 4389774 325548 29% 11 357641 5454 97%
c s 495.06 159 24 136 108495 4389774 324641 29% 11 357632 5454 97%
c - 499.22 161 23 137 109948 4414326 300640 29% 11 357629 5454 97%
c W 511.27 161 24 137 113101 4465190 340818 29% 11 357629 5454 97%
c - 513.62 161 24 138 113658 4478638 302964 29% 11 357629 5454 97%
c p 519.94 161 24 138 115858 4515060 339977 29% 11 357629 5449 97%
c - 524.72 162 24 139 117197 4543416 309600 29% 11 357102 5449 97%
c # 527.29 162 24 139 118128 4560193 322729 29% 11 357102 5449 97%
c 
c  seconds     reductions          redundant    irredundant
c           MB       restarts              trail       variables
c            level          conflicts          glue         remaining
c 
c - 535.41 163 24 140 121220 4608636 311758 29% 11 357102 5449 97%
c B 543.41 163 24 140 123857 4656194 349493 30% 11 357102 5449 97%
c - 546.72 164 24 141 124909 4674321 315315 29% 11 357102 5449 97%
c s 549.82 168 24 141 125997 4691525 329101 30% 11 357102 5449 97%
c v 549.89 168 24 141 125997 4691525 329101 30% 11 357072 5449 97%
c w 550.26 168 24 141 125997 4691525 328913 30% 11 357072 5449 97%
c t 550.27 168 24 141 125997 4691525 328912 30% 11 357072 5449 97%
c s 552.25 168 24 141 125997 4691525 326441 30% 11 357072 5449 97%
c 2 558.70 168 25 141 128302 4730060 357301 30% 11 357072 5449 97%
c p 559.20 168 25 141 128302 4730060 367093 30% 11 357072 5447 97%
c - 561.17 163 25 142 128929 4740470 321368 30% 11 356845 5447 97%
c W 567.15 163 25 142 129676 4753196 331681 30% 11 356845 5447 97%
c - 576.70 163 25 143 132928 4807074 324581 30% 11 356845 5447 97%
c F 584.05 163 25 143 135369 4851197 359561 30% 11 356845 5447 97%
c - 588.30 165 25 144 136841 4874143 326203 30% 11 356845 5447 97%
c - 600.22 165 25 145 140776 4941675 330520 30% 11 356845 5447 97%
c p 602.26 165 25 145 141270 4950060 346603 31% 11 356845 5445 97%
c B 602.31 165 25 145 141270 4950202 346706 31% 11 356845 5445 97%
c s 612.51 181 26 145 144729 5005298 391146 31% 11 356845 5445 97%
c v 612.59 181 26 145 144729 5005298 391146 31% 11 356839 5445 97%
c 
c  seconds     reductions          redundant    irredundant
c           MB       restarts              trail       variables
c            level          conflicts          glue         remaining
c 
c w 613.03 181 26 145 144729 5005298 390888 31% 11 356839 5445 97%
c t 613.04 181 26 145 144729 5005298 390887 31% 11 356839 5445 97%
c s 615.02 181 26 145 144729 5005298 388082 31% 11 356646 5445 97%
c - 616.09 182 26 146 144991 5009673 340746 32% 11 356646 5445 97%
c W 626.95 182 26 146 147313 5050204 374114 32% 11 356646 5445 97%
c - 632.22 183 26 147 149039 5078126 342744 31% 11 356646 5445 97%
c - 644.46 183 25 148 152822 5147045 345780 31% 11 356646 5445 97%
c # 645.27 183 25 148 153046 5151206 349110 31% 11 356646 5445 97%
c 2 649.60 183 25 148 154456 5175063 368291 31% 11 356646 5444 97%
c p 650.19 183 25 148 154456 5175063 377129 31% 11 356646 5443 97%
c - 658.15 183 25 149 156887 5216434 353768 31% 11 356389 5443 97%
c B 664.84 183 25 149 158955 5253207 382708 31% 11 356389 5443 97%
c - 671.39 185 25 150 160769 5286271 356057 31% 11 356389 5443 97%
c s 680.49 189 25 150 163366 5331103 391219 31% 11 356389 5443 97%
c v 680.57 189 25 150 163366 5331103 391219 31% 11 356386 5443 97%
c w 681.04 189 25 150 163366 5331103 390940 31% 11 356386 5443 97%
c t 681.05 189 25 150 163366 5331103 390931 31% 11 356386 5443 97%
c s 682.90 189 25 150 163366 5331103 388034 31% 11 356386 5443 97%
c W 691.50 189 25 150 164769 5356209 407948 31% 11 356386 5443 97%
c - 691.72 189 25 151 164798 5356575 359754 31% 11 356386 5443 97%
c 
c  seconds     reductions          redundant    irredundant
c           MB       restarts              trail       variables
c            level          conflicts          glue         remaining
c 
c 2 701.07 189 25 151 167794 5405063 398359 31% 11 356386 5443 97%
c p 701.70 189 25 151 167794 5405063 407487 31% 11 356386 5441 97%
c - 706.24 191 26 152 168941 5427343 366060 32% 11 356166 5441 97%
c F 712.66 191 26 152 170799 5460213 392152 32% 11 356166 5441 97%
c - 720.65 189 25 153 173012 5498567 368524 31% 11 356166 5441 97%
c B 733.83 189 25 153 176985 5565215 422125 31% 11 356166 5441 97%
c - 735.07 192 25 154 177432 5570255 373806 31% 12 356166 5441 97%
c p 749.59 192 26 154 181539 5640063 439019 32% 12 356166 5441 97%
c - 750.32 192 26 155 181634 5642411 377899 32% 12 356166 5441 97%
c s 756.27 199 27 155 182960 5668948 399193 33% 12 356166 5441 97%
c v 756.36 199 27 155 182960 5668948 399193 33% 12 356163 5441 97%
c w 756.88 199 27 155 182960 5668948 398843 33% 12 356163 5441 97%
c t 756.89 199 27 155 182960 5668948 398839 33% 12 356163 5441 97%
c s 758.69 199 27 155 182960 5668948 395985 33% 12 356162 5441 97%
c W 763.27 199 27 155 183070 5671218 397764 33% 12 356162 5441 97%
c - 772.42 200 26 156 185422 5715031 382025 32% 11 356162 5441 97%
c # 785.59 200 27 156 189092 5778219 432851 32% 12 356162 5441 97%
c - 787.98 201 27 157 189568 5788122 386044 32% 12 356162 5441 97%
c - 803.79 200 27 158 194266 5861670 389913 32% 12 356162 5441 97%
c p 808.31 200 27 158 195359 5880068 416711 32% 12 356162 5437 97%
c 
c  seconds     reductions          redundant    irredundant
c           MB       restarts              trail       variables
c            level          conflicts          glue         remaining
c 
c B 809.67 200 27 158 195825 5886221 421686 32% 12 356162 5437 97%
c - 820.82 202 27 159 198511 5935684 400744 32% 12 355743 5437 97%
c W 837.20 202 28 159 201813 5995224 449101 33% 12 355743 5437 97%
c - 840.79 203 28 160 202684 6010139 404087 33% 12 355743 5437 97%
c s 843.92 209 28 160 203233 6018835 410887 33% 12 355743 5437 97%
c v 844.00 209 28 160 203233 6018835 410887 33% 12 355737 5437 97%
c w 844.52 209 28 160 203233 6018835 410508 33% 12 355737 5437 97%
c t 844.53 209 28 160 203233 6018835 410494 33% 12 355737 5437 97%
c e 844.58 209 28 160 203233 6018835 407006 33% 12 355749 5435 97%
c s 846.22 209 28 160 203233 6018835 403771 33% 12 355733 5435 97%
c - 860.27 208 28 161 206672 6085061 404003 33% 12 355732 5435 97%
c F 864.16 208 28 161 207672 6105234 420609 33% 12 355732 5435 97%
c 2 868.43 208 28 161 208757 6125069 436542 33% 12 355731 5435 97%
c p 869.17 208 28 161 208757 6125069 444766 33% 12 355731 5433 97%
c - 877.40 210 28 162 210888 6160445 410486 33% 12 355531 5433 97%
c B 889.50 210 27 162 214188 6216235 455065 33% 12 355531 5433 97%
c - 894.40 211 28 163 215441 6236282 414625 33% 12 355531 5433 97%
c - 911.39 213 27 164 219400 6312585 419009 33% 12 355531 5433 97%
c W 918.77 213 27 164 220319 6328236 431527 32% 12 355531 5433 97%
c p 930.64 213 28 164 223135 6375069 479095 33% 12 355531 5429 97%
c 
c  seconds     reductions          redundant    irredundant
c           MB       restarts              trail       variables
c            level          conflicts          glue         remaining
c 
c s 933.72 217 28 164 223368 6380778 483555 34% 12 355531 5429 97%
c v 933.81 217 28 164 223368 6380778 483555 34% 12 355481 5429 97%
c w 934.44 217 28 164 223368 6380778 483126 34% 12 355481 5429 97%
c t 934.45 217 28 164 223368 6380778 483108 34% 12 355480 5429 97%
c e 934.50 217 28 164 223368 6380778 479919 34% 12 355041 5428 97%
c s 936.23 217 28 164 223368 6380778 476529 34% 12 355036 5428 97%
c e 936.28 217 28 164 223368 6380778 471979 34% 12 355038 5427 97%
c - 938.65 215 28 165 223729 6389353 417795 34% 12 355038 5427 97%
c # 950.37 215 29 165 226780 6441238 460305 34% 12 355038 5427 97%
c - 956.25 218 29 166 228037 6466565 423679 35% 12 355038 5427 97%
c - 974.57 217 28 167 232135 6544234 428061 34% 12 355038 5427 97%
c B 977.02 217 28 167 232945 6555244 437243 34% 12 355038 5427 97%
c - 993.23 220 28 168 237083 6622367 433481 34% 12 355038 5427 97%
c 2 995.18 220 28 168 237431 6630070 440376 34% 12 355037 5427 97%
c p 996.01 220 28 168 237431 6630070 450472 34% 12 355037 5424 97%
c W 1009.43 237 29 168 239582 6670245 481805 34% 12 354711 5424 97%
c - 1017.19 220 28 169 241480 6700966 443297 34% 12 354711 5424 97%
c s 1033.14 220 29 169 244579 6754742 486208 34% 12 354711 5424 97%
c v 1033.23 220 29 169 244579 6754742 486208 34% 12 354666 5424 97%
c w 1033.91 220 29 169 244579 6754742 485739 34% 12 354666 5424 97%
c 
c   seconds     reductions          redundant    irredundant
c            MB       restarts              trail       variables
c             level          conflicts          glue         remaining
c 
c t 1033.92 220 29 169 244579 6754742 485725 34% 12 354666 5424 97%
c s 1035.65 220 29 169 244579 6754742 482571 34% 12 354666 5424 97%
c - 1042.48 221 29 170 246099 6780013 444907 34% 12 354666 5424 97%
c F 1044.04 221 28 170 246332 6786247 449868 34% 12 354666 5424 97%
c - 1063.51 221 29 171 250694 6859519 447820 34% 12 354666 5424 97%
c 2 1071.61 221 29 171 252555 6890070 472655 34% 12 354666 5424 97%
c p 1072.49 221 29 171 252555 6890070 482638 34% 12 354666 5421 97%
c B 1075.94 221 29 171 253278 6903251 493235 35% 12 354666 5421 97%
c - 1086.18 223 29 172 255248 6939489 457217 35% 12 354334 5421 97%
c - 1108.93 225 30 173 259881 7019905 461288 36% 12 354334 5421 97%
c W 1113.05 225 30 173 259932 7021255 462459 36% 12 354334 5421 97%
c - 1135.66 225 30 174 264549 7100791 465392 36% 12 354334 5421 97%
c # 1145.92 225 29 174 266576 7140257 497334 36% 12 354334 5421 97%
c s 1148.85 236 29 174 266594 7140725 497134 36% 12 354334 5421 97%
c v 1148.94 236 29 174 266594 7140725 497134 36% 12 354331 5421 97%
c w 1149.64 236 29 174 266594 7140725 496605 36% 12 354331 5421 97%
c t 1149.65 236 29 174 266594 7140725 496596 36% 12 354331 5421 97%
c e 1149.70 236 29 174 266594 7140725 495811 36% 12 354337 5420 97%
c s 1150.12 236 29 174 266594 7140725 495804 36% 12 354337 5420 97%
c ^ 1150.16 236 29 174 266594 7140725 495804 36% 12 354337 5420 97%
c 
c   seconds     reductions          redundant    irredundant
c            MB       restarts              trail       variables
c             level          conflicts          glue         remaining
c 
c 2 1154.44 236 30 174 267544 7155070 507532 36% 12 354337 5419 96%
c p 1155.37 236 30 174 267544 7155070 517078 36% 12 354337 5418 96%
c - 1163.49 238 30 175 269073 7182137 470586 36% 12 354107 5418 96%
c B 1184.40 238 30 175 273066 7260260 535040 37% 12 354107 5418 96%
c - 1185.69 238 30 176 273272 7263931 475481 37% 12 354107 5418 96%
c - 1209.09 236 29 177 277599 7346190 479297 36% 12 354107 5418 96%
c W 1222.12 236 29 177 279560 7381261 507614 36% 12 354107 5418 96%
c p 1235.96 236 30 177 282146 7425072 553582 36% 12 354107 5414 96%
c - 1237.47 240 30 178 282275 7428916 485387 37% 12 353698 5414 96%
c F 1258.70 240 30 178 286660 7503263 544910 36% 12 353698 5414 96%
c - 1261.61 239 31 179 287186 7512079 489663 36% 12 353698 5414 96%
c s 1271.14 244 30 179 288767 7538752 506224 35% 12 353693 5414 96%
c v 1271.23 244 30 179 288767 7538752 506224 35% 12 353671 5414 96%
c w 1271.99 244 30 179 288767 7538752 505986 35% 12 353671 5414 96%
c t 1272.00 244 30 179 288767 7538752 505968 35% 12 353671 5414 96%
c e 1272.09 244 30 179 288767 7538752 485126 35% 12 353854 5401 96%
c s 1274.99 244 30 179 288767 7538752 484424 35% 12 353854 5401 96%
c - 1291.11 241 30 180 292010 7595705 473893 35% 12 353854 5401 96%
c B 1299.42 241 30 180 293622 7626265 498565 35% 12 353854 5401 96%
c i 1313.44 241 30 180 296635 7674033 537412 35% 13 353854 5400 96%
c 
c   seconds     reductions          redundant    irredundant
c            MB       restarts              trail       variables
c             level          conflicts          glue         remaining
c 
c - 1315.37 243 30 181 296900 7679807 479990 35% 13 353789 5400 96%
c i 1317.22 243 31 181 297319 7686591 485676 35% 13 353789 5399 96%
c 2 1321.25 243 31 181 298115 7700074 497243 35% 13 353789 5399 96%
c p 1322.18 243 31 181 298115 7700074 508942 35% 13 353789 5398 96%
c W 1340.50 269 31 181 300808 7750266 549789 36% 13 353600 5398 96%
c - 1344.97 245 31 182 301506 7764368 493907 36% 13 353600 5398 96%
c - 1370.29 246 31 183 306090 7849383 497737 36% 13 353600 5398 96%
c # 1378.03 246 30 183 307647 7875272 518767 36% 13 353600 5398 96%
c - 1396.54 246 30 184 310741 7934860 501730 36% 13 353600 5398 96%
c s 1401.70 251 30 184 311470 7949050 513126 36% 12 353600 5398 96%
c v 1401.80 251 30 184 311470 7949050 513126 36% 12 353299 5398 96%
c w 1402.63 251 30 184 311470 7949050 512761 36% 12 353299 5398 96%
c t 1402.64 251 30 184 311470 7949050 512760 36% 12 353299 5398 96%
c e 1402.68 251 30 184 311470 7949050 511858 36% 12 353322 5396 96%
c s 1404.41 251 30 184 311470 7949050 507919 36% 12 353295 5396 96%
c e 1404.45 251 30 184 311470 7949050 501975 36% 12 353336 5392 96%
c 2 1413.32 251 30 184 312935 7980077 527626 36% 12 353335 5392 96%
c p 1414.38 251 30 184 312935 7980077 537734 36% 12 353335 5387 96%
c B 1421.10 251 30 184 314476 8001274 555013 36% 12 353335 5387 96%
c - 1427.59 251 30 185 315683 8020805 502863 36% 12 352886 5387 96%
c 
c   seconds     reductions          redundant    irredundant
c            MB       restarts              trail       variables
c             level          conflicts          glue         remaining
c 
c - 1452.74 251 30 186 320329 8107163 506333 36% 12 352886 5387 96%
c W 1462.49 251 30 186 321593 8128278 523287 35% 12 352886 5387 96%
c } 1482.55 251 31 186 325332 8191021 574478 36% 13 352886 5387 96%
c [ 1482.56 251 92 186 325332 8191021 574478 47% 19 352886 5387 96%
c - 1483.80 253 95 187 325332 8193986 512546 47% 20 352886 5387 96%
c W 1506.65 253 89 187 325349 8256281 567210 44% 20 352886 5387 96%
c p 1510.46 253 87 187 325349 8265077 585063 45% 20 352886 5385 96%
c - 1515.30 256 85 188 325349 8281274 522869 44% 19 352666 5385 96%
c - 1541.64 252 64 189 325363 8369010 523438 38% 19 352666 5385 96%
c s 1545.13 253 63 189 325364 8371436 524406 38% 19 352666 5385 96%
c v 1545.24 253 63 189 325364 8371436 524406 38% 19 352382 5385 96%
c w 1546.20 253 63 189 325364 8371436 523707 38% 19 352382 5385 96%
c t 1546.21 253 63 189 325364 8371436 523703 38% 19 352382 5385 96%
c e 1546.28 253 63 189 325364 8371436 505427 38% 19 352475 5377 96%
c s 1547.88 253 63 189 325364 8371436 505326 38% 19 352475 5377 96%
c O 1551.86 253 67 189 325368 8385282 516745 38% 19 352475 5377 96%
c - 1572.73 256 87 190 325395 8457212 508987 43% 22 352475 5377 96%
c B 1587.66 256 115 190 325412 8515289 559732 43% 28 352475 5377 96%
c - 1596.67 261 102 191 325413 8545862 515360 48% 25 352475 5377 96%
c 3 1599.78 261 98 191 325418 8555077 523580 47% 24 352475 5377 96%
c 
c   seconds     reductions          redundant    irredundant
c            MB       restarts              trail       variables
c             level          conflicts          glue         remaining
c 
c 2 1599.87 261 98 191 325418 8555077 523578 47% 24 352475 5377 96%
c p 1600.74 261 98 191 325418 8555077 536281 47% 24 352475 5377 96%
c - 1630.08 256 89 192 325446 8634976 525675 43% 21 352475 5377 96%
c W 1638.49 256 84 192 325452 8646291 535518 42% 21 352475 5377 96%
c - 1664.10 260 79 193 325476 8724555 531297 44% 20 352475 5377 96%
c I 1684.59 260 88 193 325477 8778293 578464 41% 24 352475 5377 96%
c s 1696.64 262 107 193 325477 8805926 598940 42% 27 352419 5377 96%
c v 1696.78 262 107 193 325477 8805926 598940 42% 27 352192 5377 96%
c w 1697.67 262 107 193 325477 8805926 598647 42% 27 352192 5377 96%
c t 1697.69 262 107 193 325477 8805926 598613 42% 27 352192 5377 96%
c e 1697.77 262 107 193 325477 8805926 589559 42% 27 352217 5375 96%
c s 1700.90 262 107 193 325477 8805926 588694 42% 27 352217 5375 96%
c - 1704.30 273 114 194 325477 8814597 525556 42% 29 352217 5375 96%
c 2 1721.33 273 123 194 325478 8850077 557395 40% 33 352217 5375 96%
c p 1722.53 273 123 194 325478 8850077 570032 40% 33 352217 5372 96%
c - 1751.00 271 129 195 325478 8905085 527493 41% 28 351929 5372 96%
c B 1753.79 271 129 195 325478 8911294 532935 41% 27 351929 5372 96%
c - 1784.77 265 103 196 325500 8996017 531127 45% 24 351929 5372 96%
c W 1806.14 265 83 196 325516 9045297 574034 44% 22 351929 5372 96%
c - 1822.61 268 86 197 325537 9087414 535232 43% 22 351929 5372 96%
c 
c   seconds     reductions          redundant    irredundant
c            MB       restarts              trail       variables
c             level          conflicts          glue         remaining
c 
c p 1846.90 268 92 197 325541 9150077 605552 48% 22 351929 5372 96%
c - 1858.47 267 85 198 325556 9179273 545483 50% 21 351929 5372 96%
c O 1858.82 267 84 198 325556 9180298 546419 50% 21 351929 5372 96%
c s 1886.56 268 80 198 325583 9252450 608855 48% 19 351929 5372 96%
c v 1886.70 268 80 198 325583 9252450 608855 48% 19 351833 5372 96%
c w 1887.73 268 80 198 325583 9252450 608427 48% 19 351833 5372 96%
c t 1887.75 268 80 198 325583 9252450 608426 48% 19 351833 5372 96%
c s 1889.96 268 80 198 325583 9252450 605825 48% 19 351833 5372 96%
c - 1898.76 266 75 199 325590 9271597 549702 46% 19 351833 5372 96%
c B 1917.73 266 69 199 325603 9316300 588684 46% 18 351833 5372 96%
c - 1939.89 276 69 200 325605 9364377 553215 45% 19 351833 5372 96%
c W 1983.53 276 68 200 325621 9453301 629383 43% 19 351833 5372 96%
c 2 1984.42 276 67 200 325623 9455078 631285 43% 19 351833 5372 96%
c p 1985.75 276 67 200 325623 9455078 644719 43% 19 351833 5372 96%
c - 1987.53 277 67 201 325625 9457622 560730 43% 19 351833 5372 96%
c - 2024.46 271 62 202 325661 9551330 563426 38% 21 351833 5372 96%
c I 2039.30 271 72 202 325668 9591302 599096 45% 20 351833 5372 96%
c - 2063.75 285 132 203 325683 9645501 569201 42% 31 351833 5372 96%
c s 2087.12 301 112 203 325705 9710982 626338 47% 26 351833 5372 96%
c v 2087.23 301 112 203 325705 9710982 626338 47% 26 351824 5372 96%
c 
c   seconds      reductions          redundant    irredundant
c            MB        restarts              trail       variables
c              level          conflicts          glue         remaining
c 
c w 2088.21 301 112 203 325705 9710982 625623 47% 26 351824 5372 96%
c t 2088.22 301 112 203 325705 9710982 625621 47% 26 351823 5372 96%
c e 2088.29 301 112 203 325705 9710982 620495 47% 26 351835 5371 96%
c s 2091.83 301 112 203 325705 9710982 620071 47% 26 351835 5371 96%
c B 2100.30 301 105 203 325714 9730305 636716 48% 25 351835 5371 96%
c - 2104.34 300 102 204 325717 9740136 571458 47% 24 351835 5371 96%
c p 2114.06 300 97 204 325729 9765080 607926 47% 24 351835 5371 96%
c - 2141.07 297 108 205 325732 9835237 582449 52% 22 351835 5371 96%
c W 2158.93 297 100 205 325732 9870307 613259 54% 22 351835 5371 96%
c - 2181.26 305 81 206 325733 9930801 585947 57% 19 351835 5371 96%
c O 2219.67 305 80 206 325733 10011311 656569 59% 20 351835 5371 96%
c - 2227.08 295 75 207 325734 10026830 587943 58% 19 351835 5371 96%
c p 2251.26 295 70 207 325734 10080086 646635 55% 19 351835 5371 96%
c - 2273.45 299 79 208 325734 10123322 594155 52% 20 351835 5371 96%
c B 2287.24 299 85 208 325734 10153312 621322 50% 21 351835 5371 96%
c s 2296.58 299 83 208 325734 10181601 646645 53% 20 351835 5371 96%
c v 2296.72 299 83 208 325734 10181601 646645 53% 20 351805 5371 96%
c w 2298.03 299 83 208 325734 10181601 646495 53% 20 351805 5371 96%
c s 2300.09 299 83 208 325734 10181601 643880 53% 20 351805 5371 96%
c - 2323.30 310 101 209 325734 10220280 596961 53% 27 351805 5371 96%
c 
c   seconds     reductions           redundant    irredundant
c            MB       restarts               trail       variables
c             level          conflicts           glue         remaining
c 
c W 2362.48 310 92 209 325735 10296313 664817 56% 23 351805 5371 96%
c - 2371.40 308 84 210 325735 10317700 603360 54% 22 351805 5371 96%
c p 2409.30 308 64 210 325735 10400088 691132 47% 20 351805 5371 96%
c - 2417.53 322 61 211 325735 10415580 607316 46% 19 351805 5371 96%
c I 2427.76 322 62 211 325735 10440314 628969 48% 19 351805 5371 96%
c - 2453.38 323 127 212 325735 10513924 611395 54% 23 351805 5371 96%
c B 2485.08 323 143 212 325735 10585315 675836 55% 24 351805 5371 96%
c - 2500.79 320 134 213 325735 10612732 616585 54% 23 351805 5371 96%
c - 2551.51 318 116 214 325735 10712004 620321 58% 21 351805 5371 96%
c p 2560.22 318 114 214 325735 10725094 649947 58% 21 351805 5371 96%
c W 2567.48 318 110 214 325735 10731318 655426 57% 20 351805 5371 96%
c - 2606.09 318 103 215 325735 10811741 634505 62% 18 351805 5371 96%
c O 2633.79 318 91 215 325764 10878321 691835 54% 19 351805 5371 96%
c - 2651.64 312 86 216 325770 10911941 638042 54% 18 351805 5371 96%
c - 2693.50 312 86 217 325798 11012605 638825 47% 22 351805 5371 96%
c B 2699.52 312 85 217 325801 11026324 650752 47% 22 351805 5371 96%
c p 2712.43 312 88 217 325813 11055095 689470 47% 21 351805 5371 96%
c s 2715.04 330 88 217 325813 11055095 688275 47% 21 351805 5371 96%
c v 2715.19 330 88 217 325813 11055095 688275 47% 21 351801 5371 96%
c w 2716.94 330 88 217 325813 11055095 687474 47% 21 351801 5371 96%
c 
c   seconds     reductions           redundant    irredundant
c            MB       restarts               trail       variables
c             level          conflicts           glue         remaining
c 
c t 2716.95 330 88 217 325813 11055095 687470 47% 21 351801 5371 96%
c e 2717.02 330 88 217 325813 11055095 685607 47% 21 351816 5370 96%
c s 2719.97 330 88 217 325813 11055095 685000 47% 21 351816 5370 96%
c - 2746.23 324 75 218 325834 11113734 643991 44% 20 351816 5370 96%
c W 2781.25 324 79 218 325860 11175326 697434 43% 20 351816 5370 96%
c - 2799.87 331 80 219 325861 11215328 647248 46% 22 351816 5370 96%
c - 2848.25 339 77 220 325877 11317385 649746 45% 23 351816 5370 96%
c I 2851.93 339 78 220 325878 11325327 656308 47% 22 351816 5370 96%
c p 2882.04 339 87 220 325903 11390095 725655 45% 24 351816 5370 96%
c - 2896.81 324 85 221 325915 11419914 655504 44% 23 351816 5370 96%
c B 2918.10 324 96 221 325925 11476328 706010 51% 23 351816 5370 96%
c - 2940.14 336 89 222 325940 11522901 661615 53% 22 351816 5370 96%
c s 2953.86 350 83 222 325954 11549865 684584 50% 23 351816 5370 96%
c v 2953.98 350 83 222 325954 11549865 684584 50% 23 351764 5370 96%
c w 2955.28 350 83 222 325954 11549865 684221 50% 23 351764 5370 96%
c s 2957.28 350 83 222 325954 11549865 681250 50% 23 351764 5370 96%
c e 2957.35 350 83 222 325954 11549865 677462 50% 23 351771 5369 96%
c - 2992.13 344 74 223 325982 11626349 664485 49% 20 351771 5369 96%
c W 2997.32 344 74 223 325984 11628331 666162 48% 20 351771 5369 96%
c 2 3042.63 344 63 223 325989 11730095 754302 47% 20 351771 5369 96%
c 
c   seconds     reductions           redundant    irredundant
c            MB       restarts               trail       variables
c             level          conflicts           glue         remaining
c 
c p 3044.50 344 63 223 325989 11730095 767680 47% 20 351771 5368 96%
c - 3045.15 348 63 224 325989 11730258 665826 47% 20 351640 5368 96%
c O 3064.68 348 75 224 325990 11781336 709513 48% 21 351640 5368 96%
c - 3089.31 349 66 225 325990 11834620 670455 53% 18 351640 5368 96%
c i 3105.05 349 64 225 325990 11866739 698854 55% 17 351640 5367 96%
c B 3140.46 349 68 225 326012 11935337 758652 51% 19 351640 5367 96%
c - 3142.79 349 68 226 326013 11939445 669979 51% 19 351475 5367 96%
c - 3195.48 356 71 227 326052 12044720 679790 51% 19 351475 5367 96%
c s 3205.85 356 69 227 326052 12056709 689255 53% 19 351475 5367 96%
c v 3205.98 356 69 227 326052 12056709 689255 53% 19 351384 5367 96%
c w 3207.49 356 69 227 326052 12056709 688540 53% 19 351384 5367 96%
c t 3207.51 356 69 227 326052 12056709 688538 53% 19 351384 5367 96%
c s 3210.77 356 69 227 326052 12056709 687709 53% 19 351384 5367 96%
c p 3221.84 356 70 227 326053 12075101 719105 52% 19 351384 5367 96%
c W 3234.57 356 77 227 326053 12090338 733081 54% 18 351384 5367 96%
c - 3264.95 361 71 228 326082 12150460 696134 48% 19 351384 5367 96%
c I 3318.79 361 83 228 326115 12246348 780163 43% 23 351384 5367 96%
c - 3326.33 360 93 229 326115 12256656 697196 44% 23 351384 5367 96%
c - 3381.45 366 86 230 326120 12363316 699497 51% 22 351384 5367 96%
c B 3398.60 366 77 230 326139 12403349 734371 50% 21 351384 5367 96%
c 
c   seconds     reductions           redundant    irredundant
c            MB       restarts               trail       variables
c             level          conflicts           glue         remaining
c 
c p 3411.68 366 79 230 326147 12425102 766190 51% 20 351384 5367 96%
c - 3435.37 365 75 231 326163 12470441 707972 52% 19 351384 5367 96%
c W 3491.43 365 86 231 326181 12561359 788330 47% 22 351384 5367 96%
c s 3499.27 365 82 231 326189 12575538 800437 47% 22 351384 5367 96%
c v 3499.40 365 82 231 326189 12575538 800437 47% 22 351383 5367 96%
c w 3500.71 365 82 231 326189 12575538 799915 47% 22 351383 5367 96%
c s 3502.39 365 82 231 326189 12575538 797211 47% 22 351383 5367 96%
c - 3504.04 364 82 232 326191 12578030 710619 48% 22 351383 5367 96%
c - 3554.27 372 67 233 326232 12686081 709091 44% 21 351383 5367 96%
c O 3567.45 372 68 233 326242 12720360 739988 45% 20 351383 5367 96%
c p 3595.79 372 65 233 326244 12780102 808198 52% 20 351383 5367 96%
c - 3603.62 371 64 234 326244 12794599 718812 50% 19 351383 5367 96%
c B 3639.69 371 71 234 326245 12880364 795243 48% 20 351383 5367 96%
c - 3651.30 381 72 235 326245 12903576 724519 50% 20 351383 5367 96%
c - 3700.46 388 128 236 326246 13013018 731993 58% 23 351383 5367 96%
c W 3716.78 388 144 236 326246 13041368 757394 61% 22 351383 5367 96%
c - 3757.27 375 95 237 326246 13122925 734715 49% 21 351383 5367 96%
c p 3769.06 375 92 237 326246 13140102 766363 48% 22 351383 5367 96%
c s 3771.20 398 92 237 326246 13140102 765322 48% 22 351383 5367 96%
c v 3771.31 398 92 237 326246 13140102 765322 48% 22 351379 5367 96%
c 
c   seconds     reductions           redundant    irredundant
c            MB       restarts               trail       variables
c             level          conflicts           glue         remaining
c 
c w 3772.48 398 92 237 326246 13140102 764631 48% 22 351379 5367 96%
c t 3772.50 398 92 237 326246 13140102 764628 48% 22 351379 5367 96%
c s 3774.66 398 92 237 326246 13140102 763756 48% 22 351379 5367 96%
c I 3804.61 398 81 237 326246 13203374 818382 47% 22 351379 5367 96%
c - 3821.85 400 127 238 326250 13233295 748567 49% 28 351379 5367 96%
c - 3857.16 393 108 239 326292 13344135 743234 47% 30 351379 5367 96%
c B 3866.41 393 103 239 326305 13366376 762923 47% 28 351379 5367 96%
c - 3905.83 395 78 240 326324 13455430 746287 48% 22 351379 5367 96%
c p 3930.20 395 72 240 326340 13505104 805820 45% 21 351379 5362 95%
c W 3946.58 438 70 240 326351 13530378 826390 44% 21 350845 5362 95%
c - 3962.61 400 71 241 326368 13567194 756357 46% 20 350845 5362 95%
c - 4011.41 396 60 242 326373 13679373 757627 51% 18 350845 5362 95%
c s 4015.34 398 60 242 326373 13683052 760405 52% 17 350845 5362 95%
c v 4015.47 398 60 242 326373 13683052 760405 52% 17 350844 5362 95%
c w 4016.50 398 60 242 326373 13683052 759749 52% 17 350844 5362 95%
c e 4016.56 398 60 242 326373 13683052 759107 52% 17 350860 5361 95%
c s 4018.49 398 60 242 326373 13683052 759046 52% 17 350860 5361 95%
c O 4024.02 398 64 242 326373 13695379 769038 49% 19 350860 5361 95%
c - 4064.64 399 79 243 326411 13792011 761762 48% 23 350860 5361 95%
c B 4091.92 399 80 243 326435 13861381 823716 50% 22 350860 5361 95%
c 
c   seconds     reductions           redundant    irredundant
c            MB       restarts               trail       variables
c             level          conflicts           glue         remaining
c 
c p 4101.90 399 81 243 326436 13875104 850145 48% 21 350860 5359 95%
c - 4116.87 408 77 244 326443 13905115 769614 50% 21 350636 5359 95%
c - 4173.34 406 89 245 326486 14018663 775637 48% 22 350636 5359 95%
c W 4181.87 406 86 245 326492 14028384 784320 48% 21 350636 5359 95%
c - 4229.48 409 66 246 326500 14132673 778322 43% 21 350636 5359 95%
c I 4256.41 409 63 246 326501 14196387 836152 44% 20 350636 5359 95%
c s 4275.48 409 92 246 326501 14238019 873816 51% 19 350636 5359 95%
c v 4275.66 409 92 246 326501 14238019 873816 51% 19 350595 5359 95%
c w 4276.96 409 92 246 326501 14238019 873740 51% 19 350595 5359 95%
c e 4277.28 487 92 246 326501 14238019 867405 51% 19 350609 5358 95%
c s 4279.04 490 92 246 326501 14238019 863041 51% 19 350580 5358 95%
c - 4286.87 425 96 247 326501 14247146 776699 52% 20 350580 5358 95%
c 2 4289.16 425 97 247 326501 14250105 779713 53% 20 350580 5358 95%
c p 4291.26 425 97 247 326501 14250105 795750 53% 20 350580 5357 95%
c - 4344.21 416 82 248 326531 14362081 786556 54% 20 350460 5357 95%
c B 4345.49 416 81 248 326532 14365388 789540 54% 20 350460 5357 95%
c - 4397.85 412 91 249 326564 14477467 790819 53% 18 350460 5357 95%
c W 4427.60 412 89 249 326583 14535394 841216 51% 19 350460 5357 95%
c - 4455.10 408 79 250 326602 14593317 793164 49% 21 350460 5357 95%
c p 4474.62 408 78 250 326620 14630106 838434 49% 20 350460 5356 95%
c 
c   seconds     reductions           redundant    irredundant
c            MB       restarts               trail       variables
c             level          conflicts           glue         remaining
c 
c O 4512.18 408 72 250 326628 14706396 906518 51% 19 350460 5356 95%
c - 4514.69 419 71 251 326628 14709631 805959 51% 19 350393 5356 95%
c s 4561.49 431 65 251 326649 14805021 887085 47% 20 350393 5356 95%
c v 4561.65 431 65 251 326649 14805021 887085 47% 20 350374 5356 95%
c w 4562.92 431 65 251 326649 14805021 886073 47% 20 350374 5356 95%
c t 4562.94 431 65 251 326649 14805021 886071 47% 20 350374 5356 95%
c e 4563.04 431 65 251 326649 14805021 878056 47% 20 350379 5355 95%
c s 4565.53 431 65 251 326649 14805021 877263 47% 20 350379 5355 95%
c - 4574.69 422 72 252 326658 14826399 801562 47% 22 350379 5355 95%
c B 4599.51 422 75 252 326674 14878403 848172 50% 21 350379 5355 95%
c - 4631.28 421 66 253 326691 14943629 802524 46% 20 350379 5355 95%
c p 4664.86 421 66 253 326717 15015111 877571 46% 20 350379 5354 95%
c W 4689.13 474 69 253 326725 15051405 908959 46% 21 350282 5354 95%
c - 4693.20 416 66 254 326730 15061322 806731 45% 21 350282 5354 95%
c - 4752.69 436 79 255 326755 15179478 812826 47% 21 350282 5354 95%
c I 4773.27 436 78 255 326755 15225407 854296 52% 20 350282 5354 95%
c - 4816.62 446 98 256 326756 15298089 821946 54% 20 350282 5354 95%
c s 4864.13 455 95 256 326757 15384085 898872 55% 21 350282 5354 95%
c v 4864.28 455 95 256 326757 15384085 898872 55% 21 350246 5354 95%
c w 4865.59 455 95 256 326757 15384085 898423 55% 21 350246 5354 95%
c 
c   seconds     reductions           redundant    irredundant
c            MB       restarts               trail       variables
c             level          conflicts           glue         remaining
c 
c t 4865.61 455 95 256 326757 15384085 898422 55% 21 350246 5354 95%
c e 4865.69 455 95 256 326757 15384085 891591 55% 21 350247 5353 95%
c s 4866.34 455 95 256 326757 15384085 891577 55% 21 350247 5353 95%
c B 4873.95 455 93 256 326757 15400408 906087 54% 20 350247 5353 95%
c p 4877.58 455 93 256 326757 15405111 923278 54% 20 350247 5353 95%
c - 4884.09 444 89 257 326757 15417163 825433 52% 21 350247 5353 95%
c - 4936.95 462 81 258 326757 15536699 826035 46% 23 350247 5353 95%
c W 4963.03 462 78 258 326757 15576409 862556 44% 24 350247 5353 95%
c - 5013.94 460 85 259 326758 15656696 825675 48% 23 350247 5353 95%
c O 5081.50 460 118 259 326758 15753412 911170 44% 27 350247 5353 95%
c - 5102.70 454 102 260 326758 15777158 830514 48% 25 350247 5353 95%
c p 5121.67 454 89 260 326758 15800112 868568 51% 23 350247 5353 95%
c - 5203.45 453 74 261 326758 15898082 839289 47% 20 350247 5353 95%
c B 5227.06 453 67 261 326758 15931413 869029 47% 19 350247 5353 95%
c s 5249.32 459 75 261 326758 15975214 909203 52% 18 350247 5353 95%
c v 5249.49 459 75 261 326758 15975214 909203 52% 18 350218 5353 95%
c w 5251.10 459 75 261 326758 15975214 909132 52% 18 350218 5353 95%
c t 5251.12 459 75 261 326758 15975214 909127 52% 18 350218 5353 95%
c s 5253.15 459 75 261 326758 15975214 904461 52% 18 350217 5353 95%
c - 5285.89 466 99 262 326758 16019469 848514 48% 23 350217 5353 95%
c 
c   seconds      reductions           redundant    irredundant
c            MB        restarts               trail       variables
c              level          conflicts           glue         remaining
c 
c W 5352.48 466 123 262 326758 16110414 930068 51% 26 350217 5353 95%
c - 5378.94 465 106 263 326758 16141320 851594 50% 25 350217 5353 95%
c 2 5417.05 465 84 263 326759 16200113 903341 52% 21 350217 5353 95%
c p 5419.02 465 84 263 326759 16200113 920595 52% 21 350217 5352 95%
c - 5468.98 459 70 264 326759 16263632 860250 45% 20 350088 5352 95%
c I 5485.74 459 63 264 326759 16290415 883191 44% 19 350088 5352 95%
c ] 5553.72 459 86 264 326759 16383021 966553 55% 20 350088 5352 95%
c { 5553.72 459 31 264 326759 16383021 966553 36% 13 350088 5352 95%
c - 5557.52 466 31 265 327159 16386395 863545 36% 13 350088 5352 95%
c F 5613.71 466 33 265 334094 16471418 931930 36% 14 350088 5352 95%
c - 5642.46 444 34 266 336803 16509621 858158 37% 15 350088 5352 95%
c s 5686.47 444 34 266 340480 16578390 912818 38% 15 350088 5352 95%
c v 5686.61 444 34 266 340480 16578390 912818 38% 15 350081 5352 95%
c w 5688.45 444 34 266 340480 16578390 911768 38% 15 350081 5352 95%
c t 5688.47 444 34 266 340480 16578390 911760 38% 15 350081 5352 95%
c e 5688.56 444 34 266 340480 16578390 903384 38% 15 350096 5351 95%
c s 5691.68 447 34 266 340480 16578390 902683 38% 15 350096 5351 95%
c p 5710.11 447 34 266 341988 16605116 938167 38% 15 350096 5351 95%
c - 5728.88 447 35 267 343577 16633309 862950 39% 15 350096 5351 95%
c B 5741.83 447 35 267 344589 16653419 878978 39% 15 350096 5351 95%
c 
c   seconds     reductions           redundant    irredundant
c            MB       restarts               trail       variables
c             level          conflicts           glue         remaining
c 
c - 5818.90 452 35 268 350794 16757461 867923 39% 15 350096 5351 95%
c W 5881.33 452 36 268 355383 16836420 933928 40% 15 350096 5351 95%
c - 5916.42 454 36 269 357492 16882078 876359 40% 15 350096 5351 95%
c - 6011.40 456 36 270 364285 17007164 883972 41% 15 350096 5351 95%
c p 6019.59 456 36 270 364693 17015128 904656 40% 15 350096 5348 95%
c # 6023.86 456 36 270 365044 17020423 909107 40% 15 350096 5348 95%
c - 6110.09 457 35 271 371367 17132708 897303 39% 15 349745 5348 95%
c s 6153.18 470 36 271 374760 17193634 947456 40% 15 349745 5348 95%
c v 6153.33 470 36 271 374760 17193634 947456 40% 15 349715 5348 95%
c w 6155.57 470 36 271 374760 17193634 947118 40% 15 349715 5348 95%
c t 6155.59 470 36 271 374760 17193634 947116 40% 15 349715 5348 95%
c s 6156.50 470 36 271 374760 17193634 947111 40% 15 349715 5348 95%
c B 6165.07 470 36 271 375332 17205427 956522 40% 15 349715 5348 95%
c - 6204.76 471 36 272 378647 17258685 902156 40% 15 349715 5348 95%
c - 6294.16 472 36 273 385145 17385117 909231 41% 15 349715 5348 95%
c W 6302.01 472 35 273 385385 17391429 914607 41% 15 349715 5348 95%
c p 6331.07 472 35 273 387470 17430131 958198 41% 15 349715 5346 95%
c - 6388.62 475 35 274 391637 17512011 920282 40% 15 349529 5346 95%
c F 6439.17 475 36 274 395688 17578436 974982 40% 15 349529 5346 95%
c i 6439.17 475 36 274 395688 17578438 974983 40% 15 349529 5345 95%
c 
c   seconds     reductions           redundant    irredundant
c            MB       restarts               trail       variables
c             level          conflicts           glue         remaining
c 
c - 6485.84 478 35 275 398543 17639350 925845 40% 15 349399 5345 95%
c B 6579.20 478 37 275 405531 17766441 1031395 41% 15 349399 5345 95%
c - 6580.36 479 37 276 405603 17767140 932565 41% 15 349399 5345 95%
c s 6616.53 480 36 276 408295 17820865 977282 42% 15 349399 5345 95%
c v 6616.69 480 36 276 408295 17820865 977282 42% 15 349392 5345 95%
c w 6618.73 480 36 276 408295 17820865 977218 42% 15 349392 5345 95%
c t 6618.75 480 36 276 408295 17820865 977217 42% 15 349392 5345 95%
c s 6620.75 480 36 276 408295 17820865 972643 42% 15 349390 5345 95%
c 2 6642.40 480 36 276 409834 17850131 997477 42% 15 349390 5345 95%
c p 6645.08 480 36 276 409834 17850131 1009100 42% 15 349390 5343 95%
c - 6677.43 480 36 277 412325 17895392 940369 41% 15 349161 5343 95%
c W 6722.76 480 35 277 415552 17955446 989613 40% 15 349161 5343 95%
c - 6777.09 483 36 278 419482 18024080 946513 41% 15 349161 5343 95%
c # 6869.63 483 36 278 426010 18145447 1046983 41% 15 349161 5343 95%
c - 6875.90 484 36 279 426455 18153231 953049 41% 15 349161 5343 95%
c p 6972.30 484 36 279 433083 18275132 1065114 41% 15 349161 5337 95%
c - 6979.08 483 36 280 433598 18282850 959281 41% 15 348527 5337 95%
c B 7019.16 483 35 280 436033 18336451 1003392 40% 15 348527 5337 95%
c - 7079.25 487 35 281 440243 18412863 966822 41% 15 348527 5337 95%
c s 7118.23 494 35 281 442780 18460108 1005217 42% 15 348527 5337 95%
c 
c   seconds     reductions            redundant    irredundant
c            MB       restarts                trail       variables
c             level          conflicts            glue         remaining
c 
c v 7118.41 494 35 281 442780 18460108 1005217 42% 15 348512 5337 95%
c w 7120.83 494 35 281 442780 18460108 1004572 42% 15 348512 5337 95%
c t 7120.85 494 35 281 442780 18460108 1004563 42% 15 348512 5337 95%
c e 7120.95 494 35 281 442780 18460108 994497 42% 15 348523 5336 95%
c s 7124.06 494 35 281 442780 18460108 993744 42% 15 348523 5336 95%
c W 7181.95 494 36 281 446776 18528452 1050595 42% 15 348523 5336 95%
c - 7194.37 494 36 282 447496 18543337 965151 41% 15 348523 5336 95%
c - 7296.53 497 36 283 454604 18674274 974000 42% 15 348523 5336 95%
c 2 7319.33 497 36 283 456434 18705135 999780 42% 15 348523 5336 95%
c p 7321.12 497 36 283 456434 18705135 1013185 42% 15 348523 5336 95%
c F 7334.80 497 36 283 457450 18721453 1026398 41% 15 348523 5336 95%
c - 7401.77 493 36 284 462061 18805675 985916 41% 15 348523 5336 95%
c B 7485.35 493 36 284 468277 18915454 1076965 41% 15 348523 5336 95%
c - 7503.72 498 37 285 469406 18937537 992688 41% 15 348523 5336 95%
c - 7601.88 499 36 286 476784 19069862 998530 41% 15 348523 5336 95%
c W 7636.27 499 36 286 478801 19110456 1031553 41% 15 348523 5336 95%
c s 7640.23 506 36 286 478878 19111279 1032020 41% 15 348523 5336 95%
c v 7640.41 506 36 286 478878 19111279 1032020 41% 15 348500 5336 95%
c w 7642.61 506 36 286 478878 19111279 1031606 41% 15 348500 5336 95%
c t 7642.63 506 36 286 478878 19111279 1031605 41% 15 348500 5336 95%
c 
c   seconds     reductions            redundant    irredundant
c            MB       restarts                trail       variables
c             level          conflicts            glue         remaining
c 
c s 7645.11 506 36 286 478878 19111279 1031553 41% 15 348500 5336 95%
c d 7668.51 506 37 286 480805 19140135 1055407 41% 15 348500 5335 95%
c 2 7668.69 506 37 286 480805 19140135 1055523 41% 15 348493 5335 95%
c p 7672.09 506 37 286 480805 19140135 1068048 41% 15 348493 5331 95%
c d 7672.30 506 37 286 480805 19140135 1067227 41% 15 348124 5330 95%
c - 7722.18 508 36 287 483842 19202656 1008238 42% 15 348124 5330 95%
c # 7794.12 508 36 287 489579 19306457 1092018 40% 15 348124 5330 95%
c - 7818.44 506 36 288 491256 19335861 1012936 41% 15 348124 5330 95%
c - 7925.99 512 36 289 498372 19469533 1021433 42% 15 348124 5330 95%
c B 7955.38 512 37 289 500187 19503458 1049941 41% 15 348124 5330 95%
c 2 8017.90 512 37 289 503988 19580138 1114643 43% 15 348118 5330 95%
c p 8021.43 512 37 289 503988 19580138 1126726 43% 15 348118 5326 95%
c - 8042.97 514 37 290 505293 19603664 1031753 43% 15 347701 5326 95%
c W 8134.27 514 36 290 510893 19701460 1112663 42% 15 347701 5326 95%
c - 8168.05 514 36 291 512679 19738211 1037249 42% 15 347701 5326 95%
c s 8198.77 523 36 291 514815 19774505 1067087 42% 15 347701 5326 95%
c v 8198.97 523 36 291 514815 19774505 1067087 42% 15 347693 5326 95%
c w 8201.16 523 36 291 514815 19774505 1066971 42% 15 347693 5326 95%
c t 8201.18 523 36 291 514815 19774505 1066815 42% 15 347683 5326 95%
c e 8201.30 523 36 291 514815 19774505 1057676 42% 15 347699 5325 95%
c 
c   seconds     reductions            redundant    irredundant
c            MB       restarts                trail       variables
c             level          conflicts            glue         remaining
c 
c s 8202.96 523 36 291 514815 19774505 1049265 42% 15 347694 5325 95%
c - 8289.12 524 38 292 520231 19873222 1031183 43% 15 347694 5325 95%
c F 8308.91 524 37 292 521635 19900464 1053566 42% 15 347694 5325 95%
c - 8394.42 522 37 293 527345 20008695 1037655 42% 15 347694 5325 95%
c 2 8409.47 522 37 293 528341 20025138 1051336 41% 15 347694 5325 95%
c p 8414.73 522 37 293 528341 20025138 1066870 41% 15 347694 5316 95%
c d 8415.02 522 37 293 528341 20025138 1064496 41% 15 346813 5315 95%
c B 8481.28 522 35 293 532136 20100469 1125393 40% 15 346813 5315 95%
c - 8524.19 521 36 294 534774 20144629 1048951 40% 15 346813 5315 95%
c - 8643.58 528 36 295 542156 20280932 1056252 41% 15 346813 5315 95%
c i 8659.13 528 37 295 543224 20299821 1071222 41% 15 346813 5314 95%
c W 8664.73 536 36 295 543251 20301470 1071771 41% 15 346715 5314 95%
c - 8761.91 528 36 296 549237 20417697 1062617 41% 15 346715 5314 95%
c s 8787.55 528 36 296 551150 20449745 1087727 41% 15 346715 5314 95%
c v 8787.74 528 36 296 551150 20449745 1087727 41% 15 346668 5314 95%
c w 8790.03 528 36 296 551150 20449745 1087056 41% 15 346668 5314 95%
c t 8790.05 528 36 296 551150 20449745 1086981 41% 15 346652 5314 95%
c e 8790.17 528 36 296 551150 20449745 1063461 41% 15 346694 5311 95%
c s 8792.69 528 36 296 551150 20449745 1062640 41% 15 346694 5311 95%
c 2 8812.17 531 36 296 552775 20475138 1083690 41% 16 346694 5311 95%
c 
c   seconds     reductions            redundant    irredundant
c            MB       restarts                trail       variables
c             level          conflicts            glue         remaining
c 
c p 8816.71 531 36 296 552775 20475138 1094526 41% 16 346694 5308 95%
c # 8837.73 531 36 296 553952 20503476 1118318 42% 15 346694 5308 95%
c - 8876.86 524 37 297 556889 20554911 1052593 42% 16 346495 5308 95%
c - 8980.74 524 35 298 563840 20692559 1057480 42% 15 346495 5308 95%
c B 8991.81 524 35 298 564609 20706477 1068636 41% 15 346495 5308 95%
c - 9099.78 527 36 299 571743 20830669 1067546 42% 15 346495 5308 95%
c W 9172.63 527 36 299 576265 20910480 1133486 41% 16 346495 5308 95%
c 2 9190.14 527 36 299 577372 20930146 1149542 40% 16 346495 5308 95%
c p 9195.49 527 36 299 577372 20930146 1162171 40% 16 346495 5302 94%
c - 9232.15 528 35 300 579037 20969243 1076642 41% 15 345955 5302 94%
c - 9357.62 536 36 301 586472 21108216 1085475 42% 15 345955 5302 94%
c F 9364.35 536 36 301 586868 21115481 1091690 42% 16 345955 5302 94%
c s 9386.75 554 37 301 588245 21136999 1109261 42% 16 345955 5302 94%
c v 9386.94 554 37 301 588245 21136999 1109261 42% 16 345832 5302 94%
c w 9389.37 554 37 301 588245 21136999 1108624 42% 16 345832 5302 94%
c t 9389.39 554 37 301 588245 21136999 1108620 42% 16 345832 5302 94%
c s 9392.87 554 37 301 588245 21136999 1108495 42% 16 345832 5302 94%
c - 9494.47 551 36 302 593676 21247654 1091326 42% 15 345832 5302 94%
c B 9559.30 551 37 302 597633 21321483 1152916 42% 15 345832 5302 94%
c - 9619.56 553 37 303 601088 21387536 1100156 42% 15 345832 5302 94%
c 
c   seconds     reductions            redundant    irredundant
c            MB       restarts                trail       variables
c             level          conflicts            glue         remaining
c 
c 2 9621.78 553 37 303 601285 21390146 1102509 43% 16 345832 5301 94%
c p 9624.95 553 37 303 601285 21390146 1115264 43% 16 345832 5299 94%
c - 9739.96 555 36 304 608192 21527880 1111356 42% 15 345589 5299 94%
c W 9743.97 555 36 304 608192 21528487 1111916 42% 15 345589 5299 94%
c - 9855.75 555 36 305 615861 21668664 1117752 41% 16 345589 5299 94%
c # 9918.39 555 37 305 619730 21736499 1174544 42% 16 345589 5299 94%
c - 9986.00 558 37 306 623343 21809906 1125617 43% 15 345589 5299 94%
c s 10010.43 561 37 306 624763 21836177 1147172 42% 16 345589 5299 94%
c v 10010.63 561 37 306 624763 21836177 1147172 42% 16 345585 5299 94%
c w 10013.37 561 37 306 624763 21836177 1147022 42% 16 345585 5299 94%
c t 10013.39 561 37 306 624763 21836177 1147019 42% 16 345585 5299 94%
c s 10015.60 561 37 306 624763 21836177 1126369 42% 16 345579 5299 94%
c e 10015.69 561 37 306 624763 21836177 1120590 42% 16 345582 5298 94%
c 2 10033.59 561 36 306 625694 21855149 1136395 42% 15 345582 5298 94%
c p 10039.55 561 36 306 625694 21855149 1150547 42% 15 345582 5291 94%
c B 10123.60 561 37 306 630454 21945501 1225801 42% 15 345582 5291 94%
c - 10130.31 560 37 307 630716 21951608 1118184 42% 15 344824 5291 94%
c - 10256.94 563 37 308 638722 22093683 1124011 42% 16 344824 5291 94%
c W 10309.57 563 36 308 641588 22155503 1174928 42% 15 344824 5291 94%
c - 10379.10 564 37 309 645985 22236218 1131138 43% 15 344824 5291 94%
c 
c   seconds      reductions            redundant    irredundant
c             MB       restarts                trail       variables
c              level          conflicts            glue         remaining
c 
c i 10435.41 564 37 309 649803 22304903 1188045 42% 16 344824 5288 94%
c p 10457.25 564 37 309 650930 22325149 1217725 42% 16 344824 5285 94%
c F 10494.04 564 37 309 653311 22366504 1252352 43% 16 344824 5285 94%
c - 10506.69 567 37 310 654126 22379214 1141599 43% 16 344225 5285 94%
c - 10629.39 568 36 311 661394 22522607 1148564 43% 16 344225 5285 94%
c s 10651.95 568 36 311 662625 22547417 1166223 42% 15 344224 5285 94%
c v 10652.12 568 36 311 662625 22547417 1166223 42% 15 344156 5285 94%
c w 10654.84 568 36 311 662625 22547417 1164805 42% 15 344156 5285 94%
c t 10654.86 568 36 311 662625 22547417 1164729 42% 15 344156 5285 94%
c e 10654.97 568 36 311 662625 22547417 1146921 42% 15 344217 5281 94%
c s 10657.33 568 36 311 662625 22547417 1145615 42% 15 344217 5281 94%
c B 10684.20 571 37 311 664412 22578505 1170980 42% 16 344217 5281 94%
c - 10762.65 569 37 312 669451 22666456 1144912 42% 16 344217 5281 94%
c W 10879.58 569 39 312 676235 22791511 1250784 44% 16 344217 5281 94%
c 2 10889.59 569 39 312 676732 22800150 1257900 44% 16 344217 5281 94%
c p 10893.66 569 39 312 676732 22800150 1271270 44% 16 344217 5280 94%
c - 10903.87 570 38 313 677280 22810765 1152085 44% 16 344129 5280 94%
c - 11055.77 570 36 314 684943 22955527 1157101 42% 15 344129 5280 94%
c # 11103.51 570 36 314 687775 23005512 1198589 42% 15 344129 5280 94%
c - 11198.40 571 37 315 693291 23100758 1165739 42% 16 344129 5280 94%
c 
c   seconds      reductions            redundant    irredundant
c             MB       restarts                trail       variables
c              level          conflicts            glue         remaining
c 
c B 11312.66 571 37 315 699549 23220513 1264108 42% 16 344129 5280 94%
c - 11338.78 572 37 316 700982 23246440 1172872 42% 16 344129 5280 94%
c s 11363.33 584 37 316 702448 23270583 1191697 42% 16 344129 5280 94%
c v 11363.52 584 37 316 702448 23270583 1191697 42% 16 343932 5280 94%
c w 11366.25 584 37 316 702448 23270583 1190642 42% 16 343932 5280 94%
c s 11369.19 584 37 316 702448 23270583 1189313 42% 16 343932 5280 94%
c 2 11377.88 584 37 316 702913 23280151 1197453 42% 16 343932 5280 94%
c p 11382.09 584 37 316 702913 23280151 1212538 42% 16 343932 5278 94%
c - 11490.01 586 37 317 708812 23392582 1184509 42% 16 343720 5278 94%
c i 11517.34 586 37 317 710621 23420031 1207265 42% 16 343720 5277 94%
c W 11536.38 609 38 317 711699 23436515 1221125 42% 16 343567 5277 94%
c - 11636.24 592 37 318 716758 23539135 1192418 44% 15 343567 5277 94%
c F 11742.44 592 37 318 723249 23653517 1287443 43% 16 343567 5277 94%
c - 11776.47 592 37 319 724805 23686133 1198627 43% 16 343567 5277 94%
c p 11858.62 592 37 319 729335 23765153 1277646 42% 16 343567 5275 94%
c - 11931.97 597 37 320 732889 23833590 1211037 43% 16 343409 5275 94%
c B 11969.73 597 37 320 734697 23871518 1242587 43% 16 343409 5275 94%
c - 12094.74 597 39 321 741031 23981488 1216926 43% 16 343409 5275 94%
c s 12125.55 604 39 321 742516 24005689 1236464 43% 16 343409 5275 94%
c v 12125.75 604 39 321 742516 24005689 1236464 43% 16 343397 5275 94%
c 
c   seconds      reductions            redundant    irredundant
c             MB       restarts                trail       variables
c              level          conflicts            glue         remaining
c 
c w 12128.79 604 39 321 742516 24005689 1235498 43% 16 343397 5275 94%
c t 12128.81 604 39 321 742516 24005689 1235495 43% 16 343397 5275 94%
c s 12132.69 604 39 321 742516 24005689 1235249 43% 16 343397 5275 94%
c W 12231.31 604 38 321 746541 24090519 1306138 44% 16 343397 5275 94%
c - 12277.76 608 38 322 748945 24129849 1223581 43% 16 343397 5275 94%
c p 12409.65 608 37 322 755190 24255153 1339653 43% 16 343397 5275 94%
c - 12435.99 606 37 323 756483 24278669 1231683 43% 16 343397 5275 94%
c # 12467.12 606 37 323 758595 24310522 1257592 43% 16 343397 5275 94%
c - 12584.92 607 37 324 764885 24427948 1238954 43% 16 343397 5275 94%
c B 12690.02 607 38 324 770740 24531528 1325591 43% 16 343397 5275 94%
c - 12737.18 613 38 325 773184 24577689 1248913 43% 16 343397 5275 94%
c - 12884.98 614 38 326 781154 24727889 1257100 44% 16 343397 5275 94%
c p 12912.94 614 38 326 782532 24750154 1289187 44% 16 343397 5275 94%
c s 12919.59 633 38 326 782756 24752737 1291186 43% 16 343397 5275 94%
c v 12919.78 633 38 326 782756 24752737 1291186 43% 16 343394 5275 94%
c w 12922.62 633 38 326 782756 24752737 1290935 43% 16 343394 5275 94%
c t 12922.65 633 38 326 782756 24752737 1290934 43% 16 343394 5275 94%
c s 12923.98 633 38 326 782756 24752737 1290925 43% 16 343394 5275 94%
c W 12928.48 633 38 326 782795 24753530 1291577 43% 16 343394 5275 94%
c - 13055.39 635 38 327 789581 24878551 1270660 44% 16 343394 5275 94%
c 
c   seconds      reductions            redundant    irredundant
c             MB       restarts                trail       variables
c              level          conflicts            glue         remaining
c 
c } 13097.37 635 38 327 791898 24916933 1302818 44% 16 343394 5275 94%
c ? 13097.37 635 38 327 791898 24916933 1302818 44% 16 343394 5275 94%
c 
c --- [ closing proof ] ------------------------------------------------------
c 
c traced 30622401 added and 29346239 deleted clauses
c closing file 'docs/frontier/z_piece/z_41120_certificate/z_4x11x20.drat'
c after writing 13259593643 bytes 12645.3 MB
c 
c --- [ result ] -------------------------------------------------------------
c 
c UNKNOWN
c 
c --- [ run-time profiling ] -------------------------------------------------
c 
c process time taken by individual solving procedures
c (percentage relative to process time for solving)
c 
c     12707.60   97.02% search
c      8348.99   63.75% unstable
c      4148.18   31.67% stable
c       389.69    2.98% simplify
c       210.41    1.61% walk
c       180.11    1.38% subsume
c       122.05    0.93% probe
c        63.04    0.48% vivify
c         6.40    0.05% ternary
c         6.30    0.05% elim
c         0.08    0.00% parse
c         0.00    0.00% lucky
c   =================================
c     13097.29  100.00% solve
c 
c last line shows process time for solving
c (percentage relative to total process time)
c 
c --- [ statistics ] ---------------------------------------------------------
c 
c chronological:           5293673        21.25 %  of conflicts
c conflicts:              24916933      1902.45    per second
c decisions:              61919748      4727.68    per second
c eliminated:                   88         1.57 %  of all variables
c fixed:                       250         4.45 %  of all variables
c learned:                24148767        96.92 %  per conflict
c learned_lits:         4935571989       100.00 %  learned literals
c minimized:                     0         0.00 %  learned literals
c shrunken:              740963815        15.01 %  learned literals
c minishrunken:         1089537448        22.08 %  learned literals
c propagations:         5526638591         0.42 M  per second
c reduced:                19380984        77.78 %  per conflict
c rephased:                    222    112238.44    interval
c restarts:                 791898        31.46    interval
c stabilizing:                   7        43.83 %  of conflicts
c substituted:                   3         0.05 %  of all variables
c subsumed:                3254592         6.35 %  of all clauses
c strengthened:            4656512         9.09 %  of all clauses
c ternary:                   25505         1.24 %  of resolved
c vivified:                  35559         0.07 %  of all clauses
c walked:                       73    341327.85    interval
c weakened:                    571         2.68    average size
c 
c seconds are measured in process time for solving
c 
c --- [ resources ] ----------------------------------------------------------
c 
c total process time since initialization:     13097.37    seconds
c total real time since initialization:        14400.37    seconds
c maximum resident set size of process:          896.97    MB
c 
c --- [ shutting down ] ------------------------------------------------------
c 
c exit 0
