c --- [ banner ] -------------------------------------------------------------
c 
c CaDiCaL Radically Simplified CDCL SAT Solver
c Copyright (c) 2016-2021 A. Biere, M. Fleury, N. Froleyks
c 
c Version sc2021
c clang++-Clang 21.1.0
c Sep  3 2026 23:15:31
c 
c --- [ proof tracing ] ------------------------------------------------------
c 
c opening file to write '/tmp/opencode/bench/z_4x11x15_native2.drat'
c writing binary proof trace to '/tmp/opencode/bench/z_4x11x15_native2.drat'
c 
c --- [ parsing input ] ------------------------------------------------------
c 
c reading DIMACS file from '/tmp/opencode/bench/z_4x11x15.cnf'
c opening file to read '/tmp/opencode/bench/z_4x11x15.cnf'
c found 'p cnf 4096 265000' header
c parsed 265000 clauses in 0.04 seconds process time
c closing file '/tmp/opencode/bench/z_4x11x15.cnf'
c after reading 3668553 bytes 3.5 MB
c 
c --- [ options ] ------------------------------------------------------------
c 
c all options are set to their default value
c 
c --- [ solving ] ------------------------------------------------------------
c 
c time measured in process time since initialization
c 
c  seconds  reductions  redundant  irredundant
c         MB    restarts       trail      variables
c          level   conflicts       glue        remaining
c 
c *  0.04 25  0 0   0    0    0  0% 0 265000 4096 100%
c {  0.04 26  0 0   0    0    0  0% 0 265000 4096 100%
c -  0.05 26 26 1   9  300  274 44% 6 265000 4096 100%
c }  0.06 26 31 1  50 1002  887 39% 6 265000 4096 100%
c [  0.06 26  0 1  50 1002  887  0% 0 265000 4096 100%
c O  0.06 26  9 1  50 1003  888 14% 3 265000 4096 100%
c -  0.08 34 19 2  50 1154  949 36% 6 265000 4096 100%
c -  0.12 34 36 3  51 2434 1729 38% 10 265000 4096 100%
c ]  0.14 34 57 3  51 3007 2211 41% 15 265000 4096 100%
c {  0.14 34 31 3  51 3007 2211 39% 6 265000 4096 100%
c F  0.14 34 31 3  51 3008 2212 39% 6 265000 4096 100%
c -  0.17 34 28 4 136 4142 2396 32% 7 265000 4096 100%
c p  0.22 34 27 4 237 5001 3298 30% 7 265000 4094 100%
c #  0.25 34 27 4 311 6009 4165 30% 7 265000 4094 100%
c -  0.27 34 27 5 334 6278 3221 29% 7 264839 4094 100%
c }  0.28 34 27 5 365 7011 3843 29% 7 264839 4094 100%
c [  0.28 34 57 5 365 7011 3843 41% 15 264839 4094 100%
c -  0.33 34 64 6 366 8842 4168 36% 14 264839 4094 100%
c I  0.36 34 63 6 367 10011 5143 35% 15 264839 4094 100%
c -  0.41 35 70 7 369 11833 5065 34% 16 264839 4094 100%
c 
c  seconds  reductions   redundant   irredundant
c         MB    restarts        trail       variables
c          level    conflicts       glue         remaining
c 
c s  0.43 41 70 7 369 12034 5173 34% 16 264839 4094 100%
c w  0.45 41 70 7 369 12034 5170 34% 16 264839 4094 100%
c s  0.48 41 70 7 369 12034 5135 34% 16 264839 4094 100%
c ^  0.49 41 70 7 369 12034 5135 34% 16 264839 4094 100%
c 3  0.56 41 59 7 370 15001 7701 37% 14 264839 4094 100%
c 2  0.58 41 59 7 370 15001 7700 37% 14 264839 4094 100%
c p  0.60 41 59 7 370 15001 8403 37% 14 264839 4086 100%
c ]  0.61 41 59 7 370 15013 8414 37% 14 264839 4086 100%
c {  0.61 41 27 7 370 15013 8414 29% 7 264839 4086 100%
c B  0.62 41 27 7 370 15014 8415 29% 7 264839 4086 100%
c -  0.64 34 28 8 387 15248 6213 30% 7 264068 4086 100%
c -  0.72 40 25 9 592 19086 6621 26% 7 264068 4086 100%
c W  0.78 40 24 9 718 21015 8257 25% 7 264068 4086 100%
c -  0.83 40 25 10 823 23351 7685 26% 7 264068 4086 100%
c i  0.86 40 25 10 946 24962 9061 26% 7 264068 4085 100%
c F  0.91 40 25 10 1142 28017 11690 26% 7 264068 4085 100%
c -  0.92 40 25 11 1142 28046 9001 26% 7 263971 4085 100%
c i  0.95 40 25 11 1260 29644 10320 26% 7 263971 4084 100%
c 3  0.97 40 25 11 1306 30004 10645 26% 7 263971 4084 100%
c p  1.01 40 25 11 1306 30004 11994 26% 7 263971 4074 99%
c 
c  seconds  reductions      redundant  irredundant
c         MB     restarts          trail      variables
c          level      conflicts        glue        remaining
c 
c }  1.03 40 25 11 1361 31015 12889 26% 7 263971 4074 99%
c [  1.03 40 59 11 1361 31015 12889 37% 14 263971 4074 99%
c -  1.09 47 62 12 1361 33163 10515 36% 15 262896 4074 99%
c B  1.15 47 55 12 1364 36018 13111 36% 14 262896 4074 99%
c s  1.16 47 56 12 1364 36096 13040 36% 14 262896 4074 99%
c w  1.19 47 56 12 1364 36096 13028 36% 14 262896 4074 99%
c s  1.22 47 56 12 1364 36096 12956 36% 14 262896 4074 99%
c ^  1.22 47 56 12 1364 36096 12956 36% 14 262896 4074 99%
c -  1.29 47 60 13 1365 38701 11818 39% 14 262896 4074 99%
c -  1.45 47 54 14 1368 44664 12315 41% 13 262896 4074 99%
c W  1.49 47 54 14 1368 45020 12634 41% 13 262896 4074 99%
c 2  1.63 47 53 14 1369 50005 16959 41% 13 262896 4073 99%
c p  1.68 47 53 14 1369 50005 19516 41% 13 262896 4054 99%
c -  1.73 49 55 15 1369 51053 13065 42% 13 261066 4054 99%
c O  1.85 49 63 15 1370 55022 16559 46% 13 261066 4054 99%
c -  1.92 49 60 16 1372 57857 14248 44% 13 261066 4054 99%
c ]  2.03 49 56 16 1375 63018 18596 43% 12 261066 4054 99%
c {  2.03 49 25 16 1375 63018 18596 26% 7 261066 4054 99%
c -  2.09 49 24 17 1533 65083 14861 26% 7 261066 4054 99%
c B  2.10 49 24 17 1585 66025 15612 25% 7 261066 4054 99%
c 
c  seconds  reductions      redundant  irredundant
c         MB     restarts          trail      variables
c          level      conflicts        glue        remaining
c 
c s  2.24 49 22 17 1930 72170 20057 24% 7 261066 4054 99%
c w  2.27 49 22 17 1930 72170 20032 24% 7 261066 4054 99%
c s  2.31 49 22 17 1930 72170 19951 24% 7 261066 4054 99%
c ^  2.31 49 22 17 1930 72170 19951 24% 7 261066 4054 99%
c -  2.34 49 22 18 2014 72733 16391 24% 7 261066 4054 99%
c 3  2.40 49 22 18 2271 75005 18320 24% 7 261066 4054 99%
c 2  2.42 49 22 18 2271 75005 18340 24% 7 261066 4054 99%
c p  2.46 49 22 18 2271 75005 21930 24% 7 261066 4039 99%
c W  2.58 49 21 18 2563 78026 23762 24% 7 259775 4039 99%
c -  2.67 49 21 19 2689 80808 18206 24% 7 259775 4039 99%
c -  2.87 49 20 20 3252 89295 19760 23% 7 259775 4039 99%
c #  2.92 49 19 20 3418 91027 21165 23% 7 259775 4039 99%
c -  3.10 49 19 21 4089 98207 21453 23% 7 259775 4039 99%
c p  3.32 49 19 21 4547 105005 29353 23% 7 259775 4036 99%
c B  3.33 49 19 21 4547 105031 29376 23% 7 259775 4036 99%
c -  3.42 34 19 22 4679 107543 23043 23% 7 259552 4036 99%
c -  3.73 34 18 23 5326 117301 24671 24% 7 259552 4036 99%
c W  3.87 34 18 23 5547 120032 26837 24% 7 259552 4036 99%
c s  3.90 43 18 23 5565 120243 26187 24% 7 259552 4036 99%
c w  3.93 43 18 23 5565 120243 26156 24% 7 259552 4036 99%
c 
c  seconds  reductions       redundant  irredundant
c         MB     restarts           trail      variables
c          level      conflicts         glue        remaining
c 
c s  3.98 43 18 23 5565 120243 26008 24% 7 259552 4036 99%
c ^  3.98 43 18 23 5565 120243 26008 24% 7 259552 4036 99%
c }  4.17 43 18 23 6216 127019 31343 24% 7 259552 4036 99%
c [  4.17 43 56 23 6216 127019 31343 43% 12 259552 4036 99%
c -  4.20 35 56 24 6217 127485 26175 43% 12 259552 4036 99%
c B  4.45 35 53 24 6221 136033 33622 44% 12 259552 4036 99%
c -  4.54 45 53 25 6223 138092 27496 44% 12 259552 4036 99%
c 2  4.65 45 53 25 6224 140006 29449 45% 12 259552 4036 99%
c p  4.70 45 53 25 6224 140006 33057 45% 12 259552 4024 98%
c -  5.05 46 51 26 6225 149123 27616 49% 12 258520 4024 98%
c W  5.29 46 50 26 6226 153034 30984 50% 12 258520 4024 98%
c -  5.53 45 48 27 6226 160565 28822 48% 12 258520 4024 98%
c I  5.89 45 49 27 6228 171038 37958 46% 12 258520 4024 98%
c -  5.96 46 49 28 6229 172429 30113 46% 12 258520 4024 98%
c p  6.28 46 47 28 6233 180006 40683 45% 12 258520 4023 98%
c s  6.34 47 46 28 6233 180313 40368 45% 12 258520 4023 98%
c w  6.38 47 46 28 6233 180313 40333 45% 12 258520 4023 98%
c e  6.41 47 46 28 6233 180313 35598 45% 12 258509 4015 98%
c s  6.45 47 46 28 6233 180313 35435 45% 12 258509 4015 98%
c e  6.46 47 46 28 6233 180313 35281 45% 12 258517 4014 98%
c 
c  seconds  reductions       redundant   irredundant
c         MB     restarts           trail       variables
c          level      conflicts         glue         remaining
c 
c -  6.59 38 45 29 6236 184717 28880 44% 12 258517 4014 98%
c B  6.76 38 45 29 6239 190040 33533 45% 12 258517 4014 98%
c -  6.96 48 45 30 6241 197429 29281 43% 12 258517 4014 98%
c W  7.46 48 44 30 6247 210041 39797 41% 13 258517 4014 98%
c -  7.49 56 43 31 6247 210565 30667 41% 13 258517 4014 98%
c -  7.92 56 42 32 6255 224124 32083 41% 13 258517 4014 98%
c 2  7.97 56 42 32 6255 225012 33144 41% 13 258517 4014 98%
c p  8.02 56 42 32 6255 225012 37793 41% 13 258517 4005 98%
c O  8.25 56 42 32 6256 231043 43114 42% 13 258517 4005 98%
c -  8.46 56 44 33 6257 238107 35186 43% 13 257699 4005 98%
c s  8.91 56 51 33 6257 252426 47043 41% 14 257684 4005 98%
c v  8.93 56 51 33 6257 252426 47043 41% 14 257632 4005 98%
c w  8.95 56 51 33 6257 252426 47001 41% 14 257632 4005 98%
c t  8.95 56 51 33 6257 252426 47001 41% 14 257577 4005 98%
c e  8.97 56 51 33 6257 252426 43001 41% 14 257606 3997 98%
c s  9.00 56 51 33 6257 252426 42821 41% 14 257576 3997 98%
c e  9.01 56 51 33 6257 252426 42143 41% 14 257588 3995 98%
c -  9.05 56 51 34 6257 252500 32302 41% 14 257588 3995 98%
c B  9.07 56 51 34 6257 253044 32765 41% 14 257588 3995 98%
c ]  9.13 56 51 34 6258 255019 34520 41% 14 257588 3995 98%
c 
c  seconds  reductions       redundant  irredundant
c         MB     restarts           trail      variables
c          level      conflicts         glue        remaining
c 
c {  9.13 56 18 34 6258 255019 34520 24% 7 257588 3995 98%
c -  9.48 56 18 35 7257 267314 33095 24% 7 257588 3995 98%
c 2  9.74 56 18 35 7860 275013 39384 24% 7 257588 3995 98%
c p  9.80 56 18 35 7860 275013 44303 24% 7 257588 3992 97%
c F  9.84 56 18 35 7914 276046 45120 24% 7 257588 3992 97%
c - 10.06 56 18 36 8500 282557 37394 24% 8 257356 3992 97%
c - 10.57 56 18 37 9837 298213 39770 25% 8 257356 3992 97%
c B 10.65 56 18 37 10003 300049 41138 25% 8 257356 3992 97%
c i 10.99 56 18 37 10668 311856 50454 25% 8 257356 3991 97%
c - 11.06 57 18 38 10752 314293 41865 25% 8 257289 3991 97%
c W 11.46 57 18 38 11426 325050 50479 25% 8 257289 3991 97%
c p 11.64 57 18 38 11561 330013 58644 25% 8 257289 3991 97%
c - 11.70 57 18 39 11638 330796 42528 25% 8 257289 3991 97%
c s 11.88 57 18 39 11982 336577 46339 25% 8 257246 3991 97%
c v 11.90 57 18 39 11982 336577 46339 25% 8 257138 3991 97%
c w 11.92 57 18 39 11982 336577 46283 25% 8 257138 3991 97%
c t 11.93 57 18 39 11982 336577 46283 25% 8 257107 3991 97%
c e 11.94 57 18 39 11982 336577 43857 25% 8 257126 3981 97%
c s 11.99 57 18 39 11982 336577 43638 25% 8 256983 3981 97%
c - 12.31 57 18 40 12670 347723 42440 25% 8 256981 3981 97%
c 
c  seconds  reductions        redundant  irredundant
c         MB      restarts           trail      variables
c          level       conflicts         glue        remaining
c 
c # 12.41 57 18 40 12964 351052 45128 25% 8 256981 3981 97%
c i 12.41 57 18 40 12965 351059 45130 25% 8 256981 3980 97%
c - 12.87 68 17 41 13827 365064 44726 25% 8 256864 3980 97%
c B 13.31 68 18 41 15042 378054 55016 26% 8 256864 3980 97%
c - 13.50 57 18 42 15412 382826 46290 26% 8 256864 3980 97%
c 2 13.79 57 18 42 15940 390014 52310 26% 8 256864 3980 97%
c p 13.85 57 18 42 15940 390014 58975 26% 8 256864 3977 97%
c - 14.30 69 18 43 16978 401014 50474 26% 8 256593 3977 97%
c W 14.71 69 18 43 17241 406059 54567 27% 8 256593 3977 97%
c - 15.05 58 18 44 17965 419621 51685 27% 8 256593 3977 97%
c s 15.45 58 18 44 18693 432776 60841 26% 8 256560 3977 97%
c v 15.47 58 18 44 18693 432776 60841 26% 8 256344 3977 97%
c w 15.50 58 18 44 18693 432776 60790 26% 8 256344 3977 97%
c t 15.51 58 18 44 18693 432776 60790 26% 8 256329 3977 97%
c e 15.52 58 18 44 18693 432776 60158 26% 8 256342 3974 97%
c s 15.58 58 18 44 18693 432776 59896 26% 8 256314 3974 97%
c F 15.67 58 18 44 18748 435061 61732 26% 8 256314 3974 97%
c - 15.81 69 18 45 18915 438645 51947 26% 8 256314 3974 97%
c 2 16.33 69 18 45 20147 455016 65562 27% 8 256314 3974 97%
c p 16.40 69 18 45 20147 455016 72385 27% 8 256314 3970 97%
c 
c  seconds  reductions        redundant  irredundant
c         MB      restarts           trail      variables
c          level       conflicts         glue        remaining
c 
c - 16.53 58 18 46 20265 458086 55330 27% 8 255953 3970 97%
c i 16.67 58 18 46 20491 462490 58858 27% 8 255953 3969 97%
c B 16.75 58 18 46 20598 465064 61020 27% 8 255953 3969 97%
c - 17.20 69 18 47 21510 477941 57047 27% 8 255843 3969 97%
c i 17.66 69 18 47 22575 492080 68296 27% 8 255843 3968 97%
c W 18.09 58 18 47 22889 496070 71518 27% 8 255709 3968 97%
c - 18.19 70 18 48 23112 498215 59530 27% 8 255709 3968 97%
c } 18.66 70 18 48 23888 511019 69442 28% 8 255709 3968 97%
c [ 18.66 70 51 48 23888 511019 69442 41% 14 255709 3968 97%
c - 18.96 58 51 49 23888 518909 61539 42% 14 255709 3968 97%
c p 19.30 58 50 49 23888 525016 73780 42% 14 255709 3966 97%
c W 19.76 73 50 49 23888 528072 76306 43% 14 255557 3966 97%
c - 20.22 58 49 50 23888 540028 64881 46% 14 255557 3966 97%
c s 20.33 60 49 50 23888 540979 64825 46% 14 255546 3966 97%
c v 20.35 60 49 50 23888 540979 64825 46% 14 255456 3966 97%
c w 20.38 60 49 50 23888 540979 64780 46% 14 255456 3966 97%
c t 20.39 60 49 50 23888 540979 64780 46% 14 255375 3966 97%
c e 20.41 60 49 50 23888 540979 63926 46% 14 255387 3963 97%
c s 20.48 60 49 50 23888 540979 63711 46% 14 255342 3963 97%
c I 21.22 60 51 50 23900 561073 81208 45% 14 255342 3963 97%
c 
c  seconds  reductions        redundant   irredundant
c         MB      restarts           trail       variables
c          level       conflicts         glue         remaining
c 
c - 21.27 66 52 51 23900 561563 64440 45% 14 255342 3963 97%
c - 22.16 81 61 52 23909 583514 65280 46% 15 255342 3963 97%
c B 22.61 81 65 52 23915 595074 75598 47% 15 255342 3963 97%
c 3 22.82 81 65 52 23917 600016 80482 47% 15 255342 3963 97%
c 2 22.84 81 65 52 23917 600016 80542 47% 15 255342 3963 97%
c p 22.91 81 65 52 23917 600016 86944 47% 15 255342 3963 97%
c - 23.20 81 67 53 23918 605892 68574 47% 15 255342 3963 97%
c - 24.61 81 69 54 23921 628689 70129 45% 15 255342 3963 97%
c W 25.13 81 68 54 23922 630076 71337 45% 15 255342 3963 97%
c - 26.22 54 68 55 23933 651907 71396 45% 15 255342 3963 97%
c s 26.81 66 67 55 23935 661174 79158 45% 15 255330 3963 97%
c v 26.85 66 67 55 23935 661174 79158 45% 15 255252 3963 97%
c w 26.89 66 67 55 23935 661174 79099 45% 15 255252 3963 97%
c t 26.91 66 67 55 23935 661174 79099 45% 15 255224 3963 97%
c s 27.04 66 67 55 23935 661174 78917 45% 15 255224 3963 97%
c O 27.34 66 66 55 23939 666077 83175 45% 15 255224 3963 97%
c - 27.90 66 64 56 23944 675549 75250 45% 14 255224 3963 97%
c 2 28.18 66 63 56 23947 680017 79878 45% 14 255224 3963 97%
c p 28.26 66 63 56 23947 680017 87222 45% 14 255224 3963 97%
c - 29.38 66 59 57 23950 699608 78510 46% 14 255224 3963 97%
c 
c  seconds  reductions        redundant   irredundant
c         MB      restarts           trail       variables
c          level       conflicts         glue         remaining
c 
c B 29.59 66 59 57 23950 703078 81573 46% 14 255224 3963 97%
c - 30.87 67 55 58 23951 724088 80177 46% 13 255224 3963 97%
c W 32.50 67 52 58 23951 741082 95212 45% 13 255224 3963 97%
c - 33.08 67 52 59 23952 748991 82251 45% 13 255224 3963 97%
c p 34.38 67 49 59 23952 765017 102509 44% 13 255224 3963 97%
c - 35.17 57 48 60 23952 774316 84864 44% 13 255224 3963 97%
c I 35.55 57 47 60 23952 780087 89867 44% 13 255224 3963 97%
c s 36.46 67 51 60 23952 793373 100999 45% 13 255224 3963 97%
c v 36.50 67 51 60 23952 793373 100999 45% 13 255219 3963 97%
c w 36.55 67 51 60 23952 793373 100935 45% 13 255219 3963 97%
c t 36.57 67 51 60 23952 793373 100935 45% 13 255216 3963 97%
c s 36.75 67 51 60 23952 793373 100700 45% 13 255216 3963 97%
c - 37.25 87 52 61 23952 800063 87988 45% 13 255216 3963 97%
c B 38.56 87 58 61 23958 820088 105660 49% 13 255216 3963 97%
c - 38.98 67 58 62 23961 826231 87415 49% 13 255216 3963 97%
c - 40.96 87 58 63 23973 852824 88319 47% 14 255216 3963 97%
c 2 41.15 87 58 63 23974 855022 90788 47% 14 255216 3963 97%
c p 41.30 87 58 63 23974 855022 98164 47% 14 255216 3962 97%
c W 42.35 90 57 63 23977 861091 103454 47% 14 255131 3962 97%
c - 43.43 77 54 64 23983 879836 92613 47% 14 255131 3962 97%
c 
c  seconds  reductions        redundant    irredundant
c         MB      restarts            trail       variables
c          level       conflicts          glue         remaining
c 
c O 44.86 77 54 64 23989 903094 113112 46% 14 255131 3962 97%
c - 45.15 80 53 65 23990 907268 93053 46% 14 255131 3962 97%
c - 46.96 80 54 66 24002 935121 93585 45% 14 255131 3962 97%
c s 47.31 80 54 66 24004 937590 94986 45% 14 255131 3962 97%
c v 47.35 80 54 66 24004 937590 94986 45% 14 255131 3962 97%
c w 47.41 80 54 66 24004 937590 94909 45% 14 255131 3962 97%
c t 47.43 80 54 66 24004 937590 94909 45% 14 255069 3962 97%
c e 47.44 80 54 66 24004 937590 94702 45% 14 255077 3961 97%
c s 47.65 80 54 66 24004 937590 94487 45% 14 255058 3961 97%
c B 48.18 80 54 66 24008 946099 101887 45% 14 255058 3961 97%
c 2 48.49 80 55 66 24011 950024 105857 45% 14 255058 3961 97%
c p 48.62 80 55 66 24011 950024 112384 45% 14 255058 3961 97%
c - 49.63 97 56 67 24013 963396 99189 47% 14 255058 3961 97%
c W 52.26 97 57 67 24015 990101 122729 49% 14 255058 3961 97%
c - 52.49 119 57 68 24015 992096 99742 48% 14 255058 3961 97%
c - 54.62 119 63 69 24021 1021213 101567 48% 15 255058 3961 97%
c ] 54.76 119 62 69 24022 1023019 103161 48% 15 255058 3961 97%
c { 54.76 119 18 69 24022 1023019 103161 28% 8 255058 3961 97%
c # 55.62 119 18 69 25280 1035102 112481 28% 8 255058 3961 97%
c p 56.90 119 19 69 26877 1050029 131564 28% 8 255058 3961 97%
c 
c  seconds   reductions         redundant   irredundant
c          MB      restarts             trail      variables
c           level        conflicts          glue        remaining
c 
c - 57.03 119 19 70 26987 1050753 100538 28% 8 255058 3961 97%
c - 59.05 119 19 71 29427 1080715 103900 29% 8 255058 3961 97%
c B 59.08 119 19 71 29455 1081104 104203 29% 8 255058 3961 97%
c s 60.09 119 19 71 30317 1093820 113610 29% 9 255054 3961 97%
c v 60.12 119 19 71 30317 1093820 113610 29% 9 255026 3961 97%
c w 60.18 119 19 71 30317 1093820 113544 29% 9 255026 3961 97%
c t 60.19 119 19 71 30317 1093820 113544 29% 9 254917 3961 97%
c s 60.41 119 19 71 30317 1093820 113275 29% 9 254917 3961 97%
c - 61.41 119 19 72 31575 1111099 107610 29% 9 254917 3961 97%
c W 63.04 119 19 72 32865 1128106 120718 30% 9 254917 3961 97%
c - 63.88 119 19 73 33894 1141899 109552 30% 9 254917 3961 97%
c 2 64.57 119 19 73 34748 1155029 120222 30% 9 254917 3961 97%
c p 64.72 119 19 73 34748 1155029 128181 30% 9 254917 3960 97%
c - 65.84 119 19 74 36046 1173124 115462 31% 9 254822 3960 97%
c F 66.00 119 19 74 36296 1176108 117878 31% 9 254822 3960 97%
c - 67.69 119 19 75 38416 1204766 117621 31% 9 254822 3960 97%
c B 68.81 119 19 75 39611 1225112 133813 31% 9 254822 3960 97%
c - 69.59 119 19 76 40502 1236828 119632 31% 9 254822 3960 97%
c s 71.26 119 19 76 42234 1262051 137908 32% 9 254822 3960 97%
c v 71.30 119 19 76 42234 1262051 137908 32% 9 254821 3960 97%
c 
c  seconds   reductions         redundant   irredundant
c          MB      restarts             trail      variables
c           level        conflicts          glue        remaining
c 
c w 71.38 119 19 76 42234 1262051 137810 32% 9 254821 3960 97%
c t 71.39 119 19 76 42234 1262051 137810 32% 9 254820 3960 97%
c s 71.66 119 19 76 42234 1262051 137380 32% 9 254820 3960 97%
c 2 71.90 119 20 76 42448 1265029 139897 32% 9 254820 3960 97%
c p 72.01 119 20 76 42448 1265029 146503 32% 9 254820 3960 97%
c - 72.35 119 20 77 42693 1269313 122573 32% 9 254820 3960 97%
c W 73.49 119 20 77 42998 1275113 127023 32% 9 254820 3960 97%
c - 75.13 119 20 78 44773 1302219 123903 32% 9 254820 3960 97%
c # 76.48 119 20 78 46414 1326116 143156 32% 9 254820 3960 97%
c - 77.05 119 20 79 46922 1335546 126710 32% 9 254820 3960 97%
c - 79.03 119 20 80 49037 1369295 128965 33% 9 254820 3960 97%
c B 79.57 119 20 80 49555 1378122 135922 33% 9 254820 3960 97%
c p 79.90 119 20 80 49653 1380029 145143 33% 9 254820 3959 97%
c - 81.39 119 20 81 50745 1403468 134618 33% 9 254725 3959 97%
c W 83.95 119 20 81 52434 1431124 156005 33% 9 254725 3959 97%
c - 84.42 123 20 82 52826 1438058 135807 33% 9 254725 3959 97%
c s 84.95 123 20 82 53052 1442287 137651 33% 9 254725 3959 97%
c v 84.98 123 20 82 53052 1442287 137651 33% 9 254722 3959 97%
c w 85.06 123 20 82 53052 1442287 137558 33% 9 254722 3959 97%
c t 85.07 123 20 82 53052 1442287 137558 33% 9 254653 3959 97%
c 
c  seconds   reductions         redundant   irredundant
c          MB      restarts             trail      variables
c           level        conflicts          glue        remaining
c 
c e 85.09 123 20 82 53052 1442287 137326 33% 9 254661 3958 97%
c s 85.36 123 20 82 53052 1442287 136864 33% 9 254661 3958 97%
c - 87.35 123 20 83 55069 1473071 137699 33% 9 254661 3958 97%
c F 88.18 123 21 83 55707 1485133 147581 33% 9 254661 3958 97%
c 2 89.19 123 21 83 56629 1500031 160059 34% 9 254661 3958 97%
c p 89.30 123 21 83 56629 1500031 166787 34% 9 254661 3958 97%
c - 89.95 123 21 84 57201 1508502 142104 34% 9 254661 3958 97%
c B 92.05 123 21 84 59006 1540136 166984 34% 9 254661 3958 97%
c - 92.40 81 21 85 59271 1544363 143912 34% 9 254661 3958 97%
c - 94.77 81 21 86 61644 1580636 146206 33% 9 254661 3958 97%
c W 96.87 81 21 86 62637 1596137 158722 33% 9 254661 3958 97%
c - 98.36 82 21 87 63971 1617332 149082 34% 9 254661 3958 97%
c p 99.10 82 21 87 64411 1625031 163662 34% 9 254661 3956 97%
c s 100.09 87 21 87 65033 1634534 169620 34% 9 254660 3956 97%
c v 100.13 87 21 87 65033 1634534 169620 34% 9 254631 3956 97%
c w 100.23 87 21 87 65033 1634534 169507 34% 9 254631 3956 97%
c t 100.25 87 21 87 65033 1634534 169506 34% 9 254559 3956 97%
c s 100.65 87 21 87 65033 1634534 168976 34% 9 254380 3956 97%
c # 101.95 87 21 87 66121 1653138 183787 34% 9 254380 3956 97%
c - 102.11 88 21 88 66188 1654450 154475 34% 9 254380 3956 97%
c 
c  seconds   reductions         redundant   irredundant
c          MB      restarts             trail      variables
c           level        conflicts          glue        remaining
c 
c - 104.92 88 21 89 68568 1691978 156271 34% 9 254380 3956 97%
c B 106.26 88 21 89 69637 1711154 171358 34% 10 254380 3956 97%
c i 106.50 88 21 89 69819 1714658 174033 34% 10 254380 3955 97%
c - 107.69 82 21 90 70633 1729926 157710 34% 9 254253 3955 97%
c 2 109.49 82 21 90 72042 1755036 177645 34% 9 254253 3955 97%
c p 109.74 82 21 90 72042 1755036 184672 34% 9 254253 3954 97%
c - 110.86 108 21 91 72855 1768290 162069 34% 9 254168 3954 97%
c W 112.17 108 21 91 72934 1770155 163531 34% 9 254168 3954 97%
c - 115.10 108 21 92 75288 1807073 164826 34% 10 254168 3954 97%
c F 116.94 108 21 92 76597 1830156 183212 35% 10 254168 3954 97%
c s 118.21 108 21 92 76995 1838771 187937 35% 9 254168 3954 97%
c v 118.26 108 21 92 76995 1838771 187937 35% 9 254166 3954 97%
c w 118.40 108 21 92 76995 1838771 187854 35% 9 254166 3954 97%
c t 118.42 108 21 92 76995 1838771 187854 35% 9 254163 3954 97%
c e 118.44 108 21 92 76995 1838771 187425 35% 9 254171 3953 97%
c s 118.99 108 21 92 76995 1838771 186913 35% 9 254171 3953 97%
c - 119.84 108 21 93 77362 1846276 165947 35% 9 254171 3953 97%
c - 123.95 109 21 94 80138 1885900 168595 34% 10 254171 3953 97%
c p 124.65 109 21 94 80340 1890036 180476 34% 10 254171 3944 96%
c B 124.75 109 21 94 80356 1891159 181386 35% 10 254171 3944 96%
c 
c  seconds    reductions         redundant    irredundant
c           MB      restarts             trail       variables
c            level        conflicts          glue         remaining
c 
c - 128.13 110 21 95 82396 1925946 175260 35% 10 253313 3944 96%
c W 132.48 110 21 95 84094 1953161 196833 35% 10 253313 3944 96%
c - 133.96 111 22 96 84815 1966371 177687 36% 10 253313 3944 96%
c - 138.06 111 22 97 87532 2007219 180324 36% 10 253313 3944 96%
c # 138.91 111 22 97 87984 2016162 187153 35% 10 253313 3944 96%
c p 140.69 111 22 97 88766 2030039 204923 35% 10 253313 3943 96%
c } 142.42 111 22 97 89657 2047024 218383 35% 10 253313 3943 96%
c [ 142.42 111 62 97 89657 2047024 218383 48% 15 253313 3943 96%
c - 142.65 111 62 98 89657 2048486 184516 48% 15 253219 3943 96%
c s 143.83 111 63 98 89661 2055015 188353 48% 15 253218 3943 96%
c v 143.87 111 63 98 89661 2055015 188353 48% 15 253194 3943 96%
c w 144.02 111 63 98 89661 2055015 188215 48% 15 253194 3943 96%
c s 144.68 111 63 98 89661 2055015 187593 48% 15 253194 3943 96%
c I 147.09 111 64 98 89672 2080166 209811 49% 16 253194 3943 96%
c - 148.13 118 64 99 89677 2090170 188093 50% 16 253194 3943 96%
c - 152.59 118 61 100 89688 2132278 187313 50% 16 253194 3943 96%
c B 153.95 118 59 100 89695 2145167 198564 49% 16 253194 3943 96%
c - 156.95 119 61 101 89709 2174803 189775 49% 16 253194 3943 96%
c 3 157.01 119 61 101 89709 2175039 190366 49% 16 253194 3943 96%
c 2 157.05 119 61 101 89709 2175039 190364 49% 16 253194 3943 96%
c 
c  seconds     reductions         redundant    irredundant
c           MB       restarts             trail       variables
c            level         conflicts          glue         remaining
c 
c p 157.41 119 61 101 89709 2175039 200142 49% 16 253194 3938 96%
c W 163.08 132 61 101 89713 2211168 231540 48% 16 252718 3938 96%
c - 163.92 118 61 102 89713 2217751 196551 49% 16 252718 3938 96%
c - 167.95 120 64 103 89714 2261093 197491 49% 17 252718 3938 96%
c O 169.63 120 67 103 89714 2278170 212740 48% 17 252718 3938 96%
c s 170.75 120 65 103 89714 2283199 216119 48% 17 252718 3938 96%
c v 170.78 120 65 103 89714 2283199 216119 48% 17 252718 3938 96%
c w 170.94 120 65 103 89714 2283199 216010 48% 17 252718 3938 96%
c s 171.62 120 65 103 89714 2283199 215449 48% 17 252718 3938 96%
c - 174.11 122 61 104 89714 2304858 200689 49% 16 252718 3938 96%
c 2 176.41 122 61 104 89715 2325042 218762 48% 17 252718 3938 96%
c p 176.68 122 61 104 89715 2325042 227699 48% 17 252718 3938 96%
c B 179.76 122 58 104 89715 2346171 245985 48% 17 252718 3938 96%
c - 180.28 122 57 105 89715 2349043 203819 48% 17 252718 3938 96%
c - 185.95 125 62 106 89715 2393647 207540 51% 16 252718 3938 96%
c W 190.81 125 65 106 89715 2415172 226952 53% 16 252718 3938 96%
c - 193.91 124 64 107 89715 2438674 209291 52% 16 252718 3938 96%
c p 197.84 124 60 107 89735 2480044 254777 48% 17 252718 3938 96%
c - 198.37 120 61 108 89737 2484120 211571 48% 17 252718 3938 96%
c I 198.49 120 60 108 89737 2485175 212513 48% 17 252718 3938 96%
c 
c  seconds     reductions         redundant    irredundant
c           MB       restarts             trail       variables
c            level         conflicts          glue         remaining
c 
c s 203.08 120 57 108 89746 2523359 245127 47% 17 252718 3938 96%
c v 203.14 120 57 108 89746 2523359 245127 47% 17 252717 3938 96%
c w 203.35 120 57 108 89746 2523359 245000 47% 17 252717 3938 96%
c t 203.36 120 57 108 89746 2523359 244813 47% 17 252704 3938 96%
c e 203.38 120 57 108 89746 2523359 244178 47% 17 252712 3937 96%
c s 204.34 120 57 108 89746 2523359 243684 47% 17 252702 3937 96%
c - 205.38 124 59 109 89750 2529986 213018 47% 17 252702 3937 96%
c B 208.61 124 59 109 89761 2556178 235951 47% 18 252702 3937 96%
c - 211.27 124 63 110 89773 2576276 213139 47% 18 252702 3937 96%
c - 217.47 125 59 111 89778 2622982 216485 49% 18 252702 3937 96%
c W 220.37 125 58 111 89778 2628179 221112 50% 17 252702 3937 96%
c i 221.15 125 59 111 89778 2634406 226651 49% 17 252702 3936 96%
c p 222.40 125 59 111 89778 2640046 243680 49% 17 252702 3933 96%
c - 226.70 126 55 112 89793 2670110 224008 48% 16 252286 3933 96%
c O 230.92 126 50 112 89808 2701180 250605 46% 16 252286 3933 96%
c - 233.17 126 53 113 89809 2717635 227621 47% 16 252286 3933 96%
c - 239.26 128 65 114 89829 2765579 230049 49% 17 252286 3933 96%
c B 240.59 128 65 114 89834 2775182 238465 48% 17 252286 3933 96%
c s 241.66 129 65 114 89834 2775536 237589 48% 17 252281 3933 96%
c v 241.71 129 65 114 89834 2775536 237589 48% 17 252256 3933 96%
c 
c  seconds     reductions         redundant    irredundant
c           MB       restarts             trail       variables
c            level         conflicts          glue         remaining
c 
c w 241.94 129 65 114 89834 2775536 237420 48% 17 252256 3933 96%
c t 241.94 129 65 114 89834 2775536 237419 48% 17 252255 3933 96%
c e 241.97 129 65 114 89834 2775536 236210 48% 17 252261 3932 96%
c s 243.08 129 65 114 89834 2775536 235593 48% 17 252261 3932 96%
c p 247.45 125 60 114 89840 2805046 270629 45% 17 252261 3930 96%
c - 249.21 118 58 115 89841 2813946 230734 44% 18 252055 3930 96%
c W 256.70 118 57 115 89842 2850183 263347 49% 17 252055 3930 96%
c - 258.79 127 56 116 89842 2862721 229812 50% 17 252055 3930 96%
c - 266.57 129 55 117 89844 2911914 235213 54% 16 252055 3930 96%
c I 268.54 129 56 117 89852 2926184 248019 54% 16 252055 3930 96%
c - 273.40 126 55 118 89868 2961526 239929 52% 16 252055 3930 96%
c p 275.84 126 55 118 89872 2975047 262976 52% 16 252055 3930 96%
c B 280.28 126 58 118 89880 3003189 288117 53% 16 252055 3930 96%
c - 281.65 132 57 119 89884 3011561 246333 53% 16 252055 3930 96%
c s 286.62 142 53 119 89895 3039696 269282 52% 15 252054 3930 96%
c v 286.68 142 53 119 89895 3039696 269282 52% 15 252034 3930 96%
c w 286.95 142 53 119 89895 3039696 269111 52% 15 252034 3930 96%
c s 288.35 142 53 119 89895 3039696 268475 52% 15 252034 3930 96%
c - 291.81 138 52 120 89904 3062015 247878 51% 15 252034 3930 96%
c W 297.23 138 57 120 89905 3081192 264928 50% 16 252034 3930 96%
c 
c  seconds     reductions         redundant    irredundant
c           MB       restarts             trail       variables
c            level         conflicts          glue         remaining
c 
c - 301.83 142 55 121 89907 3112887 247120 52% 16 252034 3930 96%
c p 307.63 142 61 121 89924 3150047 290682 53% 16 252034 3930 96%
c O 309.13 142 61 121 89930 3160193 299768 52% 16 252034 3930 96%
c - 309.81 141 60 122 89933 3164182 252882 52% 16 252034 3930 96%
c - 317.65 139 57 123 89949 3215896 253059 49% 17 252034 3930 96%
c B 320.90 139 60 123 89958 3240195 274571 49% 16 252034 3930 96%
c - 325.26 143 59 124 89967 3268031 257333 50% 16 252034 3930 96%
c - 333.89 148 70 125 89969 3320585 261376 51% 18 252034 3930 96%
c W 336.91 148 70 125 89969 3321196 261921 51% 18 252034 3930 96%
c p 338.52 148 67 125 89969 3330049 280152 52% 18 252034 3930 96%
c s 339.96 153 67 125 89969 3330049 278440 52% 18 252034 3930 96%
c v 340.01 153 67 125 89969 3330049 278440 52% 18 252032 3930 96%
c w 340.30 153 67 125 89969 3330049 278299 52% 18 252032 3930 96%
c t 340.30 153 67 125 89969 3330049 278298 52% 18 252032 3930 96%
c e 340.33 153 67 125 89969 3330049 277902 52% 18 252038 3929 96%
c s 341.92 153 67 125 89969 3330049 277123 52% 18 252026 3929 96%
c - 348.82 151 65 126 89969 3373565 268073 55% 16 252025 3929 96%
c I 353.44 151 63 126 89970 3403203 294346 54% 17 252025 3929 96%
c - 357.86 151 92 127 89970 3426969 268151 50% 24 252025 3929 96%
c - 368.02 153 122 128 89970 3480787 270670 46% 33 252025 3929 96%
c 
c  seconds      reductions         redundant    irredundant
c           MB        restarts             trail       variables
c             level         conflicts          glue         remaining
c 
c B 369.06 153 123 128 89970 3486204 275477 46% 33 252025 3929 96%
c p 374.08 153 114 128 89971 3515051 312856 49% 29 252025 3928 96%
c - 378.19 155 103 129 89971 3535022 273673 51% 27 251914 3928 96%
c W 387.19 155 88 129 89971 3570208 305426 54% 23 251914 3928 96%
c - 390.90 155 80 130 89971 3589674 276757 55% 21 251914 3928 96%
c s 397.69 167 72 130 89971 3618208 301506 56% 19 251908 3928 96%
c v 397.76 167 72 130 89971 3618208 301506 56% 19 251888 3928 96%
c w 398.09 167 72 130 89971 3618208 301340 56% 19 251888 3928 96%
c t 398.09 167 72 130 89971 3618208 301336 56% 19 251888 3928 96%
c s 399.70 167 72 130 89971 3618208 300654 56% 19 251888 3928 96%
c - 405.20 169 72 131 89971 3644743 284016 54% 20 251888 3928 96%
c O 407.22 169 70 131 89971 3655211 293437 54% 19 251888 3928 96%
c - 415.72 166 61 132 89971 3700231 282323 54% 17 251888 3928 96%
c p 416.99 166 61 132 89971 3705051 298371 54% 17 251888 3928 96%
c B 423.59 166 61 132 89971 3741212 331219 56% 17 251888 3928 96%
c - 426.81 172 62 133 89971 3756139 290905 55% 17 251888 3928 96%
c - 438.32 169 56 134 89986 3812467 292858 53% 16 251888 3928 96%
c W 444.33 169 54 134 89994 3828219 306847 52% 16 251888 3928 96%
c - 451.88 166 55 135 90005 3869215 294928 52% 17 251888 3928 96%
c p 458.72 166 61 135 90019 3900051 331820 50% 18 251888 3928 96%
c 
c  seconds     reductions         redundant    irredundant
c           MB       restarts             trail       variables
c            level         conflicts          glue         remaining
c 
c I 462.33 166 64 135 90028 3916220 346243 50% 19 251888 3928 96%
c s 463.13 172 63 135 90030 3918355 348131 50% 19 251888 3928 96%
c v 463.20 172 63 135 90030 3918355 348131 50% 19 251888 3928 96%
c w 463.60 172 63 135 90030 3918355 347940 50% 19 251888 3928 96%
c t 463.61 172 63 135 90030 3918355 347938 50% 19 251888 3928 96%
c s 465.26 172 63 135 90030 3918355 346807 50% 19 251888 3928 96%
c - 467.02 173 61 136 90032 3926387 303631 49% 19 251888 3928 96%
c - 478.45 175 57 137 90036 3983976 299499 49% 17 251888 3928 96%
c B 483.55 175 55 137 90048 4005223 317893 48% 17 251888 3928 96%
c - 491.20 173 56 138 90064 4041986 303824 47% 18 251888 3928 96%
c ] 501.47 173 53 138 90080 4095030 351276 49% 17 251888 3928 96%
c { 501.47 173 22 138 90080 4095030 351276 35% 10 251888 3928 96%
c B 501.53 173 22 138 90089 4095225 351443 35% 10 251888 3928 96%
c p 503.69 173 22 138 90618 4100053 366282 35% 10 251888 3924 96%
c - 504.06 176 22 139 90679 4100420 307653 35% 10 251483 3924 96%
c i 509.77 176 22 139 92869 4126202 327521 35% 10 251483 3923 96%
c - 518.21 166 23 140 96086 4159244 305617 35% 11 251417 3923 96%
c W 526.91 166 23 140 98301 4186228 327044 36% 11 251417 3923 96%
c - 533.90 167 23 141 100254 4218481 310723 36% 11 251417 3923 96%
c s 537.12 167 23 141 101264 4230503 320400 36% 11 251417 3923 96%
c 
c  seconds     reductions          redundant    irredundant
c           MB       restarts              trail       variables
c            level          conflicts          glue         remaining
c 
c v 537.18 167 23 141 101264 4230503 320400 36% 11 251413 3923 96%
c w 537.60 167 23 141 101264 4230503 320197 36% 11 251413 3923 96%
c s 539.19 167 23 141 101264 4230503 318625 36% 11 251413 3923 96%
c - 550.15 169 24 142 104551 4278139 318050 37% 11 251413 3923 96%
c F 550.18 169 24 142 104552 4278232 318114 37% 11 251413 3923 96%
c p 555.77 169 24 142 106534 4305056 350361 37% 11 251413 3922 96%
c - 563.52 169 24 143 108891 4338220 325707 37% 11 251305 3922 96%
c B 570.80 169 25 143 110891 4371233 352428 38% 11 251305 3922 96%
c - 577.47 170 24 144 112715 4398708 328202 37% 12 251305 3922 96%
c - 591.12 172 25 145 116376 4459618 332827 38% 12 251305 3922 96%
c W 595.49 172 25 145 116752 4465235 337358 38% 12 251305 3922 96%
c p 608.04 172 25 145 119751 4515058 385985 39% 12 251305 3919 96%
c - 609.59 173 25 146 120000 4520947 337494 39% 12 250938 3919 96%
c s 617.82 173 25 146 121990 4554612 364563 39% 12 250938 3919 96%
c v 617.88 173 25 146 121990 4554612 364563 39% 12 250938 3919 96%
c w 618.34 173 25 146 121990 4554612 364311 39% 12 250938 3919 96%
c t 618.34 173 25 146 121990 4554612 364310 39% 12 250938 3919 96%
c s 619.81 173 25 146 121990 4554612 361663 39% 12 250938 3919 96%
c # 621.23 173 25 146 122323 4560236 366356 39% 12 250938 3919 96%
c - 626.65 175 26 147 123740 4582671 343195 39% 12 250938 3919 96%
c 
c  seconds     reductions          redundant    irredundant
c           MB       restarts              trail       variables
c            level          conflicts          glue         remaining
c 
c - 641.50 174 25 148 127113 4644821 345253 40% 12 250938 3919 96%
c B 644.23 174 25 148 127835 4656238 354540 40% 12 250938 3919 96%
c - 656.35 174 25 149 130639 4707381 348603 39% 12 250938 3919 96%
c 2 661.66 174 24 149 131945 4730059 366946 39% 12 250938 3919 96%
c p 662.44 174 24 149 131945 4730059 376033 39% 12 250938 3916 96%
c W 671.08 188 24 149 133258 4753239 394130 39% 12 250623 3916 96%
c - 675.55 174 24 150 134344 4770361 356592 39% 12 250623 3916 96%
c i 688.25 174 24 150 137669 4823832 399723 39% 12 250623 3915 96%
c - 690.90 177 25 151 138316 4833739 360565 39% 12 250522 3915 96%
c F 695.09 177 25 151 139426 4851244 374949 39% 12 250522 3915 96%
c s 705.47 181 25 151 141256 4890652 406779 40% 12 250522 3915 96%
c v 705.55 181 25 151 141256 4890652 406779 40% 12 250520 3915 96%
c w 706.06 181 25 151 141256 4890652 406443 40% 12 250520 3915 96%
c s 707.54 181 25 151 141256 4890652 403843 40% 12 250520 3915 96%
c - 709.48 181 25 152 141625 4897529 365803 40% 12 250520 3915 96%
c 2 722.84 181 25 152 144726 4950062 408441 40% 12 250520 3915 96%
c p 723.35 181 25 152 144726 4950062 415555 40% 12 250520 3915 96%
c B 723.46 181 25 152 144743 4950249 415696 40% 12 250520 3915 96%
c - 726.56 181 24 153 145394 4961738 368671 40% 12 250520 3915 96%
c - 742.96 182 24 154 149009 5026367 372805 39% 12 250520 3915 96%
c 
c  seconds     reductions          redundant    irredundant
c           MB       restarts              trail       variables
c            level          conflicts          glue         remaining
c 
c W 751.87 182 25 154 150677 5050254 391919 39% 12 250520 3915 96%
c - 762.75 183 25 155 153021 5091414 377551 40% 12 250520 3915 96%
c # 779.49 183 25 155 156737 5151255 425988 40% 12 250520 3915 96%
c - 781.47 185 25 156 157111 5156887 382396 40% 12 250520 3915 96%
c p 787.01 185 25 156 157885 5175064 405541 40% 12 250520 3912 96%
c - 797.73 186 25 157 160665 5222774 390927 40% 12 250142 3912 96%
c s 802.33 191 25 157 161623 5238640 403792 40% 12 250142 3912 96%
c v 802.38 191 25 157 161623 5238640 403792 40% 12 250138 3912 96%
c w 802.87 191 25 157 161623 5238640 403418 40% 12 250138 3912 96%
c t 802.88 191 25 157 161623 5238640 403415 40% 12 250138 3912 96%
c s 803.99 191 25 157 161623 5238640 400256 40% 12 250138 3912 96%
c B 807.25 191 25 157 162562 5253256 412118 40% 12 250138 3912 96%
c - 816.20 193 25 158 164419 5289051 396307 40% 12 250138 3912 96%
c - 835.79 192 25 159 168236 5355750 397663 40% 12 250138 3912 96%
c W 838.46 192 25 159 168240 5356260 398068 40% 12 250138 3912 96%
c 2 849.43 192 25 159 171117 5405064 437422 39% 12 250138 3912 96%
c p 850.18 192 25 159 171117 5405064 445453 39% 12 250138 3905 95%
c - 854.47 193 24 160 172025 5422863 402571 39% 12 249407 3905 95%
c F 864.69 193 24 160 174347 5460261 432832 39% 12 249407 3905 95%
c - 873.61 194 25 161 176328 5490336 407422 39% 12 249407 3905 95%
c 
c  seconds     reductions          redundant    irredundant
c           MB       restarts              trail       variables
c            level          conflicts          glue         remaining
c 
c - 892.43 194 25 162 180376 5558232 411691 40% 12 249407 3905 95%
c B 894.43 194 25 162 180860 5565262 417358 40% 12 249407 3905 95%
c s 905.48 198 25 162 182571 5598562 444319 40% 12 249407 3905 95%
c v 905.55 198 25 162 182571 5598562 444319 40% 12 249402 3905 95%
c w 906.25 198 25 162 182571 5598562 443901 40% 12 249402 3905 95%
c t 906.26 198 25 162 182571 5598562 443898 40% 12 249402 3905 95%
c s 907.78 198 25 162 182571 5598562 440662 40% 12 249401 3905 95%
c - 916.49 200 25 163 184133 5626541 417132 40% 12 249401 3905 95%
c 2 920.45 200 25 163 184968 5640064 428432 40% 12 249401 3905 95%
c p 921.40 200 25 163 184968 5640064 436969 40% 12 249401 3902 95%
c W 933.42 216 25 163 186934 5671265 462379 41% 12 249071 3902 95%
c - 940.64 202 25 164 188309 5695269 424672 41% 12 249071 3902 95%
c - 958.97 202 25 165 192487 5764387 427477 40% 12 249071 3902 95%
c # 963.00 202 25 165 193365 5778268 438765 41% 12 249071 3902 95%
c - 979.69 203 25 166 196808 5833923 431918 41% 12 249071 3902 95%
c p 994.51 203 26 166 199585 5880066 476758 41% 12 249071 3898 95%
c B 996.36 203 26 166 199934 5886269 481541 41% 12 249071 3898 95%
c - 1001.94 204 26 167 200724 5903880 438393 41% 12 248661 3898 95%
c s 1024.13 207 25 167 204304 5970382 491202 40% 12 248661 3898 95%
c v 1024.21 207 25 167 204304 5970382 491202 40% 12 248656 3898 95%
c 
c   seconds     reductions          redundant    irredundant
c            MB       restarts              trail       variables
c             level          conflicts          glue         remaining
c 
c w 1024.93 207 25 167 204304 5970382 490766 40% 12 248656 3898 95%
c t 1024.94 207 25 167 204304 5970382 490762 40% 12 248656 3898 95%
c s 1025.39 207 25 167 204304 5970382 490749 40% 12 248656 3898 95%
c ^ 1025.42 207 25 167 204304 5970382 490749 40% 12 248656 3898 95%
c - 1026.87 207 25 168 204587 5974219 441037 40% 12 248656 3898 95%
c W 1036.37 207 25 168 205787 5995271 458042 40% 12 248656 3898 95%
c - 1052.67 208 24 169 208649 6044978 446129 40% 12 248656 3898 95%
c i 1053.66 208 24 169 208870 6048164 448642 40% 12 248656 3897 95%
c F 1071.90 208 25 169 212278 6105272 495535 41% 12 248656 3897 95%
c - 1075.65 210 25 170 212954 6116153 452267 41% 12 248589 3897 95%
c p 1079.76 210 25 170 213577 6125073 468056 41% 12 248589 3894 95%
c - 1100.33 210 25 171 217119 6187745 460657 40% 12 248274 3894 95%
c B 1109.12 210 25 171 218966 6216279 483586 41% 12 248274 3894 95%
c - 1123.58 211 25 172 221700 6259727 464784 40% 12 248274 3894 95%
c W 1151.28 211 25 172 225907 6328280 520098 41% 12 248274 3894 95%
c - 1152.87 213 25 173 226091 6332124 469884 41% 12 248274 3894 95%
c s 1160.77 221 25 173 227356 6354086 487604 41% 12 248274 3894 95%
c v 1160.84 221 25 173 227356 6354086 487604 41% 12 248272 3894 95%
c w 1161.63 221 25 173 227356 6354086 487576 41% 12 248272 3894 95%
c e 1161.71 221 25 173 227356 6354086 455110 41% 12 248425 3883 95%
c 
c   seconds     reductions          redundant    irredundant
c            MB       restarts              trail       variables
c             level          conflicts          glue         remaining
c 
c s 1162.99 221 25 173 227356 6354086 451143 41% 12 248418 3883 95%
c 2 1170.11 217 26 173 228785 6375073 468389 41% 12 248418 3883 95%
c p 1171.25 217 26 173 228785 6375073 475768 41% 12 248418 3880 95%
c - 1181.47 214 25 174 230494 6404939 446889 41% 12 248133 3880 95%
c # 1192.23 214 25 174 232373 6441282 475805 40% 12 248133 3880 95%
c - 1204.30 214 25 175 234482 6478159 452682 40% 12 248133 3880 95%
c - 1228.21 217 25 176 238556 6551798 460040 40% 12 248133 3880 95%
c B 1229.40 217 25 176 238875 6555285 462880 40% 12 248133 3880 95%
c i 1231.54 217 25 176 239282 6562297 468534 40% 12 248133 3879 95%
c - 1252.58 220 25 177 242987 6625856 466660 41% 12 248038 3879 95%
c p 1255.05 220 25 177 243218 6630075 478086 41% 12 248038 3877 95%
c W 1271.20 234 25 177 245658 6670290 509959 41% 12 247819 3877 95%
c - 1281.39 220 25 178 247431 6700324 476349 41% 12 247819 3877 95%
c s 1299.32 220 25 178 250244 6750051 516334 41% 12 247819 3877 95%
c v 1299.40 220 25 178 250244 6750051 516334 41% 12 247640 3877 95%
c w 1300.24 220 25 178 250244 6750051 516155 41% 12 247640 3877 95%
c t 1300.25 220 25 178 250244 6750051 516150 41% 12 247640 3877 95%
c e 1300.29 220 25 178 250244 6750051 512615 41% 12 247687 3873 95%
c s 1301.71 220 25 178 250244 6750051 505878 41% 12 247655 3873 95%
c i 1308.95 220 25 178 251530 6770762 522415 41% 12 247655 3872 95%
c 
c   seconds     reductions          redundant    irredundant
c            MB       restarts              trail       variables
c             level          conflicts          glue         remaining
c 
c - 1310.77 221 25 179 251815 6775190 476001 40% 12 247559 3872 95%
c F 1314.46 221 25 179 252424 6786292 485143 41% 12 247559 3872 95%
c - 1336.41 222 25 180 256261 6850450 479802 41% 12 247559 3872 95%
c 2 1349.54 222 25 180 258540 6890076 512073 41% 12 247559 3872 95%
c p 1350.17 222 25 180 258540 6890076 519253 41% 12 247559 3872 95%
c B 1355.19 222 25 180 259552 6903295 529742 41% 12 247559 3872 95%
c - 1363.37 222 26 181 261061 6926128 487216 41% 12 247559 3872 95%
c i 1373.95 222 25 181 262740 6957781 512461 41% 12 247559 3871 95%
c - 1390.11 224 25 182 265123 7002222 491691 41% 12 247466 3871 95%
c W 1399.74 224 25 182 266113 7021300 506997 41% 12 247466 3871 95%
c - 1420.67 225 25 183 269484 7078728 498073 41% 12 247466 3871 95%
c i 1428.48 225 25 183 270866 7101956 516797 41% 12 247466 3870 94%
c # 1442.11 225 25 183 273080 7140302 547455 41% 12 247466 3870 94%
c p 1449.28 225 25 183 273882 7155076 567453 41% 12 247466 3867 94%
c - 1449.84 227 25 184 273882 7155650 503615 41% 12 247059 3867 94%
c s 1452.48 232 25 184 273979 7157967 504548 41% 12 247059 3867 94%
c v 1452.56 232 25 184 273979 7157967 504548 41% 12 246909 3867 94%
c w 1453.41 232 25 184 273979 7157967 503894 41% 12 246909 3867 94%
c t 1453.42 232 25 184 273979 7157967 503884 41% 12 246909 3867 94%
c e 1453.46 232 25 184 273979 7157967 494429 41% 12 246945 3863 94%
c 
c   seconds     reductions          redundant    irredundant
c            MB       restarts              trail       variables
c             level          conflicts          glue         remaining
c 
c s 1454.61 232 25 184 273979 7157967 494343 41% 12 246945 3863 94%
c - 1480.70 229 25 185 278121 7232953 499020 41% 12 246945 3863 94%
c B 1490.54 229 25 185 279451 7260304 520807 41% 12 246945 3863 94%
c - 1509.81 230 24 186 282313 7310662 504729 41% 12 246945 3863 94%
c W 1539.67 230 24 186 286227 7381305 560309 40% 12 246945 3863 94%
c - 1542.91 231 24 187 286646 7388787 510603 40% 12 246945 3863 94%
c 2 1556.39 231 24 187 288745 7425077 539465 40% 12 246945 3863 94%
c p 1557.82 231 24 187 288745 7425077 548885 40% 12 246945 3860 94%
c - 1574.15 231 24 188 290907 7467331 519301 40% 12 246684 3860 94%
c F 1587.24 231 24 188 293113 7503308 548031 40% 12 246684 3860 94%
c i 1589.62 231 24 188 293430 7509603 553023 40% 12 246684 3859 94%
c i 1590.16 231 24 188 293536 7511147 554172 40% 12 246684 3858 94%
c - 1604.05 233 24 189 295588 7546266 524737 40% 12 246419 3858 94%
c s 1615.86 235 24 189 297628 7577852 549642 40% 12 246419 3858 94%
c v 1615.96 235 24 189 297628 7577852 549642 40% 12 246290 3858 94%
c w 1616.87 235 24 189 297628 7577852 549599 40% 12 246290 3858 94%
c t 1616.87 235 24 189 297628 7577852 549596 40% 12 246290 3858 94%
c e 1616.92 235 24 189 297628 7577852 547504 40% 12 246306 3857 94%
c s 1618.20 235 24 189 297628 7577852 541711 40% 12 246298 3857 94%
c e 1618.24 235 24 189 297628 7577852 540709 40% 12 246304 3856 94%
c 
c   seconds     reductions          redundant    irredundant
c            MB       restarts              trail       variables
c             level          conflicts          glue         remaining
c 
c - 1636.42 235 24 190 300300 7625593 523936 40% 12 246304 3856 94%
c B 1636.71 235 24 190 300323 7626311 524526 40% 12 246304 3856 94%
c 2 1664.29 235 24 190 304392 7700078 582396 40% 12 246304 3856 94%
c p 1665.77 235 24 190 304392 7700078 591302 40% 12 246304 3846 94%
c - 1668.22 236 24 191 304681 7705324 529512 40% 12 245324 3846 94%
c W 1687.41 236 24 191 307127 7750312 564458 40% 12 245324 3846 94%
c - 1701.31 235 23 192 309145 7785377 534526 40% 12 245324 3846 94%
c - 1732.68 238 24 193 313985 7865845 541271 40% 12 245324 3846 94%
c # 1736.31 238 24 193 314469 7875313 548624 40% 12 245324 3846 94%
c i 1753.61 238 23 193 316966 7920198 583041 40% 12 245324 3845 94%
c - 1764.14 238 24 194 318413 7946728 545853 40% 12 245159 3845 94%
c 2 1777.63 238 24 194 320234 7980080 571991 40% 12 245159 3845 94%
c p 1779.29 238 24 194 320234 7980080 581689 40% 12 245159 3837 94%
c B 1787.73 238 23 194 321085 8001315 597946 40% 12 245159 3837 94%
c s 1793.36 242 23 194 321565 8009652 603726 40% 12 245159 3837 94%
c v 1793.47 242 23 194 321565 8009652 603726 40% 12 245042 3837 94%
c w 1794.52 242 23 194 321565 8009652 603403 40% 12 245042 3837 94%
c t 1794.53 242 23 194 321565 8009652 603397 40% 12 245042 3837 94%
c e 1794.59 242 23 194 321565 8009652 595055 40% 12 244485 3835 94%
c s 1795.15 242 23 194 321565 8009652 595034 40% 12 244485 3835 94%
c 
c   seconds     reductions          redundant    irredundant
c            MB       restarts              trail       variables
c             level          conflicts          glue         remaining
c 
c - 1803.05 240 23 195 322787 8028013 546179 40% 12 244485 3835 94%
c i 1829.95 240 23 195 326804 8099682 602231 41% 12 244485 3834 94%
c - 1834.00 243 23 196 327291 8109642 553414 41% 12 244331 3834 94%
c W 1844.14 243 24 196 328556 8128316 568147 41% 12 244331 3834 94%
c i 1849.90 243 23 196 329272 8142520 579193 41% 12 244331 3833 94%
c } 1870.25 243 22 196 331628 8191031 615706 41% 12 244331 3833 94%
c [ 1870.25 243 53 196 331628 8191031 615706 49% 17 244331 3833 94%
c - 1870.74 243 53 197 331628 8191672 558928 49% 17 244211 3833 94%
c i 1884.90 243 51 197 331644 8229838 592504 50% 17 244211 3832 94%
c W 1898.29 275 51 197 331645 8256317 615613 50% 17 244153 3832 94%
c 2 1901.81 275 50 197 331645 8265081 623446 50% 17 244153 3832 94%
c p 1903.59 275 50 197 331645 8265081 632082 50% 17 244153 3829 93%
c - 1907.62 259 48 198 331645 8274105 573120 49% 16 243883 3829 93%
c - 1941.43 268 48 199 331653 8356920 577379 50% 17 243883 3829 93%
c O 1952.81 268 54 199 331667 8385318 601881 48% 20 243883 3829 93%
c - 1975.06 256 46 200 331684 8440153 579396 46% 18 243883 3829 93%
c s 1980.70 271 45 200 331691 8453237 590071 46% 18 243883 3829 93%
c v 1980.80 271 45 200 331691 8453237 590071 46% 18 243820 3829 93%
c w 1981.92 271 45 200 331691 8453237 590015 46% 18 243820 3828 93%
c t 1981.93 271 45 200 331691 8453237 590014 46% 18 243820 3828 93%
c 
c   seconds     reductions          redundant    irredundant
c            MB       restarts              trail       variables
c             level          conflicts          glue         remaining
c 
c e 1981.97 271 45 200 331691 8453237 582270 46% 18 243764 3827 93%
c s 1983.41 271 45 200 331691 8453237 570763 46% 18 243758 3827 93%
c e 1983.45 271 45 200 331691 8453237 568552 46% 18 243777 3825 93%
c i 1994.88 271 44 200 331704 8480843 591668 45% 18 243777 3824 93%
c i 1999.98 271 41 200 331707 8494204 602165 44% 17 243777 3823 93%
c B 2007.17 271 45 200 331709 8515320 621072 45% 18 243777 3823 93%
c - 2010.85 266 46 201 331709 8523810 549791 46% 18 243623 3823 93%
c 2 2022.49 266 48 201 331716 8555083 578151 47% 18 243623 3823 93%
c p 2024.24 266 48 201 331716 8555083 594622 47% 18 243623 3802 93%
c i 2027.27 266 47 201 331721 8563789 602317 47% 18 243623 3801 93%
c i 2029.16 266 46 201 331723 8568222 606074 47% 18 243623 3800 93%
c i 2038.16 266 47 201 331731 8589731 624443 47% 18 243623 3799 93%
c - 2046.01 270 45 202 331739 8607849 550834 46% 17 241597 3799 93%
c i 2046.39 270 44 202 331739 8608748 551321 46% 17 241597 3798 93%
c W 2063.38 286 46 202 331751 8646321 574486 47% 17 241515 3798 93%
c i 2074.96 286 43 202 331762 8673436 596003 45% 17 241515 3797 93%
c - 2083.01 265 42 203 331770 8692081 545036 45% 17 241437 3797 93%
c i 2111.12 265 39 203 331773 8761182 604888 48% 16 241437 3725 91%
c i 2115.61 265 38 203 331773 8770974 613072 48% 16 241437 3614 88%
c i 2116.05 254 38 203 331773 8771148 474357 43% 16 226989 3322 81%
c 
c   seconds     reductions          redundant    irredundant
c            MB       restarts              trail       variables
c             level          conflicts          glue         remaining
c 
c ] 2116.05 254 38 203 331773 8771150 474357 42% 16 226989 2977 73%
c 0 2116.05 254 38 203 331773 8771150 474357 42% 16 226989 2977 73%
c 
c --- [ closing proof ] ------------------------------------------------------
c 
c traced 11822096 added and 11384697 deleted clauses
c closing file '/tmp/opencode/bench/z_4x11x15_native2.drat'
c after writing 3611617342 bytes 3444.3 MB
c 
c --- [ result ] -------------------------------------------------------------
c 
s UNSATISFIABLE
c 
c --- [ run-time profiling ] -------------------------------------------------
c 
c process time taken by individual solving procedures
c (percentage relative to process time for solving)
c 
c      2019.01   95.42% search
c      1362.01   64.37% unstable
c       583.02   27.55% stable
c        97.00    4.58% simplify
c        73.98    3.50% walk
c        50.45    2.38% subsume
c        27.22    1.29% probe
c        12.84    0.61% vivify
c         1.85    0.09% ternary
c         1.57    0.07% elim
c         0.04    0.00% parse
c         0.00    0.00% lucky
c   =================================
c      2116.01  100.00% solve
c 
c last line shows process time for solving
c (percentage relative to total process time)
c 
c --- [ statistics ] ---------------------------------------------------------
c 
c chronological:           2004736        22.86 %  of conflicts
c conflicts:               8771150      4145.13    per second
c decisions:              19726489      9322.48    per second
c eliminated:                   67         1.64 %  of all variables
c fixed:                      1052        25.68 %  of all variables
c learned:                 8494235        96.84 %  per conflict
c learned_lits:         1302926174       100.00 %  learned literals
c minimized:                     0         0.00 %  learned literals
c shrunken:              245481248        18.84 %  learned literals
c minishrunken:          270386922        20.75 %  learned literals
c propagations:         1898823341         0.90 M  per second
c reduced:                 6417168        73.16 %  per conflict
c rephased:                    131     66955.34    interval
c restarts:                 331773        26.44    interval
c stabilizing:                   7        37.74 %  of conflicts
c subsumed:                1305268         7.08 %  of all clauses
c strengthened:            2303835        12.49 %  of all clauses
c ternary:                   17357         1.53 %  of resolved
c vivified:                  12064         0.07 %  of all clauses
c walked:                       43    203980.23    interval
c weakened:                    396         2.66    average size
c 
c seconds are measured in process time for solving
c 
c --- [ resources ] ----------------------------------------------------------
c 
c total process time since initialization:      2116.05    seconds
c total real time since initialization:         2117.52    seconds
c maximum resident set size of process:          389.81    MB
c 
c --- [ shutting down ] ------------------------------------------------------
c 
c exit 20
