c --- [ banner ] -------------------------------------------------------------
c 
c CaDiCaL Radically Simplified CDCL SAT Solver
c Copyright (c) 2016-2021 A. Biere, M. Fleury, N. Froleyks
c 
c Version sc2021
c clang++-Clang 21.1.0
c Sep  3 2026 23:15:31
c 
c --- [ limit ] --------------------------------------------------------------
c 
c setting time limit to 10800 seconds real time (due to '-t 10800')
c 
c --- [ proof tracing ] ------------------------------------------------------
c 
c opening file to write 'docs/frontier/z_piece/z_41215_certificate/z_4x12x15.drat'
c writing binary proof trace to 'docs/frontier/z_piece/z_41215_certificate/z_4x12x15.drat'
c 
c --- [ parsing input ] ------------------------------------------------------
c 
c reading DIMACS file from 'docs/frontier/z_piece/z_41215_certificate/z_4x12x15.cnf'
c opening file to read 'docs/frontier/z_piece/z_41215_certificate/z_4x12x15.cnf'
c found 'p cnf 4528 295852' header
c parsed 295852 clauses in 0.04 seconds process time
c closing file 'docs/frontier/z_piece/z_41215_certificate/z_4x12x15.cnf'
c after reading 4110791 bytes 3.9 MB
c 
c --- [ options ] ------------------------------------------------------------
c 
c all options are set to their default value
c 
c --- [ solving ] ------------------------------------------------------------
c 
c time measured in process time since initialization
c 
c  seconds  reductions  redundant  irredundant
c         MB    restarts       trail      variables
c          level   conflicts       glue        remaining
c 
c *  0.05 28  0 0   0    0    0  0% 0 295852 4528 100%
c {  0.05 28  0 0   0    0    0  0% 0 295852 4528 100%
c -  0.06 29 26 1   5  302  253 23% 8 295852 4528 100%
c }  0.08 29 22 1  18 1003  857 28% 7 295852 4528 100%
c [  0.08 29  0 1  18 1003  857  0% 0 295852 4528 100%
c O  0.08 29  9 1  18 1004  858 12% 3 295852 4528 100%
c -  0.11 38 19 2  18 1184  920 36% 7 295852 4528 100%
c -  0.15 38 36 3  19 2508 1742 37% 9 295852 4528 100%
c ]  0.16 38 41 3  19 3006 2148 36% 9 295852 4528 100%
c {  0.16 38 22 3  19 3006 2148 28% 7 295852 4528 100%
c F  0.16 38 22 3  19 3007 2149 28% 7 295852 4528 100%
c -  0.20 38 22 4  56 4273 2423 23% 7 295852 4528 100%
c p  0.27 38 21 4  79 5000 3254 23% 7 295852 4527 100%
c #  0.30 38 20 4 129 6013 4054 22% 7 295852 4527 100%
c -  0.33 38 20 5 155 6479 3392 21% 7 295755 4527 100%
c }  0.34 38 20 5 174 7007 3836 21% 7 295755 4527 100%
c [  0.34 38 41 5 174 7007 3836 36% 9 295755 4527 100%
c -  0.41 38 40 6 175 9132 4424 33% 9 295755 4527 100%
c I  0.43 38 38 6 176 10014 5167 33% 9 295755 4527 100%
c s  0.54 45 71 6 178 12060 6856 34% 17 295755 4527 100%
c 
c  seconds  reductions   redundant   irredundant
c         MB    restarts        trail       variables
c          level    conflicts       glue         remaining
c 
c w  0.57 45 71 6 178 12060 6848 34% 17 295755 4527 100%
c s  0.61 45 71 6 178 12060 6796 34% 17 295755 4527 100%
c ^  0.62 45 71 6 178 12060 6796 34% 17 295755 4527 100%
c -  0.64 38 72 7 178 12222 5711 34% 17 295755 4527 100%
c 2  0.77 38 66 7 179 15000 8177 37% 16 295755 4527 100%
c p  0.80 38 66 7 179 15000 9094 37% 16 295755 4520 100%
c ]  0.82 38 66 7 179 15008 9101 37% 16 295755 4520 100%
c {  0.82 38 20 7 179 15008 9101 21% 7 295755 4520 100%
c B  0.82 38 20 7 180 15017 9106 21% 7 295755 4520 100%
c -  0.86 44 20 8 224 15753 6049 21% 7 294955 4520 100%
c -  0.95 44 20 9 465 19721 6828 21% 7 294955 4520 100%
c W  1.02 44 20 9 530 21018 7864 20% 7 294955 4520 100%
c -  1.11 44 19 10 762 24130 8335 20% 7 294955 4520 100%
c F  1.20 44 19 10 1153 28020 11585 20% 7 294955 4520 100%
c -  1.24 51 19 11 1233 28980 9774 20% 7 294955 4520 100%
c 3  1.28 51 20 11 1312 30000 10635 20% 7 294955 4520 100%
c p  1.34 51 20 11 1312 30000 11784 20% 7 294955 4511 100%
c }  1.37 51 20 11 1364 31008 12636 20% 7 294955 4511 100%
c [  1.37 51 66 11 1364 31008 12636 37% 16 294955 4511 100%
c -  1.50 51 64 12 1365 34271 11114 43% 15 294282 4511 100%
c 
c  seconds  reductions      redundant   irredundant
c         MB     restarts          trail       variables
c          level      conflicts        glue         remaining
c 
c B  1.55 51 65 12 1367 36021 12608 46% 15 294282 4511 100%
c s  1.57 51 65 12 1367 36179 12567 47% 15 294282 4511 100%
c w  1.61 51 65 12 1367 36179 12555 47% 15 294282 4510 100%
c s  1.65 51 65 12 1367 36179 12472 47% 15 294213 4510 100%
c ^  1.66 51 65 12 1367 36179 12472 47% 15 294213 4510 100%
c -  1.77 51 58 13 1370 39999 11926 45% 15 294213 4510 100%
c W  1.96 51 52 13 1371 45025 16214 43% 14 294213 4510 100%
c -  2.01 51 50 14 1371 46167 12192 43% 14 294213 4510 100%
c 2  2.17 51 49 14 1372 50001 15622 42% 14 294213 4510 100%
c p  2.21 51 49 14 1372 50001 17385 42% 14 294213 4503 99%
c -  2.34 51 48 15 1372 52775 13452 41% 13 293531 4503 99%
c O  2.42 51 51 15 1373 55026 15435 42% 13 293531 4503 99%
c -  2.54 37 49 16 1376 59819 14309 42% 13 293531 4503 99%
c ]  2.62 37 47 16 1378 63015 17003 41% 13 293531 4503 99%
c {  2.62 37 20 16 1378 63015 17003 20% 7 293531 4503 99%
c B  2.69 37 19 16 1594 66027 19431 20% 7 293531 4503 99%
c -  2.75 37 19 17 1669 67312 15209 20% 7 293531 4503 99%
c s  2.91 42 19 17 2140 72350 19220 20% 7 293531 4503 99%
c w  2.95 42 19 17 2140 72350 19202 20% 7 293531 4503 99%
c s  3.00 42 19 17 2140 72350 19084 20% 7 293531 4503 99%
c 
c  seconds  reductions      redundant  irredundant
c         MB     restarts          trail      variables
c          level      conflicts        glue        remaining
c 
c ^  3.01 42 19 17 2140 72350 19084 20% 7 293531 4503 99%
c 2  3.12 42 19 17 2396 75002 21528 21% 7 293531 4503 99%
c p  3.16 42 19 17 2396 75002 22977 21% 7 293531 4497 99%
c -  3.21 37 19 18 2422 75237 17431 21% 7 292998 4497 99%
c W  3.36 37 19 18 2662 78029 19672 21% 7 292998 4497 99%
c -  3.55 48 19 19 3053 83600 18240 21% 7 292998 4497 99%
c #  3.78 48 19 19 3732 91030 24212 21% 7 292998 4497 99%
c -  3.84 37 19 20 3844 92402 19862 21% 7 292998 4497 99%
c -  4.17 40 19 21 4751 101643 21336 21% 8 292998 4497 99%
c p  4.36 40 19 21 5015 105004 27163 21% 8 292998 4487 99%
c B  4.38 40 19 21 5022 105033 27190 21% 8 292998 4487 99%
c -  4.63 40 19 22 5532 111325 23943 22% 8 292167 4487 99%
c W  5.04 40 19 22 6136 120034 30982 22% 8 292167 4487 99%
c s  5.09 44 19 22 6179 120563 30913 22% 8 292167 4487 99%
c w  5.14 44 19 22 6179 120563 30884 22% 8 292167 4487 99%
c t  5.14 44 19 22 6179 120563 30883 22% 8 292167 4487 99%
c s  5.20 44 19 22 6179 120563 30742 22% 8 292167 4487 99%
c ^  5.21 44 19 22 6179 120563 30742 22% 8 292167 4487 99%
c -  5.30 44 19 23 6263 121437 25515 23% 8 292167 4487 99%
c }  5.55 44 19 23 6698 127019 30171 23% 8 292167 4487 99%
c 
c  seconds  reductions       redundant   irredundant
c         MB     restarts           trail       variables
c          level      conflicts         glue         remaining
c 
c [  5.55 44 47 23 6698 127019 30171 41% 13 292167 4487 99%
c -  5.77 45 47 24 6700 131991 26466 41% 13 292167 4487 99%
c B  5.91 45 48 24 6703 136035 29910 42% 13 292167 4487 99%
c 2  6.05 45 46 24 6706 140005 33426 40% 12 292167 4487 99%
c p  6.11 45 46 24 6706 140005 36198 40% 12 292167 4478 99%
c -  6.25 45 45 25 6706 142983 26432 39% 12 291381 4478 99%
c W  6.63 45 45 25 6708 153036 34975 40% 12 291381 4478 99%
c -  6.71 41 45 26 6708 154405 27148 41% 12 291381 4478 99%
c -  7.27 52 43 27 6708 166267 28768 42% 12 291381 4478 99%
c I  7.46 52 45 27 6710 171037 32971 43% 12 291381 4478 99%
c -  7.76 42 46 28 6715 178569 30577 44% 12 291381 4478 99%
c 3  7.84 42 46 28 6715 180011 32006 45% 12 291381 4478 99%
c p  7.93 42 46 28 6715 180011 35608 45% 12 291381 4468 99%
c s  8.02 49 45 28 6715 180813 35845 45% 12 291381 4468 99%
c w  8.06 49 45 28 6715 180813 35798 45% 12 291381 4468 99%
c t  8.07 49 45 28 6715 180813 35797 45% 12 291381 4468 99%
c e  8.10 49 45 28 6715 180813 32619 45% 12 290509 4460 98%
c s  8.14 49 45 28 6715 180813 32478 45% 12 290509 4460 98%
c B  8.49 49 48 28 6721 190040 40351 44% 13 290509 4460 98%
c -  8.58 60 48 29 6722 191311 30644 45% 13 290509 4460 98%
c 
c  seconds  reductions       redundant   irredundant
c         MB     restarts           trail       variables
c          level      conflicts         glue         remaining
c 
c -  9.20 49 47 30 6725 204479 31946 48% 13 290509 4460 98%
c W  9.64 49 47 30 6729 210042 36788 48% 13 290509 4460 98%
c - 10.07 61 46 31 6733 218086 33715 50% 13 290509 4460 98%
c 2 10.40 61 45 31 6737 225013 39984 50% 13 290509 4460 98%
c p 10.47 61 45 31 6737 225013 43872 50% 13 290509 4456 98%
c O 10.70 61 46 31 6738 231048 49112 49% 13 290509 4456 98%
c - 10.78 49 45 32 6738 232134 35434 49% 12 290100 4456 98%
c - 11.33 61 48 33 6739 246614 35843 49% 13 290100 4456 98%
c B 11.66 61 52 33 6739 253049 41404 50% 15 290100 4456 98%
c s 11.73 61 52 33 6739 253118 41116 50% 15 290100 4456 98%
c v 11.76 61 52 33 6739 253118 41116 50% 15 290080 4456 98%
c w 11.79 61 52 33 6739 253118 41084 50% 15 290080 4456 98%
c e 11.81 61 52 33 6739 253118 40168 50% 15 290098 4451 98%
c s 11.87 61 52 33 6739 253118 39983 50% 15 290053 4451 98%
c e 11.88 61 52 33 6739 253118 39714 50% 15 290056 4450 98%
c ] 11.95 61 52 33 6740 255019 41273 49% 15 290056 4450 98%
c { 11.95 61 19 33 6740 255019 41273 23% 8 290056 4450 98%
c - 12.19 49 19 34 7180 261532 36548 23% 8 290056 4450 98%
c 2 12.70 49 19 34 8036 275014 47832 24% 8 290056 4449 98%
c p 12.78 49 19 34 8036 275014 53107 24% 8 290056 4441 98%
c 
c  seconds  reductions       redundant  irredundant
c         MB     restarts           trail      variables
c          level      conflicts         glue        remaining
c 
c F 12.82 49 19 34 8060 276050 53883 24% 8 290056 4441 98%
c - 12.90 54 19 35 8136 276889 36077 24% 8 289237 4441 98%
c - 13.52 54 19 36 9194 292672 39084 24% 8 289237 4441 98%
c i 13.77 54 20 36 9610 299439 44689 25% 8 289237 4440 98%
c B 13.79 54 20 36 9665 300054 45233 25% 8 289237 4440 98%
c - 14.08 54 20 37 10215 308892 41701 25% 8 289136 4440 98%
c W 14.80 54 20 37 11006 325055 55076 25% 8 289136 4440 98%
c - 14.84 62 20 38 11006 325549 42813 25% 8 289136 4440 98%
c i 14.93 62 20 38 11129 328102 44951 25% 8 289136 4439 98%
c p 15.11 62 20 38 11216 330016 52427 25% 8 289136 4434 98%
c s 15.47 62 20 38 11738 337493 57639 25% 8 289106 4434 98%
c v 15.50 62 20 38 11738 337493 57639 25% 8 289049 4434 98%
c w 15.53 62 20 38 11738 337493 57573 25% 8 289049 4434 98%
c t 15.55 62 20 38 11738 337493 57573 25% 8 289000 4434 98%
c e 15.57 62 20 38 11738 337493 54514 25% 8 288522 4425 98%
c s 15.64 62 20 38 11738 337493 54231 25% 8 288451 4425 98%
c - 15.90 62 20 39 12049 342643 45620 25% 8 288451 4425 98%
c # 16.22 62 20 39 12704 351059 52353 25% 8 288451 4425 98%
c - 16.63 62 20 40 13341 360163 46097 25% 8 288451 4425 98%
c B 17.36 62 20 40 14787 378061 60818 25% 8 288451 4425 98%
c 
c  seconds  reductions        redundant  irredundant
c         MB      restarts           trail      variables
c          level       conflicts         glue        remaining
c 
c - 17.40 63 20 41 14794 378121 48195 25% 8 288451 4425 98%
c 2 17.97 63 20 41 15827 390016 58364 26% 8 288451 4425 98%
c p 18.05 63 20 41 15827 390016 63798 26% 8 288451 4420 98%
c - 18.38 63 20 42 16328 396521 51624 26% 8 288083 4420 98%
c W 19.01 63 20 42 16868 406063 59547 26% 8 288083 4420 98%
c - 19.45 63 20 43 17627 415348 53139 26% 8 288083 4420 98%
c i 19.58 63 20 43 17731 418641 55751 26% 8 288083 4419 98%
c s 20.25 63 20 43 18612 433920 67600 26% 8 288040 4419 98%
c v 20.28 63 20 43 18612 433920 67600 26% 8 287898 4419 98%
c w 20.32 63 20 43 18612 433920 67536 26% 8 287898 4419 98%
c t 20.33 63 20 43 18612 433920 67536 26% 8 287896 4419 98%
c e 20.35 63 20 43 18612 433920 66286 26% 8 287808 4414 97%
c s 20.45 63 20 43 18612 433920 66040 26% 8 287758 4414 97%
c - 20.55 75 20 44 18656 434613 54100 26% 8 287758 4414 97%
c F 20.57 75 20 44 18685 435065 54461 26% 8 287758 4414 97%
c - 21.53 63 20 45 20346 454309 55325 27% 8 287758 4414 97%
c 2 21.61 63 20 45 20390 455022 56385 27% 8 287758 4414 97%
c p 21.69 63 20 45 20390 455022 62642 27% 8 287758 4408 97%
c B 22.20 63 20 45 21172 465066 70672 27% 8 287758 4408 97%
c - 22.72 76 20 46 21744 474443 58156 27% 8 287302 4408 97%
c 
c  seconds  reductions        redundant  irredundant
c         MB      restarts           trail      variables
c          level       conflicts         glue        remaining
c 
c - 23.83 63 20 47 23388 495005 60222 27% 8 287302 4408 97%
c W 24.30 63 20 47 23472 496069 61103 27% 8 287302 4408 97%
c } 25.10 63 20 47 24580 511019 73168 27% 8 287302 4408 97%
c [ 25.10 63 52 47 24580 511019 73168 49% 15 287302 4408 97%
c - 25.39 77 54 48 24580 516006 62410 49% 15 287302 4408 97%
c p 25.97 77 57 48 24580 525023 75474 48% 15 287302 4408 97%
c W 26.54 77 58 48 24580 528071 78046 48% 15 287302 4408 97%
c - 27.04 63 56 49 24580 537445 64451 47% 15 287302 4408 97%
c s 27.37 63 56 49 24580 542401 68030 48% 15 287265 4408 97%
c v 27.40 63 56 49 24580 542401 68030 48% 15 287141 4408 97%
c w 27.45 63 56 49 24580 542401 67972 48% 15 287141 4408 97%
c e 27.48 63 56 49 24580 542401 66720 48% 15 287157 4404 97%
c s 27.59 63 56 49 24580 542401 66485 48% 15 287104 4404 97%
c - 28.35 78 58 50 24590 559321 62624 46% 15 287104 4404 97%
c I 28.44 78 60 50 24592 561072 64210 46% 15 287104 4404 97%
c - 29.42 63 61 51 24599 581632 63213 49% 15 287104 4404 97%
c B 29.98 63 62 51 24607 595074 74842 47% 15 287104 4404 97%
c p 30.36 63 62 51 24609 600025 86478 47% 15 287104 4403 97%
c - 30.65 79 61 52 24610 604377 64855 47% 15 287022 4403 97%
c - 31.77 63 55 53 24612 627558 66347 47% 14 287022 4403 97%
c 
c  seconds  reductions        redundant   irredundant
c         MB      restarts           trail       variables
c          level       conflicts         glue         remaining
c 
c W 32.39 63 55 53 24614 630076 68435 46% 14 287022 4403 97%
c - 33.37 79 52 54 24625 651178 68394 44% 14 287022 4403 97%
c s 34.25 79 55 54 24628 662937 78266 45% 14 287001 4403 97%
c v 34.29 79 55 54 24628 662937 78266 45% 14 286922 4403 97%
c w 34.34 79 55 54 24628 662937 78199 45% 14 286922 4403 97%
c t 34.35 79 55 54 24628 662937 78199 45% 14 286893 4403 97%
c e 34.37 79 55 54 24628 662937 77748 45% 14 286899 4401 97%
c s 34.51 79 55 54 24628 662937 77542 45% 14 286882 4401 97%
c O 34.67 79 54 54 24630 666080 80028 44% 14 286882 4401 97%
c - 35.19 63 58 55 24635 675234 71179 45% 14 286882 4401 97%
c 3 35.46 63 57 55 24639 680029 75955 45% 14 286882 4401 97%
c 2 35.49 63 57 55 24639 680029 75952 45% 14 286882 4401 97%
c p 35.58 63 57 55 24639 680029 82956 45% 14 286882 4401 97%
c - 36.72 81 62 56 24642 699725 74710 42% 15 286882 4401 97%
c B 36.92 81 63 56 24642 703089 77622 43% 15 286882 4401 97%
c - 38.22 63 67 57 24643 724651 76133 45% 15 286882 4401 97%
c W 39.82 63 79 57 24643 741090 90346 44% 16 286882 4401 97%
c - 40.35 81 78 58 24644 750017 77939 44% 16 286882 4401 97%
c 3 41.26 81 74 58 24644 765029 91343 44% 15 286882 4401 97%
c p 41.42 81 74 58 24644 765029 97953 44% 15 286882 4401 97%
c 
c  seconds  reductions        redundant   irredundant
c         MB      restarts           trail       variables
c          level       conflicts         glue         remaining
c 
c - 42.22 63 71 59 24644 775821 79860 45% 15 286882 4401 97%
c I 42.48 63 72 59 24644 780092 83623 44% 15 286882 4401 97%
c s 43.71 69 80 59 24644 795521 96646 45% 15 286874 4401 97%
c v 43.75 69 80 59 24644 795521 96646 45% 15 286825 4401 97%
c w 43.81 69 80 59 24644 795521 96578 45% 15 286825 4401 97%
c s 44.02 69 80 59 24644 795521 96339 45% 15 286825 4401 97%
c - 44.70 90 79 60 24644 802059 83255 46% 16 286825 4401 97%
c B 46.19 90 76 60 24650 820093 98879 48% 16 286825 4401 97%
c - 46.74 89 75 61 24654 828735 82919 49% 16 286825 4401 97%
c 2 48.41 89 69 61 24666 855029 106351 51% 16 286825 4401 97%
c p 48.53 89 69 61 24666 855029 114119 51% 16 286825 4401 97%
c - 48.67 76 69 62 24666 855846 84374 51% 15 286825 4401 97%
c W 49.67 76 67 62 24669 861094 88917 51% 15 286825 4401 97%
c - 51.08 95 65 63 24675 883395 85879 52% 15 286825 4401 97%
c O 52.33 95 62 63 24681 903098 103057 53% 14 286825 4401 97%
c - 52.86 115 60 64 24685 911383 88933 52% 14 286825 4401 97%
c - 54.59 115 58 65 24697 939806 90605 51% 14 286825 4401 97%
c s 54.83 115 58 65 24697 940152 90360 51% 14 286825 4401 97%
c v 54.86 115 58 65 24697 940152 90360 51% 14 286824 4401 97%
c w 54.93 115 58 65 24697 940152 90298 51% 14 286824 4401 97%
c 
c  seconds   reductions        redundant   irredundant
c          MB      restarts           trail       variables
c           level       conflicts         glue         remaining
c 
c e 54.96 115 58 65 24697 940152 89034 51% 14 286827 4400 97%
c s 55.19 115 58 65 24697 940152 88797 51% 14 286820 4400 97%
c B 55.61 115 58 65 24700 946100 94020 50% 14 286820 4400 97%
c 2 55.89 115 59 65 24703 950034 98160 51% 14 286820 4400 97%
c p 56.00 115 59 65 24703 950034 106707 51% 14 286820 4400 97%
c - 57.30 115 58 66 24706 968672 95828 52% 14 286820 4400 97%
c W 59.73 115 57 66 24707 990102 114418 50% 14 286820 4400 97%
c - 60.40 78 58 67 24707 997970 94958 50% 14 286820 4400 97%
c ] 62.15 78 56 67 24714 1023022 116655 50% 14 286820 4400 97%
c { 62.15 78 20 67 24714 1023022 116655 27% 8 286820 4400 97%
c - 62.53 78 20 68 25008 1027705 95833 27% 8 286820 4400 97%
c # 62.95 78 20 68 25506 1035105 101778 27% 9 286820 4400 97%
c p 64.15 78 20 68 26727 1050034 122645 28% 9 286820 4398 97%
c - 64.76 96 20 69 27299 1057878 98724 28% 9 286647 4398 97%
c B 66.21 96 20 69 28986 1081106 117470 28% 9 286647 4398 97%
c - 66.76 96 20 70 29458 1088482 101608 28% 9 286647 4398 97%
c s 67.51 96 21 70 30032 1096846 107738 28% 9 286644 4398 97%
c v 67.55 96 21 70 30032 1096846 107738 28% 9 286641 4398 97%
c w 67.62 96 21 70 30032 1096846 107674 28% 9 286641 4398 97%
c t 67.64 96 21 70 30032 1096846 107674 28% 9 286607 4398 97%
c 
c  seconds  reductions         redundant   irredundant
c         MB      restarts             trail      variables
c          level        conflicts          glue        remaining
c 
c e 67.66 96 21 70 30032 1096846 107022 28% 9 286619 4396 97%
c s 67.91 96 21 70 30032 1096846 106777 28% 9 286604 4396 97%
c - 69.45 96 21 71 31751 1119523 104863 28% 9 286604 4396 97%
c W 71.05 96 21 71 32289 1128109 111577 29% 9 286604 4396 97%
c - 72.57 112 21 72 33872 1151001 106078 29% 9 286604 4396 97%
c 2 72.89 112 21 72 34210 1155037 109920 29% 9 286604 4396 97%
c p 73.05 112 21 72 34210 1155037 117757 29% 9 286604 4394 97%
c F 74.39 112 21 72 35418 1176118 134514 29% 9 286604 4394 97%
c - 74.93 112 21 73 35825 1182918 112524 29% 9 286409 4394 97%
c - 77.27 112 21 74 38108 1215263 114579 29% 9 286409 4394 97%
c B 77.94 112 21 74 38827 1225119 122543 29% 9 286409 4394 97%
c - 79.55 115 21 75 40318 1248049 116544 30% 9 286409 4394 97%
c 3 80.79 115 21 75 41391 1265039 131018 30% 9 286409 4394 97%
c p 80.99 115 21 75 41391 1265039 136803 30% 9 286409 4394 97%
c s 81.40 115 21 75 41441 1265596 135850 30% 9 286390 4394 97%
c v 81.45 115 21 75 41441 1265596 135850 30% 9 286341 4394 97%
c w 81.55 115 21 75 41441 1265596 135757 30% 9 286341 4394 97%
c t 81.57 115 21 75 41441 1265596 135757 30% 9 286339 4394 97%
c e 81.59 115 21 75 41441 1265596 135350 30% 9 286347 4393 97%
c s 82.01 115 21 75 41441 1265596 135043 30% 9 286344 4393 97%
c 
c  seconds   reductions         redundant   irredundant
c          MB      restarts             trail      variables
c           level        conflicts          glue        remaining
c 
c W 83.99 115 21 75 42086 1275120 142698 30% 9 286344 4393 97%
c - 84.50 115 21 76 42451 1281271 120346 31% 9 286344 4393 97%
c - 86.90 115 22 77 44824 1314925 121282 30% 9 286344 4393 97%
c # 87.70 115 22 77 45633 1326124 130516 31% 9 286344 4393 97%
c - 89.46 120 22 78 47012 1349018 123671 31% 9 286344 4393 97%
c B 91.53 120 22 78 48904 1378126 147519 31% 9 286344 4393 97%
c 2 91.72 120 22 78 49011 1380040 149592 31% 9 286344 4393 97%
c p 91.87 120 22 78 49011 1380040 156180 31% 9 286344 4393 97%
c - 92.24 120 22 79 49263 1383547 126916 31% 9 286344 4393 97%
c - 94.81 120 22 80 51522 1418512 128484 31% 9 286344 4393 97%
c W 97.04 120 22 80 52316 1431127 138855 32% 9 286344 4393 97%
c s 98.54 120 22 80 53204 1446388 150320 32% 9 286341 4393 97%
c v 98.59 120 22 80 53204 1446388 150320 32% 9 286322 4393 97%
c w 98.70 120 22 80 53204 1446388 150239 32% 9 286322 4393 97%
c t 98.72 120 22 80 53204 1446388 150239 32% 9 286320 4393 97%
c e 98.74 120 22 80 53204 1446388 150060 32% 9 286328 4392 97%
c s 99.16 120 22 80 53204 1446388 149688 32% 9 286324 4392 97%
c - 99.86 79 23 81 53704 1453915 131204 32% 9 286324 4392 97%
c F 102.18 79 22 81 55628 1485128 156156 32% 9 286324 4392 97%
c - 102.64 79 22 82 55989 1489754 132628 32% 9 286324 4392 97%
c 
c  seconds   reductions         redundant   irredundant
c          MB      restarts             trail      variables
c           level        conflicts          glue        remaining
c 
c 2 103.46 79 22 82 56697 1500040 141331 31% 9 286324 4392 97%
c p 103.60 79 22 82 56697 1500040 149015 31% 9 286324 4392 97%
c - 105.68 80 23 83 58191 1526029 138332 32% 9 286324 4392 97%
c B 106.75 80 23 83 59168 1540130 150011 32% 10 286324 4392 97%
c - 108.62 80 23 84 60655 1562742 140066 32% 10 286324 4392 97%
c W 112.79 80 23 84 62574 1596131 167333 32% 10 286324 4392 97%
c - 113.18 81 23 85 62876 1599894 142578 32% 10 286324 4392 97%
c p 115.41 81 23 85 64381 1625041 169772 32% 10 286324 4392 97%
c - 116.54 81 23 86 65204 1637483 146472 32% 10 286324 4392 97%
c s 117.14 87 23 86 65355 1639241 146786 32% 10 286323 4392 97%
c v 117.18 87 23 86 65355 1639241 146786 32% 10 286296 4392 97%
c w 117.30 87 23 86 65355 1639241 146686 32% 10 286296 4392 97%
c t 117.32 87 23 86 65355 1639241 146686 32% 10 286274 4392 97%
c s 117.79 87 23 86 65355 1639241 146302 32% 10 286274 4392 97%
c # 118.96 87 23 86 66438 1653133 157332 32% 10 286274 4392 97%
c - 120.80 87 23 87 67577 1675507 147889 32% 10 286274 4392 97%
c B 123.93 87 23 87 69683 1711135 176893 32% 10 286274 4392 97%
c - 124.24 88 23 88 69768 1713973 149938 32% 10 286274 4392 97%
c - 127.60 89 23 89 72183 1752872 153103 33% 10 286274 4392 97%
c 2 127.85 89 23 89 72319 1755044 155325 33% 10 286274 4392 97%
c 
c  seconds   reductions         redundant    irredundant
c          MB      restarts             trail       variables
c           level        conflicts          glue         remaining
c 
c p 128.10 89 23 89 72319 1755044 162876 33% 10 286274 4390 97%
c W 131.02 92 23 89 73268 1770136 175019 33% 10 286104 4390 97%
c - 132.96 89 23 90 74505 1792205 158422 33% 10 286104 4390 97%
c F 136.28 89 23 90 76947 1830137 189453 33% 10 286104 4390 97%
c - 136.54 82 23 91 77076 1831968 160427 33% 10 286104 4390 97%
c s 138.16 92 23 91 77942 1844138 168924 33% 10 286104 4390 97%
c v 138.21 92 23 91 77942 1844138 168924 33% 10 286102 4390 97%
c w 138.35 92 23 91 77942 1844138 168819 33% 10 286102 4390 97%
c t 138.37 92 23 91 77942 1844138 168817 33% 10 286001 4390 97%
c e 138.39 92 23 91 77942 1844138 167584 33% 10 286009 4389 97%
c s 138.97 92 23 91 77942 1844138 167200 33% 10 286005 4389 97%
c - 141.75 108 23 92 79484 1872169 160660 33% 10 286005 4389 97%
c 2 143.47 108 23 92 80521 1890045 175638 33% 10 286005 4389 97%
c p 143.66 108 23 92 80521 1890045 182282 33% 10 286005 4389 97%
c B 143.82 108 23 92 80633 1891139 183238 33% 10 286005 4389 97%
c - 145.96 132 23 93 81789 1912805 164829 33% 10 286005 4389 97%
c W 151.57 132 23 93 84134 1953146 197642 33% 10 286005 4389 97%
c - 151.71 132 23 94 84158 1953874 167059 33% 10 286005 4389 97%
c - 155.78 132 23 95 86769 1995383 169808 33% 10 286005 4389 97%
c # 157.76 132 23 95 88135 2016147 186697 33% 10 286005 4389 97%
c 
c  seconds    reductions         redundant    irredundant
c           MB      restarts             trail       variables
c            level        conflicts          glue         remaining
c 
c p 159.52 132 23 95 89113 2030047 204811 33% 10 286005 4388 97%
c - 160.42 138 23 96 89616 2037333 173287 33% 10 285907 4388 97%
c } 161.39 138 23 96 90229 2047032 181264 33% 10 285907 4388 97%
c [ 161.39 138 56 96 90229 2047032 181264 50% 14 285907 4388 97%
c s 163.40 138 55 96 90236 2061076 192541 51% 14 285906 4388 97%
c v 163.45 138 55 96 90236 2061076 192541 51% 14 285867 4388 97%
c w 163.61 138 55 96 90236 2061076 192439 51% 14 285867 4388 97%
c t 163.63 138 55 96 90236 2061076 192439 51% 14 285841 4388 97%
c s 164.38 138 55 96 90236 2061076 192056 51% 14 285841 4388 97%
c - 166.50 87 54 97 90243 2079709 176530 50% 14 285841 4388 97%
c I 166.56 87 54 97 90243 2080149 176917 50% 14 285841 4388 97%
c - 170.78 103 58 98 90254 2122520 177033 53% 15 285841 4388 97%
c B 172.85 103 63 98 90267 2145150 197019 51% 16 285841 4388 97%
c - 175.02 101 66 99 90275 2165766 178517 52% 16 285841 4388 97%
c p 176.35 101 69 99 90280 2175047 196060 52% 17 285841 4387 97%
c - 179.92 102 68 100 90285 2209449 183642 50% 16 285743 4387 97%
c W 182.17 102 67 100 90285 2211153 185171 50% 16 285743 4387 97%
c - 186.95 104 61 101 90286 2253565 183524 50% 16 285743 4387 97%
c O 189.80 104 59 101 90286 2278157 205455 51% 16 285743 4387 97%
c s 191.91 115 60 101 90286 2290050 215147 51% 16 285743 4387 97%
c 
c  seconds     reductions         redundant    irredundant
c           MB       restarts             trail       variables
c            level         conflicts          glue         remaining
c 
c v 191.97 115 60 101 90286 2290050 215147 51% 16 285743 4387 97%
c w 192.13 115 60 101 90286 2290050 215049 51% 16 285743 4387 97%
c t 192.16 115 60 101 90286 2290050 215049 51% 16 285726 4387 97%
c s 193.09 115 60 101 90286 2290050 214668 51% 16 285726 4387 97%
c - 194.09 116 58 102 90286 2298118 187566 52% 16 285726 4387 97%
c 2 197.08 116 58 102 90287 2325049 212171 52% 15 285726 4387 97%
c p 197.36 116 58 102 90287 2325049 221527 52% 15 285726 4387 97%
c - 199.43 117 59 103 90287 2343106 189309 54% 15 285726 4387 97%
c B 199.78 117 59 103 90287 2346158 192063 54% 16 285726 4387 97%
c - 204.40 115 58 104 90287 2388531 190139 57% 16 285726 4387 97%
c W 209.45 115 55 104 90287 2415159 214055 57% 15 285726 4387 97%
c - 211.60 116 55 105 90287 2434395 191698 57% 16 285726 4387 97%
c p 216.97 116 61 105 90306 2480049 242951 56% 16 285726 4387 97%
c - 217.20 115 61 106 90307 2480694 194356 55% 16 285726 4387 97%
c I 217.69 115 62 106 90309 2485160 198293 55% 16 285726 4387 97%
c - 222.70 117 63 107 90320 2527429 195923 53% 17 285726 4387 97%
c B 225.96 117 62 107 90333 2556162 221202 53% 17 285726 4387 97%
c - 228.06 115 66 108 90343 2574601 197390 51% 18 285726 4387 97%
c - 233.62 117 60 109 90350 2622210 200016 50% 18 285726 4387 97%
c W 236.77 117 59 109 90350 2628168 204975 49% 18 285726 4387 97%
c 
c  seconds     reductions         redundant    irredundant
c           MB       restarts             trail       variables
c            level         conflicts          glue         remaining
c 
c p 238.57 117 59 109 90350 2640053 227599 50% 17 285726 4385 97%
c s 239.61 121 59 109 90350 2640053 226531 50% 17 285726 4385 97%
c v 239.66 121 59 109 90350 2640053 226531 50% 17 285726 4385 97%
c w 239.86 121 59 109 90350 2640053 226419 50% 17 285726 4385 97%
c t 239.89 121 59 109 90350 2640053 226419 50% 17 285617 4385 97%
c s 241.06 121 59 109 90350 2640053 225924 50% 17 285447 4385 97%
c - 244.79 121 63 110 90365 2670257 209038 51% 18 285447 4385 97%
c O 248.45 121 69 110 90379 2701169 236798 52% 17 285447 4385 97%
c - 250.53 120 65 111 90381 2718726 209318 50% 17 285447 4385 97%
c - 256.31 122 60 112 90402 2767637 211591 48% 16 285447 4385 97%
c B 257.30 122 61 112 90405 2775171 218401 49% 16 285447 4385 97%
c p 261.34 122 72 112 90412 2805054 253708 51% 16 285447 4384 97%
c - 263.25 120 68 113 90413 2816980 214888 49% 17 285333 4384 97%
c W 269.76 120 67 113 90414 2850172 244419 51% 16 285333 4384 97%
c - 271.94 123 64 114 90414 2866755 217469 52% 16 285333 4384 97%
c s 276.74 127 60 114 90414 2893083 240012 53% 15 285333 4384 97%
c v 276.80 127 60 114 90414 2893083 240012 53% 15 285331 4384 97%
c w 277.02 127 60 114 90414 2893083 239887 53% 15 285331 4384 97%
c t 277.03 127 60 114 90414 2893083 239729 53% 15 285279 4384 97%
c s 278.27 127 60 114 90414 2893083 239237 53% 15 285279 4384 97%
c 
c  seconds     reductions         redundant    irredundant
c           MB       restarts             trail       variables
c            level         conflicts          glue         remaining
c 
c - 281.67 129 62 115 90419 2916966 222543 53% 15 285279 4384 97%
c I 282.76 129 60 115 90423 2926175 230422 51% 15 285279 4384 97%
c - 288.08 128 62 116 90443 2967618 223181 52% 16 285279 4384 97%
c p 289.33 128 63 116 90444 2975057 240446 52% 16 285279 4383 97%
c B 293.14 128 69 116 90451 3003176 265717 53% 17 285279 4383 97%
c - 295.16 130 67 117 90459 3018701 229518 53% 17 285181 4383 97%
c - 301.78 129 70 118 90476 3070214 230944 51% 17 285181 4383 97%
c W 306.12 129 70 118 90477 3081180 240812 51% 17 285181 4383 97%
c - 311.78 132 66 119 90484 3122161 232766 53% 17 285181 4383 97%
c p 316.58 132 68 119 90495 3150057 266788 53% 17 285181 4382 97%
c s 319.44 138 69 119 90499 3158139 272937 52% 17 285181 4382 97%
c w 319.77 138 69 119 90499 3158139 272803 52% 17 285181 4382 97%
c t 319.77 138 69 119 90499 3158139 272800 52% 17 285181 4382 97%
c e 319.81 138 69 119 90499 3158139 271056 52% 17 285093 4381 97%
c s 321.55 138 69 119 90499 3158139 270556 52% 17 285092 4381 97%
c O 321.92 138 70 119 90501 3160182 272400 52% 17 285092 4381 97%
c - 324.44 139 68 120 90507 3174548 239489 52% 17 285092 4381 97%
c - 331.94 138 62 121 90523 3227367 238093 51% 17 285092 4381 97%
c B 333.64 138 62 121 90530 3240183 248932 50% 17 285092 4381 97%
c - 338.85 137 63 122 90539 3280625 239291 50% 17 285092 4381 97%
c 
c  seconds     reductions         redundant    irredundant
c           MB       restarts             trail       variables
c            level         conflicts          glue         remaining
c 
c W 347.88 137 67 122 90541 3321185 276079 54% 16 285092 4381 97%
c p 349.76 138 65 122 90541 3330060 293436 54% 16 285092 4381 97%
c - 350.56 142 64 123 90541 3334313 242056 53% 16 285092 4381 97%
c - 359.46 140 60 124 90542 3388440 241737 57% 17 285092 4381 97%
c I 361.31 140 57 124 90542 3403187 254239 55% 16 285092 4381 97%
c s 368.06 140 90 124 90542 3435245 281957 50% 21 285092 4381 97%
c v 368.12 140 90 124 90542 3435245 281957 50% 21 285055 4381 97%
c w 368.42 140 90 124 90542 3435245 281810 50% 21 285055 4381 97%
c s 369.98 140 90 124 90542 3435245 281358 50% 21 285055 4381 97%
c - 371.35 140 88 125 90542 3443003 246059 50% 20 285055 4381 97%
c B 378.67 140 85 125 90542 3486189 284417 50% 19 285055 4381 97%
c - 380.93 143 92 126 90542 3497999 247287 52% 19 285055 4381 97%
c 2 383.52 143 97 126 90542 3515062 263271 54% 19 285055 4381 97%
c p 384.09 143 97 126 90542 3515062 275923 54% 19 285055 4380 97%
c - 391.16 148 81 127 90543 3553432 256496 54% 18 284942 4380 97%
c W 397.98 148 75 127 90543 3570192 271645 54% 17 284942 4380 97%
c - 405.05 147 72 128 90543 3609295 258788 52% 18 284942 4380 97%
c O 413.22 147 77 128 90543 3655193 299771 53% 17 284942 4380 97%
c - 415.65 148 72 129 90543 3665597 261812 51% 17 284942 4380 97%
c p 424.44 148 64 129 90543 3705062 307456 50% 17 284942 4379 97%
c 
c  seconds     reductions         redundant    irredundant
c           MB       restarts             trail       variables
c            level         conflicts          glue         remaining
c 
c - 428.05 148 71 130 90543 3722340 266704 51% 17 284846 4379 97%
c s 430.24 165 71 130 90543 3724391 267490 51% 17 284846 4379 97%
c v 430.30 165 71 130 90543 3724391 267490 51% 17 284845 4379 97%
c w 430.63 165 71 130 90543 3724391 267323 51% 17 284845 4379 97%
c t 430.64 165 71 130 90543 3724391 267322 51% 17 284845 4379 97%
c s 432.59 165 71 130 90543 3724391 266735 51% 17 284845 4379 97%
c B 435.85 165 67 130 90543 3741198 281712 51% 17 284845 4379 97%
c - 442.22 169 66 131 90543 3779506 272232 53% 16 284845 4379 97%
c W 453.50 169 66 131 90565 3828200 315761 54% 17 284845 4379 97%
c - 455.17 165 65 132 90571 3837108 272175 53% 17 284845 4379 97%
c - 465.41 163 61 133 90589 3895146 271640 50% 17 284845 4379 97%
c p 466.68 163 61 133 90589 3900064 287508 51% 17 284845 4379 97%
c I 469.48 163 61 133 90599 3916202 301790 50% 17 284845 4379 97%
c - 476.42 163 67 134 90606 3953627 279400 52% 18 284845 4379 97%
c B 486.97 163 63 134 90619 4005211 323795 53% 18 284845 4379 97%
c - 488.55 162 61 135 90621 4012538 278344 52% 18 284845 4379 97%
c - 499.33 166 74 136 90640 4071886 280149 53% 19 284845 4379 97%
c ] 502.90 166 74 136 90652 4095034 300795 51% 19 284845 4379 97%
c { 502.90 166 23 136 90652 4095034 300795 33% 10 284845 4379 97%
c B 502.95 166 23 136 90686 4095221 300941 33% 10 284845 4379 97%
c 
c  seconds     reductions         redundant    irredundant
c           MB       restarts             trail       variables
c            level         conflicts          glue         remaining
c 
c p 504.67 166 23 136 91293 4100065 314582 33% 10 284845 4379 97%
c - 511.87 158 24 137 94332 4131672 285477 33% 10 284845 4379 97%
c W 526.10 158 25 137 99026 4186224 330197 34% 11 284845 4379 97%
c - 527.45 157 25 138 99442 4191893 287966 34% 11 284845 4379 97%
c - 539.08 158 25 139 103438 4252550 292052 35% 11 284845 4379 97%
c F 543.56 158 25 139 104846 4278225 312965 35% 11 284845 4379 97%
c p 549.04 158 25 139 106276 4305065 342730 36% 11 284845 4379 97%
c - 551.11 159 26 140 107033 4313646 297243 36% 11 284845 4379 97%
c B 562.62 159 26 140 110990 4371231 344518 36% 11 284845 4379 97%
c - 563.53 160 26 141 111203 4375184 300277 36% 11 284845 4379 97%
c - 575.57 161 26 142 115190 4437150 303640 36% 11 284845 4379 97%
c W 584.44 161 26 142 117060 4465235 326840 37% 12 284845 4379 97%
c - 591.83 162 27 143 119305 4499555 308008 37% 12 284845 4379 97%
c p 595.27 162 27 143 120178 4515065 328328 37% 12 284845 4379 97%
c # 604.50 162 26 143 122748 4560237 365327 37% 12 284845 4379 97%
c - 605.09 162 26 144 122909 4562395 314866 37% 12 284845 4379 97%
c - 618.18 164 27 145 126978 4625670 318472 37% 12 284845 4379 97%
c B 624.25 164 27 145 128701 4656239 343720 37% 12 284845 4379 97%
c - 631.31 163 27 146 130742 4689381 320875 37% 12 284845 4379 97%
c p 640.30 163 27 146 132977 4730072 360904 37% 12 284845 4379 97%
c 
c  seconds     reductions          redundant    irredundant
c           MB       restarts              trail       variables
c            level          conflicts          glue         remaining
c 
c W 648.75 163 27 146 134379 4753240 380202 37% 12 284845 4379 97%
c - 648.99 165 27 147 134399 4753530 326326 37% 12 284845 4379 97%
c - 662.73 166 27 148 137735 4818124 329380 38% 12 284845 4379 97%
c F 669.60 166 27 148 139486 4851242 356554 38% 11 284845 4379 97%
c - 676.58 167 27 149 141381 4883145 333528 38% 11 284845 4379 97%
c - 691.32 167 27 150 145461 4948603 336734 37% 12 284845 4379 97%
c p 692.43 167 27 150 145485 4950072 345236 37% 12 284845 4378 97%
c s 694.69 177 27 150 145485 4950072 341744 37% 12 284845 4378 97%
c v 694.76 177 27 150 145485 4950072 341744 37% 12 284844 4378 97%
c w 695.60 177 27 150 145485 4950072 341448 37% 12 284844 4378 97%
c t 695.60 177 27 150 145485 4950072 341433 37% 12 284844 4378 97%
c s 696.31 177 27 150 145485 4950072 341359 37% 12 284730 4378 97%
c ^ 696.33 177 27 150 145485 4950072 341359 37% 12 284730 4378 97%
c B 696.38 177 27 150 145485 4950244 341492 37% 12 284730 4378 97%
c - 712.63 178 28 151 149955 5014496 346347 37% 12 284730 4378 97%
c W 723.94 178 28 151 151975 5050247 375580 38% 12 284730 4378 97%
c - 732.11 179 28 152 153762 5080819 346402 38% 12 284730 4378 97%
c - 747.88 180 28 153 157552 5147578 349072 38% 12 284730 4378 97%
c # 748.75 180 28 153 157863 5151248 352211 38% 12 284730 4378 97%
c p 754.80 180 27 153 159235 5175073 379016 38% 12 284730 4377 97%
c 
c  seconds     reductions          redundant    irredundant
c           MB       restarts              trail       variables
c            level          conflicts          glue         remaining
c 
c - 764.46 181 27 154 161364 5214774 355175 38% 12 284630 4377 97%
c B 773.93 181 27 154 163724 5253252 386525 38% 12 284630 4377 97%
c s 778.58 186 28 154 164395 5263278 392646 38% 12 284630 4377 97%
c v 778.66 186 28 154 164395 5263278 392646 38% 12 284628 4377 97%
c w 779.20 186 28 154 164395 5263278 392357 38% 12 284628 4377 97%
c t 779.21 186 28 154 164395 5263278 392353 38% 12 284628 4377 97%
c e 779.27 186 28 154 164395 5263278 380591 38% 12 284723 4370 97%
c s 780.45 186 28 154 164395 5263278 380454 38% 12 284723 4370 97%
c - 785.89 184 27 155 165732 5282400 350074 38% 12 284723 4370 97%
c - 802.74 186 28 156 169851 5350469 352571 39% 12 284723 4370 97%
c W 807.76 186 28 156 170298 5356253 357417 39% 12 284723 4370 97%
c p 822.19 186 28 156 172973 5405074 404637 39% 12 284723 4369 96%
c - 826.33 186 28 157 173699 5418974 356584 39% 12 284609 4369 96%
c F 837.12 186 28 157 176324 5460254 390682 38% 12 284609 4369 96%
c - 844.39 187 28 158 177948 5487906 360359 38% 12 284609 4369 96%
c - 862.83 188 29 159 182206 5557319 365627 38% 12 284609 4369 96%
c B 864.89 188 29 159 182686 5565255 372099 38% 12 284609 4369 96%
c s 872.81 194 29 159 184111 5588675 389580 39% 12 284602 4369 96%
c v 872.89 194 29 159 184111 5588675 389580 39% 12 284439 4369 96%
c w 873.44 194 29 159 184111 5588675 389285 39% 12 284439 4369 96%
c 
c  seconds     reductions          redundant    irredundant
c           MB       restarts              trail       variables
c            level          conflicts          glue         remaining
c 
c t 873.45 194 29 159 184111 5588675 389281 39% 12 284439 4369 96%
c e 873.49 194 29 159 184111 5588675 386455 39% 12 284466 4367 96%
c s 874.92 194 29 159 184111 5588675 386271 39% 12 284466 4367 96%
c - 885.03 194 29 160 186325 5627132 369507 39% 12 284466 4367 96%
c 2 888.19 194 28 160 186928 5640076 380496 39% 12 284466 4367 96%
c p 888.99 194 28 160 186928 5640076 388643 39% 12 284466 4366 96%
c W 899.78 209 28 160 188666 5671259 414472 39% 12 284368 4366 96%
c - 907.26 195 29 161 190220 5697361 375081 39% 12 284368 4366 96%
c - 926.17 194 28 162 194459 5768025 376752 38% 12 284368 4366 96%
c # 928.85 194 28 162 194977 5778327 384957 38% 12 284368 4366 96%
c - 945.83 195 28 163 198662 5839119 380170 38% 12 284368 4366 96%
c p 957.42 195 28 163 201034 5880078 421082 38% 12 284368 4366 96%
c B 959.15 195 28 163 201346 5886333 426160 38% 12 284368 4366 96%
c - 966.45 196 28 164 202895 5910652 386101 38% 12 284368 4366 96%
c s 972.66 196 28 164 203900 5926102 397123 38% 12 284345 4366 96%
c v 972.74 196 28 164 203900 5926102 397123 38% 12 284250 4366 96%
c w 973.36 196 28 164 203900 5926102 396853 38% 12 284250 4366 96%
c t 973.37 196 28 164 203900 5926102 396850 38% 12 284250 4366 96%
c e 973.41 196 28 164 203900 5926102 391635 38% 12 284287 4363 96%
c s 975.24 196 28 164 203900 5926102 391327 38% 12 284287 4363 96%
c 
c  seconds     reductions          redundant    irredundant
c           MB       restarts              trail       variables
c            level          conflicts          glue         remaining
c 
c - 990.55 197 28 165 206993 5982619 387117 38% 12 284287 4363 96%
c W 997.35 197 28 165 207948 5995337 397667 38% 12 284287 4363 96%
c - 1014.95 197 28 166 211723 6055016 388643 37% 12 284287 4363 96%
c F 1028.96 197 28 166 214572 6105338 429711 38% 12 284287 4363 96%
c p 1035.65 197 28 166 215714 6125078 454070 37% 12 284287 4359 96%
c - 1036.79 197 28 167 215876 6127851 391430 37% 12 283874 4359 96%
c - 1058.52 199 29 168 220409 6201094 396325 38% 12 283874 4359 96%
c B 1062.73 199 29 168 221362 6216342 408835 38% 12 283874 4359 96%
c - 1079.16 199 29 169 224719 6274770 400260 38% 12 283874 4359 96%
c s 1081.37 204 29 169 224768 6275610 399034 38% 12 283835 4359 96%
c v 1081.45 204 29 169 224768 6275610 399034 38% 12 283750 4359 96%
c w 1082.07 204 29 169 224768 6275610 398707 38% 12 283750 4359 96%
c t 1082.08 204 29 169 224768 6275610 398706 38% 12 283750 4359 96%
c e 1082.12 204 29 169 224768 6275610 391661 38% 12 283804 4355 96%
c s 1084.26 204 29 169 224768 6275610 391249 38% 12 283804 4355 96%
c W 1103.13 204 28 169 227565 6328345 435414 39% 12 283804 4355 96%
c - 1110.00 205 28 170 228597 6348889 401277 39% 12 283804 4355 96%
c 2 1118.09 205 28 170 230093 6375079 423109 38% 12 283804 4354 96%
c p 1118.75 205 28 170 230093 6375079 431319 38% 12 283804 4354 96%
c - 1134.80 205 28 171 232998 6423431 407572 38% 12 283706 4354 96%
c 
c   seconds     reductions          redundant    irredundant
c            MB       restarts              trail       variables
c             level          conflicts          glue         remaining
c 
c # 1140.01 205 28 171 234134 6441358 422524 38% 12 283706 4354 96%
c - 1156.58 205 28 172 237480 6498399 409774 38% 12 283706 4354 96%
c B 1173.72 205 28 172 240616 6555363 457355 39% 12 283706 4354 96%
c - 1180.26 208 28 173 241653 6573802 414103 39% 12 283706 4354 96%
c p 1199.90 208 29 173 245397 6630080 468201 39% 13 283706 4354 96%
c s 1204.38 214 29 173 245690 6637175 472128 39% 12 283661 4354 96%
c v 1204.49 214 29 173 245690 6637175 472128 39% 12 283543 4354 96%
c w 1205.18 214 29 173 245690 6637175 471809 39% 12 283543 4354 96%
c t 1205.19 214 29 173 245690 6637175 471803 39% 12 283543 4354 96%
c s 1208.48 214 29 173 245690 6637175 471280 39% 12 283543 4354 96%
c - 1213.31 214 29 174 246572 6649643 421180 39% 13 283543 4354 96%
c W 1222.70 214 29 174 247784 6670366 437793 38% 13 283543 4354 96%
c - 1240.58 213 29 175 251171 6725905 420782 38% 13 283543 4354 96%
c F 1259.60 213 29 175 254825 6786367 470815 39% 13 283543 4354 96%
c - 1265.59 215 29 176 255949 6802604 425689 39% 13 283543 4354 96%
c - 1292.44 216 29 177 260297 6879739 430381 39% 13 283543 4354 96%
c 2 1295.85 216 30 177 260890 6890083 439498 39% 13 283543 4354 96%
c p 1296.91 216 30 177 260890 6890083 447646 39% 13 283543 4353 96%
c B 1301.54 216 30 177 261777 6903370 458547 39% 13 283543 4353 96%
c - 1319.78 218 29 178 264930 6957308 438995 39% 13 283448 4353 96%
c 
c   seconds     reductions          redundant    irredundant
c            MB       restarts              trail       variables
c             level          conflicts          glue         remaining
c 
c s 1337.45 221 30 178 268546 7010731 483489 39% 13 283448 4353 96%
c v 1337.55 221 30 178 268546 7010731 483489 39% 13 283445 4353 96%
c w 1338.30 221 30 178 268546 7010731 483297 39% 13 283445 4353 96%
c s 1340.27 221 30 178 268546 7010731 481717 39% 13 283445 4353 96%
c W 1347.08 221 30 178 269128 7021373 490930 40% 13 283445 4353 96%
c - 1351.89 224 30 179 269959 7035305 444430 39% 13 283445 4353 96%
c - 1380.71 224 30 180 274540 7113738 446628 40% 13 283445 4353 96%
c # 1389.37 224 30 180 275935 7140374 469158 40% 13 283445 4353 96%
c p 1395.48 224 30 180 276807 7155084 488387 40% 13 283445 4351 96%
c - 1408.86 225 29 181 278825 7192607 452061 40% 13 283235 4351 96%
c B 1433.09 225 29 181 282619 7260376 507808 40% 13 283235 4351 96%
c - 1437.41 225 29 182 283303 7271894 454891 40% 13 283235 4351 96%
c - 1466.38 225 29 183 288214 7351616 458813 39% 13 283235 4351 96%
c W 1479.79 225 29 183 290080 7381377 483501 39% 13 283235 4351 96%
c s 1487.63 230 29 183 290758 7396329 494950 39% 13 283235 4351 96%
c v 1487.72 230 29 183 290758 7396329 494950 39% 13 283231 4351 96%
c w 1488.50 230 29 183 290758 7396329 494527 39% 13 283231 4351 96%
c t 1488.51 230 29 183 290758 7396329 494526 39% 13 283231 4351 96%
c e 1488.56 230 29 183 290758 7396329 491037 39% 13 283246 4350 96%
c s 1489.63 230 29 183 290758 7396329 490991 39% 13 283246 4350 96%
c 
c   seconds     reductions          redundant    irredundant
c            MB       restarts              trail       variables
c             level          conflicts          glue         remaining
c 
c p 1501.43 230 30 183 292616 7425085 522010 39% 13 283246 4348 96%
c - 1504.07 230 30 184 292974 7431775 459431 39% 13 283051 4348 96%
c F 1528.67 230 29 184 297006 7503378 519102 39% 13 283051 4348 96%
c - 1532.31 232 29 185 297555 7512355 464230 39% 13 283051 4348 96%
c - 1561.78 233 29 186 302200 7593373 468901 39% 13 283051 4348 96%
c B 1574.12 233 29 186 304083 7626380 496589 40% 13 283051 4348 96%
c - 1593.67 235 30 187 307035 7674823 474135 40% 13 283051 4348 96%
c p 1603.89 235 29 187 308571 7700088 502806 39% 13 283051 4348 96%
c W 1627.06 235 29 187 311643 7750382 544190 39% 13 283051 4348 96%
c - 1629.98 234 30 188 312061 7756711 480532 39% 13 283051 4348 96%
c s 1645.95 239 30 188 314359 7793976 508836 39% 13 283051 4348 96%
c v 1646.05 239 30 188 314359 7793976 508836 39% 13 283026 4348 96%
c w 1647.07 239 30 188 314359 7793976 508633 39% 13 283026 4348 96%
c t 1647.09 239 30 188 314359 7793976 508630 39% 13 283026 4348 96%
c e 1647.14 239 30 188 314359 7793976 504032 39% 13 283038 4347 96%
c s 1649.81 239 30 188 314359 7793976 503213 39% 13 283038 4347 96%
c - 1666.91 238 29 189 316972 7839038 481139 38% 13 283038 4347 96%
c # 1681.27 238 29 189 319201 7875383 511959 39% 13 283038 4347 96%
c - 1700.06 241 29 190 321748 7921794 484837 39% 13 283038 4347 96%
c p 1722.80 241 29 190 325080 7980091 539993 39% 13 283038 4347 96%
c 
c   seconds     reductions          redundant    irredundant
c            MB       restarts              trail       variables
c             level          conflicts          glue         remaining
c 
c B 1731.05 241 29 190 326379 8001386 557932 39% 13 283038 4347 96%
c - 1732.90 242 30 191 326712 8004986 490449 39% 13 283038 4347 96%
c - 1767.64 242 30 192 332184 8088616 495391 39% 13 283038 4347 96%
c W 1788.00 242 30 192 334377 8128393 528900 40% 13 283038 4347 96%
c - 1806.52 245 30 193 336947 8172677 499763 40% 13 283038 4347 96%
c } 1813.51 245 31 193 338115 8191037 515429 40% 13 283038 4347 96%
c [ 1813.52 245 74 193 338115 8191037 515429 51% 19 283038 4347 96%
c W 1837.88 245 69 193 338132 8256396 572504 48% 21 283038 4347 96%
c - 1838.56 249 69 194 338132 8257178 504801 48% 21 283038 4347 96%
c p 1841.88 249 69 194 338132 8265098 520227 49% 21 283038 4347 96%
c s 1843.78 255 69 194 338132 8265098 520099 49% 21 283038 4347 96%
c v 1843.87 255 69 194 338132 8265098 520099 49% 21 282957 4347 96%
c w 1844.89 255 69 194 338132 8265098 519766 49% 21 282957 4347 96%
c s 1846.76 255 69 194 338132 8265098 517947 49% 21 282957 4347 96%
c e 1846.80 255 69 194 338132 8265098 514853 49% 21 282982 4345 96%
c - 1872.60 253 61 195 338133 8342111 504968 45% 20 282982 4345 96%
c O 1885.04 253 67 195 338151 8385397 542142 43% 24 282982 4345 96%
c - 1899.59 255 72 196 338164 8427475 502829 44% 24 282982 4345 96%
c - 1928.15 268 74 197 338195 8513273 507411 48% 24 282982 4345 96%
c B 1928.93 268 75 197 338196 8515399 509318 48% 24 282982 4345 96%
c 
c   seconds     reductions          redundant    irredundant
c            MB       restarts              trail       variables
c             level          conflicts          glue         remaining
c 
c 2 1943.99 268 79 197 338202 8555105 545439 49% 24 282982 4345 96%
c p 1945.01 268 79 197 338202 8555105 555753 49% 24 282982 4345 96%
c - 1962.61 268 79 198 338222 8599511 516410 48% 22 282982 4345 96%
c W 1982.08 268 74 198 338236 8646400 558720 49% 22 282982 4345 96%
c - 1997.37 268 67 199 338255 8686181 518080 47% 21 282982 4345 96%
c s 2000.11 276 67 199 338256 8686864 517550 47% 21 282982 4345 96%
c v 2000.21 276 67 199 338256 8686864 517550 47% 21 282893 4345 96%
c w 2001.18 276 67 199 338256 8686864 517011 47% 21 282893 4345 96%
c e 2001.24 276 67 199 338256 8686864 514890 47% 21 282903 4344 96%
c s 2004.15 276 67 199 338256 8686864 514590 47% 21 282903 4344 96%
c - 2034.36 281 81 200 338260 8773286 519539 51% 23 282903 4344 96%
c I 2036.21 281 80 200 338260 8778403 524055 52% 23 282903 4344 96%
c p 2062.96 281 114 200 338261 8850105 599386 51% 28 282903 4344 96%
c - 2067.36 286 108 201 338261 8860821 523649 51% 26 282903 4344 96%
c B 2085.50 286 108 201 338261 8911406 569798 57% 25 282903 4344 96%
c - 2099.67 288 102 202 338261 8948792 525997 56% 25 282903 4344 96%
c - 2135.37 281 86 203 338295 9037197 527791 52% 23 282903 4344 96%
c W 2142.12 281 84 203 338299 9045411 534791 51% 23 282903 4344 96%
c s 2171.19 287 81 203 338324 9120685 600890 51% 22 282898 4344 96%
c v 2171.31 287 81 203 338324 9120685 600890 51% 22 282825 4344 96%
c 
c   seconds     reductions          redundant    irredundant
c            MB       restarts              trail       variables
c             level          conflicts          glue         remaining
c 
c w 2172.37 287 81 203 338324 9120685 600628 51% 22 282825 4344 96%
c s 2174.82 287 81 203 338324 9120685 599881 51% 22 282825 4344 96%
c - 2177.25 288 80 204 338324 9126042 535386 51% 22 282825 4344 96%
c p 2187.69 288 76 204 338324 9150105 570540 51% 21 282825 4343 96%
c O 2199.47 288 71 204 338339 9180412 597048 49% 21 282825 4343 96%
c - 2212.58 288 67 205 338354 9215311 542951 50% 20 282695 4343 96%
c - 2248.04 288 72 206 338386 9305004 545412 48% 22 282695 4343 96%
c B 2252.32 288 71 206 338386 9316413 555148 48% 22 282695 4343 96%
c - 2287.21 292 68 207 338388 9395132 546085 53% 21 282695 4343 96%
c W 2315.21 292 71 207 338406 9453414 597399 52% 22 282695 4343 96%
c p 2316.90 292 70 207 338406 9455108 609337 52% 22 282695 4343 96%
c - 2329.81 294 70 208 338419 9485695 555489 53% 21 282695 4343 96%
c s 2363.73 298 70 208 338449 9566522 627745 54% 21 282695 4343 96%
c v 2363.85 298 70 208 338449 9566522 627745 54% 21 282691 4343 96%
c w 2364.94 298 70 208 338449 9566522 627281 54% 21 282691 4343 96%
c s 2365.94 298 70 208 338449 9566522 627263 54% 21 282691 4343 96%
c - 2370.49 300 67 209 338450 9576693 556953 53% 21 282691 4343 96%
c I 2375.78 300 69 209 338451 9591415 570011 54% 21 282691 4343 96%
c - 2404.59 297 88 210 338476 9668126 558852 51% 24 282691 4343 96%
c B 2427.36 297 82 210 338497 9730419 615093 51% 24 282691 4343 96%
c 
c   seconds     reductions          redundant    irredundant
c            MB       restarts              trail       variables
c             level          conflicts          glue         remaining
c 
c - 2440.01 300 87 211 338511 9759994 564061 51% 24 282691 4343 96%
c p 2442.93 300 86 211 338512 9765108 578767 52% 24 282691 4343 96%
c - 2477.52 298 73 212 338515 9852297 570138 51% 22 282691 4343 96%
c W 2488.16 298 71 212 338515 9870424 586465 52% 21 282691 4343 96%
c - 2520.40 304 65 213 338516 9945036 571179 55% 20 282691 4343 96%
c O 2550.41 304 55 213 338516 10011427 630832 57% 19 282691 4343 96%
c - 2562.93 310 50 214 338517 10038211 577068 55% 18 282691 4343 96%
c p 2583.53 310 61 214 338517 10080108 626464 55% 19 282691 4343 96%
c - 2610.01 317 69 215 338517 10131820 585432 57% 19 282691 4343 96%
c B 2619.63 317 68 215 338517 10153428 605028 57% 19 282691 4343 96%
c - 2656.09 316 66 216 338517 10225866 588581 56% 20 282691 4343 96%
c W 2697.19 316 60 216 338518 10296432 653179 56% 19 282691 4343 96%
c - 2710.60 319 59 217 338518 10320354 591571 54% 20 282691 4343 96%
c p 2753.79 319 51 217 338518 10400109 673689 53% 19 282691 4343 96%
c - 2763.41 309 55 218 338518 10415272 596052 54% 20 282691 4343 96%
c I 2774.95 309 57 218 338518 10440433 618763 55% 20 282691 4343 96%
c - 2808.10 319 86 219 338518 10510623 601175 52% 22 282691 4343 96%
c B 2846.11 319 104 219 338518 10585434 668734 49% 29 282691 4343 96%
c - 2857.62 326 105 220 338518 10606412 606157 50% 28 282691 4343 96%
c - 2908.40 327 118 221 338518 10702633 609843 57% 25 282691 4343 96%
c 
c   seconds      reductions           redundant    irredundant
c            MB        restarts               trail       variables
c              level          conflicts           glue         remaining
c 
c p 2921.03 327 117 221 338518 10725110 644122 58% 24 282691 4343 96%
c W 2927.36 327 115 221 338518 10731440 649934 58% 24 282691 4343 96%
c - 2964.99 338 85 222 338518 10799291 618762 59% 21 282691 4343 96%
c O 3004.39 338 75 222 338547 10878445 689120 54% 21 282691 4343 96%
c - 3014.13 328 76 223 338549 10896384 621259 55% 21 282691 4343 96%
c - 3058.13 318 83 224 338581 10993917 622150 47% 25 282691 4343 96%
c B 3069.65 318 86 224 338586 11026446 648793 41% 30 282691 4343 96%
c p 3083.93 318 88 224 338597 11055112 686619 43% 29 282691 4343 96%
c - 3099.66 307 82 225 338612 11091881 625969 42% 29 282691 4343 96%
c W 3138.96 307 80 225 338643 11175447 699709 44% 26 282691 4343 96%
c - 3146.49 320 77 226 338644 11190279 627734 46% 25 282691 4343 96%
c - 3200.12 347 77 227 338646 11289114 631769 55% 22 282691 4343 96%
c I 3219.70 347 78 227 338663 11325448 664351 53% 22 282691 4343 96%
c - 3252.82 334 89 228 338686 11388384 635611 52% 24 282691 4343 96%
c p 3254.99 334 88 228 338688 11390112 650181 52% 24 282691 4343 96%
c B 3295.05 334 84 228 338708 11476451 728615 52% 23 282691 4343 96%
c - 3301.52 339 88 229 338708 11488093 646526 54% 24 282691 4343 96%
c - 3352.10 336 81 230 338749 11588237 649951 51% 22 282691 4343 96%
c W 3375.73 336 74 230 338768 11628452 686062 50% 21 282691 4343 96%
c - 3406.07 336 86 231 338771 11688814 653617 50% 26 282691 4343 96%
c 
c   seconds     reductions           redundant    irredundant
c            MB       restarts               trail       variables
c             level          conflicts           glue         remaining
c 
c p 3429.48 336 99 231 338772 11730120 699764 48% 27 282691 4343 96%
c O 3455.11 336 81 231 338773 11781453 745666 48% 24 282691 4343 96%
c - 3460.22 332 78 232 338773 11789826 657940 48% 24 282691 4343 96%
c - 3514.37 336 71 233 338775 11891273 660506 47% 22 282691 4343 96%
c s 3514.76 361 71 233 338775 11891273 660481 47% 22 282691 4343 96%
c w 3518.25 361 71 233 338775 11891273 660441 47% 22 282691 4343 96%
c B 3540.26 361 78 233 338795 11935454 699967 47% 23 282691 4343 96%
c - 3570.51 365 70 234 338817 11993156 666513 50% 22 282691 4343 96%
c p 3612.11 365 72 234 338836 12075121 749589 46% 22 282691 4343 96%
c s 3612.62 368 72 234 338836 12075121 749586 46% 22 282691 4343 96%
c W 3624.38 368 69 234 338837 12090457 763390 47% 21 282691 4343 96%
c - 3627.25 361 69 235 338841 12095476 671172 47% 21 282691 4343 96%
c - 3676.37 367 79 236 338881 12198229 674782 49% 23 282691 4343 96%
c I 3700.79 367 84 236 338898 12246459 718363 48% 23 282691 4343 96%
c - 3732.24 374 106 237 338900 12301420 679306 49% 26 282691 4343 96%
c B 3785.57 374 104 237 338923 12403468 771824 51% 30 282691 4343 96%
c - 3786.86 381 104 238 338924 12405045 683629 51% 30 282691 4343 96%
c p 3799.41 381 97 238 338931 12425124 712775 50% 28 282691 4342 96%
c - 3842.23 362 88 239 338962 12509106 687258 49% 30 282580 4342 96%
c s 3860.01 374 87 239 338963 12545025 719782 51% 27 282580 4342 96%
c 
c   seconds     reductions           redundant    irredundant
c            MB       restarts               trail       variables
c             level          conflicts           glue         remaining
c 
c v 3860.15 374 87 239 338963 12545025 719782 51% 27 282579 4342 96%
c w 3861.94 374 87 239 338963 12545025 719763 51% 27 282579 4342 96%
c s 3863.79 374 87 239 338963 12545025 716510 51% 27 282579 4342 96%
c W 3876.76 374 87 239 338967 12561469 731673 53% 26 282579 4342 96%
c - 3904.20 394 83 240 338992 12613589 691216 55% 24 282579 4342 96%
c - 3957.04 386 81 241 339025 12718506 695478 51% 24 282579 4342 96%
c O 3958.24 386 81 241 339025 12720471 697235 51% 24 282579 4342 96%
c p 3993.93 386 87 241 339027 12780127 759733 48% 25 282579 4341 96%
c - 4021.58 385 98 242 339027 12823858 699259 48% 27 282482 4341 96%
c B 4052.30 385 113 242 339028 12880472 750546 48% 30 282482 4341 96%
c - 4079.45 404 103 243 339028 12929635 703172 53% 27 282482 4341 96%
c s 4134.96 405 104 243 339029 13026958 788958 48% 34 282482 4341 96%
c v 4135.12 405 104 243 339029 13026958 788958 48% 34 282477 4341 96%
c w 4136.84 405 104 243 339029 13026958 788459 48% 34 282477 4341 96%
c t 4136.85 405 104 243 339029 13026958 788457 48% 34 282477 4341 96%
c s 4139.84 479 104 243 339029 13026958 787231 48% 34 282477 4341 96%
c - 4145.40 405 102 244 339029 13035849 708382 47% 34 282477 4341 96%
c W 4151.88 405 100 244 339029 13041473 713257 46% 34 282477 4341 96%
c p 4218.46 405 73 244 339029 13140129 815039 49% 24 282477 4339 96%
c - 4220.34 414 75 245 339029 13142496 707975 49% 25 282279 4339 96%
c 
c   seconds     reductions           redundant    irredundant
c            MB       restarts               trail       variables
c             level          conflicts           glue         remaining
c 
c I 4254.92 414 85 245 339029 13203476 763390 50% 25 282279 4339 96%
c - 4283.19 418 83 246 339044 13249556 715567 50% 23 282279 4339 96%
c - 4349.51 413 76 247 339085 13357054 718338 52% 22 282279 4339 96%
c B 4355.26 413 77 247 339090 13366477 726921 52% 22 282279 4339 96%
c - 4410.27 405 79 248 339113 13464986 718836 50% 23 282279 4339 96%
c p 4433.01 405 81 248 339123 13505131 767571 50% 23 282279 4339 96%
c s 4445.95 407 79 248 339131 13520924 781348 49% 23 282279 4339 96%
c v 4446.09 407 79 248 339131 13520924 781348 49% 23 282277 4339 96%
c w 4447.82 407 79 248 339131 13520924 780971 49% 23 282277 4339 96%
c s 4448.43 407 79 248 339131 13520924 780967 49% 23 282277 4339 96%
c W 4457.47 407 77 248 339137 13530479 789394 49% 22 282277 4339 96%
c - 4481.43 410 93 249 339153 13573351 727844 49% 26 282277 4339 96%
c - 4548.61 414 77 250 339156 13682151 730843 49% 23 282277 4339 96%
c O 4556.03 414 77 250 339159 13695483 742605 49% 23 282277 4339 96%
c - 4614.14 416 73 251 339197 13791387 737101 52% 22 282277 4339 96%
c B 4655.15 416 87 251 339219 13861486 799946 50% 25 282277 4339 96%
c p 4666.70 416 83 251 339219 13875131 822202 52% 25 282277 4338 96%
c - 4684.07 421 82 252 339226 13901068 742708 52% 25 282178 4338 96%
c - 4754.34 421 88 253 339268 14011163 746371 51% 27 282178 4338 96%
c s 4763.76 422 87 253 339277 14026907 760179 50% 27 282178 4338 96%
c 
c   seconds     reductions           redundant    irredundant
c            MB       restarts               trail       variables
c             level          conflicts           glue         remaining
c 
c v 4763.91 422 87 253 339277 14026907 760179 50% 27 282178 4338 96%
c w 4765.69 422 87 253 339277 14026907 760172 50% 27 282178 4338 96%
c t 4765.70 422 87 253 339277 14026907 760171 50% 27 282178 4338 96%
c s 4767.59 422 87 253 339277 14026907 757813 50% 27 282178 4338 96%
c W 4772.43 422 87 253 339278 14028490 759253 50% 26 282178 4338 96%
c - 4827.84 419 75 254 339283 14121692 750177 52% 23 282178 4338 96%
c I 4876.57 419 98 254 339284 14196492 818521 55% 24 282178 4338 96%
c - 4895.41 422 182 255 339284 14232657 753362 46% 52 282178 4338 96%
c p 4908.56 422 205 255 339284 14250134 779176 43% 61 282178 4338 96%
c - 4983.12 416 168 256 339312 14344057 757301 42% 59 282178 4338 96%
c B 4995.71 416 150 256 339315 14365493 776284 43% 52 282178 4338 96%
c - 5052.36 419 110 257 339346 14455893 758227 47% 36 282178 4338 96%
c W 5105.99 419 97 257 339369 14535496 829155 47% 30 282178 4338 96%
c - 5129.19 425 97 258 339378 14568166 765050 48% 29 282178 4338 96%
c p 5172.54 425 91 258 339407 14630136 829614 49% 28 282178 4337 96%
c s 5175.23 425 91 258 339407 14630136 828582 49% 28 282178 4337 96%
c v 5175.37 425 91 258 339407 14630136 828582 49% 28 282172 4337 96%
c w 5177.38 425 91 258 339407 14630136 828052 49% 28 282172 4337 96%
c s 5180.43 425 91 258 339407 14630136 826982 49% 28 282076 4337 96%
c - 5213.57 425 90 259 339410 14680872 776738 48% 27 282076 4337 96%
c 
c   seconds     reductions           redundant    irredundant
c            MB       restarts               trail       variables
c             level          conflicts           glue         remaining
c 
c O 5230.82 425 87 259 339411 14706499 799967 48% 26 282076 4337 96%
c - 5285.18 423 65 260 339428 14794005 774585 49% 21 282076 4337 96%
c B 5340.02 423 63 260 339460 14878501 848362 47% 23 282076 4337 96%
c - 5360.94 424 68 261 339472 14907569 777269 49% 23 282076 4337 96%
c 2 5427.22 424 76 261 339503 15015144 874853 51% 23 282076 4337 96%
c p 5429.53 424 76 261 339503 15015144 883999 51% 23 282076 4336 96%
c - 5434.08 431 78 262 339504 15021570 781056 51% 24 281949 4336 96%
c W 5457.33 431 81 262 339512 15051505 808380 52% 24 281949 4336 96%
c - 5515.01 436 81 263 339537 15135989 787970 52% 22 281949 4336 96%
c s 5533.99 447 84 263 339538 15160182 809348 51% 21 281949 4336 96%
c v 5534.14 447 84 263 339538 15160182 809348 51% 21 281948 4336 96%
c w 5536.24 447 84 263 339538 15160182 808751 51% 21 281948 4336 96%
c s 5539.32 447 84 263 339538 15160182 808610 51% 21 281948 4336 96%
c I 5582.95 447 65 263 339538 15225508 868351 54% 19 281948 4336 96%
c - 5599.92 454 76 264 339539 15250842 791589 52% 23 281948 4336 96%
c - 5679.93 458 82 265 339540 15366130 795003 56% 23 281948 4336 96%
c B 5701.84 458 77 265 339540 15400512 826140 55% 23 281948 4336 96%
c p 5707.60 458 77 265 339540 15405147 842255 55% 23 281948 4335 96%
c - 5761.30 457 67 266 339540 15481853 800783 59% 20 281849 4335 96%
c W 5830.37 457 73 266 339540 15576513 887629 60% 19 281849 4335 96%
c 
c   seconds     reductions           redundant    irredundant
c            MB       restarts               trail       variables
c             level          conflicts           glue         remaining
c 
c - 5846.65 456 77 267 339540 15598001 805359 57% 22 281849 4335 96%
c s 5916.06 470 73 267 339541 15702245 899408 52% 22 281849 4335 96%
c w 5918.33 470 73 267 339541 15702245 899359 52% 22 281849 4335 96%
c e 5918.67 532 73 267 339541 15702245 892834 52% 22 281864 4334 96%
c s 5920.49 533 73 267 339541 15702245 890695 52% 22 281864 4334 96%
c - 5928.90 460 69 268 339541 15714582 805302 52% 21 281864 4334 96%
c O 5954.52 460 61 268 339541 15753517 839268 49% 20 281864 4334 96%
c p 5988.20 460 56 268 339541 15800149 894866 54% 19 281864 4334 96%
c - 6008.55 469 67 269 339541 15831602 808542 54% 21 281864 4334 96%
c B 6077.40 469 87 269 339541 15931518 900586 54% 25 281864 4334 96%
c - 6090.11 481 91 270 339541 15949057 813624 52% 27 281864 4334 96%
c - 6180.80 481 93 271 339541 16066947 817219 56% 24 281864 4334 96%
c W 6213.87 481 99 271 339541 16110520 857193 58% 24 281864 4334 96%
c - 6265.97 485 88 272 339542 16185270 822048 55% 23 281864 4334 96%
c p 6278.30 485 87 272 339542 16200149 850168 52% 24 281864 4334 96%
c s 6321.17 496 73 272 339542 16256377 900198 53% 21 281864 4334 96%
c v 6321.33 496 73 272 339542 16256377 900198 53% 21 281840 4334 96%
c w 6323.71 496 73 272 339542 16256377 899669 53% 21 281840 4334 96%
c t 6323.73 496 73 272 339542 16256377 899668 53% 21 281840 4334 96%
c e 6323.82 496 73 272 339542 16256377 898692 53% 21 281846 4333 96%
c 
c   seconds     reductions           redundant    irredundant
c            MB       restarts               trail       variables
c             level          conflicts           glue         remaining
c 
c s 6326.42 496 73 272 339542 16256377 897620 53% 21 281846 4333 96%
c I 6347.65 496 74 272 339542 16290522 928955 55% 21 281846 4333 96%
c - 6357.70 490 99 273 339542 16304029 833269 51% 34 281846 4333 96%
c ] 6417.60 490 170 273 339542 16383041 903856 47% 51 281846 4333 96%
c { 6417.60 490 31 273 339542 16383041 903856 40% 13 281846 4333 96%
c - 6457.76 472 32 274 343421 16423219 830545 40% 14 281846 4333 96%
c F 6497.52 472 33 274 347081 16471525 871050 40% 15 281846 4333 96%
c - 6556.13 457 34 275 351765 16542844 829126 41% 15 281846 4333 96%
c 2 6599.55 457 34 275 355393 16605149 881551 41% 15 281845 4333 96%
c p 6601.95 457 34 275 355393 16605149 891491 41% 15 281845 4332 96%
c B 6640.07 457 34 275 358497 16653531 931532 41% 15 281845 4332 96%
c - 6648.65 459 35 276 359000 16662906 840178 41% 15 281746 4332 96%
c - 6745.67 460 34 277 366037 16783392 845514 41% 15 281746 4332 96%
c s 6782.82 460 34 277 368169 16822577 878027 41% 15 281746 4332 96%
c v 6782.98 460 34 277 368169 16822577 878027 41% 15 281697 4332 96%
c w 6784.89 460 34 277 368169 16822577 877127 41% 15 281697 4332 96%
c t 6784.90 460 34 277 368169 16822577 877125 41% 15 281696 4332 96%
c e 6784.98 460 34 277 368169 16822577 870128 41% 15 281712 4331 96%
c s 6788.04 460 34 277 368169 16822577 869803 41% 15 281712 4331 96%
c W 6803.52 475 34 277 369128 16836535 881653 41% 15 281712 4331 96%
c 
c   seconds     reductions           redundant    irredundant
c            MB       restarts               trail       variables
c             level          conflicts           glue         remaining
c 
c - 6859.25 463 34 278 372937 16904320 848061 41% 15 281712 4331 96%
c 2 6949.02 463 34 278 379605 17015150 942285 41% 15 281712 4331 96%
c p 6950.53 463 34 278 379605 17015150 949389 41% 15 281712 4331 96%
c # 6955.30 463 34 278 379990 17020538 953798 41% 15 281712 4331 96%
c - 6960.31 463 34 279 380344 17025668 854729 41% 15 281712 4331 96%
c - 7057.56 465 34 280 387381 17147457 859922 42% 15 281712 4331 96%
c B 7103.27 465 34 280 390909 17205540 908601 41% 16 281712 4331 96%
c - 7153.33 466 34 281 394014 17269676 864515 42% 15 281712 4331 96%
c W 7254.98 466 35 281 401250 17391543 967625 42% 15 281712 4331 96%
c - 7256.16 468 35 282 401298 17392332 871566 42% 15 281712 4331 96%
c p 7287.32 468 35 282 403572 17430151 911696 42% 15 281712 4331 96%
c s 7290.65 468 35 282 403572 17430151 911542 42% 15 281712 4331 96%
c v 7290.78 468 35 282 403572 17430151 911542 42% 15 281680 4331 96%
c w 7292.52 468 35 282 403572 17430151 911319 42% 15 281680 4331 96%
c s 7294.46 468 35 282 403572 17430151 907691 42% 15 281678 4331 96%
c - 7365.80 470 35 283 408555 17515420 879584 43% 15 281678 4331 96%
c F 7415.33 470 35 283 412118 17578544 933254 43% 16 281678 4331 96%
c - 7466.60 473 36 284 415623 17638942 884600 43% 16 281678 4331 96%
c - 7573.03 472 35 285 422723 17762896 888755 42% 15 281678 4331 96%
c B 7576.37 472 35 285 422977 17766546 891923 42% 15 281678 4331 96%
c 
c   seconds     reductions           redundant    irredundant
c            MB       restarts               trail       variables
c             level          conflicts           glue         remaining
c 
c 2 7651.48 472 34 285 427704 17850151 961716 42% 15 281678 4331 96%
c p 7653.32 472 34 285 427704 17850151 969199 42% 15 281678 4331 96%
c - 7689.95 473 34 286 430264 17887284 895759 42% 15 281678 4331 96%
c W 7750.78 473 34 286 434128 17955548 953704 42% 15 281678 4331 96%
c - 7802.89 475 35 287 437752 18012108 902618 42% 15 281678 4331 96%
c - 7916.34 476 34 288 444661 18137370 907291 42% 15 281678 4331 96%
c # 7924.16 476 34 288 445150 18145552 914278 42% 15 281678 4331 96%
c - 8031.18 479 34 289 451618 18263064 913629 42% 15 281678 4331 96%
c p 8044.23 479 34 289 452194 18275153 931799 43% 15 281678 4330 96%
c s 8046.83 489 34 289 452194 18275153 930825 43% 15 281678 4330 96%
c v 8046.98 489 34 289 452194 18275153 930825 43% 15 281672 4330 96%
c w 8049.36 489 34 289 452194 18275153 930242 43% 15 281672 4330 96%
c t 8049.38 489 34 289 452194 18275153 930240 43% 15 281672 4330 96%
c e 8049.45 489 34 289 452194 18275153 924924 43% 15 281572 4329 96%
c s 8052.04 489 34 289 452194 18275153 923965 43% 15 281572 4329 96%
c B 8108.14 489 34 289 455902 18336558 975845 42% 15 281572 4329 96%
c - 8158.46 489 34 290 459213 18389193 923189 41% 15 281572 4329 96%
c - 8276.69 491 35 291 466122 18515743 925724 42% 15 281572 4329 96%
c W 8293.95 491 35 291 466979 18528559 936533 42% 15 281572 4329 96%
c - 8410.71 491 34 292 473544 18642727 929978 42% 15 281572 4329 96%
c 
c   seconds     reductions           redundant    irredundant
c            MB       restarts               trail       variables
c             level          conflicts           glue         remaining
c 
c 2 8476.20 491 36 292 477532 18705153 983612 43% 16 281572 4329 96%
c p 8479.91 491 36 292 477532 18705153 990373 43% 16 281572 4328 96%
c F 8499.08 491 36 292 478792 18721560 1004175 42% 16 281572 4328 96%
c - 8556.82 495 36 293 481478 18770147 939702 43% 16 281463 4328 96%
c s 8668.23 497 35 293 487424 18877487 1028527 42% 16 281463 4328 96%
c v 8668.44 497 35 293 487424 18877487 1028527 42% 16 281440 4328 96%
c w 8670.67 497 35 293 487424 18877487 1027644 42% 16 281440 4328 96%
c t 8670.69 497 35 293 487424 18877487 1027643 42% 16 281440 4328 96%
c s 8674.35 497 35 293 487424 18877487 1026682 42% 16 281440 4328 96%
c - 8698.07 496 35 294 488682 18897987 944108 42% 16 281440 4328 96%
c B 8714.58 496 34 294 489585 18915561 958727 42% 16 281440 4328 96%
c - 8829.07 495 34 295 495802 19026257 945508 42% 16 281440 4328 96%
c W 8916.48 495 35 295 500634 19110562 1016581 42% 16 281440 4328 96%
c p 8952.19 495 35 295 502638 19140171 1049182 42% 16 281440 4328 96%
c - 8969.13 499 36 296 503575 19154962 953241 42% 16 281440 4328 96%
c - 9096.47 501 35 297 510462 19284102 959223 43% 15 281440 4328 96%
c # 9118.66 501 35 297 511813 19306564 978188 43% 16 281440 4328 96%
c - 9228.64 504 35 298 517644 19413678 965745 43% 16 281440 4328 96%
c B 9317.44 504 35 298 522665 19503566 1041804 43% 16 281440 4328 96%
c - 9360.65 503 35 299 524693 19543689 971407 43% 15 281440 4328 96%
c 
c   seconds     reductions            redundant    irredundant
c            MB       restarts                trail       variables
c             level          conflicts            glue         remaining
c 
c p 9399.93 503 34 299 526661 19580171 1010850 43% 15 281440 4326 96%
c s 9403.45 503 34 299 526661 19580171 1010439 43% 15 281440 4326 96%
c v 9403.64 503 34 299 526661 19580171 1010439 43% 15 281438 4326 96%
c w 9406.73 503 34 299 526661 19580171 1009894 43% 15 281438 4326 96%
c s 9410.29 503 34 299 526661 19580171 1009783 43% 15 281234 4326 96%
c - 9510.61 504 35 300 532323 19674133 980291 43% 15 281234 4326 96%
c W 9542.09 504 34 300 533873 19701569 1003795 43% 15 281234 4326 96%
c - 9650.17 507 35 301 540033 19804984 986384 43% 16 281234 4326 96%
c F 9751.44 507 35 301 545642 19900571 1066798 43% 16 281234 4326 96%
c - 9794.06 507 35 302 547716 19936270 991064 43% 16 281234 4326 96%
c p 9891.25 507 36 302 552887 20025171 1073207 42% 16 281234 4325 96%
c - 9939.21 508 35 303 555548 20067990 998269 42% 16 281126 4325 96%
c B 9975.64 508 36 303 557615 20100572 1025583 42% 16 281126 4325 96%
c - 10087.43 511 35 304 562761 20200129 1003783 43% 16 281126 4325 96%
c s 10097.04 520 35 304 563253 20206523 1009298 43% 16 281126 4325 96%
c w 10100.31 520 35 304 563253 20206523 1009202 43% 16 281126 4325 96%
c t 10100.33 520 35 304 563253 20206523 1009200 43% 16 281126 4325 96%
c s 10102.78 520 35 304 563253 20206523 1003920 43% 16 281116 4325 96%
c W 10192.32 520 34 304 568412 20301578 1083693 42% 15 281116 4325 96%
c - 10221.74 522 34 305 570401 20332703 1007935 43% 15 281116 4325 96%
c 
c   seconds      reductions            redundant    irredundant
c             MB       restarts                trail       variables
c              level          conflicts            glue         remaining
c 
c } 10272.07 522 35 305 574044 20392885 1058884 43% 16 281116 4325 96%
c ? 10272.07 522 35 305 574044 20392885 1058884 43% 16 281116 4325 96%
c 
c --- [ closing proof ] ------------------------------------------------------
c 
c traced 24310038 added and 23265753 deleted clauses
c closing file 'docs/frontier/z_piece/z_41215_certificate/z_4x12x15.drat'
c after writing 11445260380 bytes 10915.1 MB
c 
c --- [ result ] -------------------------------------------------------------
c 
c UNKNOWN
c 
c --- [ run-time profiling ] -------------------------------------------------
c 
c process time taken by individual solving procedures
c (percentage relative to process time for solving)
c 
c      9981.47   97.17% search
c      5062.22   49.28% unstable
c      4751.67   46.26% stable
c       290.55    2.83% simplify
c       167.58    1.63% walk
c       142.18    1.38% subsume
c        81.99    0.80% probe
c        49.40    0.48% vivify
c         4.72    0.05% ternary
c         4.08    0.04% elim
c         0.04    0.00% parse
c         0.00    0.00% lucky
c   =================================
c     10272.02  100.00% solve
c 
c last line shows process time for solving
c (percentage relative to total process time)
c 
c --- [ statistics ] ---------------------------------------------------------
c 
c chronological:           4278218        20.98 %  of conflicts
c conflicts:              20392885      1985.28    per second
c decisions:              45438151      4423.49    per second
c eliminated:                   66         1.46 %  of all variables
c fixed:                       137         3.03 %  of all variables
c learned:                19819971        97.19 %  per conflict
c learned_lits:         4170811094       100.00 %  learned literals
c minimized:                     0         0.00 %  learned literals
c shrunken:              529352564        12.69 %  learned literals
c minishrunken:          893255699        21.42 %  learned literals
c propagations:         4323311699         0.42 M  per second
c reduced:                16423993        80.54 %  per conflict
c rephased:                    201    101457.14    interval
c restarts:                 574044        35.52    interval
c stabilizing:                   7        53.56 %  of conflicts
c subsumed:                2260364         5.41 %  of all clauses
c strengthened:            3556652         8.52 %  of all clauses
c ternary:                   25613         1.44 %  of resolved
c vivified:                  22038         0.05 %  of all clauses
c walked:                       66    308983.11    interval
c weakened:                    414         2.68    average size
c 
c seconds are measured in process time for solving
c 
c --- [ resources ] ----------------------------------------------------------
c 
c total process time since initialization:     10272.07    seconds
c total real time since initialization:        10800.73    seconds
c maximum resident set size of process:          738.10    MB
c 
c --- [ shutting down ] ------------------------------------------------------
c 
c exit 0
