c --- [ banner ] -------------------------------------------------------------
c 
c CaDiCaL Radically Simplified CDCL SAT Solver
c Copyright (c) 2016-2021 A. Biere, M. Fleury, N. Froleyks
c 
c Version sc2021
c clang++-Clang 21.1.0
c Sep  3 2026 23:15:31
c 
c --- [ limit ] --------------------------------------------------------------
c 
c setting time limit to 7200 seconds real time (due to '-t 7200')
c 
c --- [ proof tracing ] ------------------------------------------------------
c 
c opening file to write 'docs/frontier/z_piece/z_6615_certificate/z_6x6x15.drat'
c writing binary proof trace to 'docs/frontier/z_piece/z_6615_certificate/z_6x6x15.drat'
c 
c --- [ parsing input ] ------------------------------------------------------
c 
c reading DIMACS file from 'docs/frontier/z_piece/z_6615_certificate/z_6x6x15.cnf'
c opening file to read 'docs/frontier/z_piece/z_6615_certificate/z_6x6x15.cnf'
c found 'p cnf 3456 242736' header
c parsed 242736 clauses in 0.04 seconds process time
c closing file 'docs/frontier/z_piece/z_6615_certificate/z_6x6x15.cnf'
c after reading 3342190 bytes 3.2 MB
c 
c --- [ options ] ------------------------------------------------------------
c 
c all options are set to their default value
c 
c --- [ solving ] ------------------------------------------------------------
c 
c time measured in process time since initialization
c 
c  seconds  reductions  redundant  irredundant
c         MB    restarts       trail      variables
c          level   conflicts       glue        remaining
c 
c *  0.04 24  0 0   0    0    0  0% 0 242736 3456 100%
c {  0.04 24  0 0   0    0    0  0% 0 242736 3456 100%
c -  0.05 24 27 1  26  304  262 35% 8 242736 3456 100%
c }  0.07 24 19 1  41 1005  870 26% 7 242736 3456 100%
c [  0.07 24  0 1  41 1005  870  0% 0 242736 3456 100%
c O  0.07 24  9 1  41 1006  871 17% 3 242736 3456 100%
c -  0.09 32 22 2  41 1135  888 54% 8 242736 3456 100%
c -  0.13 32 28 3  42 2384 1621 57% 10 242736 3456 100%
c ]  0.15 32 26 3  42 3006 2138 53% 10 242736 3456 100%
c {  0.15 32 19 3  42 3006 2138 26% 7 242736 3456 100%
c F  0.15 32 19 3  43 3007 2139 26% 7 242736 3456 100%
c -  0.19 32 20 4 137 4049 2196 24% 8 242736 3456 100%
c p  0.24 32 19 4 175 5004 3105 24% 8 242736 3456 100%
c #  0.26 32 19 4 212 6008 3913 23% 8 242736 3456 100%
c -  0.28 32 19 5 213 6126 2992 23% 8 242736 3456 100%
c }  0.30 32 19 5 251 7006 3719 24% 8 242736 3456 100%
c [  0.30 32 26 5 251 7006 3719 53% 10 242736 3456 100%
c -  0.37 32 27 6 252 8619 3824 46% 11 242736 3456 100%
c I  0.41 32 29 6 253 10010 5043 51% 11 242736 3456 100%
c -  0.46 32 43 7 255 11527 4470 47% 13 242736 3456 100%
c 
c  seconds  reductions   redundant   irredundant
c         MB    restarts        trail       variables
c          level    conflicts       glue         remaining
c 
c s  0.51 40 42 7 255 12269 5031 44% 13 242736 3456 100%
c w  0.53 40 42 7 255 12269 5026 44% 13 242736 3456 100%
c s  0.58 40 42 7 255 12269 4998 44% 13 242736 3456 100%
c ^  0.59 40 42 7 255 12269 4998 44% 13 242736 3456 100%
c -  0.68 34 46 8 256 14851 5366 44% 15 242736 3456 100%
c 2  0.71 34 46 8 256 15005 5508 44% 15 242736 3456 100%
c p  0.73 34 46 8 256 15005 6021 44% 15 242736 3456 100%
c ]  0.74 34 46 8 256 15009 6025 44% 15 242736 3456 100%
c {  0.74 34 19 8 256 15009 6025 24% 8 242736 3456 100%
c B  0.74 34 19 8 256 15012 6028 24% 8 242736 3456 100%
c -  0.82 37 18 9 452 18590 5473 23% 8 242736 3456 100%
c W  0.92 37 19 9 716 21013 7547 25% 8 242736 3456 100%
c -  0.97 37 19 10 806 22748 6739 25% 8 242736 3456 100%
c -  1.08 37 19 11 980 27321 7691 25% 8 242736 3456 100%
c F  1.10 37 19 11 997 28014 8214 25% 8 242736 3456 100%
c p  1.19 37 18 11 1088 30005 10578 24% 8 242736 3456 100%
c }  1.22 37 18 11 1135 31009 11357 24% 8 242736 3456 100%
c [  1.22 37 46 11 1135 31009 11357 44% 15 242736 3456 100%
c -  1.27 31 64 12 1135 32308 8869 47% 17 242736 3456 100%
c B  1.41 31 68 12 1138 36015 12132 49% 20 242736 3456 100%
c 
c  seconds  reductions      redundant   irredundant
c         MB     restarts          trail       variables
c          level      conflicts        glue         remaining
c 
c s  1.46 39 74 12 1138 36808 12709 49% 20 242736 3456 100%
c w  1.49 39 74 12 1138 36808 12692 49% 20 242736 3456 100%
c s  1.53 39 74 12 1138 36808 12663 49% 20 242736 3456 100%
c ^  1.54 39 74 12 1138 36808 12663 49% 20 242736 3456 100%
c -  1.59 33 72 13 1138 37710 10303 50% 20 242736 3456 100%
c -  1.79 40 59 14 1142 43527 9884 52% 18 242736 3456 100%
c W  1.89 40 57 14 1142 45016 11198 53% 18 242736 3456 100%
c -  2.07 33 53 15 1143 49761 10655 55% 17 242736 3456 100%
c 2  2.10 33 53 15 1143 50012 10904 55% 17 242736 3456 100%
c p  2.12 33 53 15 1143 50012 12213 55% 17 242736 3456 100%
c O  2.30 33 50 15 1144 55019 16498 56% 17 242736 3456 100%
c -  2.35 41 49 16 1145 56409 11995 55% 17 242736 3456 100%
c ]  2.54 41 46 16 1149 63013 17660 52% 16 242736 3456 100%
c {  2.54 41 18 16 1149 63013 17660 24% 8 242736 3456 100%
c -  2.57 33 18 17 1162 63474 12265 24% 8 242736 3456 100%
c B  2.62 33 18 17 1338 66023 14275 24% 8 242736 3456 100%
c -  2.75 38 18 18 1626 70954 12640 24% 8 242736 3456 100%
c s  2.84 42 18 18 1763 73613 14482 24% 8 242736 3456 100%
c w  2.87 42 18 18 1763 73613 14467 24% 8 242736 3456 100%
c s  2.92 42 18 18 1763 73613 14392 24% 8 242736 3456 100%
c 
c  seconds  reductions      redundant  irredundant
c         MB     restarts          trail      variables
c          level      conflicts        glue        remaining
c 
c ^  2.93 42 18 18 1763 73613 14392 24% 8 242736 3456 100%
c 2  3.00 42 18 18 1822 75013 15508 24% 8 242736 3456 100%
c p  3.02 42 18 18 1822 75013 17572 24% 8 242736 3456 100%
c W  3.15 42 17 18 1935 78025 19984 24% 8 242736 3456 100%
c -  3.19 42 18 19 1989 78852 15589 24% 8 242736 3456 100%
c -  3.43 42 17 20 2438 87164 16051 24% 8 242736 3456 100%
c #  3.54 42 17 20 2629 91029 19189 25% 8 242736 3456 100%
c -  3.70 31 17 21 2886 95890 17527 24% 8 242736 3456 100%
c 3  3.94 31 17 21 3451 105013 24807 24% 8 242736 3456 100%
c p  3.99 31 17 21 3451 105013 26777 24% 8 242736 3456 100%
c B  4.00 31 17 21 3451 105031 26792 24% 8 242736 3456 100%
c -  4.02 32 17 22 3451 105031 18735 24% 8 242736 3456 100%
c -  4.26 34 16 23 3915 114593 19589 24% 8 242736 3456 100%
c W  4.48 34 17 23 4267 120032 23989 24% 8 242736 3456 100%
c s  4.57 40 16 23 4378 122692 25433 24% 8 242736 3456 100%
c w  4.61 40 16 23 4378 122692 25397 24% 8 242736 3456 100%
c s  4.67 40 16 23 4378 122692 25283 24% 8 242736 3456 100%
c ^  4.68 40 16 23 4378 122692 25283 24% 8 242736 3456 100%
c -  4.75 34 16 24 4510 124569 20688 24% 8 242736 3456 100%
c }  4.81 34 16 24 4619 127014 22581 24% 8 242736 3456 100%
c 
c  seconds  reductions       redundant   irredundant
c         MB     restarts           trail       variables
c          level      conflicts         glue         remaining
c 
c [  4.81 34 46 24 4619 127014 22581 52% 16 242736 3456 100%
c -  5.12 42 43 25 4623 134960 22338 49% 15 242736 3456 100%
c B  5.17 42 42 25 4624 136034 23327 49% 15 242736 3456 100%
c 2  5.35 42 40 25 4627 140013 26874 49% 14 242736 3456 100%
c p  5.38 42 40 25 4627 140013 30222 49% 14 242736 3456 100%
c -  5.65 35 44 26 4628 145769 23932 49% 15 242736 3456 100%
c W  6.04 35 43 26 4629 153035 30274 50% 15 242736 3456 100%
c -  6.21 44 44 27 4629 156988 24365 52% 16 242736 3456 100%
c -  6.72 35 43 28 4629 168623 24596 53% 15 242736 3456 100%
c I  6.82 35 43 28 4631 171036 26634 53% 16 242736 3456 100%
c p  7.27 35 44 28 4636 180013 38048 51% 16 242736 3456 100%
c -  7.34 46 44 29 4636 180673 25493 51% 16 242736 3456 100%
c s  7.50 47 46 29 4639 184036 28177 52% 16 242736 3456 100%
c w  7.54 47 46 29 4639 184036 28154 52% 16 242736 3456 100%
c e  7.58 47 46 29 4639 184036 22705 52% 16 242792 3448 100%
c s  7.61 47 46 29 4639 184036 22589 52% 16 242792 3448 100%
c B  7.83 47 44 29 4642 190038 27572 51% 16 242792 3448 100%
c -  7.95 37 44 30 4643 193141 23928 50% 16 242792 3448 100%
c -  8.45 44 40 31 4647 206026 24864 47% 15 242792 3448 100%
c W  8.74 44 39 31 4650 210039 28276 46% 15 242792 3448 100%
c 
c  seconds  reductions       redundant   irredundant
c         MB     restarts           trail       variables
c          level      conflicts         glue         remaining
c 
c -  9.17 44 40 32 4654 219328 27144 48% 15 242792 3448 100%
c 2  9.40 44 40 32 4658 225014 32190 48% 15 242792 3448 100%
c p  9.43 44 40 32 4658 225014 36052 48% 15 242792 3448 100%
c O  9.66 44 39 32 4659 231043 41181 47% 15 242792 3448 100%
c -  9.75 45 39 33 4659 233041 28685 46% 15 242792 3448 100%
c - 10.30 45 37 34 4660 247170 29349 44% 14 242792 3448 100%
c B 10.57 45 36 34 4660 253044 34304 43% 14 242792 3448 100%
c ] 10.65 45 37 34 4661 255015 36056 43% 14 242792 3448 100%
c { 10.65 45 16 34 4661 255015 36056 24% 8 242792 3448 100%
c s 10.79 45 16 34 4881 257690 37794 24% 8 242792 3448 100%
c v 10.82 45 16 34 4881 257690 37794 24% 8 242792 3448 100%
c w 10.83 45 16 34 4881 257690 37749 24% 8 242792 3448 100%
c t 10.84 45 16 34 4881 257690 37749 24% 8 242787 3448 100%
c s 10.89 45 16 34 4881 257690 37598 24% 8 242787 3448 100%
c - 11.10 45 16 35 5290 261714 31798 24% 8 242787 3448 100%
c 2 11.55 45 17 35 6254 275015 42218 25% 8 242787 3448 100%
c p 11.58 45 17 35 6254 275015 47222 25% 8 242787 3448 100%
c F 11.62 45 17 35 6329 276047 48006 25% 8 242787 3448 100%
c - 11.67 45 17 36 6354 276675 32174 25% 8 242787 3448 100%
c - 12.16 45 17 37 7628 292054 33660 25% 8 242787 3448 100%
c 
c  seconds  reductions       redundant  irredundant
c         MB     restarts           trail      variables
c          level      conflicts         glue        remaining
c 
c B 12.40 45 17 37 8170 300051 39808 25% 8 242787 3448 100%
c - 12.68 45 17 38 8773 307848 34835 25% 8 242787 3448 100%
c - 13.28 45 17 39 9921 324055 35898 25% 8 242787 3448 100%
c W 13.52 45 17 39 9955 325052 36685 25% 8 242787 3448 100%
c p 13.78 45 17 39 10304 330015 46371 26% 8 242787 3448 100%
c - 14.25 52 17 40 11006 340678 39011 26% 8 242787 3448 100%
c s 14.43 52 17 40 11235 343621 40295 26% 8 242787 3448 100%
c v 14.45 52 17 40 11235 343621 40295 26% 8 242787 3448 100%
c w 14.47 52 17 40 11235 343621 40234 26% 8 242787 3448 100%
c t 14.48 52 17 40 11235 343621 40234 26% 8 242769 3448 100%
c s 14.54 52 17 40 11235 343621 40079 26% 8 242769 3448 100%
c # 14.88 52 17 40 11870 351053 46014 26% 8 242769 3448 100%
c - 15.20 62 17 41 12331 357719 40922 26% 8 242769 3448 100%
c - 15.97 62 17 42 13506 375172 42424 27% 8 242769 3448 100%
c B 16.06 62 17 42 13622 378055 44765 27% 8 242769 3448 100%
c 2 16.54 62 17 42 14460 390015 54660 27% 8 242769 3448 100%
c p 16.59 62 17 42 14460 390015 60037 27% 8 242769 3448 100%
c - 16.77 62 17 43 14657 393041 44394 27% 8 242769 3448 100%
c W 17.58 62 17 43 15478 406057 54493 27% 8 242769 3448 100%
c - 17.79 62 17 44 15826 411325 45286 27% 8 242769 3448 100%
c 
c  seconds  reductions        redundant  irredundant
c         MB      restarts           trail      variables
c          level       conflicts         glue        remaining
c 
c - 18.45 62 17 45 17056 430026 46257 27% 8 242769 3448 100%
c F 18.63 62 17 45 17401 435058 50112 27% 8 242769 3448 100%
c s 18.91 62 17 45 17737 441824 54512 27% 8 242769 3448 100%
c v 18.94 62 17 45 17737 441824 54512 27% 8 242769 3448 100%
c w 18.96 62 17 45 17737 441824 54459 27% 8 242769 3448 100%
c t 18.97 62 17 45 17737 441824 54459 27% 8 242766 3448 100%
c s 19.03 62 17 45 17737 441824 54252 27% 8 242766 3448 100%
c - 19.34 44 17 46 18106 449144 46997 27% 8 242766 3448 100%
c 2 19.58 44 17 46 18455 455016 51709 27% 8 242766 3448 100%
c p 19.62 44 17 46 18455 455016 58452 27% 8 242766 3448 100%
c B 19.94 44 17 46 19162 465060 66230 27% 8 242766 3448 100%
c - 20.12 44 17 47 19409 468675 51695 27% 8 242766 3448 100%
c - 20.97 45 17 48 20713 488624 52519 28% 8 242766 3448 100%
c W 21.75 45 17 48 21154 496062 58312 28% 8 242766 3448 100%
c - 22.44 45 17 49 22207 508986 53262 28% 8 242766 3448 100%
c } 22.55 45 17 49 22383 511015 54918 28% 8 242766 3448 100%
c [ 22.55 45 37 49 22383 511015 54918 43% 14 242766 3448 100%
c p 23.33 45 54 49 22383 525016 73563 45% 16 242766 3448 100%
c W 23.99 45 53 49 22383 528064 76181 45% 16 242766 3448 100%
c - 24.13 46 52 50 22383 529765 56674 45% 16 242766 3448 100%
c 
c  seconds  reductions        redundant   irredundant
c         MB      restarts           trail       variables
c          level       conflicts         glue         remaining
c 
c - 25.27 51 51 51 22389 550959 55711 48% 15 242766 3448 100%
c s 25.45 58 50 51 22390 552306 56107 48% 15 242766 3448 100%
c v 25.48 58 50 51 22390 552306 56107 48% 15 242766 3448 100%
c w 25.51 58 50 51 22390 552306 56050 48% 15 242766 3448 100%
c t 25.53 58 50 51 22390 552306 56050 48% 15 242710 3448 100%
c s 25.61 58 50 51 22390 552306 55849 48% 15 242710 3448 100%
c I 26.09 58 49 51 22395 561066 63577 49% 15 242710 3448 100%
c - 26.79 60 55 52 22398 572569 58102 49% 15 242710 3448 100%
c - 28.01 49 53 53 22410 594591 57130 51% 16 242710 3448 100%
c B 28.05 49 52 53 22410 595068 57561 51% 16 242710 3448 100%
c 3 28.34 49 51 53 22412 600021 62244 52% 15 242710 3448 100%
c 2 28.36 49 51 53 22412 600021 62241 52% 15 242710 3448 100%
c p 28.44 49 51 53 22412 600021 69648 52% 15 242710 3448 100%
c - 29.42 63 56 54 22414 617029 59029 51% 16 242710 3448 100%
c W 30.65 63 54 54 22417 630075 69801 50% 16 242710 3448 100%
c - 31.19 74 52 55 22422 639882 60214 50% 15 242710 3448 100%
c - 32.65 74 48 56 22432 663153 61983 47% 16 242710 3448 100%
c O 32.84 74 48 56 22434 666076 64547 47% 16 242710 3448 100%
c p 33.75 74 45 56 22442 680028 83228 46% 15 242710 3448 100%
c - 34.21 74 45 57 22444 686840 64832 46% 15 242710 3448 100%
c 
c  seconds  reductions        redundant   irredundant
c         MB      restarts           trail       variables
c          level       conflicts         glue         remaining
c 
c B 35.16 74 42 57 22445 703077 78847 45% 15 242710 3448 100%
c - 35.64 77 43 58 22446 710940 67929 46% 15 242710 3448 100%
c - 37.24 77 42 59 22446 735458 69485 44% 15 242710 3448 100%
c W 38.14 77 42 59 22446 741080 74283 44% 15 242710 3448 100%
c - 39.60 77 39 60 22447 760392 70525 44% 15 242710 3448 100%
c p 39.96 77 39 60 22447 765028 81609 45% 15 242710 3448 100%
c I 40.90 77 43 60 22447 780083 94907 44% 15 242710 3448 100%
c - 41.31 95 46 61 22447 785740 73096 44% 16 242710 3448 100%
c - 42.75 77 66 62 22448 811502 71464 52% 15 242710 3448 100%
c B 43.16 77 64 62 22454 820084 78976 51% 15 242710 3448 100%
c - 43.98 84 60 63 22462 837680 70876 53% 15 242710 3448 100%
c p 45.03 84 59 63 22469 855028 93884 51% 15 242710 3448 100%
c W 45.95 84 59 63 22472 861089 99372 51% 16 242710 3448 100%
c - 46.14 84 59 64 22475 864273 72878 51% 16 242710 3448 100%
c - 47.76 84 57 65 22478 891283 72541 49% 17 242710 3448 100%
c O 48.39 84 56 65 22484 903092 82851 48% 17 242710 3448 100%
c - 49.14 84 53 66 22492 918708 73959 49% 17 242710 3448 100%
c B 50.36 84 50 66 22504 946097 98075 47% 17 242710 3448 100%
c - 50.42 84 50 67 22505 946548 74826 48% 17 242710 3448 100%
c p 50.68 84 49 67 22507 950029 85833 47% 16 242710 3448 100%
c 
c  seconds  reductions        redundant   irredundant
c         MB      restarts           trail       variables
c          level       conflicts         glue         remaining
c 
c - 52.19 99 51 68 22509 974803 78401 50% 16 242710 3448 100%
c W 53.59 99 60 68 22510 990098 92196 51% 17 242710 3448 100%
c - 54.29 99 57 69 22510 1003477 78107 49% 17 242710 3448 100%
c ] 55.40 99 53 69 22517 1023020 94556 48% 17 242710 3448 100%
c { 55.40 99 17 69 22517 1023020 94556 28% 8 242710 3448 100%
c - 55.93 99 17 70 23319 1032565 78639 28% 8 242710 3448 100%
c # 56.06 99 17 70 23580 1035100 80596 28% 9 242710 3448 100%
c p 56.81 99 17 70 24848 1050029 99525 28% 9 242710 3448 100%
c s 56.94 99 17 70 24848 1050029 97993 28% 9 242710 3448 100%
c v 56.97 99 17 70 24848 1050029 97993 28% 9 242710 3448 100%
c w 57.03 99 17 70 24848 1050029 97856 28% 9 242710 3448 100%
c t 57.07 99 17 70 24848 1050029 97855 28% 9 242539 3448 100%
c s 57.20 99 17 70 24848 1050029 97421 28% 9 242539 3448 100%
c - 57.80 51 17 71 25680 1062069 81810 28% 9 242539 3448 100%
c B 58.68 51 17 71 26936 1081101 96424 29% 9 242539 3448 100%
c - 59.27 68 17 72 27675 1091980 83494 29% 9 242539 3448 100%
c - 60.79 79 17 73 29816 1122306 84230 29% 9 242539 3448 100%
c W 61.79 79 17 73 30164 1128105 88367 29% 9 242539 3448 100%
c - 62.99 94 17 74 31856 1153048 85842 30% 9 242539 3448 100%
c 2 63.14 94 17 74 31997 1155029 87513 30% 9 242539 3448 100%
c 
c  seconds  reductions         redundant  irredundant
c         MB      restarts            trail      variables
c          level        conflicts         glue        remaining
c 
c p 63.21 94 17 74 31997 1155029 95835 30% 9 242539 3448 100%
c F 64.22 94 17 74 33293 1176110 111959 30% 9 242539 3448 100%
c - 64.66 94 17 75 33892 1184207 91677 30% 9 242539 3448 100%
c s 64.82 94 17 75 33973 1185029 90542 30% 9 242539 3448 100%
c v 64.84 94 17 75 33973 1185029 90542 30% 9 242539 3448 100%
c w 64.88 94 17 75 33973 1185029 90423 30% 9 242539 3448 100%
c t 64.90 94 17 75 33973 1185029 90423 30% 9 242460 3448 100%
c s 65.02 94 17 75 33973 1185029 90079 30% 9 242460 3448 100%
c ^ 65.03 94 17 75 33973 1185029 90079 30% 9 242460 3448 100%
c - 66.53 94 17 76 36027 1215780 91575 30% 9 242460 3448 100%
c B 67.00 94 17 76 36629 1225111 99044 30% 9 242460 3448 100%
c - 68.24 95 18 77 38042 1247766 92851 30% 9 242460 3448 100%
c 2 69.20 95 18 77 39314 1265031 106096 31% 9 242460 3448 100%
c p 69.28 95 18 77 39314 1265031 113245 31% 9 242460 3448 100%
c W 70.82 95 18 77 40017 1275121 121226 31% 9 242460 3448 100%
c - 71.16 95 18 78 40364 1280169 97387 31% 9 242460 3448 100%
c - 72.99 95 18 79 42516 1312985 98372 31% 9 242460 3448 100%
c # 73.75 95 18 79 43537 1326122 108399 31% 9 242460 3448 100%
c s 74.23 95 18 79 43979 1332290 111607 31% 9 242460 3448 100%
c v 74.26 95 18 79 43979 1332290 111607 31% 9 242460 3448 100%
c 
c  seconds  reductions         redundant   irredundant
c         MB      restarts             trail      variables
c          level        conflicts          glue        remaining
c 
c w 74.31 95 18 79 43979 1332290 111494 31% 9 242460 3448 100%
c e 74.36 95 18 79 43979 1332290 90092 31% 9 242692 3432 99%
c s 74.51 95 18 79 43979 1332290 89773 31% 9 242659 3432 99%
c e 74.52 95 18 79 43979 1332290 89226 31% 9 242671 3431 99%
c - 75.20 51 18 80 44777 1346216 82895 31% 9 242671 3431 99%
c B 76.64 51 18 80 46389 1378123 107153 31% 9 242671 3431 99%
c - 76.77 68 19 81 46482 1379871 87197 31% 9 242671 3431 99%
c p 76.88 68 19 81 46488 1380031 95849 31% 9 242671 3431 99%
c - 78.56 81 18 82 48325 1413942 97039 31% 9 242671 3431 99%
c W 80.40 81 18 82 49494 1431127 109991 31% 9 242671 3431 99%
c - 81.31 97 18 83 50525 1448428 98367 31% 9 242671 3431 99%
c - 83.09 97 18 84 52677 1483333 100753 31% 9 242671 3431 99%
c F 83.18 97 18 84 52759 1485128 102080 31% 9 242671 3431 99%
c s 83.68 97 18 84 53151 1492041 105671 31% 9 242623 3431 99%
c v 83.72 97 18 84 53151 1492041 105671 31% 9 242478 3431 99%
c w 83.77 97 18 84 53151 1492041 105591 31% 9 242478 3431 99%
c e 83.80 97 18 84 53151 1492041 101199 31% 9 242577 3423 99%
c s 83.95 97 18 84 53151 1492041 100707 31% 9 242491 3423 99%
c 2 84.41 97 18 84 53654 1500032 107041 31% 9 242491 3423 99%
c p 84.50 97 18 84 53654 1500032 113639 31% 9 242491 3423 99%
c 
c  seconds  reductions         redundant   irredundant
c         MB      restarts             trail      variables
c          level        conflicts          glue        remaining
c 
c - 85.54 97 18 85 54545 1518650 100644 31% 9 242491 3423 99%
c B 86.60 97 18 85 55735 1540129 117168 31% 9 242491 3423 99%
c - 87.44 99 18 86 56770 1554375 101869 31% 9 242491 3423 99%
c - 89.41 99 18 87 59127 1590515 104302 31% 9 242491 3423 99%
c W 90.92 99 18 87 59527 1596131 108600 31% 9 242491 3423 99%
c p 92.80 99 18 87 61293 1625032 138057 32% 9 242491 3423 99%
c - 92.98 99 18 88 61433 1627074 106799 32% 9 242491 3423 99%
c # 94.41 99 18 88 62949 1653132 126827 32% 9 242491 3423 99%
c - 95.02 102 19 89 63646 1664045 109349 32% 9 242491 3423 99%
c s 95.18 102 19 89 63655 1664145 107904 32% 9 242456 3423 99%
c v 95.23 102 19 89 63655 1664145 107904 32% 9 242250 3423 99%
c w 95.29 102 19 89 63655 1664145 107832 32% 9 242250 3423 99%
c e 95.32 102 19 89 63655 1664145 104843 32% 9 242318 3418 99%
c s 95.46 102 19 89 63655 1664145 104520 32% 9 242265 3418 99%
c - 97.59 102 18 90 66049 1701433 108674 32% 10 242265 3418 99%
c B 98.15 102 18 90 66591 1711134 116204 32% 9 242265 3418 99%
c - 99.81 102 18 91 68235 1739224 111536 32% 10 242265 3418 99%
c 2 100.71 102 18 91 69139 1755035 123595 32% 10 242265 3418 99%
c p 100.79 102 18 91 69139 1755035 131839 32% 10 242265 3418 99%
c W 102.97 102 18 91 70066 1770135 143581 32% 10 242265 3418 99%
c 
c  seconds    reductions         redundant    irredundant
c           MB      restarts             trail       variables
c            level        conflicts          glue         remaining
c 
c - 103.46 103 18 92 70504 1777431 117957 32% 10 242265 3418 99%
c - 105.77 103 19 93 72761 1816055 119164 32% 10 242265 3418 99%
c F 106.58 103 19 93 73587 1830142 130145 32% 10 242265 3418 99%
c s 107.89 103 19 93 74679 1848564 142648 32% 10 242211 3418 99%
c v 107.95 103 19 93 74679 1848564 142648 32% 10 242105 3418 99%
c w 108.02 103 19 93 74679 1848564 142569 32% 10 242105 3418 99%
c t 108.04 103 19 93 74679 1848564 142569 32% 10 242103 3418 99%
c s 108.32 103 19 93 74679 1848564 142220 32% 10 242103 3418 99%
c e 108.34 103 19 93 74679 1848564 141593 32% 10 242118 3417 99%
c - 108.83 103 19 94 75179 1855093 119909 32% 10 242118 3417 99%
c 2 110.89 103 19 94 76966 1890038 147013 32% 10 242118 3417 99%
c p 111.01 104 19 94 76966 1890038 154091 32% 10 242118 3417 99%
c B 111.11 104 19 94 77045 1891143 154949 32% 10 242118 3417 99%
c - 111.36 59 19 95 77214 1894537 122412 32% 10 242118 3417 99%
c - 113.85 82 19 96 79689 1934396 124211 33% 10 242118 3417 99%
c W 116.42 82 19 96 81039 1953145 138591 32% 10 242118 3417 99%
c - 117.87 82 19 97 82230 1974671 126313 33% 10 242118 3417 99%
c - 120.53 83 19 98 84516 2015362 128827 33% 10 242118 3417 99%
c # 120.59 83 19 98 84584 2016146 129501 33% 10 242118 3417 99%
c p 121.60 83 19 98 85340 2030038 148259 33% 10 242118 3417 99%
c 
c  seconds   reductions         redundant    irredundant
c          MB      restarts             trail       variables
c           level        conflicts          glue         remaining
c 
c s 122.87 83 19 98 86229 2045268 157930 33% 10 242097 3417 99%
c v 122.93 83 19 98 86229 2045268 157930 33% 10 242064 3417 99%
c w 123.00 83 19 98 86229 2045268 157845 33% 10 242064 3417 99%
c t 123.02 83 19 98 86229 2045268 157845 33% 10 242060 3417 99%
c e 123.04 83 19 98 86229 2045268 156309 33% 10 242072 3415 99%
c s 123.29 83 19 98 86229 2045268 155975 33% 10 242042 3415 99%
c } 123.43 83 19 98 86342 2047020 157250 33% 10 242042 3415 99%
c [ 123.43 83 53 98 86342 2047020 157250 48% 17 242042 3415 99%
c - 124.12 84 55 99 86348 2056470 132729 48% 17 242042 3415 99%
c I 125.51 84 63 99 86357 2080147 153150 47% 18 242042 3415 99%
c - 126.56 84 64 100 86365 2097986 135172 48% 19 242042 3415 99%
c - 129.36 86 57 101 86379 2139917 132360 49% 19 242042 3415 99%
c B 129.80 86 57 101 86380 2145149 137083 49% 19 242042 3415 99%
c 2 131.71 86 54 101 86395 2175039 163978 50% 19 242042 3415 99%
c p 131.85 86 54 101 86395 2175039 173740 50% 19 242042 3415 99%
c - 132.31 88 53 102 86396 2182264 133770 49% 19 242042 3415 99%
c W 136.18 88 48 102 86398 2211151 158728 47% 19 242042 3415 99%
c - 137.50 82 46 103 86398 2225028 133960 46% 19 242042 3415 99%
c s 140.57 88 44 103 86399 2254278 158797 43% 18 242031 3415 99%
c v 140.62 88 44 103 86399 2254278 158797 43% 18 241988 3415 99%
c 
c  seconds    reductions         redundant    irredundant
c          MB       restarts             trail       variables
c           level         conflicts          glue         remaining
c 
c w 140.72 88 44 103 86399 2254278 158717 43% 18 241988 3415 99%
c t 140.74 88 44 103 86399 2254278 158717 43% 18 241970 3415 99%
c s 141.03 88 44 103 86399 2254278 158405 43% 18 241970 3415 99%
c - 142.45 106 47 104 86399 2268207 138833 45% 18 241970 3415 99%
c O 143.07 106 50 104 86399 2278152 147896 48% 18 241970 3415 99%
c - 146.77 129 45 105 86400 2311797 141411 47% 18 241970 3415 99%
c 2 148.29 129 43 105 86400 2325039 152152 46% 18 241970 3415 99%
c p 148.42 129 43 105 86400 2325039 161929 46% 18 241970 3415 99%
c B 150.15 129 44 105 86400 2346153 180736 46% 18 241970 3415 99%
c - 150.79 129 50 106 86400 2355800 147448 48% 18 241970 3415 99%
c - 153.88 129 75 107 86400 2400218 145468 59% 18 241970 3415 99%
c W 157.16 129 84 107 86400 2415155 159185 62% 19 241970 3415 99%
c - 159.56 129 71 108 86406 2445054 142790 61% 18 241970 3415 99%
c s 162.29 129 68 108 86418 2475563 168998 58% 19 241970 3415 99%
c v 162.34 129 68 108 86418 2475563 168998 58% 19 241965 3415 99%
c w 162.43 129 68 108 86418 2475563 168914 58% 19 241965 3415 99%
c t 162.45 129 68 108 86418 2475563 168914 58% 19 241935 3415 99%
c s 162.78 129 68 108 86418 2475563 168671 58% 19 241935 3415 99%
c 2 163.22 129 66 108 86421 2480039 172669 58% 19 241935 3415 99%
c p 163.37 129 66 108 86421 2480039 182992 58% 19 241935 3415 99%
c 
c  seconds     reductions         redundant    irredundant
c           MB       restarts             trail       variables
c            level         conflicts          glue         remaining
c 
c I 163.80 129 65 108 86423 2485158 187650 57% 19 241935 3415 99%
c - 164.28 129 67 109 86427 2490306 146546 56% 20 241935 3415 99%
c - 167.77 89 66 110 86439 2535970 145205 54% 19 241935 3415 99%
c B 169.49 89 72 110 86446 2556162 163081 54% 19 241935 3415 99%
c - 171.47 85 63 111 86461 2582047 147554 54% 18 241935 3415 99%
c W 177.16 85 52 111 86463 2628167 187779 53% 18 241935 3415 99%
c - 177.28 108 52 112 86463 2628545 148596 53% 18 241935 3415 99%
c p 178.30 108 51 112 86464 2640039 169650 53% 18 241935 3415 99%
c - 181.11 108 51 113 86480 2675452 151573 48% 18 241935 3415 99%
c O 182.97 108 52 113 86493 2701172 174525 48% 18 241935 3415 99%
c s 183.98 108 51 113 86494 2709135 180964 48% 17 241935 3415 99%
c v 184.04 108 51 113 86494 2709135 180964 48% 17 241935 3415 99%
c w 184.15 108 51 113 86494 2709135 180882 48% 17 241935 3415 99%
c t 184.17 108 51 113 86494 2709135 180882 48% 17 241900 3415 99%
c s 184.67 108 51 113 86494 2709135 180597 48% 17 241900 3415 99%
c - 185.92 113 58 114 86494 2722774 156290 47% 18 241900 3415 99%
c - 190.18 140 51 115 86517 2770511 155001 48% 17 241900 3415 99%
c B 190.62 140 50 115 86521 2775174 158972 48% 17 241900 3415 99%
c 2 192.90 140 55 115 86525 2805040 185339 49% 19 241900 3415 99%
c p 193.06 140 55 115 86525 2805040 196253 49% 19 241900 3415 99%
c 
c  seconds     reductions         redundant    irredundant
c           MB       restarts             trail       variables
c            level         conflicts          glue         remaining
c 
c - 194.33 140 52 116 86526 2818664 158641 50% 19 241900 3415 99%
c W 198.86 140 54 116 86527 2850175 187216 53% 18 241900 3415 99%
c - 200.24 140 52 117 86527 2867231 160200 54% 18 241900 3415 99%
c - 205.36 140 46 118 86533 2916213 160695 51% 19 241900 3415 99%
c I 206.04 140 47 118 86539 2926176 169535 52% 19 241900 3415 99%
c - 209.16 140 50 119 86556 2965608 160461 51% 19 241900 3415 99%
c p 210.18 140 49 119 86558 2975043 179746 49% 19 241900 3415 99%
c B 213.03 140 45 119 86565 3003177 203038 46% 19 241900 3415 99%
c - 213.95 140 46 120 86572 3015420 165563 46% 20 241900 3415 99%
c - 218.17 140 53 121 86589 3065650 165952 46% 20 241900 3415 99%
c W 221.75 140 60 121 86590 3081179 179683 45% 20 241900 3415 99%
c - 224.58 140 61 122 86596 3116291 169237 49% 19 241900 3415 99%
c p 228.00 140 60 122 86611 3150046 207655 48% 19 241900 3415 99%
c s 228.47 140 60 122 86611 3150046 206503 48% 19 241900 3415 99%
c v 228.53 140 60 122 86611 3150046 206503 48% 19 241900 3415 99%
c w 228.68 140 60 122 86611 3150046 206399 48% 19 241900 3415 99%
c t 228.70 140 60 122 86611 3150046 206298 48% 19 241882 3415 99%
c s 229.22 140 60 122 86611 3150046 205889 48% 19 241882 3415 99%
c O 230.26 140 57 122 86616 3160180 214381 48% 19 241882 3415 99%
c - 230.98 147 55 123 86619 3167347 172249 48% 19 241882 3415 99%
c 
c  seconds     reductions         redundant    irredundant
c           MB       restarts             trail       variables
c            level         conflicts          glue         remaining
c 
c - 235.08 147 62 124 86636 3218817 171418 49% 19 241882 3415 99%
c B 236.81 147 59 124 86645 3240183 189593 47% 19 241882 3415 99%
c - 239.96 147 56 125 86652 3270702 172118 45% 18 241882 3415 99%
c W 247.07 147 58 125 86654 3321184 217114 54% 17 241882 3415 99%
c - 247.35 94 57 126 86654 3323003 175763 54% 17 241882 3415 99%
c 2 248.04 94 56 126 86654 3330048 181507 53% 17 241882 3415 99%
c p 248.20 94 56 126 86654 3330048 192983 53% 17 241882 3415 99%
c - 253.60 102 59 127 86654 3375718 181600 58% 16 241882 3415 99%
c I 256.51 102 55 127 86655 3403188 206378 61% 16 241882 3415 99%
c - 260.27 106 103 128 86655 3428848 182092 55% 24 241882 3415 99%
c - 270.19 111 148 129 86655 3482394 184112 48% 36 241882 3415 99%
c B 271.24 111 149 129 86655 3486190 187376 47% 37 241882 3415 99%
c p 274.98 111 132 129 86656 3515049 224733 48% 34 241882 3415 99%
c - 277.39 110 115 130 86656 3536356 186284 51% 30 241882 3415 99%
c W 283.30 110 95 130 86656 3570193 217041 57% 25 241882 3415 99%
c - 285.41 104 84 131 86656 3590731 186119 55% 24 241882 3415 99%
c - 292.16 96 64 132 86656 3645524 184849 49% 23 241882 3415 99%
c O 293.52 96 60 132 86656 3655197 191977 48% 22 241882 3415 99%
c - 298.85 133 53 133 86656 3700729 189359 47% 20 241882 3415 99%
c p 299.69 133 52 133 86656 3705050 204774 47% 20 241882 3415 99%
c 
c  seconds     reductions         redundant    irredundant
c           MB       restarts             trail       variables
c            level         conflicts          glue         remaining
c 
c s 300.27 133 52 133 86656 3705050 203748 47% 20 241882 3415 99%
c v 300.33 133 52 133 86656 3705050 203748 47% 20 241882 3415 99%
c w 300.53 133 52 133 86656 3705050 203655 47% 20 241882 3415 99%
c t 300.54 133 52 133 86656 3705050 203652 47% 20 241882 3415 99%
c s 301.17 133 52 133 86656 3705050 203221 47% 20 241882 3415 99%
c B 304.98 133 55 133 86656 3741198 235981 52% 18 241882 3415 99%
c - 307.18 139 56 134 86656 3756354 201696 52% 18 241882 3415 99%
c - 312.99 134 56 135 86671 3812392 200901 56% 17 241882 3415 99%
c W 317.43 134 57 135 86681 3828201 214700 55% 17 241882 3415 99%
c - 321.63 130 48 136 86692 3868844 197738 51% 17 241882 3415 99%
c p 324.85 130 51 136 86705 3900050 234762 51% 18 241882 3415 99%
c I 326.83 130 49 136 86715 3916204 248412 50% 18 241882 3415 99%
c - 327.86 131 51 137 86717 3925711 200748 50% 18 241882 3415 99%
c - 333.52 140 58 138 86722 3982995 200357 59% 17 241882 3415 99%
c B 335.38 140 53 138 86733 4005205 219838 59% 18 241882 3415 99%
c - 338.82 129 55 139 86749 4040691 199470 57% 20 241882 3415 99%
c ] 344.17 129 48 139 86765 4095020 245036 55% 21 241882 3415 99%
c { 344.17 129 19 139 86765 4095020 245036 33% 10 241882 3415 99%
c B 344.21 129 19 139 86808 4095207 245189 33% 10 241882 3415 99%
c - 344.70 101 19 140 87122 4098802 197082 33% 10 241882 3415 99%
c 
c  seconds     reductions         redundant    irredundant
c           MB       restarts             trail       variables
c            level         conflicts          glue         remaining
c 
c p 345.02 101 19 140 87258 4100054 209602 33% 10 241882 3415 99%
c - 349.88 127 19 141 91275 4157328 197310 33% 10 241882 3415 99%
c W 355.51 127 19 141 93466 4186208 219381 34% 10 241882 3415 99%
c - 358.64 98 19 142 95258 4216270 203194 34% 10 241882 3415 99%
c - 364.33 102 20 143 99144 4275626 207265 35% 10 241882 3415 99%
c F 364.59 102 20 143 99337 4278211 209294 35% 10 241882 3415 99%
c p 367.37 102 20 143 101105 4305054 236889 35% 10 241882 3415 99%
c s 368.11 116 20 143 101105 4305054 234832 35% 10 241882 3415 99%
c v 368.18 116 20 143 101105 4305054 234832 35% 10 241879 3415 99%
c w 368.38 116 20 143 101105 4305054 234681 35% 10 241879 3415 99%
c t 368.39 116 20 143 101105 4305054 234677 35% 10 241879 3415 99%
c s 369.18 116 20 143 101105 4305054 234122 35% 10 241879 3415 99%
c - 372.52 117 20 144 103027 4335399 213330 35% 11 241879 3415 99%
c B 376.04 117 20 144 105248 4371215 240461 35% 11 241879 3415 99%
c - 378.57 118 20 145 106540 4395587 214096 35% 11 241879 3415 99%
c - 384.72 118 20 146 110216 4456188 216432 35% 11 241879 3415 99%
c W 388.61 118 20 146 110707 4465218 223135 35% 11 241879 3415 99%
c p 393.84 118 20 146 113537 4515060 268374 35% 11 241879 3415 99%
c - 394.20 118 20 147 113620 4517204 218732 35% 11 241879 3415 99%
c # 398.62 118 20 147 115977 4560222 251423 35% 11 241879 3415 99%
c 
c  seconds     reductions          redundant    irredundant
c           MB       restarts              trail       variables
c            level          conflicts          glue         remaining
c 
c - 400.79 119 20 148 117174 4578638 222568 36% 11 241879 3415 99%
c s 402.49 119 20 148 117835 4587790 227206 35% 11 241877 3415 99%
c v 402.55 119 20 148 117835 4587790 227206 35% 11 241869 3415 99%
c w 402.72 119 20 148 117835 4587790 227085 35% 11 241869 3415 99%
c t 402.72 119 20 148 117835 4587790 227077 35% 11 241869 3415 99%
c s 403.50 119 20 148 117835 4587790 226609 35% 11 241869 3415 99%
c - 410.25 120 20 149 121104 4640487 224852 35% 11 241869 3415 99%
c B 412.07 120 20 149 122134 4656225 236935 36% 11 241869 3415 99%
c - 417.73 120 20 150 124971 4702750 227372 35% 11 241869 3415 99%
c p 421.36 120 20 150 126745 4730061 257846 36% 11 241869 3415 99%
c W 427.28 120 20 150 128184 4753231 275766 36% 11 241869 3415 99%
c - 428.94 121 20 151 128876 4765428 235264 36% 11 241869 3415 99%
c - 437.23 121 20 152 132654 4828522 236790 36% 11 241869 3415 99%
c F 440.08 121 20 152 133985 4851232 254135 36% 11 241869 3415 99%
c s 445.36 123 21 152 136144 4882809 275344 36% 11 241869 3415 99%
c v 445.44 123 21 152 136144 4882809 275344 36% 11 241867 3415 99%
c w 445.64 123 21 152 136144 4882809 275209 36% 11 241867 3415 99%
c t 445.65 123 21 152 136144 4882809 275204 36% 11 241867 3415 99%
c s 446.82 123 21 152 136144 4882809 274712 36% 11 241867 3415 99%
c - 448.26 123 20 153 136644 4892029 236924 36% 11 241867 3415 99%
c 
c  seconds     reductions          redundant    irredundant
c           MB       restarts              trail       variables
c            level          conflicts          glue         remaining
c 
c 2 456.08 123 20 153 140081 4950062 280264 35% 11 241867 3415 99%
c p 456.41 123 20 153 140081 4950062 288636 35% 11 241867 3415 99%
c B 456.48 123 20 153 140100 4950236 288762 35% 11 241867 3415 99%
c - 457.47 122 20 154 140501 4955954 238940 35% 11 241867 3415 99%
c - 465.63 123 20 155 144192 5020290 241951 35% 11 241867 3415 99%
c W 472.71 123 21 155 145954 5050237 264652 36% 11 241867 3415 99%
c - 477.43 124 21 156 147930 5085041 245823 36% 11 241867 3415 99%
c - 486.03 124 20 157 151542 5150214 249067 36% 11 241867 3415 99%
c # 486.15 124 20 157 151548 5151239 249847 36% 11 241867 3415 99%
c p 489.52 124 20 157 153112 5175065 277551 36% 11 241867 3415 99%
c s 492.70 125 21 157 153812 5190119 286660 36% 11 241867 3415 99%
c v 492.77 125 21 157 153812 5190119 286660 36% 11 241866 3415 99%
c w 493.00 125 21 157 153812 5190119 286540 36% 11 241866 3415 99%
c t 493.00 125 21 157 153812 5190119 286534 36% 11 241866 3415 99%
c e 493.03 125 21 157 153812 5190119 284762 36% 11 241879 3414 99%
c s 494.31 125 21 157 153812 5190119 284204 36% 11 241870 3414 99%
c - 498.08 125 21 158 155306 5215797 253497 36% 11 241870 3414 99%
c B 503.01 125 21 158 157254 5253242 281921 36% 11 241870 3414 99%
c - 507.13 126 21 159 159057 5281801 255463 36% 11 241870 3414 99%
c - 516.42 126 21 160 162898 5348212 258098 37% 11 241870 3414 99%
c 
c  seconds     reductions          redundant    irredundant
c           MB       restarts              trail       variables
c            level          conflicts          glue         remaining
c 
c W 520.47 126 21 160 163356 5356245 264312 37% 11 241870 3414 99%
c p 527.18 126 20 160 166246 5405068 308632 36% 11 241870 3414 99%
c - 528.80 125 21 161 166862 5415039 261389 36% 11 241870 3414 99%
c F 534.56 125 21 161 169673 5460248 296206 36% 11 241870 3414 99%
c - 537.75 128 21 162 171014 5482284 265858 37% 11 241870 3414 99%
c s 542.68 128 21 162 172443 5509746 284461 37% 11 241850 3414 99%
c v 542.75 128 21 162 172443 5509746 284461 37% 11 241828 3414 99%
c w 543.00 128 21 162 172443 5509746 284341 37% 11 241828 3414 99%
c t 543.01 128 21 162 172443 5509746 284340 37% 11 241828 3414 99%
c e 543.03 128 21 162 172443 5509746 282160 37% 11 241843 3413 99%
c s 544.29 128 21 162 172443 5509746 281661 37% 11 241836 3413 99%
c - 550.16 126 21 163 174735 5549943 264110 37% 11 241836 3413 99%
c B 552.38 126 21 163 175663 5565249 275847 37% 11 241836 3413 99%
c - 560.53 128 21 164 178640 5618012 269261 37% 11 241836 3413 99%
c p 564.00 128 21 164 179910 5640068 295414 37% 11 241836 3413 99%
c W 571.58 128 21 164 181937 5671250 319652 37% 12 241836 3413 99%
c - 574.23 129 21 165 182833 5686498 276802 37% 12 241836 3413 99%
c - 585.43 130 21 166 186677 5755397 279032 38% 11 241836 3413 99%
c i 585.99 130 21 166 186908 5759297 281956 38% 11 241836 3412 99%
c # 588.66 130 21 166 188126 5778254 296233 37% 12 241836 3412 99%
c 
c  seconds     reductions          redundant    irredundant
c           MB       restarts              trail       variables
c            level          conflicts          glue         remaining
c 
c - 595.63 130 21 167 190695 5824713 281125 38% 11 241744 3412 99%
c s 599.49 130 21 167 191627 5841677 290905 37% 11 241744 3412 99%
c v 599.56 130 21 167 191627 5841677 290905 37% 11 241741 3412 99%
c w 599.82 130 21 167 191627 5841677 290782 37% 11 241741 3412 99%
c t 599.83 130 21 167 191627 5841677 290777 37% 11 241741 3412 99%
c s 599.92 130 21 167 191627 5841677 290777 37% 11 241741 3412 99%
c p 606.28 130 21 167 194026 5880074 328381 37% 11 241741 3412 99%
c B 607.23 130 21 167 194384 5886255 333014 37% 11 241741 3412 99%
c - 608.70 129 21 168 194906 5894434 283600 37% 12 241741 3412 99%
c - 618.95 131 21 169 198917 5964574 287021 37% 12 241741 3412 99%
c W 626.23 131 21 169 200869 5995258 310283 37% 12 241741 3412 99%
c - 632.73 131 21 170 203223 6035125 289229 38% 12 241741 3412 99%
c F 643.23 131 22 170 207378 6105262 342894 38% 12 241741 3412 99%
c - 643.53 132 22 171 207434 6106092 292319 38% 12 241741 3412 99%
c p 646.78 132 22 171 208472 6125075 316755 38% 12 241741 3412 99%
c - 655.39 134 22 172 211685 6177472 300915 38% 12 241741 3412 99%
c B 661.53 134 22 172 214044 6216264 330795 38% 12 241741 3412 99%
c - 667.09 132 22 173 216035 6249267 302145 38% 12 241741 3412 99%
c - 678.47 134 22 174 220419 6321478 303927 38% 12 241741 3412 99%
c W 682.19 134 22 174 220737 6328265 309209 38% 12 241741 3412 99%
c 
c  seconds     reductions          redundant    irredundant
c           MB       restarts              trail       variables
c            level          conflicts          glue         remaining
c 
c p 690.23 134 22 174 223545 6375078 354333 38% 12 241741 3412 99%
c - 693.72 134 22 175 224764 6394103 308713 38% 12 241741 3412 99%
c # 701.41 134 22 175 227585 6441267 345593 38% 12 241741 3412 99%
c - 705.99 135 22 176 229076 6467147 312159 38% 12 241741 3412 99%
c - 718.54 134 22 177 233232 6540604 314178 38% 12 241741 3412 99%
c B 720.96 134 22 177 233973 6555269 325213 38% 12 241741 3412 99%
c - 731.99 134 22 178 237729 6614474 316303 37% 12 241741 3412 99%
c p 734.96 134 21 178 238609 6630079 337222 37% 12 241741 3412 99%
c W 744.74 134 22 178 240873 6670270 367544 37% 12 241741 3412 99%
c - 748.39 134 22 179 241936 6688762 324013 37% 12 241741 3412 99%
c i 758.56 134 22 179 245275 6745462 367932 38% 12 241741 3411 99%
c s 759.93 149 22 179 245275 6745462 362361 38% 12 241741 3411 99%
c v 760.00 149 22 179 245275 6745462 362361 38% 12 241735 3411 99%
c w 760.55 149 22 179 245275 6745462 362121 38% 12 241735 3411 99%
c t 760.56 149 22 179 245275 6745462 362106 38% 12 241735 3411 99%
c s 761.29 149 22 179 245275 6745462 361934 38% 12 241645 3411 99%
c - 764.85 152 22 180 246200 6763462 324096 38% 12 241645 3411 99%
c F 768.82 152 22 180 247417 6786271 341438 38% 12 241645 3411 99%
c i 775.56 152 22 180 249663 6822186 369335 39% 12 241645 3410 99%
c - 778.96 152 22 181 250678 6838569 325536 39% 12 241577 3410 99%
c 
c  seconds     reductions          redundant    irredundant
c           MB       restarts              trail       variables
c            level          conflicts          glue         remaining
c 
c p 788.45 152 22 181 253462 6890080 373575 39% 12 241577 3410 99%
c B 791.03 152 22 181 254315 6903273 383570 39% 12 241577 3410 99%
c - 793.18 153 23 182 254926 6914083 330974 39% 12 241577 3410 99%
c - 806.95 154 23 183 259051 6990013 334533 39% 12 241577 3410 99%
c W 815.65 154 23 183 260933 7021274 359098 40% 12 241577 3410 99%
c - 824.30 154 23 184 263648 7066364 338919 40% 12 241577 3410 99%
c s 832.14 161 23 184 265746 7101965 363645 40% 12 241577 3410 99%
c v 832.22 161 23 184 265746 7101965 363645 40% 12 241573 3410 99%
c w 832.53 161 23 184 265746 7101965 363424 40% 12 241573 3410 99%
c t 832.54 161 23 184 265746 7101965 363416 40% 12 241573 3410 99%
c e 832.57 161 23 184 265746 7101965 361717 40% 12 241589 3409 99%
c s 833.58 161 23 184 265746 7101965 361485 40% 12 241589 3409 99%
c # 841.13 161 23 184 268269 7140275 391042 40% 12 241589 3409 99%
c - 841.91 161 23 185 268386 7143123 339081 40% 12 241589 3409 99%
c p 844.65 161 23 185 269059 7155080 357678 40% 12 241589 3409 99%
c - 857.44 160 23 186 272740 7220302 346005 39% 12 241589 3409 99%
c B 864.73 160 23 186 275147 7260277 376861 40% 12 241589 3409 99%
c - 872.32 162 23 187 277259 7297894 348480 39% 12 241589 3409 99%
c - 888.36 164 23 188 281478 7375901 351891 40% 12 241589 3409 99%
c W 892.48 164 23 188 281881 7381278 356007 40% 12 241589 3409 99%
c 
c  seconds     reductions          redundant    irredundant
c           MB       restarts              trail       variables
c            level          conflicts          glue         remaining
c 
c i 894.87 164 23 188 282435 7394500 366025 40% 12 241589 3408 99%
c p 901.29 164 23 188 284450 7425080 398249 40% 12 241589 3408 99%
c - 907.71 163 23 189 286054 7454321 357255 40% 12 241522 3408 99%
c s 912.05 166 23 189 286924 7470798 366136 40% 12 241522 3408 99%
c v 912.13 166 23 189 286924 7470798 366136 40% 12 241508 3408 99%
c w 912.43 166 23 189 286924 7470798 365861 40% 12 241508 3408 99%
c t 912.43 166 23 189 286924 7470798 365826 40% 12 241508 3408 99%
c e 912.46 166 23 189 286924 7470798 361188 40% 12 241512 3407 99%
c s 913.61 166 23 189 286924 7470798 360841 40% 12 241512 3407 99%
c F 920.08 166 23 189 288942 7503282 385853 40% 12 241512 3407 99%
c - 926.29 166 23 190 290612 7533152 354059 39% 12 241512 3407 99%
c - 942.30 164 23 191 295144 7612395 355900 39% 12 241512 3407 99%
c B 944.84 164 23 191 296024 7626284 366622 39% 12 241512 3407 99%
c - 958.10 167 23 192 299667 7692052 360098 39% 12 241512 3407 99%
c p 960.20 167 23 192 300187 7700083 376265 40% 12 241512 3407 99%
c W 973.67 167 23 192 303102 7750289 414424 40% 12 241512 3407 99%
c - 978.29 168 23 193 304283 7772128 368370 40% 12 241512 3407 99%
c s 996.20 172 23 193 308979 7851951 427077 40% 12 241498 3407 99%
c v 996.29 172 23 193 308979 7851951 427077 40% 12 241490 3407 99%
c w 996.64 172 23 193 308979 7851951 426756 40% 12 241490 3407 99%
c 
c  seconds     reductions          redundant    irredundant
c           MB       restarts              trail       variables
c            level          conflicts          glue         remaining
c 
c t 996.65 172 23 193 308979 7851951 426746 40% 12 241489 3407 99%
c e 996.70 172 23 193 308979 7851951 422853 40% 12 241500 3406 99%
c s 998.12 172 23 193 308979 7851951 422490 40% 12 241500 3406 99%
c - 998.55 173 23 194 309032 7852616 365827 40% 12 241500 3406 99%
c # 1002.99 173 24 194 310545 7875291 383705 40% 13 241500 3406 99%
c - 1016.58 174 23 195 313729 7933516 368712 41% 12 241500 3406 99%
c p 1026.55 174 23 195 315971 7980084 413539 41% 12 241500 3406 99%
c B 1031.16 174 23 195 317081 8001292 429800 41% 12 241500 3406 99%
c - 1034.34 174 23 196 317874 8014832 374194 41% 12 241500 3406 99%
c - 1052.73 172 23 197 322718 8096564 376318 40% 12 241500 3406 99%
c W 1062.74 172 23 197 324393 8128295 400710 40% 12 241500 3406 99%
c i 1064.46 172 23 197 324818 8135650 406442 40% 12 241500 3405 99%
c - 1074.56 175 23 198 327245 8178713 380082 40% 12 241407 3405 99%
c } 1077.19 175 24 198 328031 8191023 389712 40% 12 241407 3405 99%
c [ 1077.19 175 48 198 328031 8191023 389712 55% 21 241407 3405 99%
c s 1088.29 176 57 198 328048 8245411 433661 55% 22 241402 3405 99%
c v 1088.38 176 57 198 328048 8245411 433661 55% 22 241389 3405 99%
c w 1088.72 176 57 198 328048 8245411 433346 55% 22 241389 3405 99%
c t 1088.73 176 57 198 328048 8245411 433337 55% 22 241389 3405 99%
c e 1088.78 176 57 198 328048 8245411 429413 55% 22 241402 3404 98%
c 
c   seconds     reductions          redundant    irredundant
c            MB       restarts              trail       variables
c             level          conflicts          glue         remaining
c 
c s 1090.64 176 57 198 328048 8245411 428925 55% 22 241402 3404 98%
c W 1095.77 176 55 198 328048 8256297 438697 55% 22 241402 3404 98%
c - 1096.96 180 54 199 328048 8261267 383721 55% 22 241402 3404 98%
c p 1098.32 180 53 199 328048 8265088 397586 55% 22 241402 3404 98%
c - 1116.55 183 46 200 328050 8344235 383691 53% 19 241402 3404 98%
c O 1125.39 183 45 200 328070 8385300 419350 52% 19 241402 3404 98%
c - 1135.28 189 45 201 328080 8427615 383057 51% 19 241402 3404 98%
c - 1153.65 182 48 202 328112 8511411 385202 50% 19 241402 3404 98%
c B 1154.24 182 54 202 328112 8515305 388739 50% 21 241402 3404 98%
c p 1162.29 182 79 202 328119 8555090 437375 51% 27 241402 3404 98%
c - 1171.53 178 65 203 328138 8595623 386771 49% 25 241402 3404 98%
c W 1186.43 178 63 203 328155 8646310 430436 50% 22 241402 3404 98%
c - 1193.42 179 55 204 328170 8680250 384796 51% 21 241402 3404 98%
c - 1214.71 182 46 205 328176 8765291 387650 51% 21 241402 3404 98%
c I 1217.78 182 46 205 328176 8778311 399570 51% 21 241402 3404 98%
c p 1232.53 185 56 205 328177 8850091 480758 60% 18 241402 3404 98%
c - 1232.98 215 57 206 328177 8850744 393534 60% 18 241402 3404 98%
c B 1246.98 215 92 206 328177 8911312 448479 56% 27 241402 3404 98%
c - 1254.37 183 80 207 328177 8936618 392297 53% 26 241402 3404 98%
c - 1272.30 182 56 208 328208 9022905 384916 52% 24 241402 3404 98%
c 
c   seconds     reductions          redundant    irredundant
c            MB       restarts              trail       variables
c             level          conflicts          glue         remaining
c 
c W 1279.68 182 52 208 328218 9045314 403403 52% 23 241402 3404 98%
c - 1291.91 187 45 209 328239 9109602 391708 51% 21 241402 3404 98%
c p 1301.96 187 64 209 328244 9150092 443352 50% 24 241402 3404 98%
c O 1309.70 187 61 209 328257 9180321 468519 50% 22 241402 3404 98%
c - 1314.56 190 58 210 328267 9196714 398737 49% 22 241402 3404 98%
c - 1331.08 186 59 211 328300 9284246 402387 50% 23 241402 3404 98%
c B 1338.01 186 53 211 328303 9316322 428932 48% 23 241402 3404 98%
c - 1349.90 204 59 212 328304 9372188 402624 54% 21 241402 3404 98%
c W 1371.54 204 57 212 328325 9453326 473817 54% 20 241402 3404 98%
c p 1372.66 204 57 212 328326 9455093 491127 54% 21 241402 3404 98%
c - 1374.15 201 56 213 328328 9460550 404206 54% 21 241402 3404 98%
c - 1396.36 191 50 214 328363 9549321 402262 53% 19 241402 3404 98%
c I 1405.23 191 53 214 328367 9591330 439780 55% 20 241402 3404 98%
c - 1417.50 204 64 215 328382 9638508 410725 52% 24 241402 3404 98%
c - 1440.88 193 60 216 328413 9728111 410272 46% 22 241402 3404 98%
c B 1441.39 193 60 216 328414 9730332 412257 46% 22 241402 3404 98%
c p 1449.54 193 58 216 328429 9765096 459128 49% 21 241402 3404 98%
c - 1462.43 196 60 217 328431 9818127 418958 47% 21 241402 3404 98%
c W 1476.38 196 62 217 328431 9870333 467620 55% 20 241402 3404 98%
c - 1485.48 214 57 218 328432 9908558 419073 60% 19 241402 3404 98%
c 
c   seconds     reductions          redundant    irredundant
c            MB       restarts              trail       variables
c             level          conflicts          glue         remaining
c 
c - 1511.31 213 52 219 328432 9999404 422533 69% 18 241402 3404 98%
c O 1514.75 213 50 219 328432 10011334 433387 69% 18 241402 3404 98%
c p 1535.12 214 53 219 328433 10080102 513626 69% 16 241402 3404 98%
c s 1536.49 228 53 219 328433 10080102 509632 69% 16 241396 3404 98%
c v 1536.61 228 53 219 328433 10080102 509632 69% 16 241380 3404 98%
c w 1537.33 228 53 219 328433 10080102 509098 69% 16 241380 3404 98%
c t 1537.34 228 53 219 328433 10080102 509081 69% 16 241380 3404 98%
c s 1539.47 228 53 219 328433 10080102 508161 69% 16 241380 3404 98%
c - 1541.80 227 63 220 328433 10090665 431009 67% 18 241380 3404 98%
c B 1559.29 227 86 220 328433 10153336 483981 53% 26 241380 3404 98%
c - 1567.32 211 82 221 328433 10182343 425622 57% 25 241380 3404 98%
c - 1590.47 232 77 222 328433 10274434 427340 67% 22 241380 3404 98%
c W 1599.79 232 72 222 328434 10296339 446468 66% 22 241380 3404 98%
c - 1620.26 209 65 223 328434 10366937 425526 60% 23 241380 3404 98%
c p 1633.95 209 60 223 328434 10400102 472299 58% 23 241380 3404 98%
c I 1649.25 209 50 223 328434 10440340 504461 55% 23 241380 3404 98%
c - 1653.80 216 62 224 328434 10459857 434932 57% 22 241380 3404 98%
c s 1663.46 216 70 224 328434 10498165 470554 59% 20 241380 3404 98%
c v 1663.56 216 70 224 328434 10498165 470554 59% 20 241377 3404 98%
c w 1663.99 216 70 224 328434 10498165 470240 59% 20 241377 3404 98%
c 
c   seconds     reductions           redundant    irredundant
c            MB       restarts               trail       variables
c             level          conflicts           glue         remaining
c 
c t 1663.99 216 70 224 328434 10498165 470239 59% 20 241377 3404 98%
c s 1665.36 216 70 224 328434 10498165 465864 59% 20 241377 3404 98%
c - 1692.48 219 66 225 328434 10553191 432548 50% 23 241377 3404 98%
c B 1702.81 219 64 225 328434 10585341 460696 50% 23 241377 3404 98%
c - 1719.78 235 66 226 328434 10646941 437036 55% 21 241377 3404 98%
c 2 1742.29 235 65 226 328434 10725102 509375 59% 20 241377 3404 98%
c p 1743.27 235 65 226 328434 10725102 524760 59% 20 241377 3404 98%
c W 1749.68 235 64 226 328434 10731343 529980 58% 20 241377 3404 98%
c - 1753.01 243 64 227 328434 10741103 443073 59% 20 241377 3404 98%
c - 1784.26 239 60 228 328447 10835680 447938 61% 19 241377 3404 98%
c O 1803.12 239 50 228 328464 10878348 481500 55% 20 241377 3404 98%
c - 1820.25 218 48 229 328480 10930672 442286 55% 19 241377 3404 98%
c - 1849.99 229 41 230 328504 11026080 446992 55% 18 241377 3404 98%
c B 1850.11 229 41 230 328504 11026351 447237 55% 18 241377 3404 98%
c p 1859.85 229 43 230 328517 11055106 487623 53% 19 241377 3404 98%
c - 1876.50 208 42 231 328542 11121900 451113 50% 19 241377 3404 98%
c W 1895.75 208 43 231 328559 11175355 494314 48% 19 241377 3404 98%
c - 1905.62 215 55 232 328561 11218135 452116 52% 23 241377 3404 98%
c - 1933.81 204 56 233 328576 11314786 447137 49% 25 241377 3404 98%
c I 1936.81 204 53 233 328583 11325356 455217 47% 24 241377 3404 98%
c 
c   seconds     reductions           redundant    irredundant
c            MB       restarts               trail       variables
c             level          conflicts           glue         remaining
c 
c p 1953.81 204 53 233 328606 11390106 525291 50% 22 241377 3404 98%
c - 1959.66 221 51 234 328614 11411851 453227 51% 21 241377 3404 98%
c B 1977.92 221 54 234 328624 11476359 511315 49% 23 241377 3404 98%
c - 1987.49 239 61 235 328639 11509331 457328 51% 23 241377 3404 98%
c - 2015.75 224 53 236 328676 11607231 453964 50% 20 241377 3404 98%
c W 2024.20 224 51 236 328685 11628364 471034 49% 21 241377 3404 98%
c - 2046.29 232 49 237 328688 11705541 460409 52% 20 241377 3404 98%
c p 2055.04 232 48 237 328688 11730108 499958 53% 19 241377 3404 98%
c s 2057.15 249 48 237 328688 11730108 498777 53% 19 241377 3404 98%
c v 2057.25 249 48 237 328688 11730108 498777 53% 19 241368 3404 98%
c w 2058.03 249 48 237 328688 11730108 498031 53% 19 241368 3403 98%
c t 2058.04 249 48 237 328688 11730108 498018 53% 19 241368 3403 98%
c e 2058.08 249 48 237 328688 11730108 496592 53% 19 241317 3402 98%
c s 2058.88 249 48 237 328688 11730108 496520 53% 19 241317 3402 98%
c O 2083.40 249 46 237 328689 11781365 540365 48% 20 241317 3402 98%
c - 2095.14 248 43 238 328689 11804266 468634 47% 19 241317 3402 98%
c - 2136.70 262 47 239 328702 11903397 476596 49% 19 241317 3402 98%
c B 2148.65 262 48 239 328715 11935366 503274 48% 19 241317 3402 98%
c - 2166.40 236 51 240 328737 12002944 472087 46% 22 241317 3402 98%
c p 2187.92 236 71 240 328752 12075111 550379 47% 25 241317 3402 98%
c 
c   seconds     reductions           redundant    irredundant
c            MB       restarts               trail       variables
c             level          conflicts           glue         remaining
c 
c W 2195.96 236 68 240 328757 12090368 563756 48% 24 241317 3402 98%
c - 2200.17 243 65 241 328764 12102905 474622 48% 23 241317 3402 98%
c s 2220.16 247 51 241 328787 12172794 533514 45% 21 241317 3402 98%
c v 2220.26 247 51 241 328787 12172794 533514 45% 21 241286 3402 98%
c w 2220.84 247 51 241 328787 12172794 533423 45% 21 241286 3402 98%
c t 2220.85 247 51 241 328787 12172794 533418 45% 21 241286 3402 98%
c s 2222.13 247 51 241 328787 12172794 529917 45% 21 241286 3402 98%
c - 2230.05 242 47 242 328800 12203282 466993 48% 20 241286 3402 98%
c I 2241.47 242 51 242 328814 12246370 503047 48% 20 241286 3402 98%
c - 2259.20 241 66 243 328816 12304071 471055 47% 24 241286 3402 98%
c B 2298.61 241 58 243 328844 12403371 556686 47% 24 241286 3402 98%
c - 2299.35 250 58 244 328844 12405275 470930 47% 24 241286 3402 98%
c 2 2306.14 250 61 244 328847 12425114 488395 47% 25 241286 3402 98%
c p 2306.92 250 61 244 328847 12425114 506702 47% 25 241286 3402 98%
c - 2343.92 240 49 245 328878 12506897 475283 46% 22 241286 3402 98%
c W 2371.98 240 53 245 328886 12561374 519892 46% 21 241286 3402 98%
c - 2383.58 239 54 246 328908 12608927 477771 47% 21 241286 3402 98%
c s 2389.94 239 50 246 328910 12627767 493567 47% 20 241286 3402 98%
c v 2390.04 239 50 246 328910 12627767 493567 47% 20 241281 3402 98%
c w 2390.63 239 50 246 328910 12627767 493361 47% 20 241281 3402 98%
c 
c   seconds     reductions           redundant    irredundant
c            MB       restarts               trail       variables
c             level          conflicts           glue         remaining
c 
c t 2390.64 239 50 246 328910 12627767 493360 47% 20 241281 3402 98%
c s 2392.00 239 50 246 328910 12627767 489027 47% 20 241281 3402 98%
c e 2392.03 239 50 246 328910 12627767 484541 47% 20 241290 3401 98%
c - 2418.82 245 58 247 328941 12711372 476994 49% 21 241290 3401 98%
c O 2420.76 245 59 247 328942 12720375 485305 51% 21 241290 3401 98%
c 2 2438.62 245 50 247 328943 12780119 535486 50% 22 241290 3401 98%
c p 2439.42 245 50 247 328943 12780119 549796 50% 22 241290 3401 98%
c - 2449.49 256 58 248 328943 12814232 482473 53% 22 241290 3401 98%
c B 2472.01 256 67 248 328944 12880376 544450 61% 20 241290 3401 98%
c - 2485.22 280 70 249 328944 12917507 484017 62% 21 241290 3401 98%
c - 2527.70 279 65 250 328945 13021197 486840 60% 20 241290 3401 98%
c W 2537.64 279 64 250 328945 13041380 505492 61% 20 241290 3401 98%
c s 2552.62 291 67 250 328945 13095066 551090 53% 22 241290 3401 98%
c v 2552.72 291 67 250 328945 13095066 551090 53% 22 241251 3401 98%
c w 2553.34 291 67 250 328945 13095066 550410 53% 22 241251 3401 98%
c t 2553.35 291 67 250 328945 13095066 550401 53% 22 241251 3401 98%
c s 2555.18 291 67 250 328945 13095066 550136 53% 22 241251 3401 98%
c - 2565.18 268 72 251 328945 13125302 490009 55% 21 241251 3401 98%
c p 2570.25 268 72 251 328945 13140119 522058 57% 20 241251 3401 98%
c I 2594.38 268 96 251 328945 13203385 575169 45% 34 241251 3401 98%
c 
c   seconds     reductions           redundant    irredundant
c            MB       restarts               trail       variables
c             level          conflicts           glue         remaining
c 
c - 2604.06 263 97 252 328952 13229819 488169 46% 34 241251 3401 98%
c - 2639.06 266 70 253 328991 13334748 487683 48% 27 241251 3401 98%
c B 2650.34 266 67 253 329006 13366386 515264 48% 25 241251 3401 98%
c - 2673.88 264 76 254 329022 13440092 492741 47% 27 241251 3401 98%
c p 2697.09 264 60 254 329042 13505119 562760 47% 24 241251 3401 98%
c W 2710.14 264 59 254 329054 13530391 583078 46% 24 241251 3401 98%
c - 2715.32 251 59 255 329061 13545852 494264 46% 24 241251 3401 98%
c s 2722.16 265 61 255 329070 13574644 518779 47% 25 241251 3401 98%
c v 2722.26 265 61 255 329070 13574644 518779 47% 25 241250 3401 98%
c w 2722.91 265 61 255 329070 13574644 518580 47% 25 241250 3401 98%
c s 2724.42 265 61 255 329070 13574644 515206 47% 25 241250 3401 98%
c - 2746.28 271 51 256 329072 13652026 493748 48% 22 241250 3401 98%
c O 2758.33 271 56 256 329079 13695395 532865 48% 23 241250 3401 98%
c - 2778.77 282 53 257 329103 13758614 490548 47% 21 241250 3401 98%
c B 2809.05 282 61 257 329135 13861398 579568 50% 25 241250 3401 98%
c - 2810.93 279 60 258 329135 13865619 495666 50% 25 241250 3401 98%
c 2 2814.84 279 57 258 329135 13875119 502920 50% 24 241250 3401 98%
c p 2815.63 279 57 258 329135 13875119 519763 50% 24 241250 3401 98%
c - 2850.21 271 55 259 329169 13973037 503537 49% 22 241250 3401 98%
c W 2869.58 271 54 259 329196 14028402 550945 50% 22 241250 3401 98%
c 
c   seconds     reductions           redundant    irredundant
c            MB       restarts               trail       variables
c             level          conflicts           glue         remaining
c 
c - 2889.07 261 47 260 329198 14080869 504701 50% 22 241250 3401 98%
c - 2931.90 286 39 261 329200 14189118 507142 48% 20 241250 3401 98%
c I 2933.79 286 39 261 329200 14196404 513652 49% 20 241250 3401 98%
c p 2960.04 286 106 261 329200 14250127 573815 42% 46 241250 3401 98%
c - 2978.51 291 113 262 329207 14297782 512549 46% 44 241250 3401 98%
c B 3001.73 291 82 262 329231 14365407 570471 47% 33 241250 3401 98%
c - 3015.19 279 74 263 329250 14406860 512125 49% 30 241250 3401 98%
c - 3050.14 290 56 264 329278 14516355 511120 52% 23 241250 3401 98%
c W 3059.27 290 54 264 329288 14535411 526814 51% 23 241250 3401 98%
c - 3090.42 282 46 265 329323 14626265 513445 49% 21 241250 3401 98%
c p 3092.50 282 45 265 329324 14630136 533970 49% 21 241250 3401 98%
c O 3115.41 282 44 265 329327 14706416 604563 58% 18 241250 3401 98%
c - 3126.40 306 45 266 329327 14736588 524810 58% 18 241250 3401 98%
c - 3168.37 296 48 267 329365 14847323 526030 55% 18 241250 3401 98%
c B 3178.67 296 47 267 329379 14878422 552402 55% 18 241250 3401 98%
c - 3210.25 280 68 268 329394 14958482 524618 54% 22 241250 3401 98%
c p 3232.23 280 62 268 329420 15015136 588277 52% 21 241250 3401 98%
c W 3244.33 280 77 268 329430 15051424 620491 52% 28 241250 3401 98%
c - 3249.03 280 70 269 329436 15070052 532175 52% 27 241250 3401 98%
c - 3294.60 283 57 270 329454 15182031 532598 45% 24 241250 3401 98%
c 
c   seconds     reductions           redundant    irredundant
c            MB       restarts               trail       variables
c             level          conflicts           glue         remaining
c 
c I 3310.94 283 59 270 329455 15225425 571423 49% 23 241250 3401 98%
c - 3333.60 313 70 271 329455 15294428 541747 57% 22 241250 3401 98%
c B 3377.60 313 96 271 329456 15400426 638268 54% 26 241250 3401 98%
c p 3382.09 313 94 271 329456 15405144 657893 54% 26 241250 3401 98%
c s 3384.04 319 94 271 329456 15405144 657400 54% 26 241250 3401 98%
c v 3384.16 319 94 271 329456 15405144 657400 54% 26 241247 3401 98%
c w 3385.45 319 94 271 329456 15405144 656878 54% 26 241247 3401 98%
c t 3385.46 319 94 271 329456 15405144 656877 54% 26 241247 3401 98%
c e 3385.56 319 94 271 329456 15405144 641764 54% 26 241279 3399 98%
c s 3386.90 319 94 271 329456 15405144 636000 54% 26 241277 3399 98%
c - 3388.54 301 93 272 329456 15407237 530443 53% 25 241277 3399 98%
c - 3432.09 320 64 273 329456 15520469 538732 60% 20 241277 3399 98%
c W 3458.66 320 62 273 329456 15576430 588165 57% 21 241277 3399 98%
c i 3476.00 320 55 273 329456 15610866 616964 53% 20 241277 3398 98%
c - 3486.18 268 54 274 329457 15634118 461685 55% 20 241178 3398 98%
c - 3532.32 331 57 275 329457 15748162 520647 64% 18 241178 3398 98%
c O 3534.57 331 58 275 329457 15753431 525603 64% 18 241178 3398 98%
c 2 3555.14 331 52 275 329457 15800145 565753 61% 17 241178 3398 98%
c p 3556.31 331 52 275 329457 15800145 585592 61% 17 241178 3398 98%
c - 3588.70 320 50 276 329457 15862619 540957 61% 17 241178 3398 98%
c 
c   seconds     reductions           redundant    irredundant
c            MB       restarts               trail       variables
c             level          conflicts           glue         remaining
c 
c i 3595.45 320 47 276 329457 15876600 553427 60% 16 241178 3397 98%
c s 3611.08 320 53 276 329457 15909398 583236 63% 17 241173 3397 98%
c v 3611.20 320 53 276 329457 15909398 583236 63% 17 241116 3397 98%
c w 3612.11 320 53 276 329457 15909398 582558 63% 17 241116 3397 98%
c t 3612.12 320 53 276 329457 15909398 582535 63% 17 241116 3397 98%
c s 3614.78 320 53 276 329457 15909398 581670 63% 17 240949 3397 98%
c B 3624.16 320 54 276 329457 15931434 599695 57% 18 240949 3397 98%
c - 3644.88 310 52 277 329457 15977492 517587 60% 18 240949 3397 98%
c - 3699.47 340 54 278 329457 16092744 543326 64% 18 240949 3397 98%
c W 3712.42 340 61 278 329457 16110438 560066 64% 18 240949 3397 98%
c 2 3765.86 340 55 278 329458 16200148 639631 57% 19 240949 3397 98%
c p 3767.27 340 55 278 329458 16200148 658190 57% 19 240949 3397 98%
c - 3773.79 328 53 279 329458 16208413 553822 56% 18 240949 3397 98%
c I 3812.64 328 60 279 329458 16290439 628985 63% 18 240949 3397 98%
c - 3827.76 327 69 280 329458 16324495 561461 56% 23 240949 3397 98%
c ] 3852.04 327 76 280 329458 16383023 614637 54% 25 240949 3397 98%
c { 3852.04 327 24 280 329458 16383023 614637 40% 12 240949 3397 98%
c s 3877.24 346 24 280 332549 16425859 646790 40% 13 240949 3397 98%
c v 3877.38 346 24 280 332549 16425859 646790 40% 13 240946 3397 98%
c w 3878.38 346 24 280 332549 16425859 646354 40% 13 240946 3397 98%
c 
c   seconds     reductions           redundant    irredundant
c            MB       restarts               trail       variables
c             level          conflicts           glue         remaining
c 
c s 3879.89 346 24 280 332549 16425859 642472 40% 13 240946 3397 98%
c - 3889.38 326 24 281 333585 16440997 553470 40% 13 240946 3397 98%
c F 3904.45 326 25 281 335768 16471444 576598 41% 13 240946 3397 98%
c - 3949.02 312 25 282 341010 16557910 546794 42% 13 240946 3397 98%
c i 3957.48 312 25 282 342306 16578246 562207 42% 13 240946 3396 98%
c 2 3968.65 312 25 282 343646 16605150 583113 42% 13 240946 3396 98%
c p 3970.47 312 25 282 343646 16605150 602416 42% 13 240946 3395 98%
c B 3993.90 312 25 282 346294 16653445 640596 43% 14 240946 3395 98%
c - 4004.53 314 25 283 347678 16675234 563557 43% 14 240774 3395 98%
c - 4056.65 312 25 284 354249 16792947 567592 42% 14 240774 3395 98%
c W 4077.91 312 25 284 356536 16836449 600580 42% 14 240774 3395 98%
c - 4111.04 313 26 285 360700 16911079 572789 42% 14 240774 3395 98%
c s 4131.43 313 26 285 362991 16954618 605623 42% 14 240774 3395 98%
c v 4131.54 313 26 285 362991 16954618 605623 42% 14 240766 3395 98%
c w 4132.46 313 26 285 362991 16954618 605076 42% 14 240766 3395 98%
c t 4132.48 313 26 285 362991 16954618 605062 42% 14 240766 3395 98%
c e 4132.53 313 26 285 362991 16954618 600175 42% 14 240781 3394 98%
c s 4135.07 313 26 285 362991 16954618 599280 42% 14 240781 3394 98%
c p 4164.67 313 25 285 366279 17015152 657770 42% 14 240781 3390 98%
c # 4167.14 313 25 285 366600 17020452 661966 42% 14 240781 3390 98%
c 
c   seconds     reductions           redundant    irredundant
c            MB       restarts               trail       variables
c             level          conflicts           glue         remaining
c 
c - 4171.44 311 25 286 366945 17029623 575896 42% 14 240489 3390 98%
c - 4223.09 313 25 287 373766 17148537 580108 42% 14 240489 3390 98%
c B 4247.71 313 26 287 377140 17205453 624813 42% 14 240489 3390 98%
c - 4276.01 316 26 288 380257 17267874 587253 43% 14 240489 3390 98%
c - 4329.00 316 26 289 386628 17387615 593154 44% 14 240489 3390 98%
c W 4333.63 316 26 289 386907 17391454 596056 44% 14 240489 3390 98%
c p 4352.82 316 26 289 389448 17430154 638389 43% 14 240489 3390 98%
c s 4385.00 320 26 289 393114 17495698 688277 43% 14 240489 3390 98%
c v 4385.14 320 26 289 393114 17495698 688277 43% 14 240474 3390 98%
c w 4386.06 320 26 289 393114 17495698 687756 43% 14 240474 3390 98%
c t 4386.08 320 26 289 393114 17495698 687749 43% 14 240474 3390 98%
c s 4387.62 320 26 289 393114 17495698 677828 43% 14 240473 3390 98%
c e 4387.68 320 26 289 393114 17495698 671183 43% 14 240488 3389 98%
c - 4394.52 317 26 290 393825 17507770 591697 43% 14 240488 3389 98%
c F 4425.82 317 26 290 397890 17578456 647205 43% 14 240488 3389 98%
c - 4450.93 322 26 291 400413 17628339 596969 44% 14 240488 3389 98%
c - 4508.54 321 26 292 407205 17749323 601652 43% 14 240488 3389 98%
c B 4515.98 321 26 292 408207 17766458 614925 44% 14 240488 3389 98%
c i 4540.91 321 26 292 411120 17821098 657205 43% 14 240488 3388 98%
c 2 4555.49 321 26 292 412578 17850156 679931 44% 14 240488 3388 98%
c 
c   seconds     reductions           redundant    irredundant
c            MB       restarts               trail       variables
c             level          conflicts           glue         remaining
c 
c p 4557.53 321 26 292 412578 17850156 691602 44% 14 240488 3386 98%
c - 4568.90 322 26 293 413666 17870721 607683 44% 14 240203 3386 98%
c W 4610.99 322 26 293 418137 17955461 673729 44% 14 240203 3386 98%
c - 4629.33 324 26 294 420207 17992491 613533 45% 14 240203 3386 98%
c s 4656.82 324 26 294 423117 18049106 656341 44% 14 240203 3386 98%
c v 4656.94 324 26 294 423117 18049106 656341 44% 14 240151 3386 98%
c w 4657.83 324 26 294 423117 18049106 655693 44% 14 240151 3386 98%
c t 4657.85 324 26 294 423117 18049106 655659 44% 14 240151 3386 98%
c e 4657.90 324 26 294 423117 18049106 650549 44% 14 240175 3384 98%
c s 4660.16 324 26 294 423117 18049106 649651 44% 14 240175 3384 98%
c - 4693.16 324 26 295 426610 18114673 618319 44% 14 240175 3384 98%
c # 4706.95 324 26 295 428388 18145465 641922 43% 14 240175 3384 98%
c - 4751.68 322 26 296 433668 18237263 622064 43% 14 240175 3384 98%
c 2 4769.19 322 27 296 435897 18275156 652627 44% 14 240175 3384 98%
c p 4771.09 322 27 296 435897 18275156 666113 44% 14 240175 3383 98%
c B 4802.82 322 27 296 439333 18336467 714317 44% 14 240175 3383 98%
c - 4814.88 326 26 297 440365 18360273 633873 44% 14 240110 3383 98%
c - 4874.60 322 26 298 446770 18483683 634543 44% 14 240110 3383 98%
c W 4898.65 322 26 298 449242 18528468 669980 44% 14 240110 3383 98%
c - 4938.76 326 27 299 453568 18607505 640978 45% 14 240110 3383 98%
c 
c   seconds     reductions           redundant    irredundant
c            MB       restarts               trail       variables
c             level          conflicts           glue         remaining
c 
c s 4944.16 326 27 299 453954 18614838 646315 45% 14 240110 3383 98%
c v 4944.28 326 27 299 453954 18614838 646315 45% 14 240029 3383 98%
c w 4945.10 326 27 299 453954 18614838 645635 45% 14 240029 3383 98%
c t 4945.11 326 27 299 453954 18614838 645628 45% 14 240029 3383 98%
c s 4946.45 326 27 299 453954 18614838 634910 45% 14 240028 3383 98%
c e 4946.50 326 27 299 453954 18614838 609951 45% 14 240078 3379 98%
c 2 4989.15 326 26 299 459004 18705160 681127 44% 14 240078 3379 98%
c p 4991.01 326 26 299 459004 18705160 693171 44% 14 240078 3376 98%
c F 4999.24 326 26 299 459855 18721469 705641 44% 14 240078 3376 98%
c - 5004.75 322 26 300 460371 18731741 619509 44% 14 239879 3376 98%
c - 5067.82 323 26 301 466819 18856358 626437 44% 14 239879 3376 98%
c B 5095.51 323 26 301 470102 18915471 671932 43% 14 239879 3376 98%
c i 5111.51 323 26 301 472060 18948247 697507 43% 14 239879 3375 98%
c - 5129.86 324 26 302 473881 18981389 632660 44% 14 239774 3375 98%
c - 5197.41 328 26 303 480523 19106813 640092 45% 14 239774 3375 98%
c W 5202.71 328 26 303 480695 19110473 643041 45% 14 239774 3375 98%
c 2 5217.80 328 26 303 482404 19140161 665789 44% 14 239774 3375 98%
c p 5219.97 328 26 303 482404 19140161 679121 44% 14 239774 3372 98%
c s 5249.10 328 26 303 485274 19193010 718891 44% 14 239773 3372 98%
c v 5249.24 328 26 303 485274 19193010 718891 44% 14 239590 3372 98%
c 
c   seconds     reductions           redundant    irredundant
c            MB       restarts               trail       variables
c             level          conflicts           glue         remaining
c 
c w 5250.11 328 26 303 485274 19193010 718101 44% 14 239590 3370 98%
c t 5250.13 328 26 303 485274 19193010 718037 44% 14 239590 3370 98%
c e 5250.19 328 26 303 485274 19193010 714221 44% 14 239303 3368 97%
c s 5252.65 328 26 303 485274 19193010 713253 44% 14 239303 3368 97%
c - 5274.12 326 26 304 487388 19232650 648863 44% 14 239303 3368 97%
c i 5312.29 326 26 304 491348 19305157 705043 45% 14 239303 3367 97%
c # 5312.86 326 26 304 491423 19306475 706005 45% 14 239303 3367 97%
c - 5342.22 328 26 305 494247 19358823 649189 45% 14 239211 3367 97%
c i 5366.76 328 26 305 496615 19406081 685720 45% 14 239211 3366 97%
c - 5409.49 327 26 306 500988 19485401 653621 45% 14 239144 3366 97%
c B 5419.15 327 27 306 502056 19503478 667979 45% 14 239144 3366 97%
c 2 5459.52 327 26 306 506215 19580161 726970 45% 14 239144 3366 97%
c p 5461.83 327 26 306 506215 19580161 738904 45% 14 239144 3360 97%
c - 5480.01 328 26 307 507928 19612375 660358 45% 14 238551 3360 97%
c W 5534.22 328 27 307 512931 19701482 729747 45% 14 238551 3360 97%
c - 5556.19 329 27 308 514972 19739665 665780 45% 14 238551 3360 97%
c s 5581.64 329 28 308 517693 19783488 700541 46% 15 238551 3360 97%
c v 5581.76 329 28 308 517693 19783488 700541 46% 15 238469 3360 97%
c w 5582.72 329 28 308 517693 19783488 699768 46% 15 238469 3360 97%
c t 5582.73 329 28 308 517693 19783488 699756 46% 15 238469 3360 97%
c 
c   seconds     reductions           redundant    irredundant
c            MB       restarts               trail       variables
c             level          conflicts           glue         remaining
c 
c e 5582.80 329 28 308 517693 19783488 687592 46% 15 238512 3357 97%
c s 5584.19 329 28 308 517693 19783488 674593 46% 15 238486 3357 97%
c - 5630.75 333 28 309 522324 19867366 654866 46% 15 238486 3357 97%
c F 5649.16 333 28 309 523904 19900483 680775 46% 15 238486 3357 97%
c - 5704.60 329 27 310 528782 19995474 658706 45% 14 238486 3357 97%
c 2 5720.04 329 27 310 530455 20025165 681672 45% 14 238486 3357 97%
c p 5722.10 329 27 310 530455 20025165 695841 45% 14 238486 3352 97%
c B 5763.37 329 27 310 534138 20100484 754671 46% 14 238486 3352 97%
c - 5778.11 333 27 311 535350 20123993 670057 46% 14 238075 3352 97%
c - 5855.78 329 26 312 542249 20252853 673619 45% 14 238075 3352 97%
c W 5884.85 329 26 312 544622 20301488 710790 45% 14 238075 3352 97%
c - 5932.77 331 27 313 549340 20382128 681312 45% 14 238075 3352 97%
c s 5936.79 331 27 313 549519 20386246 682207 45% 14 238074 3352 97%
c v 5936.90 331 27 313 549519 20386246 682207 45% 14 237922 3352 97%
c w 5937.89 331 27 313 549519 20386246 681375 45% 14 237922 3352 97%
c t 5937.90 331 27 313 549519 20386246 681277 45% 14 237920 3352 97%
c e 5937.96 331 27 313 549519 20386246 667047 45% 14 237972 3348 97%
c s 5940.28 331 27 313 549519 20386246 665911 45% 14 237972 3348 97%
c p 5993.60 331 27 313 554617 20475168 747423 46% 14 237972 3341 97%
c # 6011.32 331 27 313 556224 20503489 769884 46% 15 237972 3341 97%
c 
c   seconds     reductions           redundant    irredundant
c            MB       restarts               trail       variables
c             level          conflicts           glue         remaining
c 
c - 6017.07 336 27 314 556724 20511818 681522 46% 15 237294 3341 97%
c - 6096.09 333 27 315 563861 20641792 682393 46% 15 237294 3341 97%
c B 6134.99 333 28 315 567577 20706490 732969 46% 15 237294 3341 97%
c - 6175.86 336 27 316 570869 20772169 688796 47% 15 237294 3341 97%
c - 6253.63 335 26 317 577510 20902961 695063 46% 14 237294 3341 97%
c W 6261.11 335 26 317 577784 20910496 701281 46% 14 237294 3341 97%
c 2 6271.44 335 26 317 578529 20930168 716040 46% 14 237294 3341 97%
c p 6273.67 335 26 317 578529 20930168 728338 46% 14 237294 3336 97%
c i 6315.82 335 26 317 582429 20998381 781377 46% 14 237294 3335 96%
c s 6320.46 335 26 317 582639 21001383 782906 46% 14 237294 3335 96%
c v 6320.60 335 26 317 582639 21001383 782906 46% 14 237125 3335 96%
c w 6321.82 335 26 317 582639 21001383 781966 46% 14 237125 3335 96%
c e 6321.90 335 26 317 582639 21001383 779810 46% 14 236625 3334 96%
c s 6322.46 335 26 317 582639 21001383 779785 46% 14 236625 3334 96%
c - 6343.92 334 26 318 584449 21034167 700928 46% 14 236625 3334 96%
c F 6392.67 334 27 318 588969 21115497 764123 46% 14 236625 3334 96%
c - 6424.70 335 27 319 592007 21165675 706072 46% 15 236625 3334 96%
c - 6505.22 337 27 320 598874 21297584 712652 46% 14 236625 3334 96%
c B 6519.70 337 27 320 600286 21321498 731438 46% 14 236625 3334 96%
c 2 6563.04 337 27 320 604161 21390171 785306 46% 15 236625 3334 96%
c 
c   seconds     reductions           redundant    irredundant
c            MB       restarts               trail       variables
c             level          conflicts           glue         remaining
c 
c p 6565.54 337 27 320 604161 21390171 796340 46% 15 236625 3328 96%
c - 6591.48 341 27 321 606179 21429909 720790 47% 15 235912 3328 96%
c W 6654.27 341 27 321 611064 21528500 798456 48% 14 235912 3328 96%
c - 6677.24 341 27 322 612856 21562516 726294 47% 14 235912 3328 96%
c i 6701.23 341 26 322 615097 21600022 754736 46% 14 235912 3327 96%
c s 6718.70 350 27 322 616677 21628602 776959 46% 14 235912 3327 96%
c v 6718.83 350 27 322 616677 21628602 776959 46% 14 235841 3327 96%
c w 6720.14 350 27 322 616677 21628602 776885 46% 14 235841 3327 96%
c t 6720.15 350 27 322 616677 21628602 776881 46% 14 235841 3327 96%
c s 6721.53 350 27 322 616677 21628602 760151 46% 14 235739 3327 96%
c e 6721.58 350 27 322 616677 21628602 753833 46% 14 235755 3326 96%
c - 6766.07 348 27 323 620101 21695535 714466 47% 14 235755 3326 96%
c # 6792.48 348 27 323 622571 21736504 745660 46% 14 235755 3326 96%
c i 6849.35 348 27 323 627262 21826014 814188 45% 14 235755 3325 96%
c - 6851.57 345 27 324 627429 21828940 720231 45% 14 235652 3325 96%
c 2 6867.64 345 27 324 628803 21855172 740015 45% 14 235652 3325 96%
c p 6869.88 345 27 324 628803 21855172 752588 45% 14 235652 3321 96%
c B 6927.98 345 27 324 633951 21945505 823661 46% 15 235652 3321 96%
c - 6939.52 350 27 325 634835 21962741 733949 47% 15 235209 3321 96%
c } 7011.96 350 27 325 640864 22075813 822394 48% 15 235209 3321 96%
c 
c   seconds     reductions           redundant    irredundant
c            MB       restarts               trail       variables
c             level          conflicts           glue         remaining
c 
c ? 7011.96 350 27 325 640864 22075813 822394 48% 15 235209 3321 96%
c 
c --- [ closing proof ] ------------------------------------------------------
c 
c traced 25012412 added and 24197480 deleted clauses
c closing file 'docs/frontier/z_piece/z_6615_certificate/z_6x6x15.drat'
c after writing 9323066971 bytes 8891.2 MB
c 
c --- [ result ] -------------------------------------------------------------
c 
c UNKNOWN
c 
c --- [ run-time profiling ] -------------------------------------------------
c 
c process time taken by individual solving procedures
c (percentage relative to process time for solving)
c 
c      6830.72   97.42% search
c      3787.83   54.02% unstable
c      2888.87   41.20% stable
c       181.20    2.58% simplify
c       154.02    2.20% walk
c        90.62    1.29% subsume
c        54.72    0.78% probe
c        23.51    0.34% vivify
c         3.39    0.05% ternary
c         2.91    0.04% elim
c         0.04    0.00% parse
c         0.00    0.00% lucky
c   =================================
c      7011.93  100.00% solve
c 
c last line shows process time for solving
c (percentage relative to total process time)
c 
c --- [ statistics ] ---------------------------------------------------------
c 
c chronological:           4570386        20.70 %  of conflicts
c conflicts:              22075813      3148.32    per second
c decisions:              45458477      6483.02    per second
c eliminated:                   70         2.03 %  of all variables
c fixed:                        65         1.88 %  of all variables
c learned:                21467455        97.24 %  per conflict
c learned_lits:         3808850469       100.00 %  learned literals
c minimized:                     0         0.00 %  learned literals
c shrunken:              824280540        21.64 %  learned literals
c minishrunken:          706147583        18.54 %  learned literals
c propagations:         4197338093         0.60 M  per second
c reduced:                16810186        76.15 %  per conflict
c rephased:                    209    105625.90    interval
c restarts:                 640864        34.45    interval
c stabilizing:                   7        49.48 %  of conflicts
c subsumed:                3465383         7.63 %  of all clauses
c strengthened:            2313019         5.09 %  of all clauses
c ternary:                    4955         0.88 %  of resolved
c vivified:                  24580         0.05 %  of all clauses
c walked:                       68    324644.31    interval
c weakened:                    538         2.74    average size
c 
c seconds are measured in process time for solving
c 
c --- [ resources ] ----------------------------------------------------------
c 
c total process time since initialization:      7011.96    seconds
c total real time since initialization:         7200.01    seconds
c maximum resident set size of process:          491.70    MB
c 
c --- [ shutting down ] ------------------------------------------------------
c 
c exit 0
