c --- [ banner ] -------------------------------------------------------------
c 
c CaDiCaL Radically Simplified CDCL SAT Solver
c Copyright (c) 2016-2021 A. Biere, M. Fleury, N. Froleyks
c 
c Version sc2021
c clang++-Clang 21.1.0
c Sep  3 2026 23:15:31
c 
c --- [ limit ] --------------------------------------------------------------
c 
c setting time limit to 14400 seconds real time (due to '-t 14400')
c 
c --- [ proof tracing ] ------------------------------------------------------
c 
c opening file to write 'docs/frontier/z_piece/z_41315_certificate/z_4x13x15.drat'
c writing binary proof trace to 'docs/frontier/z_piece/z_41315_certificate/z_4x13x15.drat'
c 
c --- [ parsing input ] ------------------------------------------------------
c 
c reading DIMACS file from 'docs/frontier/z_piece/z_41315_certificate/z_4x13x15.cnf'
c opening file to read 'docs/frontier/z_piece/z_41315_certificate/z_4x13x15.cnf'
c found 'p cnf 4960 326704' header
c parsed 326704 clauses in 0.05 seconds process time
c closing file 'docs/frontier/z_piece/z_41315_certificate/z_4x13x15.cnf'
c after reading 4552799 bytes 4.3 MB
c 
c --- [ options ] ------------------------------------------------------------
c 
c all options are set to their default value
c 
c --- [ solving ] ------------------------------------------------------------
c 
c time measured in process time since initialization
c 
c  seconds  reductions  redundant  irredundant
c         MB    restarts       trail      variables
c          level   conflicts       glue        remaining
c 
c *  0.05 31  0 0   0    0    0  0% 0 326704 4960 100%
c {  0.05 31  0 0   0    0    0  0% 0 326704 4960 100%
c -  0.07 31 27 1  26  303  253 27% 8 326704 4960 100%
c }  0.08 31 24 1  38 1001  849 22% 7 326704 4960 100%
c [  0.08 31  0 1  38 1001  849  0% 0 326704 4960 100%
c O  0.08 31  9 1  38 1002  850 11% 3 326704 4960 100%
c -  0.12 41 21 2  38 1211  956 35% 7 326704 4960 100%
c -  0.17 42 23 3  39 2576 1807 32% 9 326704 4960 100%
c ]  0.18 42 30 3  39 3002 2192 37% 9 326704 4960 100%
c {  0.18 42 24 3  39 3002 2192 22% 7 326704 4960 100%
c F  0.18 42 24 3  39 3003 2193 22% 7 326704 4960 100%
c -  0.23 42 26 4 149 4392 2660 23% 7 326704 4960 100%
c p  0.29 42 26 4 176 5003 3457 23% 7 326704 4954 100%
c #  0.32 42 25 4 249 6006 4332 23% 7 326704 4954 100%
c -  0.35 42 25 5 286 6664 3675 23% 7 326101 4954 100%
c }  0.36 42 24 5 318 7005 3958 23% 7 326101 4954 100%
c [  0.36 42 30 5 318 7005 3958 37% 9 326101 4954 100%
c -  0.46 42 47 6 320 9389 4609 44% 11 326101 4954 100%
c I  0.47 42 61 6 320 10008 5154 47% 12 326101 4954 100%
c s  0.54 50 70 6 322 12084 6882 40% 13 326101 4954 100%
c 
c  seconds  reductions   redundant   irredundant
c         MB    restarts        trail       variables
c          level    conflicts       glue         remaining
c 
c w  0.57 50 70 6 322 12084 6875 40% 13 326101 4954 100%
c s  0.62 50 70 6 322 12084 6846 40% 13 326101 4954 100%
c ^  0.62 50 70 6 322 12084 6846 40% 13 326101 4954 100%
c -  0.65 41 68 7 322 12567 5513 39% 13 326101 4954 100%
c ]  0.70 41 59 7 323 15005 7474 33% 13 326101 4954 100%
c {  0.70 41 24 7 323 15005 7474 23% 7 326101 4954 100%
c 2  0.73 41 24 7 323 15005 7492 23% 7 326101 4953 100%
c p  0.76 41 24 7 323 15005 8414 23% 7 326101 4948 100%
c B  0.77 41 24 7 324 15010 8418 23% 7 326101 4948 100%
c -  0.81 48 25 8 407 16199 5846 22% 7 325574 4948 100%
c i  0.88 48 24 8 647 19611 8718 21% 7 325574 4947 100%
c i  0.89 48 24 8 674 20246 9256 21% 7 325574 4946 100%
c -  0.91 48 24 9 681 20283 6881 21% 7 325443 4946 100%
c W  0.96 48 24 9 724 21011 7521 21% 7 325443 4946 100%
c -  1.05 48 23 10 965 24820 8275 21% 7 325443 4946 100%
c i  1.08 48 23 10 1044 25862 9170 21% 7 325443 4945 100%
c F  1.13 48 23 10 1160 28017 10997 22% 7 325443 4945 100%
c -  1.19 56 23 11 1299 29811 9617 21% 7 325382 4945 100%
c p  1.26 56 23 11 1321 30005 10874 21% 7 325382 4938 100%
c }  1.29 56 23 11 1405 31006 11734 21% 7 325382 4938 100%
c 
c  seconds  reductions      redundant   irredundant
c         MB     restarts          trail       variables
c          level      conflicts        glue         remaining
c 
c [  1.29 56 59 11 1405 31006 11734 33% 13 325382 4938 100%
c -  1.46 48 50 12 1407 35257 11146 34% 12 324722 4938 100%
c B  1.49 48 50 12 1408 36019 11836 35% 12 324722 4938 100%
c s  1.52 48 52 12 1408 36248 11902 35% 12 324722 4938 100%
c w  1.55 48 52 12 1408 36248 11891 35% 12 324722 4938 100%
c s  1.60 48 52 12 1408 36248 11836 35% 12 324722 4938 100%
c ^  1.61 48 52 12 1408 36248 11836 35% 12 324722 4938 100%
c -  1.82 57 46 13 1411 41151 12226 37% 12 324722 4938 100%
c W  1.97 57 49 13 1412 45023 15623 37% 12 324722 4938 100%
c -  2.05 48 49 14 1413 47501 12234 36% 12 324722 4938 100%
c 3  2.16 48 52 14 1413 50005 14536 38% 12 324722 4938 100%
c 2  2.19 48 52 14 1413 50005 14539 38% 12 324722 4938 100%
c p  2.23 48 52 14 1413 50005 16322 38% 12 324722 4928 99%
c -  2.40 58 49 15 1413 54302 13446 39% 12 323758 4928 99%
c O  2.43 58 49 15 1414 55025 14064 39% 12 323758 4928 99%
c -  2.66 48 48 16 1419 61551 14806 41% 11 323758 4928 99%
c ]  2.70 48 47 16 1419 63007 16064 40% 11 323758 4928 99%
c {  2.70 48 23 16 1419 63007 16064 21% 7 323758 4928 99%
c B  2.77 48 23 16 1650 66026 18597 22% 7 323758 4928 99%
c -  2.87 50 23 17 1900 69255 15988 22% 7 323758 4928 99%
c 
c  seconds  reductions      redundant  irredundant
c         MB     restarts          trail      variables
c          level      conflicts        glue        remaining
c 
c s  2.99 54 22 17 2108 72484 18420 22% 7 323758 4928 99%
c w  3.04 54 22 17 2108 72484 18405 22% 7 323758 4928 99%
c s  3.10 54 22 17 2108 72484 18311 22% 7 323758 4928 99%
c ^  3.11 54 22 17 2108 72484 18311 22% 7 323758 4928 99%
c 2  3.21 54 22 17 2373 75007 20547 22% 8 323758 4928 99%
c p  3.25 54 22 17 2373 75007 23112 22% 8 323758 4920 99%
c -  3.35 54 22 18 2502 77411 18900 22% 8 323005 4920 99%
c W  3.43 54 22 18 2565 78031 19413 22% 8 323005 4920 99%
c -  3.66 54 21 19 3038 86013 19246 21% 8 323005 4920 99%
c #  3.82 54 21 19 3470 91032 23416 21% 8 323005 4920 99%
c -  3.97 59 21 20 3720 95071 20809 21% 8 323005 4920 99%
c i  4.16 59 21 20 4116 101528 26182 22% 8 323005 4919 99%
c -  4.28 59 21 21 4349 104580 22460 22% 8 322936 4919 99%
c p  4.38 59 21 21 4365 105007 25019 22% 8 322936 4915 99%
c B  4.39 59 21 21 4371 105035 25039 22% 8 322936 4915 99%
c -  4.72 59 21 22 5078 114540 24568 22% 8 322609 4915 99%
c W  4.97 59 22 22 5362 120036 29299 23% 8 322609 4915 99%
c s  5.03 59 22 22 5401 120787 29558 23% 8 322609 4915 99%
c w  5.08 59 22 22 5401 120787 29527 23% 8 322609 4915 99%
c s  5.14 59 22 22 5401 120787 29414 23% 8 322609 4915 99%
c 
c  seconds  reductions       redundant  irredundant
c         MB     restarts           trail      variables
c          level      conflicts         glue        remaining
c 
c ^  5.15 59 22 22 5401 120787 29414 23% 8 322609 4915 99%
c -  5.31 42 22 23 5763 124949 26298 23% 8 322609 4915 99%
c }  5.37 42 22 23 5859 127008 28066 23% 8 322609 4915 99%
c [  5.37 42 47 23 5859 127008 28066 40% 11 322609 4915 99%
c -  5.69 42 52 24 5864 135812 26727 42% 12 322609 4915 99%
c B  5.70 42 52 24 5864 136038 26916 42% 12 322609 4915 99%
c 2  5.90 42 54 24 5867 140007 30556 42% 12 322609 4915 99%
c p  5.95 42 54 24 5867 140007 31928 42% 12 322609 4914 99%
c -  6.25 43 52 25 5868 147127 27148 42% 12 322546 4914 99%
c W  6.60 43 52 25 5869 153041 32414 42% 12 322546 4914 99%
c -  6.87 44 52 26 5869 158895 28576 42% 12 322546 4914 99%
c I  7.51 44 53 26 5871 171042 39332 44% 12 322546 4914 99%
c -  7.55 45 54 27 5871 171114 30099 44% 12 322546 4914 99%
c p  7.98 45 56 27 5876 180007 41342 43% 13 322546 4906 99%
c s  8.07 55 56 27 5876 181153 41921 44% 13 322546 4906 99%
c w  8.12 55 56 27 5876 181153 41893 44% 13 322546 4906 99%
c e  8.16 55 56 27 5876 181153 37470 44% 13 321834 4898 99%
c s  8.20 55 56 27 5876 181153 37335 44% 13 321834 4898 99%
c -  8.35 45 55 28 5878 183786 28389 43% 13 321834 4898 99%
c B  8.54 45 52 28 5882 190044 33657 42% 13 321834 4898 99%
c 
c  seconds  reductions       redundant   irredundant
c         MB     restarts           trail       variables
c          level      conflicts         glue         remaining
c 
c -  8.83 56 52 29 5884 196902 29329 42% 13 321834 4898 99%
c W  9.45 56 54 29 5890 210045 40842 41% 13 321834 4898 99%
c -  9.49 66 54 30 5890 210472 31424 41% 13 321834 4898 99%
c -  9.99 66 56 31 5898 224495 32735 42% 13 321834 4898 99%
c 2 10.05 66 57 31 5898 225009 33323 42% 13 321834 4898 99%
c p 10.12 66 57 31 5898 225009 37197 42% 13 321834 4889 99%
c O 10.34 66 63 31 5899 231046 42467 41% 14 321834 4889 99%
c - 10.64 66 63 32 5900 238969 34702 43% 14 320955 4889 99%
c B 11.18 66 61 32 5900 253052 46985 45% 14 320955 4889 99%
c s 11.26 66 61 32 5901 253609 47068 45% 14 320955 4889 99%
c v 11.28 66 61 32 5901 253609 47068 45% 14 320937 4889 99%
c w 11.31 66 61 32 5901 253609 47032 45% 14 320937 4889 99%
c t 11.32 66 61 32 5901 253609 47032 45% 14 320932 4889 99%
c e 11.34 66 61 32 5901 253609 45411 45% 14 320953 4884 98%
c s 11.40 66 61 32 5901 253609 45223 45% 14 320912 4884 98%
c e 11.41 66 61 32 5901 253609 44964 45% 14 320917 4883 98%
c - 11.46 66 61 33 5901 253883 34786 45% 14 320917 4883 98%
c ] 11.50 66 61 33 5901 255008 35786 45% 14 320917 4883 98%
c { 11.50 66 22 33 5901 255008 35786 23% 8 320917 4883 98%
c i 11.69 66 22 33 6406 263579 42962 23% 8 320917 4882 98%
c 
c  seconds  reductions       redundant  irredundant
c         MB     restarts           trail      variables
c          level      conflicts         glue        remaining
c 
c i 11.72 66 22 33 6479 264674 43894 23% 8 320917 4881 98%
c - 11.87 66 22 34 6667 269250 34397 23% 8 320792 4881 98%
c 2 12.05 66 22 34 6965 275010 39459 23% 8 320792 4880 98%
c p 12.11 66 22 34 6965 275010 44874 23% 8 320792 4864 98%
c F 12.15 66 22 34 7032 276053 45764 23% 8 320792 4864 98%
c - 12.45 66 22 35 7626 285067 38183 23% 8 319396 4864 98%
c B 12.90 66 22 35 8440 300060 50583 23% 8 319396 4864 98%
c - 12.97 66 22 36 8501 301314 41297 23% 8 319396 4864 98%
c - 13.56 66 22 37 9762 318012 44081 23% 8 319396 4864 98%
c W 14.05 66 22 37 10287 325061 49952 23% 8 319396 4864 98%
c p 14.34 66 21 37 10661 330011 58557 23% 8 319396 4861 98%
c - 14.59 66 21 38 11060 335161 46921 23% 8 319140 4861 98%
c s 14.76 66 21 38 11294 338147 48689 24% 8 319108 4861 98%
c v 14.79 66 21 38 11294 338147 48689 24% 8 319023 4861 98%
c w 14.82 66 21 38 11294 338147 48613 24% 8 319023 4861 98%
c t 14.83 66 21 38 11294 338147 48613 24% 8 319016 4861 98%
c e 14.85 66 21 38 11294 338147 46401 24% 8 319048 4854 98%
c s 14.91 66 21 38 11294 338147 46106 24% 8 318990 4854 98%
c # 15.37 66 22 38 12302 351064 56852 24% 8 318990 4854 98%
c - 15.46 66 22 39 12418 352758 47527 24% 8 318990 4854 98%
c 
c  seconds  reductions        redundant  irredundant
c         MB      restarts           trail      variables
c          level       conflicts         glue        remaining
c 
c - 16.12 68 22 40 13767 370803 49686 24% 8 318990 4854 98%
c B 16.39 68 22 40 14324 378067 55654 24% 8 318990 4854 98%
c - 16.86 68 21 41 15281 389303 51463 24% 8 318990 4854 98%
c 2 16.92 68 21 41 15316 390012 52464 24% 8 318990 4854 98%
c p 16.98 68 21 41 15316 390012 58137 24% 8 318990 4851 98%
c W 17.84 68 21 41 16359 406068 71364 24% 8 318751 4851 98%
c - 17.96 72 21 42 16534 408264 54780 24% 8 318751 4851 98%
c - 18.65 72 22 43 17805 427659 55444 25% 8 318751 4851 98%
c s 18.99 72 22 43 18274 434759 60615 25% 8 318714 4851 98%
c v 19.02 72 22 43 18274 434759 60615 25% 8 318590 4851 98%
c w 19.05 72 22 43 18274 434759 60546 25% 8 318590 4851 98%
c e 19.08 72 22 43 18274 434759 58707 25% 8 318608 4845 98%
c s 19.16 72 22 43 18274 434759 58460 25% 8 318561 4845 98%
c F 19.20 72 22 43 18285 435070 58727 25% 8 318561 4845 98%
c - 19.67 72 22 44 19158 447504 56209 25% 8 318561 4845 98%
c 2 19.99 72 22 44 19665 455012 63041 25% 8 318561 4845 98%
c p 20.07 72 22 44 19665 455012 68807 25% 8 318561 4844 98%
c B 20.45 72 22 44 20272 465071 77109 25% 8 318561 4844 98%
c - 20.60 72 22 45 20457 467799 58541 25% 8 318475 4844 98%
c - 21.51 72 22 46 21859 488541 59735 25% 8 318475 4844 98%
c 
c  seconds  reductions        redundant  irredundant
c         MB      restarts           trail      variables
c          level       conflicts         glue        remaining
c 
c W 22.24 72 22 46 22300 496074 66169 26% 8 318475 4844 98%
c - 22.88 72 22 47 23321 509734 62223 25% 8 318475 4844 98%
c } 22.94 72 22 47 23430 511009 63309 25% 8 318475 4844 98%
c [ 22.94 72 61 47 23430 511009 63309 45% 14 318475 4844 98%
c p 23.72 72 61 47 23430 525014 81807 47% 14 318475 4842 98%
c W 24.34 55 62 47 23430 528076 84383 47% 14 318288 4842 98%
c - 24.53 55 62 48 23430 531382 65512 47% 13 318288 4842 98%
c s 25.22 64 61 48 23431 543460 75575 48% 13 318259 4842 98%
c v 25.26 64 61 48 23431 543460 75575 48% 13 318120 4842 98%
c w 25.30 64 61 48 23431 543460 75521 48% 13 318120 4842 98%
c e 25.33 64 61 48 23431 543460 75224 48% 13 318127 4840 98%
c s 25.44 64 61 48 23431 543460 74953 48% 13 318104 4840 98%
c - 26.01 56 62 49 23437 553480 64628 48% 14 318104 4840 98%
c I 26.37 56 63 49 23442 561077 71278 49% 14 318104 4840 98%
c - 27.08 73 63 50 23445 576019 64760 48% 14 318104 4840 98%
c B 28.08 73 62 50 23457 595079 81476 48% 14 318104 4840 98%
c - 28.31 86 61 51 23459 599011 66188 48% 14 318104 4840 98%
c 2 28.39 86 61 51 23459 600016 67605 48% 14 318104 4840 98%
c p 28.49 86 61 51 23459 600016 74263 48% 14 318104 4837 98%
c - 29.93 87 56 52 23461 622451 68737 46% 14 317844 4837 98%
c 
c  seconds  reductions        redundant   irredundant
c         MB      restarts           trail       variables
c          level       conflicts         glue         remaining
c 
c W 30.87 87 56 52 23464 630082 75502 46% 14 317844 4837 98%
c - 31.62 87 57 53 23474 646336 69171 47% 14 317844 4837 98%
c s 32.73 87 56 53 23479 664231 84267 46% 14 317835 4837 98%
c v 32.78 87 56 53 23479 664231 84267 46% 14 317773 4837 98%
c w 32.83 87 56 53 23479 664231 84208 46% 14 317773 4837 98%
c t 32.84 87 56 53 23479 664231 84208 46% 14 317688 4837 98%
c e 32.86 87 56 53 23479 664231 83039 46% 14 317693 4835 97%
c s 33.00 87 56 53 23479 664231 82824 46% 14 317662 4835 97%
c O 33.14 87 57 53 23481 666086 84455 46% 14 317661 4835 97%
c - 33.43 87 56 54 23483 670671 71595 45% 14 317661 4835 97%
c 2 33.97 87 56 54 23489 680019 80357 47% 14 317661 4835 97%
c p 34.10 87 56 54 23489 680019 87004 47% 14 317661 4834 97%
c - 35.03 105 61 55 23492 695453 74439 48% 14 317576 4834 97%
c B 35.46 105 62 55 23492 703087 81256 48% 14 317576 4834 97%
c - 36.58 105 61 56 23493 720689 74957 47% 15 317576 4834 97%
c W 38.55 105 60 56 23493 741088 93041 49% 15 317576 4834 97%
c - 38.89 105 59 57 23494 746372 75834 49% 15 317576 4834 97%
c p 40.10 105 60 57 23494 765020 100060 51% 14 317576 4834 97%
c - 40.64 126 61 58 23494 772506 79257 52% 15 317576 4834 97%
c I 41.09 126 61 58 23494 780089 85952 52% 15 317576 4834 97%
c 
c  seconds   reductions        redundant    irredundant
c          MB      restarts            trail       variables
c           level       conflicts          glue         remaining
c 
c s 42.33 126 81 58 23494 797067 100523 52% 16 317572 4834 97%
c v 42.38 126 81 58 23494 797067 100523 52% 16 317519 4834 97%
c w 42.45 126 81 58 23494 797067 100477 52% 16 317519 4834 97%
c t 42.46 126 81 58 23494 797067 100477 52% 16 317499 4834 97%
c e 42.48 126 81 58 23494 797067 99989 52% 16 317512 4832 97%
c s 42.67 126 81 58 23494 797067 99833 52% 16 317496 4832 97%
c - 42.91 105 81 59 23494 799088 81623 52% 16 317496 4832 97%
c B 44.18 105 79 59 23500 820090 100259 52% 16 317496 4832 97%
c - 44.54 113 78 60 23502 826119 81730 51% 16 317496 4832 97%
c - 46.29 113 79 61 23515 853604 84008 52% 16 317496 4832 97%
c p 46.55 113 79 61 23516 855024 93344 52% 16 317496 4832 97%
c W 47.69 113 77 61 23519 861092 98541 50% 16 317496 4832 97%
c - 48.74 113 75 62 23525 881537 87917 50% 16 317496 4832 97%
c O 50.09 113 73 62 23531 903093 106636 48% 16 317496 4832 97%
c - 50.53 113 71 63 23533 909920 88338 47% 16 317496 4832 97%
c - 52.14 113 71 64 23547 938755 90395 46% 15 317496 4832 97%
c s 52.53 113 72 64 23547 941980 92750 46% 15 317482 4832 97%
c v 52.57 113 72 64 23547 941980 92750 46% 15 317406 4832 97%
c w 52.64 113 72 64 23547 941980 92694 46% 15 317406 4832 97%
c s 52.89 113 72 64 23547 941980 92476 46% 15 317406 4832 97%
c 
c  seconds   reductions        redundant   irredundant
c          MB      restarts           trail       variables
c           level       conflicts         glue         remaining
c 
c B 53.19 113 73 64 23550 946094 96111 45% 16 317406 4832 97%
c p 53.61 113 74 64 23553 950025 106864 46% 16 317406 4832 97%
c - 54.77 75 76 65 23556 968041 96115 46% 15 317406 4832 97%
c W 57.17 75 72 65 23557 990095 115862 48% 15 317406 4832 97%
c - 57.80 78 70 66 23557 997772 96916 48% 14 317406 4832 97%
c ] 59.57 78 69 66 23564 1023013 119329 51% 15 317406 4832 97%
c { 59.57 78 22 66 23564 1023013 119329 25% 8 317406 4832 97%
c - 60.03 77 22 67 24027 1027954 98810 25% 8 317406 4832 97%
c # 60.52 77 22 67 24804 1035096 104768 26% 8 317406 4832 97%
c p 61.78 77 22 67 26148 1050025 123949 26% 9 317406 4832 97%
c - 62.51 72 22 68 26865 1058589 100871 26% 9 317406 4832 97%
c B 63.90 72 22 68 28600 1081097 119918 27% 9 317406 4832 97%
c - 64.50 92 22 69 29194 1089677 104740 27% 9 317406 4832 97%
c - 66.64 92 22 70 31540 1121211 107661 27% 9 317406 4832 97%
c W 67.98 92 22 70 31910 1128101 113291 28% 9 317406 4832 97%
c - 69.60 92 22 71 33694 1153196 109730 28% 9 317406 4832 97%
c p 69.89 92 22 71 33813 1155025 118175 28% 9 317406 4831 97%
c s 70.16 92 22 71 33813 1155025 117048 28% 9 317406 4831 97%
c v 70.20 92 22 71 33813 1155025 117048 28% 9 317405 4831 97%
c w 70.29 92 22 71 33813 1155025 116973 28% 9 317405 4831 97%
c 
c  seconds  reductions         redundant   irredundant
c         MB      restarts             trail      variables
c          level        conflicts          glue        remaining
c 
c e 70.32 92 22 71 33813 1155025 116059 28% 9 317323 4830 97%
c s 70.60 92 22 71 33813 1155025 115745 28% 9 317319 4830 97%
c F 71.83 92 22 71 35132 1176106 133284 28% 9 317319 4830 97%
c - 72.49 108 22 72 35769 1185631 116025 28% 9 317319 4830 97%
c - 74.69 108 23 73 38306 1218514 117220 29% 9 317319 4830 97%
c B 75.12 108 23 73 38889 1225107 122703 29% 9 317319 4830 97%
c - 76.95 108 24 74 40784 1251849 118625 30% 9 317319 4830 97%
c 2 77.94 108 24 74 41640 1265025 130041 30% 9 317319 4830 97%
c p 78.07 108 24 74 41640 1265025 135668 30% 9 317319 4830 97%
c W 80.04 108 24 74 42224 1275109 144108 30% 9 317319 4830 97%
c - 80.84 111 24 75 42976 1285632 121967 30% 9 317319 4830 97%
c - 83.39 111 24 76 45311 1319866 122974 30% 9 317319 4830 97%
c s 84.09 111 24 76 45579 1324086 125656 30% 9 317316 4830 97%
c v 84.13 111 24 76 45579 1324086 125656 30% 9 317309 4830 97%
c w 84.22 111 24 76 45579 1324086 125594 30% 9 317309 4830 97%
c t 84.24 111 24 76 45579 1324086 125594 30% 9 317242 4830 97%
c s 84.60 111 24 76 45579 1324086 125242 30% 9 317242 4830 97%
c # 84.79 111 24 76 45746 1326113 126939 30% 9 317242 4830 97%
c - 86.87 111 24 77 47758 1354550 126760 30% 9 317242 4830 97%
c B 88.62 111 24 77 49299 1378118 146548 30% 9 317242 4830 97%
c 
c  seconds   reductions         redundant   irredundant
c          MB      restarts             trail      variables
c           level        conflicts          glue        remaining
c 
c p 89.04 111 24 77 49399 1380025 155197 30% 9 317242 4828 97%
c - 89.91 114 24 78 49959 1389683 129859 30% 9 317029 4828 97%
c - 92.97 114 24 79 52382 1425262 131793 30% 9 317029 4828 97%
c W 94.77 114 24 79 52761 1431121 136599 30% 10 317029 4828 97%
c - 97.13 114 24 80 54822 1461289 133795 30% 10 317029 4828 97%
c F 99.10 114 24 80 56337 1485127 153806 30% 10 317029 4828 97%
c - 100.26 74 24 81 57028 1497765 136328 31% 10 317029 4828 97%
c p 100.74 74 24 81 57184 1500027 145317 31% 10 317029 4827 97%
c s 101.64 88 24 81 57517 1505210 148557 31% 10 317029 4827 97%
c v 101.70 88 24 81 57517 1505210 148557 31% 10 317026 4827 97%
c w 101.83 88 24 81 57517 1505210 148470 31% 10 317026 4827 97%
c t 101.86 88 24 81 57517 1505210 148470 31% 10 316994 4827 97%
c s 102.33 88 24 81 57517 1505210 148063 31% 10 316898 4827 97%
c e 102.34 88 24 81 57517 1505210 147689 31% 10 316906 4826 97%
c - 104.78 88 24 82 59318 1534692 142125 31% 10 316906 4826 97%
c B 105.19 88 24 82 59715 1540128 146617 31% 10 316906 4826 97%
c - 107.79 89 25 83 61594 1572066 142981 31% 10 316906 4826 97%
c W 111.33 89 25 83 63105 1596134 162915 31% 10 316906 4826 97%
c - 112.63 89 25 84 63938 1609891 144561 31% 10 316906 4826 97%
c 2 114.05 89 25 84 64909 1625027 157568 31% 10 316906 4826 97%
c 
c  seconds   reductions         redundant    irredundant
c          MB      restarts             trail       variables
c           level        conflicts          glue         remaining
c 
c p 114.28 89 25 84 64909 1625027 163622 31% 10 316906 4824 97%
c - 116.30 89 24 85 66293 1648164 148830 31% 10 316724 4824 97%
c # 116.69 89 25 85 66643 1653139 152987 31% 10 316724 4824 97%
c - 119.64 90 25 86 68720 1686882 150786 31% 10 316724 4824 97%
c s 121.23 92 25 86 69382 1698397 159466 31% 10 316711 4824 97%
c v 121.28 92 25 86 69382 1698397 159466 31% 10 316674 4824 97%
c w 121.41 92 25 86 69382 1698397 159388 31% 10 316674 4824 97%
c t 121.43 92 25 86 69382 1698397 159388 31% 10 316597 4824 97%
c s 122.00 92 25 86 69382 1698397 159029 31% 10 316597 4824 97%
c B 123.27 92 25 86 70252 1711140 169726 32% 10 316597 4824 97%
c - 124.93 93 25 87 71200 1726050 152952 31% 10 316597 4824 97%
c 2 127.81 93 25 87 72863 1755028 177414 32% 10 316597 4824 97%
c p 128.03 93 25 87 72863 1755028 183477 32% 10 316597 4823 97%
c - 129.16 93 25 88 73448 1765663 155862 32% 10 316537 4823 97%
c W 131.19 93 25 88 73743 1770141 159587 32% 10 316537 4823 97%
c - 134.82 93 25 89 76056 1805725 157845 32% 10 316537 4823 97%
c F 137.00 93 25 89 77515 1830145 178358 32% 10 316537 4823 97%
c - 138.44 94 25 90 78392 1846236 160048 32% 10 316537 4823 97%
c - 142.36 95 25 91 80723 1887200 163268 32% 10 316537 4823 97%
c p 142.97 95 25 91 80959 1890028 172664 32% 10 316537 4822 97%
c 
c  seconds   reductions         redundant    irredundant
c          MB      restarts             trail       variables
c           level        conflicts          glue         remaining
c 
c B 143.12 95 25 91 81005 1891151 173562 32% 10 316537 4822 97%
c s 144.96 98 25 91 81434 1903631 182800 33% 10 316537 4822 97%
c v 145.01 98 25 91 81434 1903631 182800 33% 10 316535 4822 97%
c w 145.15 98 25 91 81434 1903631 182709 33% 10 316535 4822 97%
c s 145.92 98 25 91 81434 1903631 182272 33% 10 316438 4822 97%
c - 148.59 98 25 92 83063 1928611 168733 32% 10 316438 4822 97%
c W 153.34 98 25 92 84419 1953155 189491 33% 10 316438 4822 97%
c - 155.30 99 25 93 85480 1970471 169748 32% 10 316438 4822 97%
c - 159.59 99 25 94 87981 2012779 171971 33% 10 316438 4822 97%
c # 159.93 99 25 94 88126 2016160 174742 33% 10 316438 4822 97%
c p 161.57 99 26 94 88921 2030028 193206 33% 10 316438 4822 97%
c } 163.40 99 26 94 89928 2047016 207493 33% 10 316438 4822 97%
c [ 163.40 99 69 94 89928 2047016 207493 51% 15 316438 4822 97%
c - 164.41 102 70 95 89932 2055543 177838 50% 15 316438 4822 97%
c I 166.87 102 72 95 89942 2080161 199738 50% 15 316438 4822 97%
c - 168.92 107 75 96 89951 2098753 180268 51% 15 316438 4822 97%
c s 172.51 113 76 96 89952 2120935 199287 55% 15 316438 4822 97%
c v 172.57 113 76 96 89952 2120935 199287 55% 15 316438 4822 97%
c w 172.74 113 76 96 89952 2120935 199193 55% 15 316438 4822 97%
c t 172.76 113 76 96 89952 2120935 199192 55% 15 316436 4822 97%
c 
c  seconds    reductions         redundant    irredundant
c           MB      restarts             trail       variables
c            level        conflicts          glue         remaining
c 
c s 173.60 113 76 96 89952 2120935 198765 55% 15 316436 4822 97%
c - 176.52 115 75 97 89965 2142413 179350 56% 15 316436 4822 97%
c B 176.82 115 77 97 89966 2145162 181830 56% 15 316436 4822 97%
c p 179.90 115 73 97 89979 2175028 217102 54% 15 316436 4822 97%
c - 181.18 113 73 98 89982 2186524 181379 53% 16 316436 4822 97%
c W 186.22 113 70 98 89984 2211163 203171 53% 15 316436 4822 97%
c - 188.74 117 68 99 89984 2231083 183478 54% 15 316436 4822 97%
c - 195.00 122 82 100 89985 2276092 187416 57% 16 316436 4822 97%
c O 195.36 122 83 100 89985 2278164 189319 57% 16 316436 4822 97%
c - 200.25 120 77 101 89986 2321551 187752 59% 16 316436 4822 97%
c p 201.01 120 76 101 89986 2325028 201348 58% 16 316436 4822 97%
c B 203.19 120 76 101 89986 2346172 220400 57% 16 316436 4822 97%
c - 205.87 119 75 102 89986 2367459 195671 55% 17 316436 4822 97%
c - 211.76 121 67 103 89986 2413817 196454 55% 16 316436 4822 97%
c W 214.38 121 67 103 89986 2415173 197690 55% 16 316436 4822 97%
c - 219.58 119 65 104 89998 2460637 199060 53% 16 316436 4822 97%
c p 222.11 119 70 104 90004 2480030 225563 52% 16 316436 4822 97%
c s 223.05 134 70 104 90004 2480030 224470 52% 16 316436 4822 97%
c v 223.11 134 70 104 90004 2480030 224470 52% 16 316432 4822 97%
c w 223.34 134 70 104 90004 2480030 224343 52% 16 316432 4822 97%
c 
c  seconds     reductions         redundant    irredundant
c           MB       restarts             trail       variables
c            level         conflicts          glue         remaining
c 
c t 223.38 134 70 104 90004 2480030 224333 52% 16 316226 4822 97%
c e 223.41 134 70 104 90004 2480030 223548 52% 16 316228 4821 97%
c s 224.51 134 70 104 90004 2480030 223005 52% 16 316227 4821 97%
c I 225.13 134 69 104 90008 2485175 227336 51% 16 316227 4821 97%
c - 227.77 132 70 105 90016 2507896 203934 51% 16 316227 4821 97%
c - 232.91 131 72 106 90032 2555596 203045 51% 17 316227 4821 97%
c B 232.99 131 72 106 90032 2556176 203574 51% 17 316227 4821 97%
c - 238.29 134 73 107 90048 2603746 203769 52% 17 316227 4821 97%
c W 244.05 134 74 107 90049 2628177 225474 51% 17 316227 4821 97%
c p 245.95 134 72 107 90049 2640031 245534 52% 17 316227 4819 97%
c - 247.49 135 72 108 90056 2652351 206915 51% 17 316038 4819 97%
c O 252.74 135 65 108 90078 2701180 249338 48% 17 316038 4819 97%
c - 252.91 131 65 109 90078 2701392 208959 48% 17 316038 4819 97%
c s 256.31 131 62 109 90080 2721452 225778 50% 16 316038 4819 97%
c v 256.37 131 62 109 90080 2721452 225778 50% 16 316025 4819 97%
c w 256.57 131 62 109 90080 2721452 225652 50% 16 316025 4819 97%
c t 256.60 131 62 109 90080 2721452 225652 50% 16 316014 4819 97%
c e 256.62 131 62 109 90080 2721452 224248 50% 16 316020 4818 97%
c s 257.74 131 62 109 90080 2721452 223767 50% 16 316000 4818 97%
c - 261.20 135 68 110 90094 2750883 211826 49% 17 316000 4818 97%
c 
c  seconds     reductions         redundant    irredundant
c           MB       restarts             trail       variables
c            level         conflicts          glue         remaining
c 
c B 263.98 135 70 110 90104 2775181 233083 48% 17 316000 4818 97%
c - 267.03 133 66 111 90111 2800822 212468 47% 17 316000 4818 97%
c 2 267.60 133 65 111 90111 2805032 216854 47% 17 316000 4818 97%
c p 267.91 133 65 111 90111 2805032 226498 47% 17 316000 4818 97%
c W 277.09 133 76 111 90113 2850183 266924 49% 17 316000 4818 97%
c - 277.34 140 76 112 90113 2851211 217954 48% 17 316000 4818 97%
c - 283.54 140 63 113 90113 2902050 219601 51% 16 316000 4818 97%
c I 286.18 140 63 113 90122 2926184 240202 51% 15 316000 4818 97%
c - 289.74 137 66 114 90134 2953341 221971 51% 16 316000 4818 97%
c s 293.52 138 67 114 90143 2974937 240065 50% 16 315998 4818 97%
c v 293.58 138 67 114 90143 2974937 240065 50% 16 315977 4818 97%
c w 293.80 138 67 114 90143 2974937 239942 50% 16 315977 4818 97%
c t 293.83 138 67 114 90143 2974937 239942 50% 16 315960 4818 97%
c s 295.15 138 67 114 90143 2974937 239450 50% 16 315960 4818 97%
c 2 295.29 138 67 114 90143 2975032 240089 50% 16 315960 4818 97%
c p 295.65 138 67 114 90143 2975032 250034 50% 16 315960 4818 97%
c B 299.54 138 75 114 90150 3003185 275159 51% 17 315960 4818 97%
c - 299.97 140 76 115 90151 3005080 230081 51% 17 315960 4818 97%
c - 306.25 136 75 116 90174 3057267 229008 50% 17 315960 4818 97%
c W 312.55 136 79 116 90176 3081188 249999 49% 17 315960 4818 97%
c 
c  seconds     reductions         redundant    irredundant
c           MB       restarts             trail       variables
c            level         conflicts          glue         remaining
c 
c - 316.30 141 74 117 90176 3109904 229907 50% 17 315960 4818 97%
c p 321.72 141 77 117 90194 3150033 274383 49% 18 315960 4818 97%
c O 323.09 141 81 117 90199 3160189 283492 48% 18 315960 4818 97%
c - 323.56 139 80 118 90201 3162990 233623 48% 18 315960 4818 97%
c - 330.65 144 73 119 90219 3216526 236258 51% 17 315960 4818 97%
c B 334.04 144 74 119 90229 3240192 257404 51% 18 315960 4818 97%
c s 335.46 154 74 119 90229 3240486 256706 51% 18 315960 4818 97%
c v 335.52 154 74 119 90229 3240486 256706 51% 18 315959 4818 97%
c w 335.76 154 74 119 90229 3240486 256561 51% 18 315959 4818 97%
c t 335.77 154 74 119 90229 3240486 256392 51% 18 315936 4818 97%
c s 337.26 154 74 119 90229 3240486 255817 51% 18 315936 4818 97%
c - 341.67 154 73 120 90238 3270514 241376 51% 18 315936 4818 97%
c W 351.97 154 95 120 90240 3321193 286958 55% 19 315936 4818 97%
c - 352.63 158 94 121 90240 3324954 241980 55% 19 315936 4818 97%
c p 353.68 158 93 121 90240 3330035 257448 55% 19 315936 4818 97%
c - 361.12 157 90 122 90240 3379841 248443 57% 18 315936 4818 97%
c I 364.71 157 90 122 90241 3403196 269362 58% 19 315936 4818 97%
c - 369.89 160 184 123 90241 3435176 246767 51% 37 315936 4818 97%
c B 377.43 160 271 123 90241 3486197 292865 50% 40 315936 4818 97%
c - 378.41 157 263 124 90241 3490963 248584 50% 39 315936 4818 97%
c 
c  seconds      reductions         redundant    irredundant
c           MB        restarts             trail       variables
c             level         conflicts          glue         remaining
c 
c p 382.49 157 228 124 90241 3515036 280620 50% 35 315936 4818 97%
c - 388.23 158 192 125 90242 3547197 253293 51% 30 315936 4818 97%
c W 395.29 158 173 125 90242 3570202 274063 52% 28 315936 4818 97%
c - 400.45 163 143 126 90242 3603883 258080 55% 25 315936 4818 97%
c O 408.51 163 119 126 90242 3655212 304163 60% 22 315936 4818 97%
c - 409.59 162 115 127 90242 3661018 259557 61% 22 315936 4818 97%
c p 416.98 162 90 127 90242 3705038 310470 58% 19 315936 4817 97%
c s 418.82 171 90 127 90242 3705038 309129 58% 19 315936 4817 97%
c v 418.89 171 90 127 90242 3705038 309129 58% 19 315936 4817 97%
c w 419.27 171 90 127 90242 3705038 308978 58% 19 315936 4817 97%
c t 419.28 171 90 127 90242 3705038 308972 58% 19 315936 4817 97%
c s 421.30 171 90 127 90242 3705038 308230 58% 19 315839 4817 97%
c - 423.96 174 92 128 90242 3718602 267017 58% 19 315839 4817 97%
c B 427.92 174 93 128 90242 3741215 287593 58% 20 315839 4817 97%
c - 434.18 173 121 129 90242 3776631 266399 56% 25 315839 4817 97%
c W 446.69 173 113 129 90264 3828216 312004 54% 24 315839 4817 97%
c - 448.35 170 108 130 90267 3835110 267508 53% 24 315839 4817 97%
c - 457.61 170 103 131 90287 3894041 271241 53% 22 315839 4817 97%
c p 459.17 170 104 131 90288 3900039 288770 52% 22 315839 4817 97%
c I 461.93 170 103 131 90296 3916218 303456 52% 22 315839 4817 97%
c 
c  seconds      reductions         redundant    irredundant
c           MB        restarts             trail       variables
c             level         conflicts          glue         remaining
c 
c - 468.68 171 103 132 90305 3953420 280467 52% 21 315839 4817 97%
c s 477.64 185 96 132 90311 3994714 316601 54% 20 315839 4817 97%
c v 477.72 185 96 132 90311 3994714 316601 54% 20 315839 4817 97%
c w 478.07 185 96 132 90311 3994714 316451 54% 20 315839 4817 97%
c t 478.08 185 96 132 90311 3994714 316450 54% 20 315839 4817 97%
c s 480.24 185 96 132 90311 3994714 315827 54% 20 315839 4817 97%
c B 482.10 185 94 132 90317 4005222 325137 54% 19 315839 4817 97%
c - 483.49 183 90 133 90320 4013250 283685 54% 19 315839 4817 97%
c - 493.49 182 88 134 90339 4073528 282846 52% 19 315839 4817 97%
c ] 496.89 182 80 134 90350 4095016 301588 49% 19 315839 4817 97%
c { 496.89 182 26 134 90350 4095016 301588 33% 10 315839 4817 97%
c B 496.94 182 26 134 90378 4095234 301770 33% 10 315839 4817 97%
c p 498.67 182 26 134 90923 4100039 315600 33% 10 315839 4816 97%
c - 505.68 171 26 135 94322 4134258 286824 33% 11 315744 4816 97%
c W 519.04 171 27 135 98851 4186240 330076 33% 11 315744 4816 97%
c - 520.91 171 27 136 99574 4195437 288636 33% 11 315744 4816 97%
c - 532.24 172 27 137 104041 4257059 293246 34% 11 315744 4816 97%
c F 536.00 172 27 137 105415 4278241 310755 34% 11 315744 4816 97%
c s 541.67 172 27 137 106767 4296460 325023 34% 11 315744 4816 97%
c v 541.75 172 27 137 106767 4296460 325023 34% 11 315744 4816 97%
c 
c  seconds     reductions          redundant    irredundant
c           MB       restarts              trail       variables
c            level          conflicts          glue         remaining
c 
c w 542.12 172 27 137 106767 4296460 324870 34% 11 315744 4816 97%
c t 542.12 172 27 137 106767 4296460 324869 34% 11 315744 4816 97%
c s 544.30 172 27 137 106767 4296460 324200 34% 11 315744 4816 97%
c ^ 544.33 172 27 137 106767 4296460 324200 34% 11 315744 4816 97%
c p 546.67 172 28 137 107406 4305044 339231 34% 11 315744 4815 97%
c - 549.75 174 28 138 108485 4319132 300335 34% 12 315650 4815 97%
c B 559.25 174 28 138 111517 4371246 343974 35% 12 315650 4815 97%
c - 561.65 175 28 139 112307 4381648 301143 35% 12 315650 4815 97%
c - 573.99 175 29 140 116042 4444616 304088 36% 12 315650 4815 97%
c W 581.24 175 29 140 117478 4465247 321489 35% 12 315650 4815 97%
c - 589.79 176 29 141 120167 4508032 307930 36% 12 315650 4815 97%
c p 591.66 176 29 141 120648 4515045 322066 36% 12 315650 4815 97%
c # 600.60 176 29 141 123396 4560249 360334 36% 12 315650 4815 97%
c - 603.07 177 29 142 124020 4571898 315525 36% 12 315650 4815 97%
c s 610.98 177 29 142 126360 4610272 347770 36% 12 315650 4815 97%
c v 611.05 177 29 142 126360 4610272 347770 36% 12 315650 4815 97%
c w 611.46 177 29 142 126360 4610272 347591 36% 12 315650 4815 97%
c e 611.53 177 29 142 126360 4610272 332753 36% 12 315805 4804 97%
c s 613.93 177 29 142 126360 4610272 331451 36% 12 315794 4804 97%
c e 614.03 183 29 142 126360 4610272 330904 36% 12 315807 4803 97%
c 
c  seconds     reductions          redundant    irredundant
c           MB       restarts              trail       variables
c            level          conflicts          glue         remaining
c 
c - 619.17 174 30 143 127944 4636213 306902 36% 12 315807 4803 97%
c B 623.07 174 30 143 129216 4656252 323940 36% 12 315807 4803 97%
c - 631.66 176 30 144 131419 4700991 309970 36% 12 315807 4803 97%
c p 638.15 176 30 144 133605 4730045 341651 36% 12 315807 4803 97%
c W 646.12 176 30 144 134787 4753259 361255 36% 12 315807 4803 97%
c - 649.03 177 30 145 135700 4766215 317251 36% 12 315807 4803 97%
c - 661.86 179 29 146 139452 4831889 319954 36% 12 315807 4803 97%
c F 665.41 179 29 146 140601 4851261 336221 36% 12 315807 4803 97%
c - 675.08 179 29 147 143612 4898013 323277 36% 12 315807 4803 97%
c s 683.05 179 30 147 145703 4936384 356019 37% 12 315807 4803 97%
c v 683.14 179 30 147 145703 4936384 356019 37% 12 315495 4803 97%
c w 683.58 179 30 147 145703 4936384 355807 37% 12 315495 4803 97%
c e 683.63 179 30 147 145703 4936384 352141 37% 12 315525 4801 97%
c s 685.73 179 30 147 145703 4936384 350820 37% 12 315518 4801 97%
c 2 688.71 179 30 147 146554 4950046 362607 37% 12 315518 4801 97%
c p 689.32 179 30 147 146554 4950046 369775 37% 12 315518 4799 97%
c B 689.42 179 30 147 146567 4950263 369976 37% 12 315518 4799 97%
c - 692.42 179 30 148 147324 4964587 327478 37% 12 315310 4799 97%
c - 706.33 180 30 149 151204 5031580 328717 37% 12 315310 4799 97%
c W 713.57 180 30 149 152202 5050267 344523 37% 12 315310 4799 97%
c 
c  seconds     reductions          redundant    irredundant
c           MB       restarts              trail       variables
c            level          conflicts          glue         remaining
c 
c - 723.55 181 30 150 155057 5099025 332485 37% 12 315310 4799 97%
c # 734.34 181 30 150 157969 5151274 376948 37% 12 315310 4799 97%
c - 738.14 182 30 151 158833 5166921 336427 37% 12 315310 4799 97%
c p 740.57 182 30 151 159392 5175048 351268 37% 12 315310 4799 97%
c - 753.81 183 30 152 162965 5235265 344336 37% 12 315310 4799 97%
c B 757.56 183 30 152 164068 5253275 359805 37% 12 315310 4799 97%
c s 762.73 188 30 152 165245 5274529 377450 37% 12 315310 4799 97%
c v 762.83 188 30 152 165245 5274529 377450 37% 12 315203 4799 97%
c w 763.33 188 30 152 165245 5274529 377212 37% 12 315203 4799 97%
c t 763.34 188 30 152 165245 5274529 377211 37% 12 315202 4799 97%
c e 763.39 188 30 152 165245 5274529 371074 37% 12 315245 4795 97%
c s 765.52 188 30 152 165245 5274529 369773 37% 12 315223 4795 97%
c - 772.24 187 30 153 166951 5304057 344061 37% 12 315223 4795 97%
c W 786.91 187 30 153 169980 5356276 388687 37% 12 315223 4795 97%
c - 790.92 190 30 154 170955 5373302 346568 37% 12 315223 4795 97%
c p 798.65 190 30 154 172941 5405048 380105 37% 12 315223 4794 97%
c - 807.31 190 30 155 175090 5442995 351850 37% 12 315124 4794 97%
c F 811.06 190 30 155 176022 5460279 366448 37% 12 315124 4794 97%
c - 823.31 190 30 156 179166 5513123 355334 37% 12 315124 4794 97%
c B 835.53 190 30 156 182439 5565284 399955 37% 12 315124 4794 97%
c 
c  seconds     reductions          redundant    irredundant
c           MB       restarts              trail       variables
c            level          conflicts          glue         remaining
c 
c - 840.07 192 30 157 183599 5583701 359181 37% 12 315124 4794 97%
c s 850.59 195 30 157 186140 5624774 393673 37% 12 315124 4794 97%
c v 850.69 195 30 157 186140 5624774 393673 37% 12 315033 4794 97%
c w 851.21 195 30 157 186140 5624774 393457 37% 12 315033 4794 97%
c t 851.22 195 30 157 186140 5624774 393454 37% 12 315033 4794 97%
c s 853.27 195 30 157 186140 5624774 392233 37% 12 315033 4794 97%
c 2 857.26 195 30 157 186994 5640050 405785 37% 12 315033 4794 97%
c p 857.82 195 30 157 186994 5640050 412523 37% 12 315033 4794 97%
c - 861.60 196 30 158 187922 5654729 366283 37% 12 315033 4794 97%
c W 869.37 196 30 158 188995 5671285 380352 37% 12 315033 4794 97%
c - 883.39 196 30 159 192525 5726206 367566 37% 12 315033 4794 97%
c # 895.23 196 30 159 195557 5778287 412269 37% 12 315033 4794 97%
c - 900.17 198 30 160 196558 5798128 371848 37% 12 315033 4794 97%
c - 917.74 197 30 161 201059 5870501 374686 36% 12 315033 4794 97%
c p 920.52 197 30 161 201496 5880050 390378 36% 12 315033 4794 97%
c B 922.03 197 30 161 201882 5886291 395827 37% 12 315033 4794 97%
c - 936.48 200 30 162 205299 5943322 382945 37% 12 315033 4794 97%
c W 953.16 200 30 162 208409 5995298 426956 37% 12 315033 4794 97%
c - 959.30 200 31 163 209832 6016591 385765 37% 13 315033 4794 97%
c - 978.59 201 31 164 214021 6090323 388424 37% 12 315033 4794 97%
c 
c  seconds     reductions          redundant    irredundant
c           MB       restarts              trail       variables
c            level          conflicts          glue         remaining
c 
c F 982.58 201 31 164 214967 6105300 401344 38% 12 315033 4794 97%
c p 988.41 201 31 164 216151 6125056 424259 37% 12 315033 4794 97%
c - 999.45 200 31 165 218602 6164492 393419 37% 13 315033 4794 97%
c B 1013.41 200 31 165 221639 6216302 437674 37% 13 315033 4794 97%
c - 1019.94 203 31 166 222770 6239110 397906 38% 12 315033 4794 97%
c - 1040.21 203 30 167 227062 6314177 401183 37% 12 315033 4794 97%
c W 1047.72 203 31 167 228067 6328312 413100 37% 12 315033 4794 97%
c p 1062.55 203 31 167 231038 6375057 459896 37% 13 315033 4793 97%
c s 1064.24 213 31 167 231038 6375057 459647 37% 13 315033 4793 97%
c v 1064.35 213 31 167 231038 6375057 459647 37% 13 315026 4793 97%
c w 1065.34 213 31 167 231038 6375057 459304 37% 13 315026 4793 97%
c t 1065.35 213 31 167 231038 6375057 459301 37% 13 315026 4793 97%
c s 1067.69 213 31 167 231038 6375057 457428 37% 13 314912 4793 97%
c - 1072.03 215 31 168 231793 6389699 408831 37% 12 314912 4793 97%
c # 1086.95 215 30 168 234944 6441314 452432 37% 12 314912 4793 97%
c - 1094.66 215 31 169 236454 6465664 409667 37% 13 314912 4793 97%
c - 1117.82 216 31 170 241076 6542075 413643 38% 13 314912 4793 97%
c B 1122.06 216 31 170 241933 6555316 425056 37% 13 314912 4793 97%
c - 1141.46 217 32 171 245771 6618933 417307 38% 13 314912 4793 97%
c p 1145.56 217 32 171 246416 6630057 435128 38% 13 314912 4793 97%
c 
c   seconds     reductions          redundant    irredundant
c            MB       restarts              trail       variables
c             level          conflicts          glue         remaining
c 
c W 1161.56 217 32 171 248864 6670322 469124 38% 13 314912 4793 97%
c - 1170.14 218 32 172 250377 6696241 425363 38% 13 314912 4793 97%
c s 1188.63 224 32 172 253421 6749406 470259 38% 13 314912 4793 97%
c v 1188.74 224 32 172 253421 6749406 470259 38% 13 314906 4793 97%
c w 1189.51 224 32 172 253421 6749406 469872 38% 13 314906 4793 97%
c t 1189.52 224 32 172 253421 6749406 469868 38% 13 314906 4793 97%
c s 1191.72 224 32 172 253421 6749406 468509 38% 13 314906 4793 97%
c - 1200.05 225 32 173 254875 6774006 430306 38% 13 314906 4793 97%
c F 1203.73 225 31 173 255648 6786325 440841 38% 13 314906 4793 97%
c - 1224.25 226 32 174 259431 6852212 431545 38% 13 314906 4793 97%
c 2 1235.72 226 32 174 261978 6890057 463843 38% 13 314906 4793 97%
c p 1236.42 226 32 174 261978 6890057 470486 38% 13 314906 4793 97%
c B 1240.44 226 31 174 262844 6903326 481643 37% 13 314906 4793 97%
c - 1249.09 225 32 175 264699 6930866 436422 37% 13 314906 4793 97%
c - 1274.03 228 32 176 269181 7009969 440939 38% 13 314906 4793 97%
c W 1281.15 228 32 176 269848 7021327 450277 38% 13 314906 4793 97%
c - 1303.37 228 32 177 274086 7089522 443373 38% 13 314906 4793 97%
c # 1319.84 228 31 177 277118 7140328 486418 37% 13 314906 4793 97%
c p 1325.36 228 31 177 277894 7155060 505666 38% 13 314906 4793 97%
c s 1328.40 232 31 177 277894 7155060 505106 38% 13 314906 4793 97%
c 
c   seconds     reductions          redundant    irredundant
c            MB       restarts              trail       variables
c             level          conflicts          glue         remaining
c 
c v 1328.51 232 31 177 277894 7155060 505106 38% 13 314905 4793 97%
c w 1329.42 232 31 177 277894 7155060 504650 38% 13 314905 4793 97%
c t 1329.43 232 31 177 277894 7155060 504649 38% 13 314905 4793 97%
c e 1329.48 232 31 177 277894 7155060 502764 38% 13 314919 4792 97%
c s 1329.75 232 31 177 277894 7155060 502764 38% 13 314919 4792 97%
c - 1335.18 233 32 178 278867 7169524 445290 38% 13 314919 4792 97%
c - 1360.14 233 30 179 283440 7249981 449295 37% 13 314919 4792 97%
c B 1363.34 233 31 179 283997 7260329 458255 38% 13 314919 4792 97%
c - 1387.07 235 31 180 288423 7330885 454354 38% 13 314919 4792 97%
c W 1406.76 235 32 180 291880 7381331 497150 38% 13 314919 4792 97%
c - 1417.41 236 32 181 293616 7412238 458435 38% 13 314919 4792 97%
c p 1422.54 236 32 181 294296 7425061 477345 38% 13 314919 4791 97%
c - 1445.00 236 31 182 298255 7494039 465624 37% 13 314807 4791 97%
c F 1448.35 236 31 182 299085 7503334 473523 37% 13 314807 4791 97%
c s 1466.10 240 32 182 302091 7553588 516941 38% 13 314807 4791 97%
c v 1466.21 240 32 182 302091 7553588 516941 38% 13 314779 4791 97%
c w 1467.13 240 32 182 302091 7553588 516925 38% 13 314779 4791 97%
c s 1469.27 240 32 182 302091 7553588 513442 38% 13 314779 4791 97%
c - 1477.57 242 32 183 303477 7576284 469088 38% 13 314779 4791 97%
c B 1493.57 242 32 183 306424 7626335 511530 38% 13 314779 4791 97%
c 
c   seconds     reductions          redundant    irredundant
c            MB       restarts              trail       variables
c             level          conflicts          glue         remaining
c 
c - 1504.82 243 32 184 308480 7658977 470720 38% 13 314779 4791 97%
c 2 1518.02 243 32 184 310721 7700065 505929 38% 13 314779 4791 97%
c p 1519.15 243 32 184 310721 7700065 512716 38% 13 314779 4790 97%
c - 1533.86 244 32 185 313195 7742117 476930 39% 13 314670 4790 97%
c W 1540.36 244 32 185 313688 7750338 484136 39% 13 314670 4790 97%
c - 1568.80 244 32 186 318350 7825700 479844 38% 13 314670 4790 97%
c # 1588.55 244 31 186 321528 7875344 521486 38% 13 314670 4790 97%
c - 1603.07 246 32 187 323872 7909730 483968 38% 13 314670 4790 97%
c s 1627.41 252 32 187 327130 7964164 529418 38% 13 314670 4790 97%
c v 1627.53 252 32 187 327130 7964164 529418 38% 13 314668 4790 97%
c w 1628.47 252 32 187 327130 7964164 529214 38% 13 314668 4790 97%
c e 1628.54 252 32 187 327130 7964164 524693 38% 13 314683 4789 97%
c s 1630.92 252 32 187 327130 7964164 523023 38% 13 314683 4789 97%
c 2 1637.79 252 32 187 327967 7980065 536703 39% 13 314683 4789 97%
c p 1638.69 252 32 187 327967 7980065 543722 39% 13 314683 4789 97%
c - 1644.42 253 32 188 328670 7994209 487283 38% 13 314683 4789 97%
c B 1647.47 253 32 188 329135 8001347 493338 38% 13 314683 4789 97%
c - 1677.84 253 32 189 333616 8079140 488960 38% 13 314683 4789 97%
c W 1700.45 253 33 189 336698 8128355 530774 38% 13 314683 4789 97%
c - 1715.65 255 33 190 338844 8164518 493780 39% 13 314683 4789 97%
c 
c   seconds     reductions          redundant    irredundant
c            MB       restarts              trail       variables
c             level          conflicts          glue         remaining
c 
c } 1726.92 255 33 190 340390 8191017 516475 39% 13 314683 4789 97%
c [ 1726.92 255 80 190 340390 8191017 516475 49% 19 314683 4789 97%
c - 1748.71 265 98 191 340408 8250348 499680 50% 22 314683 4789 97%
c W 1754.60 265 100 191 340408 8256357 505164 51% 22 314683 4789 97%
c p 1758.25 265 97 191 340408 8265068 521512 51% 22 314683 4789 97%
c - 1782.84 263 71 192 340409 8336625 501714 49% 19 314683 4789 97%
c O 1798.76 263 71 192 340426 8385358 545752 52% 19 314683 4789 97%
c - 1811.50 274 84 193 340440 8423352 505341 52% 21 314683 4789 97%
c - 1846.08 272 92 194 340471 8510529 509300 54% 21 314683 4789 97%
c B 1848.03 272 95 194 340471 8515363 513699 54% 21 314683 4789 97%
c p 1864.58 272 106 194 340475 8555070 559591 56% 22 314683 4789 97%
c - 1882.46 278 95 195 340495 8598154 514627 54% 21 314683 4789 97%
c W 1903.81 278 90 195 340510 8646366 558318 54% 21 314683 4789 97%
c - 1920.29 281 92 196 340529 8686229 518365 54% 21 314683 4789 97%
c - 1962.00 292 87 197 340536 8774755 522761 53% 21 314683 4789 97%
c I 1963.66 292 86 197 340536 8778367 526051 53% 21 314683 4789 97%
c p 1994.81 292 118 197 340537 8850071 601383 56% 24 314683 4789 97%
c s 1998.14 312 118 197 340537 8850071 600533 56% 24 314683 4789 97%
c v 1998.27 312 118 197 340537 8850071 600533 56% 24 314667 4789 97%
c w 1999.74 312 118 197 340537 8850071 599965 56% 24 314667 4789 97%
c 
c   seconds      reductions          redundant    irredundant
c            MB        restarts              trail       variables
c              level          conflicts          glue         remaining
c 
c s 2001.99 368 118 197 340537 8850071 599874 56% 24 314667 4789 97%
c - 2008.48 314 110 198 340537 8863728 527369 55% 23 314667 4789 97%
c B 2030.45 314 95 198 340537 8911368 570742 55% 22 314667 4789 97%
c - 2048.68 311 119 199 340537 8953149 529813 55% 24 314667 4789 97%
c - 2083.07 304 97 200 340573 9043020 533492 53% 23 314667 4789 97%
c W 2087.96 304 98 200 340575 9045369 535645 53% 23 314667 4789 97%
c - 2119.87 301 103 201 340600 9133340 535451 49% 25 314667 4789 97%
c p 2126.93 301 104 201 340600 9150072 562475 50% 24 314667 4789 97%
c O 2139.36 301 97 201 340615 9180370 590168 50% 23 314667 4789 97%
c - 2156.41 308 88 202 340631 9224111 544850 50% 22 314667 4789 97%
c - 2192.83 308 83 203 340662 9315331 547919 52% 23 314667 4789 97%
c B 2193.32 308 82 203 340662 9316377 548828 52% 23 314667 4789 97%
c - 2230.74 311 95 204 340664 9406999 548963 48% 25 314667 4789 97%
c W 2253.41 311 95 204 340679 9453378 590924 48% 24 314667 4789 97%
c p 2255.45 311 95 204 340680 9455072 603570 49% 24 314667 4789 97%
c s 2257.93 313 95 204 340680 9455072 601579 49% 24 314666 4789 97%
c v 2258.07 313 95 204 340680 9455072 601579 49% 24 314662 4789 97%
c w 2259.66 313 95 204 340680 9455072 601322 49% 24 314662 4789 97%
c t 2259.68 313 95 204 340680 9455072 601320 49% 24 314662 4789 97%
c s 2262.67 313 95 204 340680 9455072 600541 49% 24 314662 4789 97%
c 
c   seconds     reductions          redundant    irredundant
c            MB       restarts              trail       variables
c             level          conflicts          glue         remaining
c 
c e 2262.74 313 95 204 340680 9455072 598046 49% 24 314670 4788 97%
c - 2279.18 302 80 205 340695 9499120 554852 44% 23 314670 4788 97%
c I 2314.59 302 81 205 340727 9591380 638269 49% 22 314670 4788 97%
c - 2315.09 307 81 206 340727 9591687 553515 49% 22 314670 4788 97%
c - 2353.48 318 99 207 340757 9684705 557940 51% 22 314670 4788 97%
c B 2373.26 318 100 207 340772 9730383 598594 50% 23 314670 4788 97%
c p 2388.82 318 97 207 340788 9765072 640416 50% 23 314670 4788 97%
c - 2395.27 315 94 208 340789 9778172 562910 51% 22 314670 4788 97%
c W 2437.60 315 82 208 340791 9870385 646049 51% 21 314670 4788 97%
c - 2438.68 320 82 209 340791 9872089 566654 52% 21 314670 4788 97%
c s 2454.26 323 73 209 340792 9901905 592923 53% 20 314670 4788 97%
c v 2454.38 323 73 209 340792 9901905 592923 53% 20 314624 4788 97%
c w 2455.56 323 73 209 340792 9901905 592512 53% 20 314624 4788 97%
c s 2456.11 323 73 209 340792 9901905 592510 53% 20 314624 4788 97%
c - 2485.76 325 81 210 340792 9966456 569847 56% 21 314624 4788 97%
c O 2504.05 325 78 210 340792 10011387 611042 56% 20 314624 4788 97%
c - 2525.84 323 64 211 340793 10061268 571015 53% 19 314624 4788 97%
c p 2536.04 323 61 211 340793 10080078 601872 54% 18 314624 4787 97%
c B 2569.18 323 72 211 340793 10153388 669120 58% 18 314624 4787 97%
c - 2571.26 330 76 212 340793 10156532 580486 57% 18 314532 4787 97%
c 
c   seconds      reductions           redundant    irredundant
c            MB        restarts               trail       variables
c              level          conflicts           glue         remaining
c 
c - 2618.49 336 107 213 340793 10252236 582262 53% 26 314532 4787 97%
c W 2642.70 336 114 213 340794 10296390 621774 53% 28 314532 4787 97%
c - 2666.52 330 112 214 340794 10348387 586011 54% 26 314532 4787 97%
c s 2672.41 341 117 214 340794 10360798 597356 56% 27 314532 4787 97%
c v 2672.53 341 117 214 340794 10360798 597356 56% 27 314532 4787 97%
c w 2673.88 341 117 214 340794 10360798 597336 56% 27 314532 4787 97%
c s 2676.17 341 117 214 340794 10360798 595748 56% 27 314532 4787 97%
c p 2695.75 341 111 214 340794 10400078 644948 58% 25 314532 4787 97%
c I 2713.38 341 108 214 340794 10440394 681655 57% 25 314532 4787 97%
c - 2715.92 351 114 215 340794 10444995 596445 57% 27 314532 4787 97%
c - 2760.20 353 199 216 340794 10542043 596468 61% 32 314532 4787 97%
c B 2783.01 353 226 216 340794 10585396 636439 64% 33 314532 4787 97%
c - 2808.04 347 179 217 340794 10639540 599257 61% 28 314532 4787 97%
c p 2854.97 347 143 217 340794 10725078 690099 64% 27 314532 4786 96%
c W 2861.77 418 147 217 340794 10731398 695408 64% 27 314434 4786 96%
c - 2864.80 354 141 218 340794 10737488 605513 63% 27 314434 4786 96%
c s 2913.71 367 89 218 340800 10831764 689654 59% 21 314434 4786 96%
c v 2913.85 367 89 218 340800 10831764 689654 59% 21 314434 4786 96%
c w 2915.28 367 89 218 340800 10831764 689100 59% 21 314434 4786 96%
c s 2918.39 432 89 218 340800 10831764 688624 59% 21 314434 4786 96%
c 
c   seconds     reductions           redundant    irredundant
c            MB       restarts               trail       variables
c             level          conflicts           glue         remaining
c 
c - 2920.68 360 89 219 340801 10835877 608174 58% 21 314434 4786 96%
c O 2939.45 360 87 219 340822 10878400 645808 54% 22 314434 4786 96%
c - 2968.69 355 83 220 340840 10934715 606881 53% 21 314434 4786 96%
c B 3001.77 355 85 220 340859 11026406 688353 42% 27 314434 4786 96%
c - 3005.85 344 83 221 340864 11034001 609480 43% 26 314434 4786 96%
c p 3015.83 344 83 221 340872 11055078 642216 43% 26 314434 4786 96%
c - 3046.83 349 93 222 340903 11133739 616634 45% 27 314434 4786 96%
c W 3066.77 349 96 222 340919 11175408 654101 47% 27 314434 4786 96%
c - 3094.60 351 85 223 340921 11233928 620679 44% 26 314434 4786 96%
c s 3140.23 351 75 223 340935 11314790 693393 46% 23 314434 4786 96%
c v 3140.36 351 75 223 340935 11314790 693393 46% 23 314434 4786 96%
c w 3141.76 351 75 223 340935 11314790 693191 46% 23 314434 4786 96%
c s 3144.29 351 75 223 340935 11314790 691716 46% 23 314434 4786 96%
c I 3149.60 351 73 223 340937 11325410 701020 45% 23 314434 4786 96%
c - 3154.75 359 75 224 340943 11334561 626744 46% 23 314434 4786 96%
c 2 3179.98 359 74 224 340961 11390079 677069 48% 22 314434 4786 96%
c p 3181.24 359 74 224 340961 11390079 686782 48% 22 314434 4786 96%
c - 3204.56 360 71 225 340982 11435645 631248 48% 21 314434 4786 96%
c B 3225.70 360 64 225 340984 11476411 667177 47% 20 314434 4786 96%
c - 3258.10 365 72 226 341006 11537177 633667 51% 20 314434 4786 96%
c 
c   seconds     reductions           redundant    irredundant
c            MB       restarts               trail       variables
c             level          conflicts           glue         remaining
c 
c W 3304.12 365 75 226 341043 11628412 715342 50% 22 314434 4786 96%
c - 3310.74 360 73 227 341045 11639158 637586 51% 21 314434 4786 96%
c p 3355.29 360 70 227 341048 11730082 729570 56% 19 314434 4786 96%
c - 3360.32 370 75 228 341048 11741590 639879 57% 20 314434 4786 96%
c O 3378.06 370 97 228 341049 11781413 676447 59% 22 314434 4786 96%
c - 3413.22 387 84 229 341049 11844470 644570 60% 21 314434 4786 96%
c B 3462.21 387 80 229 341070 11935414 726778 56% 22 314434 4786 96%
c - 3469.34 381 79 230 341077 11947800 650794 54% 21 314434 4786 96%
c - 3515.12 376 85 231 341111 12051581 654493 53% 22 314434 4786 96%
c p 3525.38 376 86 231 341112 12075083 688590 54% 21 314434 4786 96%
c W 3534.45 376 92 231 341112 12090417 702666 53% 22 314434 4786 96%
c - 3561.18 372 88 232 341142 12155814 663515 53% 22 314434 4786 96%
c I 3596.81 372 79 232 341174 12246420 744054 52% 22 314434 4786 96%
c - 3603.45 371 103 233 341174 12260491 665509 52% 25 314434 4786 96%
c - 3645.42 372 122 234 341180 12365623 665281 50% 31 314434 4786 96%
c B 3661.21 372 115 234 341198 12403424 699435 50% 29 314434 4786 96%
c p 3671.46 372 115 234 341206 12425086 729444 51% 28 314434 4786 96%
c - 3692.12 377 121 235 341222 12471207 673427 53% 27 314434 4786 96%
c W 3730.95 377 103 235 341239 12561426 754885 57% 24 314434 4786 96%
c - 3737.46 384 99 236 341249 12577235 679361 56% 24 314434 4786 96%
c 
c   seconds     reductions           redundant    irredundant
c            MB       restarts               trail       variables
c             level          conflicts           glue         remaining
c 
c - 3778.25 369 91 237 341289 12683714 681316 50% 24 314434 4786 96%
c O 3791.81 369 93 237 341301 12720430 714485 49% 24 314434 4786 96%
c p 3816.01 369 92 237 341303 12780090 778482 49% 24 314434 4786 96%
c - 3820.38 378 94 238 341303 12790641 686521 49% 24 314434 4786 96%
c B 3857.91 378 110 238 341304 12880432 768451 50% 25 314434 4786 96%
c - 3865.34 387 112 239 341304 12898015 691913 51% 25 314434 4786 96%
c - 3911.06 396 139 240 341305 13005844 695482 54% 29 314434 4786 96%
c W 3928.02 396 144 240 341305 13041433 727682 54% 31 314434 4786 96%
c - 3958.86 393 127 241 341305 13114117 698557 58% 27 314434 4786 96%
c p 3970.14 393 117 241 341305 13140091 733971 58% 26 314434 4786 96%
c I 3994.75 393 111 241 341305 13203435 791723 59% 23 314434 4786 96%
c - 4002.38 391 156 242 341305 13222839 707369 57% 33 314434 4786 96%
c - 4044.86 382 119 243 341349 13332009 707123 55% 28 314434 4786 96%
c B 4055.72 382 107 243 341364 13366438 737017 50% 27 314434 4786 96%
c - 4085.55 377 105 244 341375 13441629 708504 52% 29 314434 4786 96%
c p 4109.84 377 112 244 341399 13505091 775772 51% 29 314434 4785 96%
c s 4111.80 407 112 244 341399 13505091 774681 51% 29 314434 4785 96%
c v 4111.94 407 112 244 341399 13505091 774681 51% 29 314429 4785 96%
c w 4115.43 407 112 244 341399 13505091 773974 51% 29 314429 4785 96%
c t 4115.45 407 112 244 341399 13505091 773972 51% 29 314429 4785 96%
c 
c   seconds      reductions           redundant    irredundant
c            MB        restarts               trail       variables
c              level          conflicts           glue         remaining
c 
c s 4117.96 407 112 244 341399 13505091 772823 51% 29 314317 4785 96%
c W 4131.88 464 111 244 341410 13530445 795320 51% 29 314317 4785 96%
c - 4141.77 415 109 245 341418 13551699 718366 50% 27 314317 4785 96%
c - 4186.25 423 78 246 341432 13662205 719285 52% 22 314317 4785 96%
c O 4200.83 423 80 246 341432 13695446 749869 52% 22 314317 4785 96%
c - 4234.28 420 88 247 341463 13773159 724096 52% 22 314317 4785 96%
c B 4274.65 420 105 247 341494 13861449 804666 54% 24 314317 4785 96%
c p 4282.27 420 106 247 341495 13875091 826155 53% 25 314317 4785 96%
c - 4287.00 424 102 248 341495 13884566 727804 52% 25 314317 4785 96%
c - 4336.20 414 88 249 341536 13996425 730840 51% 22 314317 4785 96%
c s 4345.27 416 87 249 341541 14012247 744763 52% 22 314317 4785 96%
c w 4346.82 416 87 249 341541 14012247 744120 52% 22 314317 4785 96%
c s 4347.60 416 87 249 341541 14012247 744111 52% 22 314317 4785 96%
c W 4357.13 416 84 249 341550 14028455 758472 51% 22 314317 4785 96%
c - 4389.68 427 109 250 341559 14108727 734760 55% 26 314317 4785 96%
c I 4426.47 427 106 250 341560 14196456 812022 52% 29 314317 4785 96%
c - 4437.41 419 112 251 341560 14221482 735238 53% 28 314317 4785 96%
c p 4451.35 419 115 251 341560 14250091 773457 53% 27 314317 4785 96%
c - 4487.23 436 118 252 341578 14334685 745398 54% 25 314317 4785 96%
c B 4500.45 436 112 252 341591 14365458 773391 54% 25 314317 4785 96%
c 
c   seconds      reductions           redundant    irredundant
c            MB        restarts               trail       variables
c              level          conflicts           glue         remaining
c 
c - 4536.26 432 100 253 341622 14448335 751550 53% 24 314317 4785 96%
c W 4578.00 432 101 253 341641 14535460 828688 49% 27 314317 4785 96%
c - 4589.16 418 90 254 341653 14562434 752603 50% 25 314317 4785 96%
c p 4620.22 418 95 254 341679 14630096 823020 50% 25 314317 4785 96%
c - 4643.41 433 95 255 341686 14676985 757473 52% 26 314317 4785 96%
c O 4655.12 433 96 255 341687 14706461 784493 53% 25 314317 4785 96%
c - 4695.13 432 91 256 341702 14791985 761855 52% 23 314317 4785 96%
c B 4732.58 432 88 256 341733 14878465 840727 52% 22 314317 4785 96%
c - 4742.48 429 97 257 341748 14907433 764185 48% 30 314317 4785 96%
c p 4790.69 429 82 257 341775 15015099 870089 49% 24 314317 4785 96%
c - 4795.08 427 84 258 341779 15023330 767010 49% 25 314317 4785 96%
c W 4809.78 427 96 258 341784 15051466 792540 51% 24 314317 4785 96%
c - 4850.36 436 97 259 341813 15139675 772477 52% 25 314317 4785 96%
c I 4889.79 436 107 259 341814 15225469 849987 52% 27 314317 4785 96%
c - 4903.36 448 134 260 341815 15256471 777199 54% 29 314317 4785 96%
c - 4963.00 456 139 261 341816 15373714 782095 54% 33 314317 4785 96%
c B 4978.83 456 126 261 341816 15400470 806010 53% 31 314317 4785 96%
c p 4983.35 456 125 261 341816 15405101 822214 53% 30 314317 4785 96%
c - 5037.64 451 97 262 341816 15491407 789999 53% 25 314317 4785 96%
c W 5090.44 451 87 262 341816 15576471 867515 56% 23 314317 4785 96%
c 
c   seconds     reductions           redundant    irredundant
c            MB       restarts               trail       variables
c             level          conflicts           glue         remaining
c 
c - 5112.03 451 79 263 341816 15609550 794879 54% 22 314317 4785 96%
c - 5189.66 443 70 264 341817 15728141 801972 53% 19 314317 4785 96%
c O 5205.85 443 68 264 341817 15753474 825169 53% 19 314317 4785 96%
c p 5238.06 443 67 264 341817 15800102 878066 54% 20 314317 4785 96%
c s 5240.28 471 67 264 341817 15800102 875176 54% 20 314317 4785 96%
c v 5240.43 471 67 264 341817 15800102 875176 54% 20 314313 4785 96%
c w 5243.80 471 67 264 341817 15800102 874804 54% 20 314313 4785 96%
c t 5243.82 471 67 264 341817 15800102 874798 54% 20 314313 4785 96%
c s 5246.55 471 67 264 341817 15800102 873728 54% 20 314313 4785 96%
c - 5273.95 474 105 265 341817 15847187 813112 57% 24 314313 4785 96%
c B 5327.17 474 126 265 341817 15931476 890295 60% 27 314313 4785 96%
c - 5352.42 499 111 266 341817 15966678 811333 59% 26 314313 4785 96%
c - 5427.65 490 87 267 341817 16086617 812641 59% 20 314313 4785 96%
c W 5445.42 490 81 267 341817 16110477 834358 58% 20 314313 4785 96%
c p 5507.76 490 80 267 341818 16200102 930609 57% 20 314313 4785 96%
c - 5513.22 490 81 268 341818 16207009 819951 56% 20 314313 4785 96%
c I 5568.05 490 90 268 341818 16290478 894787 52% 24 314313 4785 96%
c - 5594.76 485 131 269 341818 16327851 822317 53% 26 314313 4785 96%
c s 5599.20 497 133 269 341818 16331406 823857 53% 26 314313 4785 96%
c v 5599.33 497 133 269 341818 16331406 823857 53% 26 314313 4785 96%
c 
c   seconds      reductions           redundant    irredundant
c            MB        restarts               trail       variables
c              level          conflicts           glue         remaining
c 
c w 5600.93 497 133 269 341818 16331406 823226 53% 26 314313 4785 96%
c t 5600.95 497 133 269 341818 16331406 823225 53% 26 314313 4785 96%
c s 5603.93 497 133 269 341818 16331406 821970 53% 26 314313 4785 96%
c ] 5634.88 497 108 269 341818 16383020 869163 55% 24 314313 4785 96%
c { 5634.88 497 33 269 341818 16383020 869163 39% 13 314313 4785 96%
c - 5690.99 484 35 270 347798 16449140 825436 38% 14 314313 4785 96%
c F 5705.81 484 35 270 349420 16471479 844471 38% 15 314313 4785 96%
c - 5780.91 466 36 271 355883 16570877 824049 39% 15 314313 4785 96%
c p 5812.05 466 36 271 357757 16605102 867453 40% 15 314313 4785 96%
c B 5854.09 466 36 271 360715 16653483 908969 40% 15 314313 4785 96%
c - 5887.87 467 36 272 363118 16693062 838157 40% 15 314313 4785 96%
c - 6002.78 469 38 273 370585 16815695 843237 41% 15 314313 4785 96%
c W 6021.20 469 38 273 371850 16836486 861287 41% 15 314313 4785 96%
c - 6103.65 472 37 274 377178 16938778 848152 41% 15 314313 4785 96%
c p 6164.32 472 36 274 381215 17015106 919712 41% 15 314313 4784 96%
c s 6167.69 472 36 274 381215 17015106 919379 41% 15 314313 4784 96%
c w 6169.83 472 36 274 381215 17015106 918854 41% 15 314313 4784 96%
c s 6172.26 472 36 274 381215 17015106 918783 41% 15 314201 4784 96%
c # 6177.67 472 36 274 381701 17020487 923410 40% 15 314201 4784 96%
c - 6212.02 470 36 275 384100 17062310 852926 40% 15 314201 4784 96%
c 
c   seconds     reductions           redundant    irredundant
c            MB       restarts               trail       variables
c             level          conflicts           glue         remaining
c 
c - 6317.11 472 36 276 391744 17186280 858976 40% 15 314201 4784 96%
c B 6330.86 472 36 276 392910 17205493 875685 40% 15 314201 4784 96%
c - 6411.32 477 38 277 399338 17310698 864583 41% 16 314201 4784 96%
c W 6478.70 477 38 277 403828 17391496 933903 41% 16 314201 4784 96%
c p 6514.00 477 38 277 406095 17430106 974751 41% 16 314201 4784 96%
c - 6519.78 477 38 278 406476 17435565 870450 41% 16 314201 4784 96%
c - 6621.80 477 37 279 413361 17560883 875910 41% 15 314201 4784 96%
c s 6629.72 480 37 279 414073 17570543 884064 40% 15 314201 4784 96%
c v 6629.87 480 37 279 414073 17570543 884064 40% 15 314201 4784 96%
c w 6631.83 480 37 279 414073 17570543 884007 40% 15 314201 4784 96%
c s 6633.42 480 37 279 414073 17570543 880915 40% 15 314201 4784 96%
c F 6639.10 480 37 279 414478 17578499 887824 41% 15 314201 4784 96%
c - 6720.93 483 38 280 421339 17686648 881828 40% 16 314201 4784 96%
c B 6781.66 483 36 280 425992 17766500 949147 40% 15 314201 4784 96%
c - 6821.61 483 36 281 428450 17812862 884565 40% 15 314201 4784 96%
c p 6856.21 483 37 281 430825 17850106 925220 40% 15 314201 4783 96%
c - 6934.44 483 36 282 435995 17939526 894303 40% 15 314090 4783 96%
c W 6951.65 483 37 282 437057 17955505 907787 40% 15 314090 4783 96%
c - 7045.99 485 38 283 444299 18066626 898906 40% 16 314090 4783 96%
c s 7108.19 488 38 283 448391 18138054 959449 41% 16 314090 4783 96%
c 
c   seconds     reductions           redundant    irredundant
c            MB       restarts               trail       variables
c             level          conflicts           glue         remaining
c 
c v 7108.36 488 38 283 448391 18138054 959449 41% 16 314089 4783 96%
c w 7110.84 488 38 283 448391 18138054 958961 41% 16 314089 4783 96%
c s 7114.28 488 38 283 448391 18138054 958832 41% 16 314089 4783 96%
c # 7120.83 488 38 283 448784 18145506 965219 41% 16 314089 4783 96%
c - 7163.66 493 38 284 451348 18194175 905075 41% 15 314089 4783 96%
c p 7232.01 493 38 284 456187 18275109 980817 41% 16 314089 4783 96%
c - 7272.11 491 37 285 458828 18322173 910725 40% 16 314089 4783 96%
c B 7283.29 491 37 285 459630 18336509 922820 41% 16 314089 4783 96%
c - 7380.90 494 38 286 466810 18450623 915877 41% 16 314089 4783 96%
c W 7450.59 494 38 286 471237 18528515 982716 41% 16 314089 4783 96%
c - 7495.89 494 38 287 474297 18579519 920003 41% 16 314089 4783 96%
c p 7599.22 494 38 287 481950 18705110 1034973 41% 16 314089 4783 96%
c - 7602.38 497 38 288 482010 18708871 927449 41% 16 314089 4783 96%
c s 7609.44 504 37 288 482390 18717620 934731 41% 16 314089 4783 96%
c v 7609.59 504 37 288 482390 18717620 934731 41% 16 314088 4783 96%
c w 7612.06 504 37 288 482390 18717620 934661 41% 16 314088 4783 96%
c s 7614.05 504 37 288 482390 18717620 931439 41% 16 314088 4783 96%
c F 7617.41 504 37 288 482607 18721516 934771 41% 16 314088 4783 96%
c - 7718.88 505 38 289 489873 18838666 932665 41% 16 314088 4783 96%
c B 7777.83 505 38 289 494125 18915532 997152 40% 16 314088 4783 96%
c 
c   seconds     reductions           redundant    irredundant
c            MB       restarts               trail       variables
c             level          conflicts           glue         remaining
c 
c - 7819.25 505 38 290 497012 18968909 934996 41% 16 314088 4783 96%
c - 7931.12 508 38 291 504784 19099604 941252 41% 16 314088 4783 96%
c W 7944.47 508 38 291 505505 19110533 950878 41% 16 314088 4783 96%
c p 7974.09 508 38 291 507101 19140111 985649 41% 16 314088 4780 96%
c - 8056.67 511 38 292 512546 19230745 951649 41% 16 313780 4780 96%
c # 8120.48 511 38 292 516756 19306534 1016612 41% 16 313780 4780 96%
c s 8125.59 511 38 292 516976 19309262 1017821 41% 16 313780 4780 96%
c v 8125.77 511 38 292 516976 19309262 1017821 41% 16 313772 4780 96%
c w 8128.27 511 38 292 516976 19309262 1017162 41% 16 313772 4780 96%
c t 8128.29 511 38 292 516976 19309262 1017160 41% 16 313772 4780 96%
c e 8128.40 511 38 292 516976 19309262 1007267 41% 16 313803 4778 96%
c s 8131.09 511 38 292 516976 19309262 1006090 41% 16 313803 4778 96%
c - 8180.16 510 39 293 520214 19362298 952055 41% 16 313803 4778 96%
c - 8292.91 512 38 294 527710 19494303 954918 42% 16 313803 4778 96%
c B 8300.29 512 39 294 528348 19503535 962969 42% 16 313803 4778 96%
c p 8365.12 512 38 294 532440 19580112 1035747 42% 16 313803 4778 96%
c - 8408.68 513 38 295 535275 19626760 961323 41% 16 313803 4778 96%
c W 8479.68 513 39 295 539817 19701538 1025605 41% 16 313803 4778 96%
c - 8539.25 516 39 296 543567 19759665 966566 41% 16 313803 4778 96%
c - 8665.44 517 39 297 550862 19893019 972233 41% 16 313803 4778 96%
c 
c   seconds     reductions           redundant    irredundant
c            MB       restarts               trail       variables
c             level          conflicts           glue         remaining
c 
c F 8672.17 517 39 297 551456 19900539 978686 41% 16 313803 4778 96%
c s 8685.70 525 39 297 552218 19912995 988045 41% 16 313803 4778 96%
c v 8685.89 525 39 297 552218 19912995 988045 41% 16 313722 4778 96%
c w 8688.52 525 39 297 552218 19912995 987242 41% 16 313722 4778 96%
c s 8691.62 525 39 297 552218 19912995 986148 41% 16 313722 4778 96%
c 2 8786.93 525 39 297 558725 20025114 1083074 42% 16 313722 4778 96%
c p 8789.76 525 39 297 558725 20025114 1090580 42% 16 313722 4777 96%
c - 8791.97 526 39 298 558791 20026825 979733 42% 16 313627 4777 96%
c B 8855.24 526 39 298 563465 20100544 1043030 42% 16 313627 4777 96%
c - 8909.12 527 38 299 566863 20161065 982539 41% 16 313627 4777 96%
c - 9027.72 528 38 300 574690 20295743 988068 41% 16 313627 4777 96%
c W 9035.94 528 38 300 574990 20301547 993056 41% 16 313627 4777 96%
c - 9158.20 530 38 301 583142 20430869 993277 41% 16 313627 4777 96%
c p 9201.87 530 37 301 585572 20475117 1039307 40% 16 313627 4777 96%
c # 9229.33 530 37 301 587231 20503551 1063816 41% 16 313627 4777 96%
c s 9257.23 533 38 301 588455 20528765 1085429 42% 16 313627 4777 96%
c v 9257.43 533 38 301 588455 20528765 1085429 42% 16 313617 4777 96%
c w 9260.22 533 38 301 588455 20528765 1084936 42% 16 313617 4777 96%
c e 9260.36 533 38 301 588455 20528765 1079073 42% 16 313632 4776 96%
c s 9263.81 533 38 301 588455 20528765 1078885 42% 16 313632 4776 96%
c 
c   seconds     reductions           redundant    irredundant
c            MB       restarts               trail       variables
c             level          conflicts           glue         remaining
c 
c - 9305.87 533 38 302 591224 20566446 996695 41% 16 313632 4776 96%
c - 9446.44 534 39 303 598786 20702473 1002659 42% 16 313632 4776 96%
c B 9450.23 534 39 303 599022 20706555 1006178 42% 16 313632 4776 96%
c - 9569.97 534 38 304 606383 20838946 1006913 41% 16 313632 4776 96%
c W 9638.87 534 39 304 610639 20910557 1068481 42% 16 313632 4776 96%
c p 9660.04 534 39 304 611733 20930118 1092287 42% 16 313632 4775 96%
c - 9708.93 539 39 305 614366 20975869 1015849 42% 16 313534 4775 96%
c - 9828.52 538 38 306 622243 21113229 1020749 42% 16 313534 4775 96%
c F 9830.63 538 38 306 622341 21115558 1022821 42% 16 313534 4775 96%
c s 9870.30 544 39 306 624818 21156628 1057803 41% 16 313534 4775 96%
c v 9870.46 544 39 306 624818 21156628 1057803 41% 16 313502 4775 96%
c w 9872.91 544 39 306 624818 21156628 1057718 41% 16 313502 4775 96%
c s 9874.87 544 39 306 624818 21156628 1053938 41% 16 313502 4775 96%
c - 9962.56 545 38 307 630254 21251043 1024168 41% 16 313502 4775 96%
c B 10023.90 545 38 307 634462 21321559 1084697 41% 16 313502 4775 96%
c - 10096.98 549 39 308 638765 21389303 1030445 41% 16 313502 4775 96%
c 2 10098.15 549 39 308 638850 21390118 1031286 41% 16 313502 4775 96%
c p 10101.04 549 39 308 638850 21390118 1039315 41% 16 313502 4774 96%
c - 10232.63 551 38 309 646626 21528007 1039010 42% 16 313405 4774 96%
c W 10236.61 551 38 309 646645 21528561 1039533 42% 16 313405 4774 96%
c 
c   seconds      reductions            redundant    irredundant
c             MB       restarts                trail       variables
c              level          conflicts            glue         remaining
c 
c - 10364.82 551 38 310 655014 21667146 1043922 41% 16 313405 4774 96%
c # 10427.24 551 38 310 658886 21736566 1103588 41% 16 313405 4774 96%
c s 10486.57 555 39 310 662562 21796532 1154051 42% 16 313405 4774 96%
c v 10486.76 555 39 310 662562 21796532 1154051 42% 16 313395 4774 96%
c w 10489.61 555 39 310 662562 21796532 1153416 42% 16 313395 4774 96%
c s 10492.15 555 39 310 662562 21796532 1152413 42% 16 313395 4774 96%
c - 10502.70 559 39 311 663169 21806734 1053246 42% 16 313395 4774 96%
c p 10548.41 559 39 311 666097 21855118 1100866 41% 17 313395 4774 96%
c B 10634.50 559 40 311 671475 21945567 1179025 42% 17 313395 4774 96%
c - 10636.60 559 40 312 671597 21946773 1057726 42% 17 313395 4774 96%
c - 10767.74 565 40 313 679242 22087256 1063821 42% 16 313395 4774 96%
c W 10832.99 565 40 313 683012 22155570 1122376 42% 16 313395 4774 96%
c - 10909.99 564 40 314 687673 22228188 1069194 42% 17 313395 4774 96%
c p 11009.75 564 40 314 693191 22325118 1159631 42% 17 313395 4774 96%
c F 11057.27 564 40 314 695556 22366573 1195351 42% 17 313395 4774 96%
c - 11060.98 566 40 315 695652 22369569 1075927 42% 16 313395 4774 96%
c s 11138.94 573 40 315 700057 22448493 1142421 43% 16 313395 4774 96%
c v 11139.12 573 40 315 700057 22448493 1142421 43% 16 313395 4774 96%
c w 11141.99 573 40 315 700057 22448493 1141715 43% 16 313395 4774 96%
c s 11144.75 573 40 315 700057 22448493 1140712 43% 16 313395 4774 96%
c 
c   seconds      reductions            redundant    irredundant
c             MB       restarts                trail       variables
c              level          conflicts            glue         remaining
c 
c - 11207.13 575 40 316 704080 22511399 1084260 42% 17 313395 4774 96%
c B 11276.51 575 41 316 708270 22578576 1142264 42% 17 313395 4774 96%
c - 11356.30 575 39 317 712480 22653678 1086803 42% 16 313395 4774 96%
c W 11502.75 575 38 317 720216 22791580 1204421 41% 16 313395 4774 96%
c - 11508.91 575 38 318 720480 22796413 1091052 41% 16 313395 4774 96%
c p 11516.88 575 39 318 720844 22800120 1102418 41% 16 313395 4773 96%
c - 11663.54 580 39 319 728875 22939589 1102353 42% 16 313283 4773 96%
c # 11729.69 580 40 319 733134 23005581 1159446 42% 17 313283 4773 96%
c - 11811.31 581 39 320 737479 23083199 1106161 42% 17 313283 4773 96%
c s 11845.34 599 39 320 739035 23112528 1130862 42% 16 313283 4773 96%
c v 11845.52 599 39 320 739035 23112528 1130862 42% 16 313283 4773 96%
c w 11848.64 599 39 320 739035 23112528 1129966 42% 16 313283 4773 96%
c t 11848.66 599 39 320 739035 23112528 1129964 42% 16 313283 4773 96%
c s 11851.90 599 39 320 739035 23112528 1129552 42% 16 313283 4773 96%
c B 11969.32 599 40 320 745305 23220583 1222693 42% 16 313283 4773 96%
c - 11977.07 600 40 321 745720 23227257 1110959 42% 16 313283 4773 96%
c p 12034.64 600 40 321 748756 23280120 1163176 42% 16 313283 4773 96%
c - 12139.22 601 40 322 754290 23371764 1119068 41% 17 313283 4773 96%
c W 12211.54 601 40 322 757919 23436584 1174502 42% 17 313283 4773 96%
c - 12300.26 606 41 323 762654 23516722 1123462 43% 17 313283 4773 96%
c 
c   seconds      reductions            redundant    irredundant
c             MB       restarts                trail       variables
c              level          conflicts            glue         remaining
c 
c F 12445.28 606 40 323 770515 23653588 1240212 42% 17 313283 4773 96%
c - 12455.46 605 41 324 771193 23662128 1128070 43% 17 313283 4773 96%
c p 12564.87 605 41 324 777092 23765123 1223599 42% 17 313283 4773 96%
c - 12612.39 608 40 325 779461 23807982 1135771 42% 17 313283 4773 96%
c B 12680.19 608 39 325 783051 23871591 1191110 43% 17 313283 4773 96%
c - 12770.21 610 40 326 788025 23954288 1142635 42% 17 313283 4773 96%
c W 12914.65 610 40 326 795813 24090592 1259540 42% 17 313283 4773 96%
c - 12926.55 612 40 327 796304 24101039 1148134 42% 17 313283 4773 96%
c - 13077.86 613 39 328 804479 24248239 1154393 42% 17 313283 4773 96%
c p 13088.54 613 39 328 804849 24255123 1168149 42% 16 313283 4773 96%
c } 13102.27 613 39 328 805498 24267718 1178698 42% 16 313283 4773 96%
c ? 13102.27 613 39 328 805498 24267718 1178698 42% 16 313283 4773 96%
c 
c --- [ closing proof ] ------------------------------------------------------
c 
c traced 28447517 added and 27282114 deleted clauses
c closing file 'docs/frontier/z_piece/z_41315_certificate/z_4x13x15.drat'
c after writing 14240633069 bytes 13580.9 MB
c 
c --- [ result ] -------------------------------------------------------------
c 
c UNKNOWN
c 
c --- [ run-time profiling ] -------------------------------------------------
c 
c process time taken by individual solving procedures
c (percentage relative to process time for solving)
c 
c     12768.87   97.46% search
c      8511.58   64.96% unstable
c      4062.60   31.01% stable
c       333.35    2.54% simplify
c       194.68    1.49% walk
c       160.07    1.22% subsume
c        93.64    0.71% probe
c        59.26    0.45% vivify
c         5.79    0.04% ternary
c         4.67    0.04% elim
c         0.05    0.00% parse
c         0.00    0.00% lucky
c   =================================
c     13102.22  100.00% solve
c 
c last line shows process time for solving
c (percentage relative to total process time)
c 
c --- [ statistics ] ---------------------------------------------------------
c 
c chronological:           5232614        21.56 %  of conflicts
c conflicts:              24267718      1852.18    per second
c decisions:              62567459      4775.33    per second
c eliminated:                   61         1.23 %  of all variables
c fixed:                       126         2.54 %  of all variables
c learned:                23542897        97.01 %  per conflict
c learned_lits:         5125648529       100.00 %  learned literals
c minimized:                     0         0.00 %  learned literals
c shrunken:              620653783        12.11 %  learned literals
c minishrunken:         1064494854        20.77 %  learned literals
c propagations:         5296190625         0.40 M  per second
c reduced:                19847170        81.78 %  per conflict
c rephased:                    219    110811.50    interval
c restarts:                 805498        30.13    interval
c stabilizing:                   7        45.01 %  of conflicts
c subsumed:                2456105         4.98 %  of all clauses
c strengthened:            3954743         8.01 %  of all clauses
c ternary:                   28426         1.40 %  of resolved
c vivified:                  25009         0.05 %  of all clauses
c walked:                       72    337051.64    interval
c weakened:                    392         2.69    average size
c 
c seconds are measured in process time for solving
c 
c --- [ resources ] ----------------------------------------------------------
c 
c total process time since initialization:     13102.27    seconds
c total real time since initialization:        14400.01    seconds
c maximum resident set size of process:          876.14    MB
c 
c --- [ shutting down ] ------------------------------------------------------
c 
c exit 0
