c --- [ banner ] -------------------------------------------------------------
c 
c CaDiCaL Radically Simplified CDCL SAT Solver
c Copyright (c) 2016-2021 A. Biere, M. Fleury, N. Froleyks
c 
c Version sc2021
c clang++-Clang 21.1.0
c Sep  3 2026 23:15:31
c 
c --- [ limit ] --------------------------------------------------------------
c 
c setting time limit to 7200 seconds real time (due to '-t 7200')
c 
c --- [ proof tracing ] ------------------------------------------------------
c 
c opening file to write 'docs/frontier/z_piece/z_6710_certificate/z_6x7x10.drat'
c writing binary proof trace to 'docs/frontier/z_piece/z_6710_certificate/z_6x7x10.drat'
c 
c --- [ parsing input ] ------------------------------------------------------
c 
c reading DIMACS file from 'docs/frontier/z_piece/z_6710_certificate/z_6x7x10.cnf'
c opening file to read 'docs/frontier/z_piece/z_6710_certificate/z_6x7x10.cnf'
c found 'p cnf 2656 186664' header
c parsed 186664 clauses in 0.03 seconds process time
c closing file 'docs/frontier/z_piece/z_6710_certificate/z_6x7x10.cnf'
c after reading 2528370 bytes 2.4 MB
c 
c --- [ options ] ------------------------------------------------------------
c 
c all options are set to their default value
c 
c --- [ solving ] ------------------------------------------------------------
c 
c time measured in process time since initialization
c 
c  seconds  reductions  redundant  irredundant
c         MB    restarts       trail      variables
c          level   conflicts       glue        remaining
c 
c *  0.03 19  0 0   0    0    0  0% 0 186664 2656 100%
c {  0.03 19  0 0   0    0    0  0% 0 186664 2656 100%
c -  0.04 19 24 1  14  304  275 47% 8 186664 2656 100%
c }  0.06 19 19 1  32 1000  859 36% 7 186664 2656 100%
c [  0.06 19  0 1  32 1000  859  0% 0 186664 2656 100%
c O  0.06 19 14 1  32 1002  861 31% 3 186664 2656 100%
c -  0.07 25 19 2  32 1067  811 59% 6 186664 2656 100%
c -  0.11 25 20 3  33 2211 1470 55% 9 186664 2656 100%
c ]  0.13 25 21 3  33 3001 2155 53% 10 186664 2656 100%
c {  0.13 25 19 3  33 3001 2155 36% 7 186664 2656 100%
c F  0.13 25 19 3  34 3008 2162 36% 7 186664 2656 100%
c -  0.16 25 17 4  67 3736 2055 33% 7 186664 2656 100%
c p  0.21 25 17 4 134 5001 3203 32% 7 186664 2656 100%
c -  0.24 25 18 5 190 5642 2855 32% 7 186664 2656 100%
c #  0.24 25 17 5 203 6010 3157 31% 7 186664 2656 100%
c }  0.26 25 17 5 252 7005 4010 32% 7 186664 2656 100%
c [  0.26 25 21 5 252 7005 4010 53% 10 186664 2656 100%
c -  0.30 25 21 6 253 7929 3673 48% 10 186664 2656 100%
c I  0.38 25 27 6 254 10014 5534 57% 10 186664 2656 100%
c -  0.41 26 35 7 255 10598 4452 54% 12 186664 2656 100%
c 
c  seconds  reductions   redundant   irredundant
c         MB    restarts        trail       variables
c          level    conflicts       glue         remaining
c 
c s  0.47 30 39 7 256 12271 5893 54% 12 186664 2656 100%
c w  0.49 30 39 7 256 12271 5886 54% 12 186664 2656 100%
c s  0.53 30 39 7 256 12271 5860 54% 12 186664 2656 100%
c ^  0.53 30 39 7 256 12271 5860 54% 12 186664 2656 100%
c -  0.58 26 39 8 257 13648 5300 54% 13 186664 2656 100%
c p  0.64 26 39 8 257 15001 7064 54% 13 186664 2656 100%
c ]  0.65 26 39 8 257 15005 7068 54% 13 186664 2656 100%
c {  0.65 26 17 8 257 15005 7068 32% 7 186664 2656 100%
c B  0.65 26 18 8 257 15015 7078 32% 7 186664 2656 100%
c -  0.72 31 18 9 460 17080 5666 33% 7 186664 2656 100%
c -  0.82 31 18 10 737 20893 6576 34% 7 186664 2656 100%
c W  0.85 31 18 10 743 21016 6681 34% 7 186664 2656 100%
c -  0.96 31 18 11 940 25087 7483 35% 7 186664 2656 100%
c F  1.03 31 18 11 1088 28017 9966 35% 7 186664 2656 100%
c -  1.08 34 18 12 1142 29662 8446 35% 7 186664 2656 100%
c p  1.12 34 18 12 1183 30002 9419 35% 7 186664 2656 100%
c }  1.14 34 18 12 1243 31005 10245 34% 7 186664 2656 100%
c [  1.14 34 39 12 1243 31005 10245 54% 13 186664 2656 100%
c -  1.28 34 38 13 1244 34619 9603 57% 12 186664 2656 100%
c B  1.33 34 38 13 1246 36020 10831 57% 12 186664 2656 100%
c 
c  seconds  reductions      redundant   irredundant
c         MB     restarts          trail       variables
c          level      conflicts        glue         remaining
c 
c s  1.38 34 38 13 1246 36812 11428 58% 12 186664 2656 100%
c w  1.40 34 38 13 1246 36812 11414 58% 12 186664 2656 100%
c s  1.43 34 38 13 1246 36812 11371 58% 12 186664 2656 100%
c ^  1.44 34 38 13 1246 36812 11371 58% 12 186664 2656 100%
c -  1.55 34 35 14 1249 39957 10366 58% 12 186664 2656 100%
c W  1.75 34 36 14 1250 45021 14662 57% 12 186664 2656 100%
c -  1.79 25 36 15 1250 45679 10569 57% 12 186664 2656 100%
c 2  1.91 25 35 15 1251 50004 14283 53% 13 186664 2656 100%
c p  1.93 25 35 15 1251 50004 15816 53% 13 186664 2656 100%
c -  2.03 26 35 16 1251 51780 11689 54% 13 186664 2656 100%
c O  2.14 26 34 16 1252 55023 14374 54% 13 186664 2656 100%
c -  2.26 27 33 17 1254 58262 12616 53% 12 186664 2656 100%
c ]  2.40 27 33 17 1257 63006 16453 52% 12 186664 2656 100%
c {  2.40 27 18 17 1257 63006 16453 34% 7 186664 2656 100%
c -  2.46 26 18 18 1368 65125 13315 34% 7 186664 2656 100%
c B  2.48 26 18 18 1437 66024 14085 34% 7 186664 2656 100%
c -  2.65 32 18 19 1865 72370 14189 34% 7 186664 2656 100%
c s  2.69 33 18 19 1913 73630 15084 34% 7 186664 2656 100%
c w  2.71 33 18 19 1913 73630 15059 34% 7 186664 2656 100%
c s  2.76 33 18 19 1913 73630 14991 34% 7 186664 2656 100%
c 
c  seconds  reductions      redundant  irredundant
c         MB     restarts          trail      variables
c          level      conflicts        glue        remaining
c 
c ^  2.76 33 18 19 1913 73630 14991 34% 7 186664 2656 100%
c 2  2.81 33 18 19 2004 75004 16169 34% 7 186664 2656 100%
c p  2.83 33 18 19 2004 75004 18636 34% 7 186664 2656 100%
c W  2.96 33 18 19 2150 78026 21056 34% 7 186664 2656 100%
c -  3.02 33 18 20 2281 79997 16477 34% 7 186664 2656 100%
c -  3.23 33 18 21 2833 88005 17360 34% 8 186664 2656 100%
c #  3.30 33 18 21 3047 91028 19866 34% 8 186664 2656 100%
c -  3.44 36 17 22 3360 96396 17562 34% 8 186664 2656 100%
c p  3.70 36 17 22 3929 105005 27290 34% 8 186664 2656 100%
c B  3.71 36 17 22 3929 105035 27314 34% 8 186664 2656 100%
c -  3.73 36 17 23 3935 105166 18395 34% 8 186664 2656 100%
c -  3.99 36 17 24 4557 114317 19926 34% 8 186664 2656 100%
c W  4.21 36 17 24 4915 120036 24460 34% 8 186664 2656 100%
c s  4.31 36 17 24 5077 122711 26095 34% 8 186664 2656 100%
c w  4.34 36 17 24 5077 122711 26048 34% 8 186664 2656 100%
c s  4.38 36 17 24 5077 122711 25947 34% 8 186664 2656 100%
c ^  4.39 36 17 24 5077 122711 25947 34% 8 186664 2656 100%
c -  4.44 25 17 25 5151 123850 21269 34% 8 186664 2656 100%
c }  4.53 25 17 25 5396 127006 23807 34% 8 186664 2656 100%
c [  4.53 25 33 25 5396 127006 23807 52% 12 186664 2656 100%
c 
c  seconds  reductions       redundant   irredundant
c         MB     restarts           trail       variables
c          level      conflicts         glue         remaining
c 
c -  4.77 28 34 26 5400 133765 22626 53% 13 186664 2656 100%
c B  4.85 28 33 26 5401 136040 24567 54% 13 186664 2656 100%
c 2  5.03 28 32 26 5404 140006 27984 53% 12 186664 2656 100%
c p  5.05 28 32 26 5404 140006 31440 53% 12 186664 2656 100%
c -  5.25 28 32 27 5405 144060 23037 54% 12 186664 2656 100%
c W  5.80 28 40 27 5406 153042 31085 58% 13 186664 2656 100%
c -  5.90 30 40 28 5406 154736 23981 59% 13 186664 2656 100%
c -  6.28 29 38 29 5406 165794 24521 57% 13 186664 2656 100%
c I  6.49 29 38 29 5408 171044 29009 56% 14 186664 2656 100%
c -  6.79 36 40 30 5412 177234 25438 56% 14 186664 2656 100%
c 3  6.90 36 40 30 5413 180007 27866 57% 14 186664 2656 100%
c p  6.95 36 40 30 5413 180007 31425 57% 14 186664 2656 100%
c s  7.13 37 39 30 5416 184064 34253 57% 14 186664 2656 100%
c w  7.16 37 39 30 5416 184064 34212 57% 14 186664 2656 100%
c t  7.17 37 39 30 5416 184064 34211 57% 14 186664 2656 100%
c e  7.20 37 39 30 5416 184064 26345 57% 14 186720 2648 100%
c s  7.23 37 39 30 5416 184064 26246 57% 14 186720 2648 100%
c -  7.53 37 38 31 5419 189054 21993 58% 14 186720 2648 100%
c B  7.58 37 38 31 5419 190045 22763 58% 14 186720 2648 100%
c -  8.09 37 37 32 5421 201257 24493 57% 13 186720 2648 100%
c 
c  seconds  reductions       redundant   irredundant
c         MB     restarts           trail       variables
c          level      conflicts         glue         remaining
c 
c W  8.55 37 37 32 5427 210046 32166 56% 13 186720 2648 100%
c -  8.70 42 37 33 5428 213842 26398 56% 14 186720 2648 100%
c 2  9.18 42 36 33 5435 225010 36088 56% 14 186720 2648 100%
c p  9.21 42 36 33 5435 225010 39776 56% 14 186720 2648 100%
c -  9.33 42 36 34 5435 226811 27523 56% 14 186720 2648 100%
c O  9.52 42 35 34 5436 231047 31280 57% 14 186720 2648 100%
c -  9.89 42 34 35 5437 240160 28433 57% 13 186720 2648 100%
c B 10.40 42 34 35 5437 253049 39650 56% 14 186720 2648 100%
c - 10.47 45 34 36 5438 253890 29743 55% 14 186720 2648 100%
c ] 10.52 45 34 36 5438 255006 30676 55% 14 186720 2648 100%
c { 10.52 45 17 36 5438 255006 30676 34% 8 186720 2648 100%
c s 10.64 45 17 36 5578 257746 32553 34% 8 186720 2648 100%
c v 10.66 45 17 36 5578 257746 32553 34% 8 186720 2648 100%
c w 10.68 45 17 36 5578 257746 32519 34% 8 186720 2648 100%
c s 10.73 45 17 36 5578 257746 32393 34% 8 186720 2648 100%
c - 11.07 28 17 37 6244 268001 30707 34% 8 186720 2648 100%
c 2 11.32 28 17 37 6877 275010 36380 34% 8 186720 2648 100%
c p 11.35 28 17 37 6877 275010 41530 34% 8 186720 2648 100%
c F 11.39 28 17 37 6945 276050 42369 34% 8 186720 2648 100%
c - 11.62 37 17 38 7447 282494 34249 35% 8 186720 2648 100%
c 
c  seconds  reductions       redundant  irredundant
c         MB     restarts           trail      variables
c          level      conflicts         glue        remaining
c 
c - 12.12 37 17 39 8520 297366 34797 35% 8 186720 2648 100%
c B 12.21 37 17 39 8718 300054 36995 35% 8 186720 2648 100%
c - 12.71 38 17 40 9856 312621 36481 35% 8 186720 2648 100%
c W 13.37 38 17 40 10907 325055 46436 35% 8 186720 2648 100%
c - 13.50 44 17 41 11156 328257 37478 36% 8 186720 2648 100%
c 3 13.57 44 17 41 11275 330010 39106 36% 8 186720 2648 100%
c p 13.63 44 17 41 11275 330010 44049 36% 8 186720 2648 100%
c s 14.12 44 17 41 12087 343706 53600 36% 8 186720 2648 100%
c v 14.14 44 17 41 12087 343706 53600 36% 8 186720 2648 100%
c w 14.16 44 17 41 12087 343706 53541 36% 8 186720 2648 100%
c t 14.17 44 17 41 12087 343706 53541 36% 8 186709 2648 100%
c s 14.22 44 17 41 12087 343706 53323 36% 8 186709 2648 100%
c - 14.28 51 17 42 12166 344274 40135 36% 8 186709 2648 100%
c # 14.48 51 17 42 12658 351056 45493 36% 8 186709 2648 100%
c - 14.80 51 17 43 13237 360672 40583 36% 8 186709 2648 100%
c - 15.42 51 17 44 14314 377453 41800 37% 8 186709 2648 100%
c B 15.44 51 17 44 14372 378071 42308 37% 8 186709 2648 100%
c 2 15.88 51 17 44 15357 390011 51968 37% 8 186709 2648 100%
c p 15.91 51 17 44 15357 390011 56896 37% 8 186709 2648 100%
c - 16.11 52 17 45 15686 394618 44045 37% 8 186709 2648 100%
c 
c  seconds  reductions        redundant  irredundant
c         MB      restarts           trail      variables
c          level       conflicts         glue        remaining
c 
c W 16.79 52 17 45 16425 406072 53168 37% 8 186709 2648 100%
c - 17.06 52 17 46 16931 412162 45083 37% 8 186709 2648 100%
c - 17.76 52 17 47 18339 430085 46701 38% 8 186709 2648 100%
c F 17.95 52 17 47 18636 435073 50741 38% 8 186709 2648 100%
c - 18.47 37 17 48 19471 448392 48078 38% 8 186709 2648 100%
c p 18.81 37 17 48 19949 455012 58654 38% 8 186709 2648 100%
c B 19.23 37 17 48 20668 465075 66683 39% 8 186709 2648 100%
c - 19.34 38 17 49 20810 467079 51438 39% 8 186709 2648 100%
c - 20.16 38 17 50 22128 486147 52474 39% 8 186709 2648 100%
c W 20.91 38 18 50 22946 496077 60490 39% 8 186709 2648 100%
c - 21.36 38 18 51 23638 505597 53245 39% 8 186709 2648 100%
c } 21.61 38 18 51 23896 511006 57425 39% 8 186709 2648 100%
c [ 21.61 38 34 51 23896 511006 57425 55% 14 186709 2648 100%
c p 22.48 38 35 51 23896 525012 75088 58% 13 186709 2648 100%
c - 22.54 43 35 52 23896 525427 55328 58% 13 186709 2648 100%
c W 23.03 43 35 52 23896 528079 57692 58% 13 186709 2648 100%
c - 24.06 44 36 53 23899 545642 55385 60% 13 186709 2648 100%
c I 24.90 44 36 53 23908 561081 68885 60% 13 186709 2648 100%
c - 25.22 43 36 54 23910 566234 56195 60% 13 186709 2648 100%
c - 26.54 56 38 55 23918 587208 56883 61% 14 186709 2648 100%
c 
c  seconds  reductions        redundant   irredundant
c         MB      restarts           trail       variables
c          level       conflicts         glue         remaining
c 
c B 26.99 56 38 55 23923 595083 63801 60% 14 186709 2648 100%
c p 27.37 56 38 55 23925 600012 74480 60% 14 186709 2648 100%
c - 27.98 56 37 56 23926 608563 57817 59% 14 186709 2648 100%
c W 29.80 56 35 56 23930 630084 75864 57% 14 186709 2648 100%
c - 29.86 56 35 57 23930 630301 57599 57% 14 186709 2648 100%
c - 31.05 56 34 58 23942 652419 59550 57% 14 186709 2648 100%
c O 31.71 56 38 58 23947 666087 71780 56% 14 186709 2648 100%
c - 32.17 56 38 59 23951 674919 62117 57% 14 186709 2648 100%
c p 32.63 56 38 59 23955 680012 72915 58% 14 186709 2648 100%
c - 34.15 43 36 60 23958 697800 62753 60% 14 186709 2648 100%
c B 34.50 43 36 60 23958 703089 67432 60% 14 186709 2648 100%
c - 35.48 43 39 61 23959 721062 62757 58% 15 186709 2648 100%
c W 37.29 43 38 61 23959 741091 80254 57% 15 186709 2648 100%
c - 37.56 56 38 62 23960 744706 64390 57% 14 186709 2648 100%
c p 38.83 56 36 62 23960 765013 87791 56% 15 186709 2648 100%
c - 39.21 66 36 63 23960 768732 66267 56% 15 186709 2648 100%
c I 39.96 66 38 63 23960 780096 76294 56% 16 186709 2648 100%
c - 40.88 66 43 64 23960 793141 67568 57% 16 186709 2648 100%
c - 42.76 67 50 65 23966 817929 68825 58% 17 186709 2648 100%
c B 42.93 67 50 65 23967 820099 70761 58% 17 186709 2648 100%
c 
c  seconds  reductions        redundant   irredundant
c         MB      restarts           trail       variables
c          level       conflicts         glue         remaining
c 
c - 44.44 67 51 66 23975 843098 70566 57% 17 186709 2648 100%
c s 44.49 67 51 66 23975 843098 69022 57% 17 186709 2648 100%
c v 44.51 67 51 66 23975 843098 69022 57% 17 186709 2648 100%
c w 44.57 67 51 66 23975 843098 68825 57% 17 186709 2648 100%
c t 44.61 67 51 66 23975 843098 68824 57% 17 186564 2648 100%
c s 44.69 67 51 66 23975 843098 68363 57% 17 186564 2648 100%
c 2 45.44 67 48 66 23982 855015 78475 57% 17 186564 2648 100%
c p 45.51 67 48 66 23982 855015 85198 57% 17 186564 2648 100%
c W 46.36 67 47 66 23985 861102 90479 56% 17 186564 2648 100%
c - 46.81 67 46 67 23989 868648 73425 56% 16 186564 2648 100%
c - 48.47 67 42 68 23991 894572 72867 54% 16 186564 2648 100%
c O 49.04 67 41 68 23997 903103 79926 53% 16 186564 2648 100%
c - 49.99 67 41 69 24006 920882 73918 55% 16 186564 2648 100%
c B 51.56 67 39 69 24017 946106 95031 55% 15 186564 2648 100%
c - 51.69 67 39 70 24019 947569 75070 55% 15 186564 2648 100%
c p 51.90 67 39 70 24020 950015 83949 55% 15 186564 2648 100%
c - 53.51 67 37 71 24022 974637 77628 57% 15 186564 2648 100%
c W 55.22 67 36 71 24023 990107 91139 59% 15 186564 2648 100%
c - 55.98 67 35 72 24023 1002086 78914 58% 15 186564 2648 100%
c ] 57.34 67 34 72 24030 1023006 96829 56% 15 186564 2648 100%
c 
c  seconds  reductions         redundant  irredundant
c         MB      restarts            trail      variables
c          level        conflicts         glue        remaining
c 
c { 57.34 67 18 72 24030 1023006 96829 39% 8 186564 2648 100%
c - 57.82 67 18 73 24699 1029917 78956 39% 9 186564 2648 100%
c # 58.06 67 18 73 25104 1035108 83117 39% 9 186564 2648 100%
c p 58.96 67 18 73 26274 1050015 101154 40% 9 186564 2648 100%
c - 59.46 67 18 74 26884 1058131 79940 40% 9 186564 2648 100%
c B 60.62 67 18 74 28558 1081111 98624 40% 9 186564 2648 100%
c - 60.96 67 18 75 28983 1086724 83278 40% 9 186564 2648 100%
c - 62.42 67 18 76 30875 1115698 84544 41% 9 186564 2648 100%
c W 63.76 67 18 76 31771 1128115 94161 41% 9 186564 2648 100%
c - 64.70 67 18 77 32985 1145054 86840 41% 9 186564 2648 100%
c p 65.29 67 18 77 33693 1155015 100636 41% 9 186564 2648 100%
c - 66.36 67 18 78 35010 1174792 91403 41% 9 186564 2648 100%
c F 66.43 67 18 78 35082 1176117 92493 41% 9 186564 2648 100%
c - 67.99 67 18 79 36842 1204913 92203 42% 9 186564 2648 100%
c B 69.06 67 18 79 38162 1225118 107973 42% 9 186564 2648 100%
c - 69.65 67 18 80 38889 1235412 93831 42% 9 186564 2648 100%
c p 71.33 67 18 80 40663 1265019 121659 41% 9 186564 2648 100%
c - 71.46 67 18 81 40705 1266295 95103 41% 9 186564 2648 100%
c W 72.79 67 18 81 41327 1275119 102081 41% 9 186564 2648 100%
c - 74.07 67 18 82 42700 1297558 97563 42% 9 186564 2648 100%
c 
c  seconds  reductions         redundant   irredundant
c         MB      restarts             trail      variables
c          level        conflicts          glue        remaining
c 
c # 75.66 67 18 82 44764 1326120 120244 42% 9 186564 2648 100%
c - 75.87 67 18 83 44849 1329202 99199 42% 9 186564 2648 100%
c - 77.78 67 18 84 46949 1361228 100319 42% 9 186564 2648 100%
c B 78.75 67 18 84 48039 1378124 113509 42% 9 186564 2648 100%
c p 78.97 67 18 84 48143 1380019 120832 42% 9 186564 2648 100%
c - 79.87 67 18 85 48965 1393634 104069 42% 9 186564 2648 100%
c - 81.92 82 19 86 51285 1426422 106340 42% 9 186564 2648 100%
c s 82.06 82 19 86 51285 1426422 103557 42% 9 186564 2648 100%
c v 82.09 82 19 86 51285 1426422 103557 42% 9 186564 2648 100%
c w 82.17 82 19 86 51285 1426422 103245 42% 9 186564 2648 100%
c t 82.22 82 19 86 51285 1426422 103245 42% 9 186518 2648 100%
c s 82.37 82 19 86 51285 1426422 102385 42% 9 186518 2648 100%
c W 83.56 82 19 86 51531 1431125 105994 42% 9 186518 2648 100%
c - 85.25 67 18 87 53336 1459591 106061 42% 9 186518 2648 100%
c F 86.83 67 19 87 54965 1485128 126192 43% 9 186518 2648 100%
c - 87.38 67 19 88 55306 1493138 107645 43% 9 186518 2648 100%
c 2 87.83 67 19 88 55749 1500019 113240 43% 9 186518 2648 100%
c p 87.91 67 19 88 55749 1500019 119315 43% 9 186518 2648 100%
c - 89.64 83 18 89 57290 1527067 112181 43% 9 186518 2648 100%
c B 90.41 83 18 89 58068 1540129 122156 43% 9 186518 2648 100%
c 
c  seconds  reductions         redundant   irredundant
c         MB      restarts             trail      variables
c          level        conflicts          glue        remaining
c 
c - 91.82 68 18 90 59371 1561376 113098 44% 9 186518 2648 100%
c - 94.07 80 18 91 61475 1596067 114790 43% 9 186518 2648 100%
c W 95.12 80 18 91 61477 1596132 114846 43% 9 186518 2648 100%
c p 97.10 80 19 91 63250 1625019 142772 44% 10 186518 2648 100%
c - 97.58 65 19 92 63614 1631138 117556 44% 10 186518 2648 100%
c # 98.98 65 19 92 65017 1653133 134720 44% 10 186518 2648 100%
c - 99.91 65 19 93 65836 1666591 118671 44% 10 186518 2648 100%
c - 102.44 65 19 94 68108 1702425 120223 44% 10 186518 2648 100%
c B 103.03 65 19 94 68675 1711134 127109 44% 10 186518 2648 100%
c - 105.05 66 19 95 70543 1738642 122419 44% 10 186518 2648 100%
c p 106.30 66 19 95 71485 1755020 140974 44% 10 186518 2648 100%
c W 108.58 66 19 95 72418 1770135 152602 44% 10 186518 2648 100%
c - 109.01 66 19 96 72679 1775238 125981 44% 10 186518 2648 100%
c - 111.83 66 19 97 75150 1812217 127634 44% 10 186518 2648 100%
c F 113.05 66 19 97 76169 1830136 141564 44% 10 186518 2648 100%
c - 114.51 66 19 98 77427 1849579 128853 45% 10 186518 2648 100%
c - 117.37 67 19 99 79514 1887319 130756 45% 10 186518 2648 100%
c p 117.72 67 19 99 79724 1890021 138384 45% 10 186518 2648 100%
c B 117.83 67 19 99 79837 1891137 139302 45% 10 186518 2648 100%
c - 120.48 67 19 100 81894 1925442 135772 45% 10 186518 2648 100%
c 
c  seconds    reductions         redundant    irredundant
c          MB       restarts             trail       variables
c           level         conflicts          glue         remaining
c 
c W 123.89 67 19 100 83368 1953138 157460 45% 10 186518 2648 100%
c - 124.75 67 19 101 83980 1963944 136550 45% 10 186518 2648 100%
c - 127.80 67 19 102 86353 2002828 138515 45% 10 186518 2648 100%
c # 128.81 67 19 102 87195 2016146 148969 45% 10 186518 2648 100%
c p 130.08 67 19 102 87908 2030021 164940 45% 10 186518 2648 100%
c - 131.12 68 19 103 88752 2042093 140884 45% 10 186518 2648 100%
c s 131.35 72 19 103 88752 2042093 137558 45% 10 186518 2648 100%
c v 131.38 72 19 103 88752 2042093 137558 45% 10 186518 2648 100%
c w 131.50 72 19 103 88752 2042093 137236 45% 10 186518 2648 100%
c t 131.55 72 19 103 88752 2042093 137127 45% 10 186259 2648 100%
c s 131.80 72 19 103 88752 2042093 136192 45% 10 186259 2648 100%
c ^ 131.81 72 19 103 88752 2042093 136192 45% 10 186259 2648 100%
c } 132.19 72 19 103 89115 2047008 140043 45% 10 186259 2648 100%
c [ 132.19 72 34 103 89115 2047008 140043 56% 15 186259 2648 100%
c I 134.83 72 33 103 89130 2080151 167485 52% 16 186259 2648 100%
c - 135.02 73 34 104 89130 2081740 139684 52% 16 186259 2648 100%
c - 138.65 79 37 105 89141 2121751 136929 57% 17 186259 2648 100%
c B 140.72 79 38 105 89153 2145153 158063 60% 17 186259 2648 100%
c - 142.23 80 40 106 89160 2162143 138568 61% 17 186259 2648 100%
c p 143.39 80 40 106 89168 2175021 158267 62% 17 186259 2648 100%
c 
c  seconds    reductions         redundant    irredundant
c          MB       restarts             trail       variables
c           level         conflicts          glue         remaining
c 
c s 143.97 88 40 106 89168 2177092 158546 62% 17 186259 2648 100%
c w 144.09 88 40 106 89168 2177092 158328 62% 17 186259 2648 100%
c t 144.09 88 40 106 89168 2177092 158327 62% 17 186259 2648 100%
c e 144.16 88 40 106 89168 2177092 134874 62% 17 186499 2631 99%
c s 144.48 88 40 106 89168 2177092 134450 62% 17 186469 2631 99%
c - 146.52 73 38 107 89170 2202914 123426 62% 16 186469 2631 99%
c W 148.73 73 37 107 89171 2211155 130836 62% 16 186469 2631 99%
c - 151.29 96 36 108 89172 2244081 126586 60% 16 186469 2631 99%
c O 154.29 96 37 108 89172 2278157 157072 59% 16 186469 2631 99%
c - 155.02 123 36 109 89172 2285630 130443 60% 16 186469 2631 99%
c s 159.31 123 35 109 89173 2324625 164310 61% 15 186461 2631 99%
c v 159.36 123 35 109 89173 2324625 164310 61% 15 186334 2631 99%
c w 159.45 123 35 109 89173 2324625 164185 61% 15 186334 2631 99%
c e 159.48 123 35 109 89173 2324625 158288 61% 15 186422 2624 99%
c s 159.74 123 35 109 89173 2324625 157765 61% 15 186385 2624 99%
c 2 159.86 123 35 109 89173 2325023 158249 61% 15 186385 2624 99%
c p 160.02 123 35 109 89173 2325023 166298 61% 15 186385 2624 99%
c - 160.38 96 35 110 89173 2327560 131362 61% 15 186385 2624 99%
c B 162.06 96 34 110 89173 2346163 147437 60% 15 186385 2624 99%
c - 164.48 105 36 111 89173 2369866 134078 61% 15 186385 2624 99%
c 
c  seconds    reductions         redundant    irredundant
c          MB       restarts             trail       variables
c           level         conflicts          glue         remaining
c 
c - 169.58 80 40 112 89173 2412555 135862 65% 16 186385 2624 99%
c W 171.64 80 41 112 89173 2415166 138251 65% 16 186385 2624 99%
c - 175.87 80 39 113 89183 2455622 135132 66% 16 186385 2624 99%
c p 178.63 80 38 113 89194 2480029 165737 67% 16 186385 2624 99%
c s 179.34 89 39 113 89195 2484535 168594 67% 16 186370 2624 99%
c v 179.39 89 39 113 89195 2484535 168594 67% 16 186238 2624 99%
c w 179.50 89 39 113 89195 2484535 168480 67% 16 186238 2624 99%
c t 179.51 89 39 113 89195 2484535 168479 67% 16 186238 2624 99%
c e 179.53 89 39 113 89195 2484535 164080 67% 16 186322 2617 99%
c s 179.92 89 39 113 89195 2484535 163724 67% 16 186264 2617 99%
c e 179.94 89 39 113 89195 2484535 163471 67% 16 186279 2616 98%
c I 180.01 89 39 113 89195 2485170 164033 67% 16 186279 2616 98%
c - 181.25 78 40 114 89203 2499070 138271 65% 16 186279 2616 98%
c - 185.18 103 43 115 89217 2542891 136361 63% 17 186279 2616 98%
c B 186.24 103 48 115 89219 2556174 148303 63% 18 186279 2616 98%
c - 189.20 103 45 116 89234 2587092 137588 62% 18 186279 2616 98%
c W 195.41 103 43 116 89236 2628176 174555 63% 17 186279 2616 98%
c - 195.84 133 43 117 89236 2631674 139515 63% 16 186279 2616 98%
c 2 196.61 133 42 117 89236 2640029 147021 63% 16 186279 2616 98%
c p 196.76 133 42 117 89236 2640029 155304 63% 16 186279 2616 98%
c 
c  seconds     reductions         redundant    irredundant
c           MB       restarts             trail       variables
c            level         conflicts          glue         remaining
c 
c s 198.57 133 41 117 89246 2656846 168773 61% 16 186211 2616 98%
c v 198.63 133 41 117 89246 2656846 168773 61% 16 186085 2616 98%
c w 198.71 133 41 117 89246 2656846 168656 61% 16 186085 2616 98%
c s 199.09 133 41 117 89246 2656846 168402 61% 16 186085 2616 98%
c e 199.11 133 41 117 89246 2656846 166967 61% 16 186105 2614 98%
c - 200.93 100 41 118 89254 2676637 143698 58% 17 186105 2614 98%
c O 203.06 100 41 118 89266 2701180 165100 58% 17 186105 2614 98%
c - 204.80 119 39 119 89267 2721967 142768 56% 17 186105 2614 98%
c - 208.50 119 38 120 89289 2767678 143645 55% 17 186105 2614 98%
c B 209.19 119 38 120 89293 2775182 150177 55% 17 186105 2614 98%
c 2 212.00 119 39 120 89298 2805033 176895 56% 17 186105 2614 98%
c p 212.16 119 39 120 89298 2805033 184476 56% 17 186105 2614 98%
c - 213.16 119 40 121 89299 2813770 145193 57% 17 186105 2614 98%
c s 216.08 119 40 121 89299 2841459 168995 56% 18 186096 2614 98%
c v 216.14 119 40 121 89299 2841459 168995 56% 18 186008 2614 98%
c w 216.25 119 40 121 89299 2841459 168902 56% 18 186008 2614 98%
c s 216.66 119 40 121 89299 2841459 168662 56% 18 186008 2614 98%
c W 219.99 119 42 121 89300 2850184 176345 56% 18 186008 2614 98%
c - 221.04 130 42 122 89300 2860243 149092 57% 18 186008 2614 98%
c - 225.77 130 40 123 89300 2907090 147882 61% 17 186008 2614 98%
c 
c  seconds     reductions         redundant    irredundant
c           MB       restarts             trail       variables
c            level         conflicts          glue         remaining
c 
c I 227.61 130 41 123 89311 2926185 165065 60% 18 186008 2614 98%
c - 230.46 130 53 124 89322 2954320 148251 59% 20 186008 2614 98%
c 2 232.52 130 55 124 89330 2975033 166896 58% 20 186008 2614 98%
c p 232.68 130 55 124 89330 2975033 175714 58% 20 186008 2614 98%
c - 235.56 130 53 125 89338 3001928 151966 58% 20 186008 2614 98%
c B 235.69 130 53 125 89338 3003186 153063 57% 20 186008 2614 98%
c - 240.59 146 49 126 89360 3049916 152362 60% 20 186008 2614 98%
c W 245.69 146 47 126 89363 3081192 180470 60% 19 186008 2614 98%
c - 247.46 146 46 127 89363 3098286 154532 61% 19 186008 2614 98%
c - 252.16 146 42 128 89381 3147037 155174 59% 18 186008 2614 98%
c p 252.60 146 42 128 89384 3150033 166175 59% 18 186008 2614 98%
c s 253.06 146 42 128 89384 3150033 165411 59% 18 186008 2614 98%
c v 253.11 146 42 128 89384 3150033 165411 59% 18 186003 2614 98%
c w 253.23 146 42 128 89384 3150033 165305 59% 18 186003 2614 98%
c t 253.24 146 42 128 89384 3150033 165303 59% 18 186003 2614 98%
c e 253.25 146 42 128 89384 3150033 164283 59% 18 186015 2613 98%
c s 253.73 146 42 128 89384 3150033 164004 59% 18 185996 2613 98%
c O 254.77 146 41 128 89388 3160193 172974 59% 18 185996 2613 98%
c - 258.71 146 39 129 89397 3196169 163539 59% 17 185996 2613 98%
c B 264.42 146 38 129 89417 3240194 201248 56% 17 185996 2613 98%
c 
c  seconds     reductions         redundant    irredundant
c           MB       restarts             trail       variables
c            level         conflicts          glue         remaining
c 
c - 265.20 146 39 130 89421 3245679 160212 57% 17 185996 2613 98%
c - 270.92 146 44 131 89426 3295571 162673 60% 17 185996 2613 98%
c W 276.54 146 46 131 89427 3321196 186020 63% 18 185996 2613 98%
c p 277.67 146 44 131 89427 3330038 201232 62% 18 185996 2613 98%
c - 279.63 146 43 132 89427 3345847 164761 62% 17 185996 2613 98%
c s 281.67 146 44 132 89427 3359250 176427 62% 17 185992 2613 98%
c v 281.73 146 44 132 89427 3359250 176427 62% 17 185967 2613 98%
c w 281.85 146 44 132 89427 3359250 176367 62% 17 185967 2613 98%
c s 282.45 146 44 132 89427 3359250 176146 62% 17 185967 2613 98%
c - 287.16 181 43 133 89428 3396500 167495 64% 17 185967 2613 98%
c I 288.02 181 43 133 89428 3403198 173616 64% 17 185967 2613 98%
c - 294.07 146 95 134 89428 3447531 167699 58% 33 185967 2613 98%
c B 299.95 146 118 134 89428 3486200 202810 54% 39 185967 2613 98%
c - 301.56 184 109 135 89428 3498947 172784 56% 37 185967 2613 98%
c p 303.68 184 100 135 89429 3515042 196265 58% 34 185967 2613 98%
c - 308.05 146 81 136 89429 3550740 173368 60% 28 185967 2613 98%
c W 313.07 146 76 136 89429 3570207 191308 62% 26 185967 2613 98%
c - 317.20 183 69 137 89429 3602915 174488 65% 24 185967 2613 98%
c O 324.40 183 65 137 89429 3655209 221841 67% 22 185967 2613 98%
c - 324.56 146 65 138 89429 3655470 177212 67% 22 185967 2613 98%
c 
c  seconds     reductions         redundant    irredundant
c           MB       restarts             trail       variables
c            level         conflicts          glue         remaining
c 
c p 331.84 146 53 138 89429 3705043 229066 64% 20 185967 2613 98%
c - 332.48 183 53 139 89429 3708405 181349 64% 20 185967 2613 98%
c B 336.85 183 47 139 89429 3741214 210869 63% 18 185967 2613 98%
c - 339.52 146 54 140 89429 3761723 183849 65% 19 185967 2613 98%
c - 346.73 184 52 141 89446 3815423 183988 62% 18 185967 2613 98%
c W 351.16 184 50 141 89453 3828215 195107 62% 18 185967 2613 98%
c - 356.82 146 44 142 89465 3869504 183880 60% 17 185967 2613 98%
c p 360.93 146 43 142 89478 3900045 218537 58% 17 185967 2613 98%
c I 362.84 146 42 142 89487 3916218 232184 58% 17 185967 2613 98%
c - 363.89 180 43 143 89490 3923965 188989 58% 17 185967 2613 98%
c - 371.94 146 45 144 89492 3978808 188790 57% 19 185967 2613 98%
c B 376.34 146 42 144 89506 4005223 211641 58% 19 185967 2613 98%
c - 380.67 189 45 145 89520 4034030 193448 59% 19 185967 2613 98%
c - 388.66 146 42 146 89537 4089631 191630 58% 18 185967 2613 98%
c ] 389.33 146 43 146 89538 4095011 196562 58% 18 185967 2613 98%
c { 389.33 146 19 146 89538 4095011 196562 45% 10 185967 2613 98%
c B 389.38 146 19 146 89576 4095224 196751 45% 10 185967 2613 98%
c p 390.18 146 19 146 89983 4100045 208431 45% 10 185967 2613 98%
c - 395.79 150 19 147 93096 4145619 195291 45% 10 185967 2613 98%
c W 403.27 150 19 147 95771 4186230 226208 45% 10 185967 2613 98%
c 
c  seconds     reductions         redundant    irredundant
c           MB       restarts             trail       variables
c            level         conflicts          glue         remaining
c 
c - 405.50 150 19 148 97024 4201981 196755 45% 10 185967 2613 98%
c - 412.47 150 20 149 100988 4258726 200165 45% 11 185967 2613 98%
c F 414.62 150 20 149 102007 4278237 215295 45% 11 185967 2613 98%
c p 418.34 150 20 149 103584 4305046 240543 45% 11 185967 2613 98%
c - 419.97 166 20 150 104315 4315850 202645 46% 11 185967 2613 98%
c B 427.24 166 20 150 107785 4371242 246814 46% 11 185967 2613 98%
c - 427.67 166 20 151 107908 4373355 206032 46% 11 185967 2613 98%
c - 435.40 166 20 152 111495 4431241 207062 45% 11 185967 2613 98%
c W 442.65 166 20 152 113211 4465243 233534 46% 11 185967 2613 98%
c - 445.87 169 20 153 114686 4489508 209744 46% 11 185967 2613 98%
c s 446.59 169 20 153 114686 4489508 207504 46% 11 185967 2613 98%
c v 446.65 169 20 153 114686 4489508 207504 46% 11 185966 2613 98%
c w 446.99 169 20 153 114686 4489508 207304 46% 11 185966 2613 98%
c t 446.99 169 20 153 114686 4489508 207301 46% 11 185966 2613 98%
c s 447.78 169 20 153 114686 4489508 206466 46% 11 185966 2613 98%
c 2 451.15 169 19 153 115982 4515046 226462 46% 11 185966 2613 98%
c p 451.35 169 19 153 115982 4515046 232133 46% 11 185966 2613 98%
c - 456.17 169 20 154 118088 4548155 215639 46% 11 185966 2613 98%
c # 457.77 169 20 154 118823 4560244 225133 46% 11 185966 2613 98%
c - 464.23 169 20 155 121412 4607183 215852 46% 11 185966 2613 98%
c 
c  seconds     reductions          redundant    irredundant
c           MB       restarts              trail       variables
c            level          conflicts          glue         remaining
c 
c B 471.23 169 20 155 124822 4656245 254208 46% 11 185966 2613 98%
c - 472.74 96 20 156 125483 4666592 217947 46% 11 185966 2613 98%
c - 481.59 125 20 157 129005 4726382 219893 47% 11 185966 2613 98%
c p 482.39 125 20 157 129237 4730047 228048 46% 11 185966 2613 98%
c W 488.24 125 20 157 130473 4753248 245987 47% 11 185966 2613 98%
c - 493.69 129 20 158 132469 4786553 225206 47% 11 185966 2613 98%
c - 502.74 129 20 159 135921 4847106 226804 47% 11 185966 2613 98%
c F 503.36 129 20 159 136144 4851249 230064 47% 11 185966 2613 98%
c - 512.12 94 20 160 139280 4908038 229736 47% 11 185966 2613 98%
c p 518.53 94 20 160 141766 4950050 267137 47% 11 185966 2613 98%
c B 518.59 94 20 160 141790 4950252 267326 47% 11 185966 2613 98%
c - 521.62 97 20 161 142947 4969353 232851 47% 11 185966 2613 98%
c - 530.93 97 20 162 146502 5031048 234737 46% 11 185966 2613 98%
c W 536.31 97 20 162 147641 5050253 249836 46% 11 185966 2613 98%
c - 542.92 97 20 163 150400 5093124 237993 47% 11 185966 2613 98%
c # 551.50 97 20 163 153897 5151258 282900 46% 11 185966 2613 98%
c - 552.27 97 20 164 154128 5155580 239920 46% 11 185966 2613 98%
c p 555.32 97 20 164 155252 5175050 260102 46% 11 185966 2613 98%
c - 562.20 97 20 165 157958 5218422 244346 46% 11 185966 2613 98%
c B 567.79 97 20 165 160044 5253259 270936 46% 11 185966 2613 98%
c 
c  seconds     reductions          redundant    irredundant
c           MB       restarts              trail       variables
c            level          conflicts          glue         remaining
c 
c - 572.74 129 20 166 161564 5281642 245834 47% 11 185966 2613 98%
c - 582.92 99 20 167 165287 5345246 249284 47% 11 185966 2613 98%
c W 587.55 99 20 167 165892 5356262 257909 47% 11 185966 2613 98%
c p 596.28 99 20 167 169053 5405050 300515 47% 11 185966 2613 98%
c - 597.14 132 20 168 169354 5409225 252302 47% 11 185966 2613 98%
c F 605.04 132 20 168 172706 5460263 292260 47% 11 185966 2613 98%
c - 607.38 101 21 169 173608 5473591 254775 47% 11 185966 2613 98%
c - 618.08 135 20 170 177294 5538333 256611 47% 11 185966 2613 98%
c B 622.34 135 20 170 178952 5565265 277894 48% 11 185966 2613 98%
c - 628.43 136 20 171 180739 5603454 259735 47% 11 185966 2613 98%
c p 634.48 136 20 171 183019 5640050 293511 47% 11 185966 2613 98%
c - 638.89 135 20 172 184475 5668957 263108 47% 11 185966 2613 98%
c s 639.91 135 20 172 184475 5668957 258764 47% 11 185965 2613 98%
c v 639.97 135 20 172 184475 5668957 258764 47% 11 185964 2613 98%
c w 640.47 135 20 172 184475 5668957 258457 47% 11 185964 2613 98%
c s 641.58 135 20 172 184475 5668957 257305 47% 11 185964 2613 98%
c W 644.54 135 20 172 184610 5671266 259122 47% 11 185964 2613 98%
c - 654.76 136 20 173 188613 5734844 264409 47% 11 185964 2613 98%
c # 661.50 136 21 173 191353 5778268 298456 48% 11 185964 2613 98%
c - 665.45 137 21 174 192817 5801108 266635 48% 11 185964 2613 98%
c 
c  seconds     reductions          redundant    irredundant
c           MB       restarts              trail       variables
c            level          conflicts          glue         remaining
c 
c - 676.32 136 20 175 196529 5867755 267672 47% 11 185964 2613 98%
c p 678.60 136 20 175 197240 5880050 282787 47% 11 185964 2613 98%
c B 679.64 136 21 175 197644 5886271 287709 47% 11 185964 2613 98%
c - 687.98 137 21 176 200587 5934780 273775 48% 12 185964 2613 98%
c W 700.82 137 21 176 204080 5995272 320966 48% 12 185964 2613 98%
c - 702.22 137 21 177 204431 6002186 275573 48% 12 185964 2613 98%
c - 713.61 137 21 178 208518 6069973 277614 48% 12 185964 2613 98%
c F 719.95 137 21 178 210437 6105274 305111 48% 12 185964 2613 98%
c p 724.06 137 21 178 211647 6125051 324876 48% 12 185964 2613 98%
c - 726.82 138 21 179 212313 6138141 280592 48% 11 185964 2613 98%
c - 738.71 137 20 180 216237 6206694 282800 48% 11 185964 2613 98%
c B 740.43 137 20 180 216941 6216276 290240 48% 12 185964 2613 98%
c - 751.17 138 21 181 220549 6275625 285535 48% 12 185964 2613 98%
c W 764.45 138 21 181 223975 6328281 326276 48% 12 185964 2613 98%
c - 768.08 138 21 182 224872 6344935 287417 48% 12 185964 2613 98%
c p 774.05 138 21 182 226537 6375051 316256 48% 12 185964 2613 98%
c - 782.27 139 21 183 229134 6414628 293439 48% 12 185964 2613 98%
c # 787.73 139 21 183 230806 6441282 314441 48% 12 185964 2613 98%
c - 796.72 141 21 184 233475 6484703 296442 48% 12 185964 2613 98%
c - 810.15 140 21 185 237176 6555157 297765 48% 12 185964 2613 98%
c 
c  seconds     reductions          redundant    irredundant
c           MB       restarts              trail       variables
c            level          conflicts          glue         remaining
c 
c B 810.19 140 21 185 237179 6555287 297881 48% 12 185964 2613 98%
c - 823.94 141 21 186 241207 6625994 300895 48% 12 185964 2613 98%
c p 825.04 141 21 186 241413 6630054 308875 48% 12 185964 2613 98%
c W 835.49 141 21 186 243776 6670289 340563 49% 12 185964 2613 98%
c - 841.22 141 21 187 245471 6697210 306099 49% 12 185964 2613 98%
c - 855.34 142 21 188 249214 6768806 307331 49% 12 185964 2613 98%
c F 858.65 142 21 188 250104 6786290 321015 49% 12 185964 2613 98%
c - 869.81 141 21 189 253182 6840783 308995 49% 12 185964 2613 98%
c p 879.92 141 21 189 255963 6890054 351890 49% 12 185964 2613 98%
c B 882.84 141 21 189 256839 6903291 362252 48% 12 185964 2613 98%
c - 885.09 142 21 190 257458 6913140 313909 48% 12 185964 2613 98%
c s 886.35 142 21 190 257458 6913140 309554 48% 12 185964 2613 98%
c v 886.42 142 21 190 257458 6913140 309554 48% 12 185964 2613 98%
c w 887.17 142 21 190 257458 6913140 309195 48% 12 185964 2613 98%
c t 887.18 142 21 190 257458 6913140 309193 48% 12 185964 2613 98%
c s 887.65 142 21 190 257458 6913140 309075 48% 12 185964 2613 98%
c - 902.43 142 21 191 261786 6985878 314421 48% 12 185964 2613 98%
c W 912.16 142 21 191 264063 7021292 341825 48% 12 185964 2613 98%
c - 920.56 143 22 192 266655 7059003 316249 49% 12 185964 2613 98%
c - 936.04 144 22 193 270721 7132507 318927 49% 12 185964 2613 98%
c 
c  seconds     reductions          redundant    irredundant
c           MB       restarts              trail       variables
c            level          conflicts          glue         remaining
c 
c # 937.86 144 22 193 271381 7140293 325192 49% 12 185964 2613 98%
c p 941.35 144 22 193 272114 7155055 342057 49% 12 185964 2613 98%
c - 952.39 144 22 194 275170 7206388 324855 49% 12 185964 2613 98%
c B 963.78 144 21 194 278220 7260294 366975 49% 12 185964 2613 98%
c - 968.51 145 22 195 279486 7280653 326252 49% 12 185964 2613 98%
c - 984.61 144 21 196 283698 7355297 328433 49% 12 185964 2613 98%
c W 992.51 144 21 196 285249 7381295 348769 49% 12 185964 2613 98%
c p 1002.27 144 21 196 287446 7425055 387249 49% 12 185964 2613 98%
c - 1003.60 145 21 197 287719 7430321 331354 49% 12 185964 2613 98%
c F 1019.97 145 21 197 292150 7503297 388574 49% 12 185964 2613 98%
c - 1020.66 145 21 198 292238 7505727 333951 49% 12 185964 2613 98%
c - 1038.70 146 22 199 297043 7581512 336631 49% 12 185964 2613 98%
c B 1048.29 146 22 199 299508 7626298 371541 50% 12 185964 2613 98%
c - 1056.45 147 22 200 301387 7657681 339229 50% 12 185964 2613 98%
c p 1066.85 147 22 200 303734 7700055 377799 50% 12 185964 2613 98%
c - 1075.02 147 22 201 305801 7734227 343980 49% 12 185964 2613 98%
c W 1081.68 147 22 201 306834 7750300 356134 49% 12 185964 2613 98%
c - 1096.44 147 22 202 309903 7811155 346055 50% 12 185964 2613 98%
c # 1113.01 147 22 202 313745 7875305 396810 50% 12 185964 2613 98%
c - 1116.46 147 22 203 314368 7888465 348696 49% 12 185964 2613 98%
c 
c   seconds     reductions          redundant    irredundant
c            MB       restarts              trail       variables
c             level          conflicts          glue         remaining
c 
c - 1137.19 148 22 204 318749 7966154 350645 49% 12 185964 2613 98%
c p 1141.32 148 22 204 319796 7980055 366739 49% 12 185964 2613 98%
c B 1146.75 148 22 204 320873 8001306 383561 50% 12 185964 2613 98%
c - 1158.59 150 22 205 323578 8044225 358626 50% 12 185964 2613 98%
c - 1179.48 148 22 206 328365 8122676 359447 50% 12 185964 2613 98%
c W 1183.59 148 22 206 328684 8128307 363855 50% 12 185964 2613 98%
c } 1199.62 148 22 206 332519 8191013 413048 50% 12 185964 2613 98%
c [ 1199.62 148 43 206 332519 8191013 413048 58% 18 185964 2613 98%
c - 1202.19 151 44 207 332525 8201507 363341 59% 18 185964 2613 98%
c W 1217.30 151 46 207 332536 8256309 413072 61% 19 185964 2613 98%
c p 1220.08 151 46 207 332536 8265055 425033 62% 18 185964 2613 98%
c - 1224.27 168 45 208 332537 8280719 371761 63% 18 185964 2613 98%
c s 1225.58 177 45 208 332537 8280719 367621 63% 18 185964 2613 98%
c v 1225.65 177 45 208 332537 8280719 367621 63% 18 185962 2613 98%
c w 1226.41 177 45 208 332537 8280719 367193 63% 18 185962 2613 98%
c t 1226.41 177 45 208 332537 8280719 367191 63% 18 185962 2613 98%
c s 1227.82 178 45 208 332537 8280719 366516 63% 18 185962 2613 98%
c - 1250.66 181 55 209 332547 8360312 368143 67% 22 185962 2613 98%
c O 1256.69 181 52 209 332558 8385313 389721 64% 22 185962 2613 98%
c - 1271.14 175 51 210 332575 8440285 364542 62% 21 185962 2613 98%
c 
c   seconds     reductions          redundant    irredundant
c            MB       restarts              trail       variables
c             level          conflicts          glue         remaining
c 
c B 1290.80 175 52 210 332600 8515330 429346 58% 22 185962 2613 98%
c - 1292.34 174 54 211 332600 8520640 366907 59% 22 185962 2613 98%
c p 1301.90 174 55 211 332607 8555056 406685 60% 22 185962 2613 98%
c - 1316.03 181 52 212 332629 8601377 372710 60% 21 185962 2613 98%
c W 1331.63 181 51 212 332642 8646331 411648 57% 22 185962 2613 98%
c - 1342.88 174 46 213 332659 8682495 372591 58% 21 185962 2613 98%
c - 1368.64 181 43 214 332664 8763994 375111 59% 20 185962 2613 98%
c I 1373.17 181 42 214 332664 8778332 388167 60% 20 185962 2613 98%
c - 1393.41 207 65 215 332665 8845873 378717 65% 22 185962 2613 98%
c p 1395.10 207 66 215 332665 8850058 390686 65% 22 185962 2613 98%
c B 1416.50 208 79 215 332665 8911337 445912 64% 30 185962 2613 98%
c - 1421.85 202 83 216 332665 8928132 379099 65% 30 185962 2613 98%
c - 1447.69 197 67 217 332695 9010774 379375 65% 26 185962 2613 98%
c W 1461.38 197 61 217 332706 9045340 410883 65% 25 185962 2613 98%
c - 1477.49 193 53 218 332726 9093794 380813 63% 22 185962 2613 98%
c p 1495.86 193 46 218 332731 9150059 439144 64% 20 185962 2613 98%
c - 1505.20 198 45 219 332743 9177195 385939 63% 19 185962 2613 98%
c O 1506.25 198 44 219 332744 9180341 388762 64% 19 185962 2613 98%
c i 1517.75 198 42 219 332759 9218169 421773 63% 19 185962 2612 98%
c s 1519.07 213 42 219 332759 9218169 419758 63% 19 185962 2612 98%
c 
c   seconds     reductions          redundant    irredundant
c            MB       restarts              trail       variables
c             level          conflicts          glue         remaining
c 
c w 1519.72 213 42 219 332759 9218169 419339 63% 19 185957 2612 98%
c s 1521.90 213 42 219 332759 9218169 418369 63% 19 185798 2612 98%
c - 1534.95 189 43 220 332774 9260976 346576 63% 19 185798 2612 98%
c B 1551.07 189 41 220 332791 9316342 396387 64% 18 185798 2612 98%
c - 1560.42 212 43 221 332791 9345114 374097 66% 19 185798 2612 98%
c - 1589.77 220 42 222 332802 9429635 384918 67% 19 185798 2612 98%
c W 1598.73 220 43 222 332812 9453344 405652 64% 20 185798 2612 98%
c p 1599.83 220 43 222 332813 9455059 416100 64% 20 185798 2612 98%
c s 1614.49 224 46 222 332826 9501186 455653 62% 20 185798 2612 98%
c v 1614.59 224 46 222 332826 9501186 455653 62% 20 185798 2612 98%
c w 1615.06 224 46 222 332826 9501186 455177 62% 20 185798 2612 98%
c t 1615.07 224 46 222 332826 9501186 455176 62% 20 185798 2612 98%
c s 1617.22 224 46 222 332826 9501186 454261 62% 20 185798 2612 98%
c - 1621.62 209 45 223 332833 9514533 396212 62% 20 185798 2612 98%
c I 1644.75 209 54 223 332855 9591347 464063 60% 23 185798 2612 98%
c - 1648.11 209 61 224 332855 9599819 390155 60% 24 185798 2612 98%
c - 1673.46 209 59 225 332886 9685480 391520 61% 24 185798 2612 98%
c B 1687.00 209 60 225 332901 9730350 432069 64% 24 185798 2612 98%
c p 1697.42 209 54 225 332917 9765060 468905 63% 22 185798 2612 98%
c - 1699.51 211 56 226 332917 9771523 395357 62% 23 185798 2612 98%
c 
c   seconds     reductions          redundant    irredundant
c            MB       restarts              trail       variables
c             level          conflicts          glue         remaining
c 
c - 1723.66 206 69 227 332919 9857944 396712 57% 27 185798 2612 98%
c W 1730.60 206 68 227 332919 9870352 407936 57% 27 185798 2612 98%
c - 1756.14 205 59 228 332920 9944746 397333 54% 24 185798 2612 98%
c O 1779.93 205 61 228 332920 10011354 454742 58% 24 185798 2612 98%
c - 1786.58 211 59 229 332921 10031936 405976 57% 24 185798 2612 98%
c p 1802.47 211 56 229 332921 10080061 457335 54% 24 185798 2612 98%
c - 1816.70 213 61 230 332921 10119499 410829 57% 24 185798 2612 98%
c B 1828.47 213 63 230 332921 10153360 441176 58% 24 185798 2612 98%
c - 1846.46 218 86 231 332921 10207447 413008 58% 30 185798 2612 98%
c - 1883.16 232 90 232 332922 10295772 417841 59% 36 185798 2612 98%
c W 1886.59 232 91 232 332922 10296362 418370 59% 36 185798 2612 98%
c - 1918.79 230 61 233 332922 10384477 415744 67% 26 185798 2612 98%
c p 1925.53 230 57 233 332922 10400063 438654 68% 25 185798 2612 98%
c I 1938.22 230 59 233 332922 10440367 475056 65% 25 185798 2612 98%
c - 1951.82 216 92 234 332922 10473564 423226 61% 35 185798 2612 98%
c - 1985.75 218 131 235 332922 10563035 426645 54% 48 185798 2612 98%
c B 1993.33 218 136 235 332922 10585371 446579 53% 51 185798 2612 98%
c - 2018.38 229 101 236 332922 10652883 429801 62% 36 185798 2612 98%
c p 2047.36 229 72 236 332922 10725064 502485 64% 27 185798 2612 98%
c W 2052.86 229 71 236 332922 10731372 508379 64% 27 185798 2612 98%
c 
c   seconds     reductions           redundant    irredundant
c            MB       restarts               trail       variables
c             level          conflicts           glue         remaining
c 
c - 2058.00 235 70 237 332922 10743111 432259 63% 27 185798 2612 98%
c - 2096.29 250 77 238 332935 10833720 433577 64% 28 185798 2612 98%
c O 2113.45 250 66 238 332952 10878375 472255 61% 25 185798 2612 98%
c - 2130.57 217 53 239 332968 10924711 430310 58% 22 185798 2612 98%
c - 2161.89 218 44 240 332987 11016081 428037 53% 22 185798 2612 98%
c s 2162.70 227 44 240 332987 11016081 427855 53% 22 185798 2612 98%
c w 2163.69 228 44 240 332987 11016081 427564 53% 22 185798 2612 98%
c B 2166.80 228 45 240 332992 11026376 436524 52% 22 185798 2612 98%
c p 2177.34 228 45 240 333006 11055070 470803 54% 21 185798 2612 98%
c - 2195.70 233 40 241 333023 11107839 432645 53% 20 185798 2612 98%
c W 2223.39 233 39 241 333047 11175377 490651 55% 20 185798 2612 98%
c - 2232.04 233 41 242 333048 11199976 435758 54% 20 185798 2612 98%
c - 2262.63 233 38 243 333056 11292489 439353 55% 19 185798 2612 98%
c I 2272.58 233 38 243 333071 11325379 467718 55% 19 185798 2612 98%
c - 2291.94 235 49 244 333093 11385382 439691 56% 22 185798 2612 98%
c p 2294.09 235 48 244 333094 11390070 451945 55% 22 185798 2612 98%
c B 2321.90 235 47 244 333112 11476381 529110 61% 21 185798 2612 98%
c - 2322.97 239 47 245 333112 11478658 444174 61% 21 185798 2612 98%
c - 2357.28 243 44 246 333149 11572315 446941 63% 20 185798 2612 98%
c W 2382.79 243 42 246 333173 11628384 496960 63% 20 185798 2612 98%
c 
c   seconds     reductions           redundant    irredundant
c            MB       restarts               trail       variables
c             level          conflicts           glue         remaining
c 
c - 2397.34 240 42 247 333175 11666354 446830 62% 20 185798 2612 98%
c p 2423.80 240 61 247 333176 11730073 509503 57% 26 185798 2612 98%
c - 2439.53 238 61 248 333177 11760770 447577 56% 28 185798 2612 98%
c O 2448.95 238 60 248 333177 11781385 466286 58% 27 185798 2612 98%
c - 2480.58 255 53 249 333177 11855569 455107 64% 23 185798 2612 98%
c B 2516.52 255 55 249 333205 11935386 527790 66% 23 185798 2612 98%
c - 2523.84 250 56 250 333208 11950755 456829 65% 23 185798 2612 98%
c - 2567.57 252 48 251 333239 12046314 459508 64% 21 185798 2612 98%
c p 2580.96 252 48 251 333240 12075075 494734 65% 21 185798 2612 98%
c W 2590.95 252 49 251 333246 12090387 508676 65% 22 185798 2612 98%
c - 2612.23 248 46 252 333270 12142255 464997 65% 21 185798 2612 98%
c - 2652.89 238 46 253 333302 12238576 462882 56% 22 185798 2612 98%
c I 2656.09 238 47 253 333302 12246389 470036 57% 22 185798 2612 98%
c - 2691.96 263 69 254 333304 12335277 468881 64% 26 185798 2612 98%
c B 2724.50 263 58 254 333332 12403392 529102 63% 23 185798 2612 98%
c p 2735.00 263 55 254 333335 12425077 554853 62% 22 185798 2612 98%
c - 2738.77 251 54 255 333335 12432359 470233 62% 22 185798 2612 98%
c - 2778.10 247 49 256 333367 12529825 474204 62% 22 185798 2612 98%
c W 2793.36 247 49 256 333374 12561395 502383 59% 22 185798 2612 98%
c - 2818.90 243 43 257 333398 12627676 474280 59% 21 185798 2612 98%
c 
c   seconds     reductions           redundant    irredundant
c            MB       restarts               trail       variables
c             level          conflicts           glue         remaining
c 
c s 2819.11 256 43 257 333398 12627676 474278 59% 21 185798 2612 98%
c w 2820.45 256 43 257 333398 12627676 474243 59% 21 185798 2612 98%
c t 2820.46 256 43 257 333398 12627676 474242 59% 21 185798 2612 98%
c O 2858.28 256 45 257 333430 12720399 557040 58% 21 185798 2612 98%
c - 2861.18 259 45 258 333430 12725900 478354 58% 21 185798 2612 98%
c p 2886.94 259 54 258 333431 12780077 536242 61% 22 185798 2612 98%
c - 2909.32 280 56 259 333432 12824504 484744 64% 23 185798 2612 98%
c B 2936.89 280 55 259 333432 12880400 535839 66% 23 185798 2612 98%
c - 2955.86 279 57 260 333432 12923492 485432 68% 22 185798 2612 98%
c - 3008.64 291 61 261 333433 13022857 489653 70% 23 185798 2612 98%
c W 3020.98 291 61 261 333433 13041403 506955 70% 23 185798 2612 98%
c - 3060.65 275 63 262 333433 13122604 491042 64% 26 185798 2612 98%
c p 3069.95 275 66 262 333433 13140077 515242 65% 26 185798 2612 98%
c I 3098.25 275 74 262 333433 13203404 573436 69% 25 185798 2612 98%
c - 3108.24 276 78 263 333439 13222731 495262 67% 27 185798 2612 98%
c - 3144.57 254 58 264 333478 13323239 487235 58% 23 185798 2612 98%
c B 3160.12 254 56 264 333494 13366407 524967 57% 23 185798 2612 98%
c - 3182.86 260 60 265 333502 13424129 490411 59% 25 185798 2612 98%
c p 3217.20 260 53 265 333531 13505078 569629 59% 24 185798 2612 98%
c - 3225.89 261 52 266 333542 13525398 495912 59% 23 185798 2612 98%
c 
c   seconds     reductions           redundant    irredundant
c            MB       restarts               trail       variables
c             level          conflicts           glue         remaining
c 
c W 3230.75 261 53 266 333542 13530411 500318 59% 24 185798 2612 98%
c - 3270.20 262 46 267 333560 13627051 494221 59% 22 185798 2612 98%
c O 3297.78 262 51 267 333567 13695415 555942 60% 22 185798 2612 98%
c - 3314.76 258 52 268 333582 13729082 495812 58% 23 185798 2612 98%
c - 3364.89 259 51 269 333621 13831495 501618 57% 24 185798 2612 98%
c B 3380.29 259 48 269 333623 13861416 527855 58% 22 185798 2612 98%
c p 3386.38 259 48 269 333623 13875078 548485 60% 22 185798 2612 98%
c - 3409.66 266 44 270 333649 13934291 512354 64% 20 185798 2612 98%
c W 3448.35 266 49 270 333684 14028417 595760 60% 23 185798 2612 98%
c - 3452.04 260 49 271 333685 14037470 511842 60% 23 185798 2612 98%
c - 3493.38 272 45 272 333687 14141025 509352 69% 21 185798 2612 98%
c I 3519.43 272 42 272 333688 14196422 560519 70% 20 185798 2612 98%
c - 3543.90 287 70 273 333688 14244960 514431 68% 24 185798 2612 98%
c s 3545.32 303 70 273 333688 14244960 511140 68% 24 185798 2612 98%
c v 3545.42 303 70 273 333688 14244960 511140 68% 24 185797 2612 98%
c w 3547.10 303 70 273 333688 14244960 510747 68% 24 185797 2612 98%
c t 3547.11 303 70 273 333688 14244960 510744 68% 24 185797 2612 98%
c s 3549.06 303 70 273 333688 14244960 508836 68% 24 185797 2612 98%
c p 3552.40 303 71 273 333688 14250079 521898 67% 24 185797 2612 98%
c - 3595.02 271 52 274 333718 14349278 520949 59% 23 185797 2612 98%
c 
c   seconds     reductions           redundant    irredundant
c            MB       restarts               trail       variables
c             level          conflicts           glue         remaining
c 
c B 3601.11 271 52 274 333719 14365425 535222 59% 23 185797 2612 98%
c - 3639.79 266 50 275 333751 14453980 510253 52% 24 185797 2612 98%
c W 3683.24 266 47 275 333778 14535427 577143 52% 23 185797 2612 98%
c - 3694.22 274 45 276 333782 14559056 511228 55% 22 185797 2612 98%
c p 3721.11 274 44 276 333812 14630082 580825 56% 22 185797 2612 98%
c - 3736.33 285 43 277 333814 14664518 516009 58% 21 185797 2612 98%
c O 3753.82 285 43 277 333815 14706432 553960 61% 21 185797 2612 98%
c - 3783.67 293 43 278 333828 14770356 516372 64% 20 185797 2612 98%
c - 3834.41 287 44 279 333868 14876578 520178 66% 22 185797 2612 98%
c B 3835.24 287 44 279 333868 14878438 521897 66% 22 185797 2612 98%
c - 3880.12 289 50 280 333893 14983179 524416 62% 22 185797 2612 98%
c p 3895.46 289 50 280 333908 15015082 561044 60% 22 185797 2612 98%
c W 3914.92 289 50 280 333920 15051443 592684 60% 22 185797 2612 98%
c - 3931.93 277 47 281 333938 15090159 530785 58% 21 185797 2612 98%
c - 3978.62 297 51 282 333942 15197522 535969 62% 21 185797 2612 98%
c I 3990.49 297 53 282 333943 15225446 561391 60% 22 185797 2612 98%
c - 4034.13 310 85 283 333943 15305263 537127 64% 31 185797 2612 98%
c B 4082.00 310 118 283 333944 15400450 625499 69% 32 185797 2612 98%
c p 4085.72 310 115 283 333944 15405082 636257 69% 32 185797 2612 98%
c - 4090.99 309 111 284 333944 15413385 538478 68% 31 185797 2612 98%
c 
c   seconds     reductions           redundant    irredundant
c            MB       restarts               trail       variables
c             level          conflicts           glue         remaining
c 
c - 4142.52 311 79 285 333944 15521887 538837 69% 26 185797 2612 98%
c W 4174.29 311 68 285 333944 15576451 588581 67% 24 185797 2612 98%
c - 4202.33 302 56 286 333945 15630773 543551 66% 22 185797 2612 98%
c - 4262.03 314 49 287 333945 15740040 547147 67% 20 185797 2612 98%
c O 4268.86 314 48 287 333945 15753452 559666 68% 20 185797 2612 98%
c p 4293.66 314 48 287 333945 15800082 611437 69% 19 185797 2612 98%
c - 4325.45 311 47 288 333945 15849686 551119 67% 19 185797 2612 98%
c B 4370.70 311 55 288 333945 15931453 627114 68% 19 185797 2612 98%
c - 4385.20 309 57 289 333945 15959711 553981 65% 22 185797 2612 98%
c s 4387.45 310 57 289 333945 15959711 551297 65% 22 185797 2612 98%
c v 4387.54 310 57 289 333945 15959711 551297 65% 22 185797 2612 98%
c w 4389.05 310 57 289 333945 15959711 550682 65% 22 185797 2612 98%
c s 4389.63 310 57 289 333945 15959711 550651 65% 22 185797 2612 98%
c - 4448.53 312 58 290 333945 16070118 555799 71% 24 185797 2612 98%
c W 4477.12 312 60 290 333945 16110455 593037 72% 25 185797 2612 98%
c - 4507.25 288 52 291 333946 16180905 555229 59% 23 185797 2612 98%
c p 4515.99 288 54 291 333946 16200089 581323 59% 23 185797 2612 98%
c I 4562.26 288 65 291 333946 16290460 661848 54% 29 185797 2612 98%
c - 4563.59 291 66 292 333946 16292073 559851 55% 29 185797 2612 98%
c ] 4612.86 291 100 292 333946 16383015 644727 63% 35 185797 2612 98%
c 
c   seconds     reductions           redundant    irredundant
c            MB       restarts               trail       variables
c             level          conflicts           glue         remaining
c 
c { 4612.86 291 22 292 333946 16383015 644727 50% 12 185797 2612 98%
c - 4627.80 339 23 293 335680 16403622 559809 50% 13 185797 2612 98%
c F 4665.91 339 23 293 340699 16471466 611770 50% 13 185797 2612 98%
c - 4692.22 281 23 294 343668 16515551 548807 50% 14 185797 2612 98%
c p 4736.69 281 24 294 349384 16605095 625010 50% 14 185797 2612 98%
c - 4748.13 284 24 295 350455 16627860 559354 51% 14 185797 2612 98%
c B 4761.04 284 23 295 351784 16653469 579491 51% 14 185797 2612 98%
c - 4809.07 287 24 296 356875 16740550 564751 52% 14 185797 2612 98%
c W 4863.95 287 24 296 362673 16836472 639516 51% 14 185797 2612 98%
c - 4874.17 285 24 297 363748 16853621 568098 51% 14 185797 2612 98%
c - 4931.27 286 24 298 369846 16967073 571442 51% 14 185797 2612 98%
c p 4956.52 286 24 298 372580 17015097 613317 51% 14 185797 2612 98%
c # 4959.22 286 24 298 372901 17020474 617296 51% 14 185797 2612 98%
c - 4991.30 285 24 299 376427 17080907 577335 51% 14 185797 2612 98%
c - 5049.96 287 24 300 382878 17195120 581007 51% 14 185797 2612 98%
c B 5056.16 287 24 300 383512 17205478 589107 51% 14 185797 2612 98%
c - 5115.19 285 23 301 389191 17309715 584005 51% 14 185797 2612 98%
c W 5161.12 285 23 301 394296 17391482 647246 51% 14 185797 2612 98%
c - 5178.74 286 23 302 396073 17424689 587855 51% 14 185797 2612 98%
c p 5182.32 286 23 302 396434 17430099 595829 51% 14 185797 2612 98%
c 
c   seconds     reductions           redundant    irredundant
c            MB       restarts               trail       variables
c             level          conflicts           glue         remaining
c 
c - 5241.21 287 24 303 402875 17540044 594358 51% 14 185797 2612 98%
c F 5261.14 287 24 303 404930 17578486 624048 51% 14 185797 2612 98%
c - 5302.97 287 24 304 409547 17655780 597750 51% 14 185797 2612 98%
c B 5367.21 287 24 304 415582 17766488 684925 51% 14 185797 2612 98%
c - 5370.95 290 24 305 415859 17771897 601332 51% 14 185797 2612 98%
c s 5372.31 291 24 305 415859 17771897 596711 51% 14 185797 2612 98%
c v 5372.42 291 24 305 415859 17771897 596711 51% 14 185797 2612 98%
c w 5374.33 291 24 305 415859 17771897 596258 51% 14 185797 2612 98%
c t 5374.34 291 24 305 415859 17771897 596254 51% 14 185797 2612 98%
c s 5376.17 291 24 305 415859 17771897 594732 51% 14 185797 2612 98%
c p 5418.00 291 24 305 420257 17850099 658825 52% 14 185797 2612 98%
c - 5439.30 291 24 306 422356 17888394 607280 51% 14 185797 2612 98%
c W 5478.68 291 24 306 426067 17955489 659563 51% 14 185797 2612 98%
c - 5508.01 291 24 307 429038 18005278 608224 51% 14 185797 2612 98%
c - 5574.13 292 25 308 435909 18122537 610344 52% 14 185797 2612 98%
c # 5585.94 292 25 308 437203 18145494 627860 52% 14 185797 2612 98%
c - 5640.09 293 25 309 442771 18240182 614573 52% 14 185797 2612 98%
c p 5660.15 293 25 309 444818 18275101 645568 52% 14 185797 2612 98%
c B 5697.28 293 24 309 448101 18336501 693369 52% 14 185797 2612 98%
c - 5710.49 293 24 310 449166 18358205 619960 53% 14 185797 2612 98%
c 
c   seconds     reductions           redundant    irredundant
c            MB       restarts               trail       variables
c             level          conflicts           glue         remaining
c 
c - 5780.33 294 25 311 456011 18476610 624120 52% 14 185797 2612 98%
c W 5812.35 294 24 311 458807 18528504 665421 52% 14 185797 2612 98%
c - 5855.68 295 25 312 462741 18595396 628198 52% 14 185797 2612 98%
c p 5922.16 295 24 312 468758 18705101 717717 52% 14 185797 2612 98%
c - 5928.77 294 25 313 469333 18714560 631943 52% 14 185797 2612 98%
c F 5932.87 294 25 313 469725 18721505 637412 52% 14 185797 2612 98%
c - 5998.10 295 24 314 475914 18834103 635020 51% 14 185797 2612 98%
c B 6046.17 295 24 314 480494 18915507 699014 52% 14 185797 2612 98%
c - 6071.29 297 24 315 482612 18954027 640063 52% 14 185797 2612 98%
c - 6143.80 297 25 316 489963 19074334 643080 52% 14 185797 2612 98%
c W 6167.49 297 25 316 491755 19110509 671563 52% 14 185797 2612 98%
c p 6186.50 297 25 316 493585 19140102 699400 52% 15 185797 2612 98%
c - 6220.19 298 25 317 496323 19195019 648440 52% 14 185797 2612 98%
c # 6291.12 298 26 317 503145 19306510 737114 53% 15 185797 2612 98%
c - 6297.79 300 26 318 503574 19316086 653940 53% 15 185797 2612 98%
c - 6375.77 298 25 319 510089 19437536 656136 52% 14 185797 2612 98%
c B 6414.74 298 25 319 514063 19503511 708125 53% 14 185797 2612 98%
c - 6448.36 300 25 320 516870 19559363 660695 53% 14 185797 2612 98%
c s 6450.34 301 25 320 516870 19559363 659236 53% 14 185797 2612 98%
c v 6450.44 301 25 320 516870 19559363 659236 53% 14 185795 2612 98%
c 
c   seconds     reductions           redundant    irredundant
c            MB       restarts               trail       variables
c             level          conflicts           glue         remaining
c 
c w 6452.42 301 25 320 516870 19559363 658505 53% 14 185795 2612 98%
c s 6454.67 301 25 320 516870 19559363 657426 53% 14 185795 2612 98%
c p 6467.20 301 25 320 517976 19580102 677538 53% 14 185795 2612 98%
c - 6528.71 298 24 321 523867 19681571 663907 51% 14 185795 2612 98%
c W 6542.42 298 24 321 524930 19701512 679697 52% 14 185795 2612 98%
c - 6606.47 301 25 322 530647 19804163 668083 52% 14 185795 2612 98%
c F 6664.60 301 25 322 536070 19900513 742246 52% 14 185795 2612 98%
c - 6681.65 299 25 323 537527 19927135 669804 52% 15 185795 2612 98%
c p 6745.33 299 25 323 543459 20025102 750306 52% 15 185795 2612 98%
c - 6762.01 302 25 324 544695 20050487 674667 52% 15 185795 2612 98%
c B 6792.58 302 25 324 547413 20100518 714073 52% 15 185795 2612 98%
c - 6846.11 303 25 325 551662 20174217 678308 53% 15 185795 2612 98%
c - 6925.53 303 25 326 558671 20298328 682582 52% 15 185795 2612 98%
c W 6930.25 303 25 326 558836 20301519 685070 52% 15 185795 2612 98%
c - 7007.16 303 24 327 565448 20422822 685705 52% 14 185795 2612 98%
c } 7024.48 303 25 327 567162 20451635 708591 52% 14 185795 2612 98%
c ? 7024.48 303 25 327 567162 20451635 708591 52% 14 185795 2612 98%
c 
c --- [ closing proof ] ------------------------------------------------------
c 
c traced 21817506 added and 21109783 deleted clauses
c closing file 'docs/frontier/z_piece/z_6710_certificate/z_6x7x10.drat'
c after writing 8635960183 bytes 8235.9 MB
c 
c --- [ result ] -------------------------------------------------------------
c 
c UNKNOWN
c 
c --- [ run-time profiling ] -------------------------------------------------
c 
c process time taken by individual solving procedures
c (percentage relative to process time for solving)
c 
c      6927.88   98.63% search
c      3582.40   51.00% stable
c      3209.63   45.69% unstable
c       135.84    1.93% walk
c        96.57    1.37% simplify
c        37.09    0.53% probe
c        36.14    0.51% subsume
c        14.85    0.21% vivify
c         2.72    0.04% ternary
c         0.96    0.01% elim
c         0.03    0.00% parse
c         0.00    0.00% lucky
c   =================================
c      7024.45  100.00% solve
c 
c last line shows process time for solving
c (percentage relative to total process time)
c 
c --- [ statistics ] ---------------------------------------------------------
c 
c chronological:           4319606        21.12 %  of conflicts
c conflicts:              20451635      2911.49    per second
c decisions:              39324944      5598.30    per second
c eliminated:                   43         1.62 %  of all variables
c fixed:                         1         0.04 %  of all variables
c learned:                19899051        97.30 %  per conflict
c learned_lits:         3627063468       100.00 %  learned literals
c minimized:                     0         0.00 %  learned literals
c shrunken:              747073407        20.60 %  learned literals
c minishrunken:          725873270        20.01 %  learned literals
c propagations:         3997712075         0.57 M  per second
c reduced:                16286592        79.63 %  per conflict
c rephased:                    201    101749.43    interval
c restarts:                 567162        36.06    interval
c stabilizing:                   7        53.40 %  of conflicts
c subsumed:                2775088         6.73 %  of all clauses
c strengthened:            1379149         3.34 %  of all clauses
c ternary:                    6080         1.09 %  of resolved
c vivified:                  12465         0.03 %  of all clauses
c walked:                       66    309873.26    interval
c weakened:                    368         2.77    average size
c 
c seconds are measured in process time for solving
c 
c --- [ resources ] ----------------------------------------------------------
c 
c total process time since initialization:      7024.48    seconds
c total real time since initialization:         7200.01    seconds
c maximum resident set size of process:          440.07    MB
c 
c --- [ shutting down ] ------------------------------------------------------
c 
c exit 0
