Building templates...
  concrete placements=3944 target templates=488
Loading walks...
  walks: 2048
  distinct walk edges: 316
  first edge 0 -> 17293822637554016271 included
Counting realizations per edge...
  edge   0: 72072624 -> 866380711010242554  count=1  visited=9  exhaustive=True  seqs=1  0.00s
  edge   1: 230543904 -> 6125001254108143641  count=1  visited=9  exhaustive=True  seqs=1  0.00s
  edge   2: 4096019391 -> 944636619170669568  count=1  visited=8  exhaustive=True  seqs=1  0.00s
  edge   3: 4258407471 -> 27083926332145392  count=1  visited=8  exhaustive=True  seqs=1  0.00s
  edge   4: 4294967295 -> 0  count=1  visited=1  exhaustive=True  seqs=1  0.00s
  edge   5: 64574966991 -> 1224979307383262271  count=1  visited=7  exhaustive=True  seqs=1  0.00s
  edge   6: 68719476687 -> 2336462209071  count=1  visited=2  exhaustive=True  seqs=1  0.00s
  edge   7: 73585760529 -> 216172928169111603  count=1  visited=9  exhaustive=True  seqs=1  0.00s
  edge   8: 73585760529 -> 216173366255775897  count=1  visited=8  exhaustive=True  seqs=1  0.00s
  edge   9: 197602541454 -> 57420899422830702  count=1  visited=9  exhaustive=True  seqs=1  0.00s
  edge  10: 201795375342 -> 211106304882495  count=1  visited=7  exhaustive=True  seqs=1  0.00s
  edge  11: 730144440522 -> 17306823198616993791  count=1  visited=13  exhaustive=True  seqs=1  0.00s
  edge  12: 734405971146 -> 51844172282871807  count=1  visited=8  exhaustive=True  seqs=1  0.00s
  edge  13: 827787077367 -> 877642275986485230  count=1  visited=7  exhaustive=True  seqs=1  0.00s
  edge  14: 828928688112 -> 730144440522  count=1  visited=3  exhaustive=True  seqs=1  0.00s
  edge  15: 970774344690 -> 13835208177023519739  count=1  visited=9  exhaustive=True  seqs=1  0.00s
  edge  16: 2336462209071 -> 17295028187630141430  count=1  visited=28  exhaustive=True  seqs=1  0.00s
  edge  17: 2392190747439 -> 432352161401354172  count=1  visited=7  exhaustive=True  seqs=1  0.00s
  edge  18: 3315413741415 -> 19141123374151671  count=1  visited=8  exhaustive=True  seqs=1  0.00s
  edge  19: 3444851212575 -> 9800916360149195682  count=1  visited=14  exhaustive=True  seqs=1  0.00s
  edge  20: 3714845699955 -> 19141123374151671  count=1  visited=8  exhaustive=True  seqs=1  0.00s
  edge  21: 18691990691805 -> 9799832817218679042  count=1  visited=7  exhaustive=True  seqs=1  0.00s
  edge  22: 18695955943728 -> 197602541454  count=1  visited=15  exhaustive=True  seqs=1  0.00s
  edge  23: 25303648870161 -> 13893924295082588043  count=1  visited=9  exhaustive=True  seqs=1  0.00s
  edge  24: 53362957221768 -> 243194452926001305  count=1  visited=15  exhaustive=True  seqs=1  0.00s
  edge  25: 53362957221768 -> 243194671969333452  count=1  visited=15  exhaustive=True  seqs=1  0.00s
  edge  26: 53362957221768 -> 1531223946620301465  count=1  visited=9  exhaustive=True  seqs=1  0.00s
  edge  27: 53362957221768 -> 1531224165663633612  count=1  visited=9  exhaustive=True  seqs=1  0.00s
  edge  28: 56077072732959 -> 15903338482628454  count=1  visited=18  exhaustive=True  seqs=1  0.00s
  edge  29: 149587129794420 -> 13862080625860708494  count=1  visited=5  exhaustive=True  seqs=1  0.00s
  edge  30: 149681908254771 -> 1225278990726569958  count=1  visited=9  exhaustive=True  seqs=1  0.00s
  edge  31: 150119994919065 -> 1225278191862652878  count=1  visited=11  exhaustive=True  seqs=1  0.00s
  edge  32: 211106304882495 -> 878202223639195200  count=1  visited=15  exhaustive=True  seqs=1  0.00s
  edge  33: 211108230197316 -> 13873338667156160523  count=1  visited=7  exhaustive=True  seqs=1  0.00s
  edge  34: 214027112276607 -> 9799849284114370542  count=1  visited=6  exhaustive=True  seqs=1  0.00s
  edge  35: 312263029292817 -> 13848569442374589576  count=1  visited=6  exhaustive=True  seqs=1  0.00s
  edge  36: 844425501575406 -> 13835076763354599681  count=1  visited=7  exhaustive=True  seqs=1  0.00s
  edge  37: 844429173715488 -> 2449971597628874559  count=1  visited=21  exhaustive=True  seqs=1  0.00s
  edge  38: 844631380590399 -> 9853885332833370288  count=1  visited=6  exhaustive=True  seqs=1  0.00s
  edge  39: 860921782210542 -> 4837864096874241  count=1  visited=10  exhaustive=True  seqs=1  0.00s
  edge  40: 881808426562323 -> 13889101838161014504  count=1  visited=12  exhaustive=True  seqs=1  0.00s
  edge  41: 937885415068467 -> 13873338705818681340  count=1  visited=17  exhaustive=True  seqs=1  0.00s
  edge  42: 968671740654591 -> 13873343327203491264  count=1  visited=8  exhaustive=True  seqs=1  0.00s
  edge  43: 993961997994120 -> 1378120250958256401  count=1  visited=9  exhaustive=True  seqs=1  0.00s
  edge  44: 1209466984666995 -> 153228524596259976  count=1  visited=5  exhaustive=True  seqs=1  0.00s
  edge  45: 1238325088220808 -> 13835058131518324701  count=1  visited=8  exhaustive=True  seqs=1  0.00s
  edge  46: 2392554187423983 -> 272108305905531255  count=1  visited=19  exhaustive=True  seqs=1  0.00s
  edge  47: 2397210662664048 -> 8358680910396690399  count=1  visited=8  exhaustive=True  seqs=1  0.00s
  edge  48: 3378870527459703 -> 153421454743961496  count=1  visited=23  exhaustive=True  seqs=1  0.00s
  edge  49: 3409589852444928 -> 12016193213743098  count=1  visited=17  exhaustive=True  seqs=1  0.00s
  edge  50: 3505311788593167 -> 9782423672780799  count=1  visited=6  exhaustive=True  seqs=1  0.00s
  edge  51: 4240819784515464 -> 3458764587641278737  count=1  visited=5  exhaustive=True  seqs=1  0.00s
  edge  52: 4785807032028906 -> 1837468661354822895  count=1  visited=13  exhaustive=True  seqs=1  0.00s
  edge  53: 4837864096874241 -> 306320129004272895  count=1  visited=10  exhaustive=True  seqs=1  0.00s
  edge  54: 4996181123003379 -> 9838118645322597384  count=1  visited=7  exhaustive=True  seqs=1  0.00s
  edge  55: 7230680809209855 -> 9799832791449972804  count=1  visited=4  exhaustive=True  seqs=1  0.00s
  edge  56: 9579497056829616 -> 13889313673465757058  count=1  visited=10  exhaustive=True  seqs=1  0.00s
  edge  57: 9782423672780799 -> 17293822573182971664  count=1  visited=7  exhaustive=True  seqs=1  0.00s
  edge  58: 12016193213743098 -> 17293822573196345343  count=1  visited=9  exhaustive=True  seqs=1  0.00s
  edge  59: 13510873833738513 -> 149681908254771  count=1  visited=8  exhaustive=True  seqs=1  0.00s
  edge  60: 13510873833738513 -> 150119994919065  count=1  visited=7  exhaustive=True  seqs=1  0.00s
  edge  61: 13510873905363729 -> 13838436581787329139  count=1  visited=6  exhaustive=True  seqs=1  0.00s
  edge  62: 14108936678981535 -> 1226672621718216768  count=1  visited=5  exhaustive=True  seqs=1  0.00s
  edge  63: 15903338482628454 -> 1224992305958127663  count=1  visited=6  exhaustive=True  seqs=1  0.00s
  edge  64: 19141123341681399 -> 9799845985594105326  count=1  visited=11  exhaustive=True  seqs=1  0.00s
  edge  65: 19141123374151671 -> 40180557217169646  count=1  visited=9  exhaustive=True  seqs=1  0.00s
  edge  66: 19351408017825888 -> 1224982410458297091  count=1  visited=14  exhaustive=True  seqs=1  0.00s
  edge  67: 20003415057629064 -> 13510873833738513  count=1  visited=7  exhaustive=True  seqs=1  0.00s
  edge  68: 27021804215467839 -> 9853885332833370288  count=1  visited=6  exhaustive=True  seqs=1  0.00s
  edge  69: 27022011120012384 -> 4899917221359286263  count=1  visited=11  exhaustive=True  seqs=1  0.00s
  edge  70: 27083926332145392 -> 6124896224978780154  count=1  visited=10  exhaustive=True  seqs=1  0.00s
  edge  71: 38280597042891711 -> 8358680910312169536  count=1  visited=10  exhaustive=True  seqs=1  0.00s
  edge  72: 38280599986302600 -> 6917529101738643729  count=1  visited=8  exhaustive=True  seqs=1  0.00s
  edge  73: 38283898601926638 -> 1224979111959557889  count=1  visited=9  exhaustive=True  seqs=1  0.00s
  edge  74: 38289944688001200 -> 13836959327796002178  count=1  visited=10  exhaustive=True  seqs=1  0.00s
  edge  75: 38529086762496768 -> 9799845985588408014  count=1  visited=7  exhaustive=True  seqs=1  0.00s
  edge  76: 38544479925302067 -> 9799832842988482572  count=1  visited=5  exhaustive=True  seqs=1  0.00s
  edge  77: 40180557217169646 -> 153141091976085249  count=1  visited=11  exhaustive=True  seqs=1  0.00s
  edge  78: 48061855709167854 -> 3458783219476856577  count=1  visited=14  exhaustive=True  seqs=1  0.00s
  edge  79: 51844172282871807 -> 6128647028508291072  count=1  visited=22  exhaustive=True  seqs=1  0.00s
  edge  80: 54043263961852047 -> 254460049060594719  count=1  visited=11  exhaustive=True  seqs=1  0.00s
  edge  81: 54061889238799107 -> 13835058641560861080  count=1  visited=7  exhaustive=True  seqs=1  0.00s
  edge  82: 54170947048198176 -> 13835058108984918012  count=1  visited=9  exhaustive=True  seqs=1  0.00s
  edge  83: 54254889959719167 -> 20003415057629064  count=1  visited=12  exhaustive=True  seqs=1  0.00s
  edge  84: 56436321165619455 -> 1238325088220808  count=1  visited=12  exhaustive=True  seqs=1  0.00s
  edge  85: 57420899422830702 -> 312263029292817  count=1  visited=9  exhaustive=True  seqs=1  0.00s
  edge  86: 67554069437415441 -> 13835077333258607001  count=1  visited=7  exhaustive=True  seqs=1  0.00s
  edge  87: 67557879074172921 -> 13835111126061307884  count=1  visited=5  exhaustive=True  seqs=1  0.00s
  edge  88: 67765102655324319 -> 13838585290748129088  count=1  visited=8  exhaustive=True  seqs=1  0.00s
  edge  89: 69198939117935103 -> 1228356798667282449  count=1  visited=5  exhaustive=True  seqs=1  0.00s
  edge  90: 76561206771938151 -> 6124895494619758719  count=1  visited=7  exhaustive=True  seqs=1  0.00s
  edge  91: 76564565432790801 -> 6738234141805868883  count=1  visited=16  exhaustive=True  seqs=1  0.00s
  edge  92: 76579885581113838 -> 5513355935935853313  count=1  visited=14  exhaustive=True  seqs=1  0.00s
  edge  93: 76635960674143470 -> 5513253681354467073  count=1  visited=14  exhaustive=True  seqs=1  0.00s
  edge  94: 77159394294362127 -> 4258407471  count=1  visited=5  exhaustive=True  seqs=1  0.00s
  edge  95: 115897395847069713 -> 15087062465193701235  count=1  visited=32  exhaustive=True  seqs=1  0.00s
  edge  96: 115897395847069713 -> 15087082118964051795  count=1  visited=19  exhaustive=True  seqs=1  0.00s
  edge  97: 153124728007242540 -> 970774344690  count=1  visited=8  exhaustive=True  seqs=1  0.00s
  edge  98: 153141091976085249 -> 13835058643531207167  count=1  visited=8  exhaustive=True  seqs=1  0.00s
  edge  99: 153228524596259976 -> 13838435832177844377  count=1  visited=10  exhaustive=True  seqs=1  0.00s
  edge 100: 153228524596259976 -> 13838436051221176524  count=1  visited=10  exhaustive=True  seqs=1  0.00s
  edge 101: 153335395343334858 -> 217020522480259071  count=1  visited=8  exhaustive=True  seqs=1  0.00s
  edge 102: 153421454743961496 -> 201795375342  count=1  visited=7  exhaustive=True  seqs=1  0.00s
  edge 103: 157910398787453487 -> 255262829689430715  count=1  visited=12  exhaustive=True  seqs=1  0.00s
  edge 104: 172860820364984160 -> 9799832805197144067  count=1  visited=8  exhaustive=True  seqs=1  0.00s
  edge 105: 191410181639241657 -> 216173078196914175  count=1  visited=6  exhaustive=True  seqs=1  0.00s
  edge 106: 216172782382219263 -> 6124895494616383488  count=1  visited=3  exhaustive=True  seqs=1  0.00s
  edge 107: 216172786130235357 -> 54170947048198176  count=1  visited=8  exhaustive=True  seqs=1  0.00s
  edge 108: 216172928169111603 -> 10106078392735502310  count=1  visited=18  exhaustive=True  seqs=1  0.00s
  edge 109: 216172928169111603 -> 13862080481830375398  count=1  visited=16  exhaustive=True  seqs=1  0.00s
  edge 110: 216172932168028158 -> 937885415068467  count=1  visited=6  exhaustive=True  seqs=1  0.00s
  edge 111: 216173078196914175 -> 211108230197316  count=1  visited=5  exhaustive=True  seqs=1  0.00s
  edge 112: 216173366255775897 -> 10106077593871585230  count=1  visited=19  exhaustive=True  seqs=1  0.00s
  edge 113: 216173366255775897 -> 13862079682966458318  count=1  visited=17  exhaustive=True  seqs=1  0.00s
  edge 114: 216173366817099771 -> 67765102655324319  count=1  visited=11  exhaustive=True  seqs=1  0.00s
  edge 115: 216175193334219519 -> 13835357126588976759  count=1  visited=7  exhaustive=True  seqs=1  0.00s
  edge 116: 216179393812236015 -> 13835357126588976759  count=1  visited=7  exhaustive=True  seqs=1  0.00s
  edge 117: 216210169523095176 -> 13510873905363729  count=1  visited=12  exhaustive=True  seqs=1  0.00s
  edge 118: 216210169534515912 -> 968671740654591  count=1  visited=8  exhaustive=True  seqs=1  0.00s
  edge 119: 216225575017524225 -> 56436321165619455  count=1  visited=9  exhaustive=True  seqs=1  0.00s
  edge 120: 216323487952783752 -> 25303648870161  count=1  visited=7  exhaustive=True  seqs=1  0.00s
  edge 121: 217020522480259071 -> 54061889238799107  count=1  visited=5  exhaustive=True  seqs=1  0.00s
  edge 122: 218565905275781256 -> 13835656606072422399  count=1  visited=46  exhaustive=True  seqs=1  0.00s
  edge 123: 220958066887229247 -> 9579497056829616  count=1  visited=5  exhaustive=True  seqs=1  0.00s
  edge 124: 220958066887229247 -> 38289944688001200  count=1  visited=5  exhaustive=True  seqs=1  0.00s
  edge 125: 243194452926001305 -> 9799833205759745907  count=1  visited=12  exhaustive=True  seqs=1  0.00s
  edge 126: 243194671969333452 -> 9799832806327787367  count=1  visited=15  exhaustive=True  seqs=1  0.00s
  edge 127: 254460049060594719 -> 9807625032352575249  count=1  visited=10  exhaustive=True  seqs=1  0.00s
  edge 128: 255262829689430715 -> 149587129794420  count=1  visited=7  exhaustive=True  seqs=1  0.00s
  edge 129: 272108305905531255 -> 9800680379475558384  count=1  visited=8  exhaustive=True  seqs=1  0.00s
  edge 130: 306244778754834432 -> 77159394294362127  count=1  visited=53  exhaustive=True  seqs=1  0.00s
  edge 131: 306249448471448799 -> 5116089178031854944  count=1  visited=7  exhaustive=True  seqs=1  0.00s
  edge 132: 306320129004272895 -> 216210169523095176  count=1  visited=5  exhaustive=True  seqs=1  0.00s
  edge 133: 308646868265048223 -> 72072624  count=1  visited=4  exhaustive=True  seqs=1  0.00s
  edge 134: 432345640714422015 -> 216172786130235357  count=1  visited=7  exhaustive=True  seqs=1  0.00s
  edge 135: 432352161401354172 -> 216172932168028158  count=1  visited=10  exhaustive=True  seqs=1  0.00s
  edge 136: 432377517954309327 -> 220958066887229247  count=1  visited=9  exhaustive=True  seqs=1  0.00s
  edge 137: 433192926076535343 -> 255262829689430715  count=1  visited=10  exhaustive=True  seqs=1  0.00s
  edge 138: 433541850058317039 -> 881808426562323  count=1  visited=4  exhaustive=True  seqs=1  0.00s
  edge 139: 486388763228336247 -> 216210169534515912  count=1  visited=7  exhaustive=True  seqs=1  0.00s
  edge 140: 486395957298593721 -> 216173078196914175  count=1  visited=6  exhaustive=True  seqs=1  0.00s
  edge 141: 522628736290382847 -> 6125045028272330769  count=1  visited=5  exhaustive=True  seqs=1  0.00s
  edge 142: 612542329881891225 -> 2397210662664048  count=1  visited=17  exhaustive=True  seqs=1  0.00s
  edge 143: 613408745337090048 -> 64574966991  count=1  visited=14  exhaustive=True  seqs=1  0.00s
  edge 144: 617275448855101431 -> 13900360252177055982  count=1  visited=7  exhaustive=True  seqs=1  0.00s
  edge 145: 617424170687965191 -> 2449960194163604979  count=1  visited=19  exhaustive=True  seqs=1  0.00s
  edge 146: 620762003935164288 -> 522628736290382847  count=1  visited=8  exhaustive=True  seqs=1  0.00s
  edge 147: 689050949373561087 -> 18695955943728  count=1  visited=6  exhaustive=True  seqs=1  0.00s
  edge 148: 828662626979409783 -> 1224979927035613380  count=1  visited=5  exhaustive=True  seqs=1  0.00s
  edge 149: 864691716801762201 -> 689050949373561087  count=1  visited=8  exhaustive=True  seqs=1  0.00s
  edge 150: 864697729769524872 -> 76564565432790801  count=1  visited=7  exhaustive=True  seqs=1  0.00s
  edge 151: 864701646814409136 -> 38280597042891711  count=1  visited=6  exhaustive=True  seqs=1  0.00s
  edge 152: 864841490914838775 -> 76579885581113838  count=1  visited=5  exhaustive=True  seqs=1  0.00s
  edge 153: 864841490914838775 -> 76635960674143470  count=1  visited=5  exhaustive=True  seqs=1  0.00s
  edge 154: 864902238932297352 -> 76564565432790801  count=1  visited=8  exhaustive=True  seqs=1  0.00s
  edge 155: 866380711010242554 -> 216172782382219263  count=1  visited=14  exhaustive=True  seqs=1  0.00s
  edge 156: 866751342080163831 -> 3463549589213142510  count=1  visited=6  exhaustive=True  seqs=1  0.00s
  edge 157: 877642275986485230 -> 3458764527779149569  count=1  visited=8  exhaustive=True  seqs=1  0.00s
  edge 158: 878202223639195200 -> 76561206771938151  count=1  visited=8  exhaustive=True  seqs=1  0.00s
  edge 159: 941553729924603903 -> 230543904  count=1  visited=4  exhaustive=True  seqs=1  0.00s
  edge 160: 944636619170669568 -> 6124896224978780154  count=1  visited=19  exhaustive=True  seqs=1  0.00s
  edge 161: 1224979111959557889 -> 54254889959719167  count=1  visited=10  exhaustive=True  seqs=1  0.00s
  edge 162: 1224979115816781423 -> 4996181123003379  count=1  visited=8  exhaustive=True  seqs=1  0.00s
  edge 163: 1224979248960765966 -> 7230680809209855  count=1  visited=35  exhaustive=True  seqs=1  0.00s
  edge 164: 1224979307383262271 -> 864701646814409136  count=1  visited=12  exhaustive=True  seqs=1  0.00s
  edge 165: 1224979925846378880 -> 6917531439062844159  count=1  visited=11  exhaustive=True  seqs=1  0.00s
  edge 166: 1224979925846378880 -> 6917535639540860655  count=1  visited=15  exhaustive=True  seqs=1  0.00s
  edge 167: 1224979927035613380 -> 860921782210542  count=1  visited=11  exhaustive=True  seqs=1  0.00s
  edge 168: 1224982410458297091 -> 2392190747439  count=1  visited=7  exhaustive=True  seqs=1  0.00s
  edge 169: 1224992305958127663 -> 17293825871682424695  count=1  visited=11  exhaustive=True  seqs=1  0.00s
  edge 170: 1225190222041445991 -> 617275448855101431  count=1  visited=8  exhaustive=True  seqs=1  0.00s
  edge 171: 1225190790602684415 -> 38280599986302600  count=1  visited=5  exhaustive=True  seqs=1  0.00s
  edge 172: 1225278191862652878 -> 433541850058317039  count=1  visited=27  exhaustive=True  seqs=1  0.00s
  edge 173: 1225278990726569958 -> 433541850058317039  count=1  visited=27  exhaustive=True  seqs=1  0.00s
  edge 174: 1225281468621488607 -> 172860820364984160  count=1  visited=9  exhaustive=True  seqs=1  0.00s
  edge 175: 1225823673882050574 -> 38544479925302067  count=1  visited=9  exhaustive=True  seqs=1  0.00s
  edge 176: 1225824111984365562 -> 18691990691805  count=1  visited=5  exhaustive=True  seqs=1  0.00s
  edge 177: 1225826826388047567 -> 38529086762496768  count=1  visited=11  exhaustive=True  seqs=1  0.00s
  edge 178: 1226672621718216768 -> 2450010987588681711  count=1  visited=17  exhaustive=True  seqs=1  0.00s
  edge 179: 1226672621718216768 -> 9799885581168607215  count=1  visited=17  exhaustive=True  seqs=1  0.00s
  edge 180: 1227371665995846030 -> 617424170687965191  count=1  visited=7  exhaustive=True  seqs=1  0.00s
  edge 181: 1228356798667282449 -> 2449961118723996552  count=1  visited=9  exhaustive=True  seqs=1  0.00s
  edge 182: 1228356798667282449 -> 2449965619849723776  count=1  visited=9  exhaustive=True  seqs=1  0.00s
  edge 183: 1228356798667282449 -> 9799835712303922056  count=1  visited=9  exhaustive=True  seqs=1  0.00s
  edge 184: 1228356798667282449 -> 9799840213429649280  count=1  visited=9  exhaustive=True  seqs=1  0.00s
  edge 185: 1229764175816892177 -> 6919922151004405896  count=1  visited=12  exhaustive=True  seqs=1  0.00s
  edge 186: 1229764189888743567 -> 1209466984666995  count=1  visited=15  exhaustive=True  seqs=1  0.00s
  edge 187: 1229796114913893615 -> 27021804215467839  count=1  visited=9  exhaustive=True  seqs=1  0.00s
  edge 188: 1234549376701951740 -> 3444851212575  count=1  visited=3  exhaustive=True  seqs=1  0.00s
  edge 189: 1234551588597504819 -> 19141123341681399  count=1  visited=5  exhaustive=True  seqs=1  0.00s
  edge 190: 1244151338729479407 -> 844631380590399  count=1  visited=11  exhaustive=True  seqs=1  0.00s
  edge 191: 1244272245584201985 -> 13258672654949810175  count=1  visited=14  exhaustive=True  seqs=1  0.00s
  edge 192: 1263259710939205377 -> 6917828680824385791  count=1  visited=9  exhaustive=True  seqs=1  0.00s
  edge 193: 1279038789531303918 -> 2453335910833065729  count=1  visited=5  exhaustive=True  seqs=1  0.00s
  edge 194: 1283912939072877027 -> 214027112276607  count=1  visited=8  exhaustive=True  seqs=1  0.00s
  edge 195: 1378120250958256401 -> 17345614381214863731  count=1  visited=9  exhaustive=True  seqs=1  0.00s
  edge 196: 1531223946620301465 -> 9799833205759745907  count=1  visited=13  exhaustive=True  seqs=1  0.00s
  edge 197: 1531224165663633612 -> 9799832806327787367  count=1  visited=17  exhaustive=True  seqs=1  0.00s
  edge 198: 1532068302502231944 -> 67554069437415441  count=1  visited=6  exhaustive=True  seqs=1  0.00s
  edge 199: 1837468661354822895 -> 3378870527459703  count=1  visited=5  exhaustive=True  seqs=1  0.00s
  edge 200: 2449959026216171511 -> 844425501575406  count=1  visited=5  exhaustive=True  seqs=1  0.00s
  edge 201: 2449960194163604979 -> 216173366817099771  count=1  visited=5  exhaustive=True  seqs=1  0.00s
  edge 202: 2449961118723996552 -> 13835058132171671295  count=1  visited=10  exhaustive=True  seqs=1  0.00s
  edge 203: 2449965619849723776 -> 13835058132171671295  count=1  visited=9  exhaustive=True  seqs=1  0.00s
  edge 204: 2449971597628874559 -> 13835067405003320496  count=1  visited=8  exhaustive=True  seqs=1  0.00s
  edge 205: 2450010987588681711 -> 13889101254685585527  count=1  visited=9  exhaustive=True  seqs=1  0.00s
  edge 206: 2453335910833065729 -> 13835903068193943807  count=1  visited=9  exhaustive=True  seqs=1  0.00s
  edge 207: 2453784502049159304 -> 73585760529  count=1  visited=5  exhaustive=True  seqs=1  0.00s
  edge 208: 3458764527779149569 -> 4900128086806266111  count=1  visited=6  exhaustive=True  seqs=1  0.00s
  edge 209: 3458764587641278737 -> 306249448471448799  count=1  visited=13  exhaustive=True  seqs=1  0.00s
  edge 210: 3458783219476856577 -> 4899916980573704703  count=1  visited=5  exhaustive=True  seqs=1  0.00s
  edge 211: 3463549589213142510 -> 5116095788544492033  count=1  visited=5  exhaustive=True  seqs=1  0.00s
  edge 212: 3510593881193853951 -> 864902238932297352  count=1  visited=7  exhaustive=True  seqs=1  0.00s
  edge 213: 3510706031379913215 -> 864697729769524872  count=1  visited=8  exhaustive=True  seqs=1  0.00s
  edge 214: 3765009292587988383 -> 27022011120012384  count=1  visited=7  exhaustive=True  seqs=1  0.00s
  edge 215: 4899916980573704703 -> 2453784502049159304  count=1  visited=39  exhaustive=True  seqs=1  0.00s
  edge 216: 4899917221359286263 -> 48061855709167854  count=1  visited=6  exhaustive=True  seqs=1  0.00s
  edge 217: 4899917222636341632 -> 216175193334219519  count=1  visited=11  exhaustive=True  seqs=1  0.00s
  edge 218: 4899917222636341632 -> 216179393812236015  count=1  visited=15  exhaustive=True  seqs=1  0.00s
  edge 219: 4900128086806266111 -> 4240819784515464  count=1  visited=28  exhaustive=True  seqs=1  0.00s
  edge 220: 4904701472606854929 -> 218565905275781256  count=1  visited=12  exhaustive=True  seqs=1  0.00s
  edge 221: 4953959594276701320 -> 115897395847069713  count=1  visited=13  exhaustive=True  seqs=1  0.00s
  edge 222: 5116089178031854944 -> 1229764189888743567  count=1  visited=8  exhaustive=True  seqs=1  0.00s
  edge 223: 5116095788544492033 -> 13836900324722274303  count=1  visited=20  exhaustive=True  seqs=1  0.00s
  edge 224: 5513253681354467073 -> 1225190790602684415  count=1  visited=9  exhaustive=True  seqs=1  0.00s
  edge 225: 5513355935935853313 -> 1225190790602684415  count=1  visited=9  exhaustive=True  seqs=1  0.00s
  edge 226: 6124895494616383488 -> 3505311788593167  count=1  visited=57  exhaustive=True  seqs=1  0.00s
  edge 227: 6124895494619758719 -> 3409589852444928  count=1  visited=8  exhaustive=True  seqs=1  0.00s
  edge 228: 6124896224978780154 -> 4294967295  count=1  visited=8  exhaustive=True  seqs=1  0.00s
  edge 229: 6125001254108143641 -> 828928688112  count=1  visited=10  exhaustive=True  seqs=1  0.00s
  edge 230: 6125045028272330769 -> 13835059811776917432  count=1  visited=10  exhaustive=True  seqs=1  0.00s
  edge 231: 6128647028508291072 -> 68719476687  count=1  visited=22  exhaustive=True  seqs=1  0.00s
  edge 232: 6738234141805868883 -> 13889313185971037943  count=1  visited=8  exhaustive=True  seqs=1  0.00s
  edge 233: 6917529101738643729 -> 15366436139191797843  count=1  visited=11  exhaustive=True  seqs=1  0.00s
  edge 234: 6917529101738643729 -> 15366493451235393651  count=1  visited=10  exhaustive=True  seqs=1  0.00s
  edge 235: 6917531439062844159 -> 13835357126588976759  count=1  visited=7  exhaustive=True  seqs=1  0.00s
  edge 236: 6917535639540860655 -> 13835357126588976759  count=1  visited=7  exhaustive=True  seqs=1  0.00s
  edge 237: 6917542298150571027 -> 67557879074172921  count=1  visited=24  exhaustive=True  seqs=1  0.00s
  edge 238: 6917828680824385791 -> 13839993835458206088  count=1  visited=6  exhaustive=True  seqs=1  0.00s
  edge 239: 6919922151004405896 -> 13835656606072422399  count=1  visited=47  exhaustive=True  seqs=1  0.00s
  edge 240: 8358680910312169536 -> 56077072732959  count=1  visited=11  exhaustive=True  seqs=1  0.00s
  edge 241: 8358680910396690399 -> 844429173715488  count=1  visited=11  exhaustive=True  seqs=1  0.00s
  edge 242: 9799832791449972804 -> 1224979925846378880  count=1  visited=8  exhaustive=True  seqs=1  0.00s
  edge 243: 9799832791449972804 -> 4899917222636341632  count=1  visited=8  exhaustive=True  seqs=1  0.00s
  edge 244: 9799832805197144067 -> 6917542298150571027  count=1  visited=6  exhaustive=True  seqs=1  0.00s
  edge 245: 9799832806327787367 -> 827787077367  count=1  visited=7  exhaustive=True  seqs=1  0.00s
  edge 246: 9799832817218679042 -> 157910398787453487  count=1  visited=10  exhaustive=True  seqs=1  0.00s
  edge 247: 9799832817218679042 -> 433192926076535343  count=1  visited=11  exhaustive=True  seqs=1  0.00s
  edge 248: 9799832842988482572 -> 153124728007242540  count=1  visited=18  exhaustive=True  seqs=1  0.00s
  edge 249: 9799833205759745907 -> 827787077367  count=1  visited=7  exhaustive=True  seqs=1  0.00s
  edge 250: 9799835712303922056 -> 432345640714422015  count=1  visited=10  exhaustive=True  seqs=1  0.00s
  edge 251: 9799840213429649280 -> 432345640714422015  count=1  visited=9  exhaustive=True  seqs=1  0.00s
  edge 252: 9799845985588408014 -> 1229764175816892177  count=1  visited=9  exhaustive=True  seqs=1  0.00s
  edge 253: 9799845985588408014 -> 4904701472606854929  count=1  visited=8  exhaustive=True  seqs=1  0.00s
  edge 254: 9799845985594105326 -> 216225575017524225  count=1  visited=6  exhaustive=True  seqs=1  0.00s
  edge 255: 9799849284114370542 -> 1263259710939205377  count=1  visited=7  exhaustive=True  seqs=1  0.00s
  edge 256: 9799885581168607215 -> 486388763228336247  count=1  visited=11  exhaustive=True  seqs=1  0.00s
  edge 257: 9800680379475558384 -> 4785807032028906  count=1  visited=5  exhaustive=True  seqs=1  0.00s
  edge 258: 9800916360149195682 -> 191410181639241657  count=1  visited=45  exhaustive=True  seqs=1  0.00s
  edge 259: 9800916360149195682 -> 486395957298593721  count=1  visited=33  exhaustive=True  seqs=1  0.00s
  edge 260: 9807625032352575249 -> 53362957221768  count=1  visited=5  exhaustive=True  seqs=1  0.00s
  edge 261: 9813343617168736275 -> 1279038789531303918  count=1  visited=28  exhaustive=True  seqs=1  0.00s
  edge 262: 9826873907416699776 -> 69198939117935103  count=1  visited=14  exhaustive=True  seqs=1  0.00s
  edge 263: 9838118645322597384 -> 432377517954309327  count=1  visited=12  exhaustive=True  seqs=1  0.00s
  edge 264: 9853885332833370288 -> 153335395343334858  count=1  visited=17  exhaustive=True  seqs=1  0.00s
  edge 265: 10106077593871585230 -> 2392554187423983  count=1  visited=7  exhaustive=True  seqs=1  0.00s
  edge 266: 10106078392735502310 -> 2392554187423983  count=1  visited=7  exhaustive=True  seqs=1  0.00s
  edge 267: 13258672654949810175 -> 4953959594276701320  count=1  visited=3  exhaustive=True  seqs=1  0.00s
  edge 268: 13835058108984918012 -> 1225823673882050574  count=1  visited=6  exhaustive=True  seqs=1  0.00s
  edge 269: 13835058131518324701 -> 9813343617168736275  count=1  visited=7  exhaustive=True  seqs=1  0.00s
  edge 270: 13835058132171671295 -> 216172786130235357  count=1  visited=7  exhaustive=True  seqs=1  0.00s
  edge 271: 13835058641560861080 -> 1225826826388047567  count=1  visited=8  exhaustive=True  seqs=1  0.00s
  edge 272: 13835058643531207167 -> 993961997994120  count=1  visited=11  exhaustive=True  seqs=1  0.00s
  edge 273: 13835059811776917432 -> 612542329881891225  count=1  visited=5  exhaustive=True  seqs=1  0.00s
  edge 274: 13835067405003320496 -> 734405971146  count=1  visited=7  exhaustive=True  seqs=1  0.00s
  edge 275: 13835076763354599681 -> 3510593881193853951  count=1  visited=23  exhaustive=True  seqs=1  0.00s
  edge 276: 13835076763354599681 -> 3510706031379913215  count=1  visited=20  exhaustive=True  seqs=1  0.00s
  edge 277: 13835077333258607001 -> 1227371665995846030  count=1  visited=9  exhaustive=True  seqs=1  0.00s
  edge 278: 13835111126061307884 -> 1225190222041445991  count=1  visited=9  exhaustive=True  seqs=1  0.00s
  edge 279: 13835208177023519739 -> 14108936678981535  count=1  visited=10  exhaustive=True  seqs=1  0.00s
  edge 280: 13835357126588976759 -> 620762003935164288  count=1  visited=15  exhaustive=True  seqs=1  0.00s
  edge 281: 13835656606072422399 -> 19351408017825888  count=1  visited=5  exhaustive=True  seqs=1  0.00s
  edge 282: 13835903068193943807 -> 216323487952783752  count=1  visited=7  exhaustive=True  seqs=1  0.00s
  edge 283: 13836900324722274303 -> 1532068302502231944  count=1  visited=9  exhaustive=True  seqs=1  0.00s
  edge 284: 13836959327796002178 -> 1225824111984365562  count=1  visited=14  exhaustive=True  seqs=1  0.00s
  edge 285: 13838435832177844377 -> 3714845699955  count=1  visited=12  exhaustive=True  seqs=1  0.00s
  edge 286: 13838436051221176524 -> 3315413741415  count=1  visited=12  exhaustive=True  seqs=1  0.00s
  edge 287: 13838436581787329139 -> 1225281468621488607  count=1  visited=9  exhaustive=True  seqs=1  0.00s
  edge 288: 13838585290748129088 -> 1234551588597504819  count=1  visited=9  exhaustive=True  seqs=1  0.00s
  edge 289: 13839993835458206088 -> 828662626979409783  count=1  visited=19  exhaustive=True  seqs=1  0.00s
  edge 290: 13848569442374589576 -> 54043263961852047  count=1  visited=14  exhaustive=True  seqs=1  0.00s
  edge 291: 13862079682966458318 -> 2392554187423983  count=1  visited=7  exhaustive=True  seqs=1  0.00s
  edge 292: 13862080481830375398 -> 2392554187423983  count=1  visited=7  exhaustive=True  seqs=1  0.00s
  edge 293: 13862080625860708494 -> 1283912939072877027  count=1  visited=15  exhaustive=True  seqs=1  0.00s
  edge 294: 13873338667156160523 -> 1229796114913893615  count=1  visited=26  exhaustive=True  seqs=1  0.00s
  edge 295: 13873338667156160523 -> 1244151338729479407  count=1  visited=23  exhaustive=True  seqs=1  0.00s
  edge 296: 13873338705818681340 -> 1224979248960765966  count=1  visited=5  exhaustive=True  seqs=1  0.00s
  edge 297: 13873343327203491264 -> 1224979115816781423  count=1  visited=7  exhaustive=True  seqs=1  0.00s
  edge 298: 13889101254685585527 -> 216210169534515912  count=1  visited=7  exhaustive=True  seqs=1  0.00s
  edge 299: 13889101838161014504 -> 3765009292587988383  count=1  visited=8  exhaustive=True  seqs=1  0.00s
  edge 300: 13889313185971037943 -> 38283898601926638  count=1  visited=5  exhaustive=True  seqs=1  0.00s
  edge 301: 13889313673465757058 -> 1225824111984365562  count=1  visited=9  exhaustive=True  seqs=1  0.00s
  edge 302: 13893924295082588043 -> 1234549376701951740  count=1  visited=19  exhaustive=True  seqs=1  0.00s
  edge 303: 13900360252177055982 -> 1244272245584201985  count=1  visited=9  exhaustive=True  seqs=1  0.00s
  edge 304: 15087062465193701235 -> 2449959026216171511  count=1  visited=6  exhaustive=True  seqs=1  0.00s
  edge 305: 15087082118964051795 -> 2449959026216171511  count=1  visited=6  exhaustive=True  seqs=1  0.00s
  edge 306: 15366436139191797843 -> 866751342080163831  count=1  visited=16  exhaustive=True  seqs=1  0.00s
  edge 307: 15366493451235393651 -> 866751342080163831  count=1  visited=21  exhaustive=True  seqs=1  0.00s
  edge 308: 17293822573182971664 -> 864691716801762201  count=1  visited=8  exhaustive=True  seqs=1  0.00s
  edge 309: 17293822573196345343 -> 306244778754834432  count=1  visited=2  exhaustive=True  seqs=1  0.00s
  edge 310: 17293822637554016271 -> 308646868265048223  count=1  visited=17  exhaustive=True  seqs=1  0.00s
  edge 311: 17293822637554016271 -> 941553729924603903  count=1  visited=24  exhaustive=True  seqs=1  0.00s
  edge 312: 17293825871682424695 -> 9826873907416699776  count=1  visited=7  exhaustive=True  seqs=1  0.00s
  edge 313: 17295028187630141430 -> 4096019391  count=1  visited=5  exhaustive=True  seqs=1  0.00s
  edge 314: 17306823198616993791 -> 613408745337090048  count=1  visited=7  exhaustive=True  seqs=1  0.00s
  edge 315: 17345614381214863731 -> 864841490914838775  count=1  visited=9  exhaustive=True  seqs=1  0.00s
  edge 316: 0 -> 17293822637554016271  count=1  visited=15  exhaustive=True  seqs=1  0.00s
Computing total tiling count...
  R(0 -> ENTRY) = 1
  sum over walks of edge products: 2048
  TOTAL tilings of 4x8x130: 2048
  walk product distribution: {1: 2048}

=== SUMMARY ===
  distinct edges counted: 317
  all exhaustive: True
  edges with count > 1: 0
  R(0 -> ENTRY) = 1
  sum over walks of edge products = 2048
  TOTAL tilings of 4x8x130 = 2048
  results written to /tmp/opencode/macro_edge_realizations_130_results.txt
  elapsed: 1.3s
